job-core	Set up job	Ôªø2025-04-29T07:01:00.3336858Z Current runner version: '2.323.0'
job-core	Set up job	2025-04-29T07:01:00.3340949Z Runner name: 'ka0s-9'
job-core	Set up job	2025-04-29T07:01:00.3341611Z Machine name: '26a53205c9ac'
job-core	Set up job	2025-04-29T07:01:00.3343004Z ##[group]GITHUB_TOKEN Permissions
job-core	Set up job	2025-04-29T07:01:00.3344366Z Contents: read
job-core	Set up job	2025-04-29T07:01:00.3344667Z Metadata: read
job-core	Set up job	2025-04-29T07:01:00.3344948Z Packages: read
job-core	Set up job	2025-04-29T07:01:00.3345223Z ##[endgroup]
job-core	Set up job	2025-04-29T07:01:00.3346557Z Secret source: Actions
job-core	Set up job	2025-04-29T07:01:00.3346940Z Prepare workflow directory
job-core	Set up job	2025-04-29T07:01:00.3873963Z Prepare all required actions
job-core	Set up job	2025-04-29T07:01:00.3906492Z Getting action download info
job-core	Set up job	2025-04-29T07:01:00.8634849Z Download action repository 'actions/checkout@v3' (SHA:f43a0e5ff2bd294095638e18286ca9a3d1956744)
job-core	Set up job	2025-04-29T07:01:01.5973813Z Complete job name: job-core
job-core	Checkout repository	Ôªø2025-04-29T07:01:01.6251582Z ##[group]Run actions/checkout@v3
job-core	Checkout repository	2025-04-29T07:01:01.6252153Z with:
job-core	Checkout repository	2025-04-29T07:01:01.6252479Z   fetch-depth: 0
job-core	Checkout repository	2025-04-29T07:01:01.6252968Z   token: ***
job-core	Checkout repository	2025-04-29T07:01:01.6253294Z   repository: Ka0s-Klaus/ka0s
job-core	Checkout repository	2025-04-29T07:01:01.6253714Z   ssh-strict: true
job-core	Checkout repository	2025-04-29T07:01:01.6254055Z   persist-credentials: true
job-core	Checkout repository	2025-04-29T07:01:01.6254423Z   clean: true
job-core	Checkout repository	2025-04-29T07:01:01.6275026Z   sparse-checkout-cone-mode: true
job-core	Checkout repository	2025-04-29T07:01:01.6275441Z   fetch-tags: false
job-core	Checkout repository	2025-04-29T07:01:01.6275753Z   lfs: false
job-core	Checkout repository	2025-04-29T07:01:01.6276048Z   submodules: false
job-core	Checkout repository	2025-04-29T07:01:01.6276371Z   set-safe-directory: true
job-core	Checkout repository	2025-04-29T07:01:01.6277053Z env:
job-core	Checkout repository	2025-04-29T07:01:01.6277366Z   KAOS_CODE: 14725271560
job-core	Checkout repository	2025-04-29T07:01:01.6277727Z   KAOS_EVENT_NAME: workflow_dispatch
job-core	Checkout repository	2025-04-29T07:01:01.6278114Z   KAOS_ACTION: 
job-core	Checkout repository	2025-04-29T07:01:01.6278422Z   KAOS_REF: refs/heads/main
job-core	Checkout repository	2025-04-29T07:01:01.6278796Z   KAOS_MODULE: [Ka0S] Deploy Web Structure
job-core	Checkout repository	2025-04-29T07:01:01.6279229Z   KAOS_JSON_WEB: core/config/webs/webs.json
job-core	Checkout repository	2025-04-29T07:01:01.6279678Z   KAOS_JSON_RESUME: core/outputs/webs/
job-core	Checkout repository	2025-04-29T07:01:01.6280162Z   KAOS_JSON_DATA: core/web/data/data.json
job-core	Checkout repository	2025-04-29T07:01:01.6280579Z   KAOS_WEB_STRUCTURE: core/results/webs/
job-core	Checkout repository	2025-04-29T07:01:01.6280980Z   KAOS_ACTOR: jorgecg646
job-core	Checkout repository	2025-04-29T07:01:01.6281310Z ##[endgroup]
job-core	Checkout repository	2025-04-29T07:01:01.6832115Z Syncing repository: Ka0s-Klaus/ka0s
job-core	Checkout repository	2025-04-29T07:01:01.6833840Z ##[group]Getting Git version info
job-core	Checkout repository	2025-04-29T07:01:01.6834513Z Working directory is '/actions-runner/_work/ka0s/ka0s'
job-core	Checkout repository	2025-04-29T07:01:01.6835375Z [command]/usr/bin/git version
job-core	Checkout repository	2025-04-29T07:01:01.6835860Z git version 2.43.0
job-core	Checkout repository	2025-04-29T07:01:01.6850370Z ##[endgroup]
job-core	Checkout repository	2025-04-29T07:01:01.6859225Z Copying '/home/kaos/.gitconfig' to '/actions-runner/_work/_temp/d4d4032d-ac60-4449-8ae4-e63852deac45/.gitconfig'
job-core	Checkout repository	2025-04-29T07:01:01.6873807Z Temporarily overriding HOME='/actions-runner/_work/_temp/d4d4032d-ac60-4449-8ae4-e63852deac45' before making global git config changes
job-core	Checkout repository	2025-04-29T07:01:01.6875103Z Adding repository directory to the temporary git global config as a safe directory
job-core	Checkout repository	2025-04-29T07:01:01.6876194Z [command]/usr/bin/git config --global --add safe.directory /actions-runner/_work/ka0s/ka0s
job-core	Checkout repository	2025-04-29T07:01:01.6904382Z [command]/usr/bin/git config --local --get remote.origin.url
job-core	Checkout repository	2025-04-29T07:01:01.6921431Z https://github.com/Ka0s-Klaus/ka0s
job-core	Checkout repository	2025-04-29T07:01:01.6945684Z ##[group]Removing previously created refs, to avoid conflicts
job-core	Checkout repository	2025-04-29T07:01:01.6947425Z [command]/usr/bin/git rev-parse --symbolic-full-name --verify --quiet HEAD
job-core	Checkout repository	2025-04-29T07:01:01.6965760Z refs/heads/main
job-core	Checkout repository	2025-04-29T07:01:01.6975137Z [command]/usr/bin/git checkout --detach
job-core	Checkout repository	2025-04-29T07:01:01.7078483Z HEAD is now at a5253753 [Ka0S] Reverting changes due to workflow failure
job-core	Checkout repository	2025-04-29T07:01:01.7123356Z [command]/usr/bin/git branch --delete --force main
job-core	Checkout repository	2025-04-29T07:01:01.7154238Z Deleted branch main (was a5253753).
job-core	Checkout repository	2025-04-29T07:01:01.7214826Z ##[endgroup]
job-core	Checkout repository	2025-04-29T07:01:01.7215719Z [command]/usr/bin/git submodule status
job-core	Checkout repository	2025-04-29T07:01:01.7467495Z ##[group]Cleaning the repository
job-core	Checkout repository	2025-04-29T07:01:01.7475177Z [command]/usr/bin/git clean -ffdx
job-core	Checkout repository	2025-04-29T07:01:01.7528249Z [command]/usr/bin/git reset --hard HEAD
job-core	Checkout repository	2025-04-29T07:01:01.7665736Z HEAD is now at a5253753 [Ka0S] Reverting changes due to workflow failure
job-core	Checkout repository	2025-04-29T07:01:01.7670224Z ##[endgroup]
job-core	Checkout repository	2025-04-29T07:01:01.7671845Z ##[group]Disabling automatic garbage collection
job-core	Checkout repository	2025-04-29T07:01:01.7674364Z [command]/usr/bin/git config --local gc.auto 0
job-core	Checkout repository	2025-04-29T07:01:01.7696346Z ##[endgroup]
job-core	Checkout repository	2025-04-29T07:01:01.7697199Z ##[group]Setting up auth
job-core	Checkout repository	2025-04-29T07:01:01.7698480Z [command]/usr/bin/git config --local --name-only --get-regexp core\.sshCommand
job-core	Checkout repository	2025-04-29T07:01:01.7723713Z [command]/usr/bin/git submodule foreach --recursive sh -c "git config --local --name-only --get-regexp 'core\.sshCommand' && git config --local --unset-all 'core.sshCommand' || :"
job-core	Checkout repository	2025-04-29T07:01:01.7973965Z [command]/usr/bin/git config --local --name-only --get-regexp http\.https\:\/\/github\.com\/\.extraheader
job-core	Checkout repository	2025-04-29T07:01:01.8005136Z [command]/usr/bin/git submodule foreach --recursive sh -c "git config --local --name-only --get-regexp 'http\.https\:\/\/github\.com\/\.extraheader' && git config --local --unset-all 'http.https://github.com/.extraheader' || :"
job-core	Checkout repository	2025-04-29T07:01:01.8250659Z [command]/usr/bin/git config --local http.https://github.com/.extraheader AUTHORIZATION: basic ***
job-core	Checkout repository	2025-04-29T07:01:01.8294869Z ##[endgroup]
job-core	Checkout repository	2025-04-29T07:01:01.8296089Z ##[group]Fetching the repository
job-core	Checkout repository	2025-04-29T07:01:01.8297954Z [command]/usr/bin/git -c protocol.version=2 fetch --prune --progress --no-recurse-submodules origin +refs/heads/*:refs/remotes/origin/* +refs/tags/*:refs/tags/*
job-core	Checkout repository	2025-04-29T07:01:02.3177408Z From https://github.com/Ka0s-Klaus/ka0s
job-core	Checkout repository	2025-04-29T07:01:02.3179478Z    a5253753..1bb35c90  main       -> origin/main
job-core	Checkout repository	2025-04-29T07:01:02.3257023Z [command]/usr/bin/git branch --list --remote origin/main
job-core	Checkout repository	2025-04-29T07:01:02.3279549Z   origin/main
job-core	Checkout repository	2025-04-29T07:01:02.3283822Z [command]/usr/bin/git rev-parse refs/remotes/origin/main
job-core	Checkout repository	2025-04-29T07:01:02.3300254Z 1bb35c90ff907ddd8415c785ecb0e8761872d1f6
job-core	Checkout repository	2025-04-29T07:01:02.3302887Z ##[endgroup]
job-core	Checkout repository	2025-04-29T07:01:02.3304038Z ##[group]Determining the checkout info
job-core	Checkout repository	2025-04-29T07:01:02.3305363Z ##[endgroup]
job-core	Checkout repository	2025-04-29T07:01:02.3306434Z ##[group]Checking out the ref
job-core	Checkout repository	2025-04-29T07:01:02.3307519Z [command]/usr/bin/git checkout --progress --force -B main refs/remotes/origin/main
job-core	Checkout repository	2025-04-29T07:01:02.3455464Z Previous HEAD position was a5253753 [Ka0S] Reverting changes due to workflow failure
job-core	Checkout repository	2025-04-29T07:01:02.3459888Z Switched to a new branch 'main'
job-core	Checkout repository	2025-04-29T07:01:02.3461374Z branch 'main' set up to track 'origin/main'.
job-core	Checkout repository	2025-04-29T07:01:02.3501831Z ##[endgroup]
job-core	Checkout repository	2025-04-29T07:01:02.3504751Z [command]/usr/bin/git log -1 --format='%H'
job-core	Checkout repository	2025-04-29T07:01:02.3531242Z '1bb35c90ff907ddd8415c785ecb0e8761872d1f6'
job-core	Copy web folder structure	Ôªø2025-04-29T07:01:02.3732361Z ##[group]Run # Tenemos que a√±adir al proceso que sea capaz de leer + de un json de creaci√≥n de webs
job-core	Copy web folder structure	2025-04-29T07:01:02.3734534Z [36;1m# Tenemos que a√±adir al proceso que sea capaz de leer + de un json de creaci√≥n de webs[0m
job-core	Copy web folder structure	2025-04-29T07:01:02.3736172Z [36;1m# si web esta creada la actualiza, sino la crea desde cero[0m
job-core	Copy web folder structure	2025-04-29T07:01:02.3737315Z [36;1m[0m
job-core	Copy web folder structure	2025-04-29T07:01:02.3738159Z [36;1m# Read the structure.json file to get folder names[0m
job-core	Copy web folder structure	2025-04-29T07:01:02.3739469Z [36;1mecho "0 - Reading structure.json file..."[0m
job-core	Copy web folder structure	2025-04-29T07:01:02.3740822Z [36;1mSTRUCTURE_FILE="core/config/webs/webs.json"[0m
job-core	Copy web folder structure	2025-04-29T07:01:02.3742165Z [36;1m[0m
job-core	Copy web folder structure	2025-04-29T07:01:02.3742898Z [36;1m# Extract title for main folder name[0m
job-core	Copy web folder structure	2025-04-29T07:01:02.3744271Z [36;1mTITLE=$(cat $STRUCTURE_FILE | grep -o '"title": *"[^"]*"' | cut -d'"' -f4)[0m
job-core	Copy web folder structure	2025-04-29T07:01:02.3745729Z [36;1mecho "I - Main folder will be named: $TITLE"[0m
job-core	Copy web folder structure	2025-04-29T07:01:02.3746714Z [36;1m[0m
job-core	Copy web folder structure	2025-04-29T07:01:02.3747386Z [36;1m# Create main directory[0m
job-core	Copy web folder structure	2025-04-29T07:01:02.3748335Z [36;1mmkdir -p "core/results/webs/$TITLE"[0m
job-core	Copy web folder structure	2025-04-29T07:01:02.3749641Z [36;1mtouch core/results/webs/$TITLE/$TITLE".html"[0m
job-core	Copy web folder structure	2025-04-29T07:01:02.3751041Z [36;1mmkdir -p "core/outputs/webs/$TITLE"[0m
job-core	Copy web folder structure	2025-04-29T07:01:02.3752251Z [36;1mtouch core/outputs/webs/$TITLE/readme.txt[0m
job-core	Copy web folder structure	2025-04-29T07:01:02.3753382Z [36;1m[0m
job-core	Copy web folder structure	2025-04-29T07:01:02.3754158Z [36;1m# Copy the directory structure (without files)[0m
job-core	Copy web folder structure	2025-04-29T07:01:02.3755294Z [36;1mfind core/web -type d | while read dir; do[0m
job-core	Copy web folder structure	2025-04-29T07:01:02.3756347Z [36;1m  if [ "$dir" != "core/web" ]; then[0m
job-core	Copy web folder structure	2025-04-29T07:01:02.3757410Z [36;1m    # Remove core/web prefix from directory path[0m
job-core	Copy web folder structure	2025-04-29T07:01:02.3758488Z [36;1m    clean_dir=${dir#core/web/}[0m
job-core	Copy web folder structure	2025-04-29T07:01:02.3759505Z [36;1m    echo "II - Created directory: $clean_dir"[0m
job-core	Copy web folder structure	2025-04-29T07:01:02.3760942Z [36;1m    target_dir="core/results/webs/$TITLE/$clean_dir"[0m
job-core	Copy web folder structure	2025-04-29T07:01:02.3762114Z [36;1m    mkdir -p "$target_dir"[0m
job-core	Copy web folder structure	2025-04-29T07:01:02.3763052Z [36;1m    touch $target_dir/$clean_dir".html"[0m
job-core	Copy web folder structure	2025-04-29T07:01:02.3764104Z [36;1m    echo "II - Created directory: $target_dir"[0m
job-core	Copy web folder structure	2025-04-29T07:01:02.3765078Z [36;1m  fi[0m
job-core	Copy web folder structure	2025-04-29T07:01:02.3765725Z [36;1mdone[0m
job-core	Copy web folder structure	2025-04-29T07:01:02.3766369Z [36;1m[0m
job-core	Copy web folder structure	2025-04-29T07:01:02.3767131Z [36;1m# Extract section names and create subfolders[0m
job-core	Copy web folder structure	2025-04-29T07:01:02.3768561Z [36;1mcat $STRUCTURE_FILE | grep -o '"section[^"]*": *"[^"]*"' | while read -r section; do[0m
job-core	Copy web folder structure	2025-04-29T07:01:02.3770161Z [36;1m  SECTION_NAME=$(echo $section | cut -d'"' -f4)[0m
job-core	Copy web folder structure	2025-04-29T07:01:02.3771524Z [36;1m  echo "III - Creating subfolder: $SECTION_NAME"[0m
job-core	Copy web folder structure	2025-04-29T07:01:02.3772808Z [36;1m  mkdir -p "core/results/webs/$TITLE/structure/$SECTION_NAME"[0m
job-core	Copy web folder structure	2025-04-29T07:01:02.3774399Z [36;1m  touch core/results/webs/$TITLE/structure/$SECTION_NAME/$SECTION_NAME".html"[0m
job-core	Copy web folder structure	2025-04-29T07:01:02.3775724Z [36;1mdone[0m
job-core	Copy web folder structure	2025-04-29T07:01:02.3776348Z [36;1m[0m
job-core	Copy web folder structure	2025-04-29T07:01:02.3777122Z [36;1m# Create a JSON file with the structure information[0m
job-core	Copy web folder structure	2025-04-29T07:01:02.3778341Z [36;1mecho "[" > core/outputs/webs/$TITLE/$TITLE"_resume.json"[0m
job-core	Copy web folder structure	2025-04-29T07:01:02.3779440Z [36;1m# Find all files and directories[0m
job-core	Copy web folder structure	2025-04-29T07:01:02.3781026Z [36;1mfind core/results/webs/ -type f -o -type d | sort | while read path; do[0m
job-core	Copy web folder structure	2025-04-29T07:01:02.3782531Z [36;1m  if [ "$path" != "core/results/webs/" ]; then[0m
job-core	Copy web folder structure	2025-04-29T07:01:02.3783525Z [36;1m    # Get the type (file or directory)[0m
job-core	Copy web folder structure	2025-04-29T07:01:02.3784440Z [36;1m    if [ -d "$path" ]; then[0m
job-core	Copy web folder structure	2025-04-29T07:01:02.3785277Z [36;1m      TYPE="directory"[0m
job-core	Copy web folder structure	2025-04-29T07:01:02.3786031Z [36;1m    else[0m
job-core	Copy web folder structure	2025-04-29T07:01:02.3786724Z [36;1m      TYPE="file"[0m
job-core	Copy web folder structure	2025-04-29T07:01:02.3787432Z [36;1m    fi[0m
job-core	Copy web folder structure	2025-04-29T07:01:02.3788198Z [36;1m    # Get the name of the item (last part of path)[0m
job-core	Copy web folder structure	2025-04-29T07:01:02.3789205Z [36;1m    NAME=$(basename "$path")[0m
job-core	Copy web folder structure	2025-04-29T07:01:02.3790350Z [36;1m    # Create the JSON entry[0m
job-core	Copy web folder structure	2025-04-29T07:01:02.3791880Z [36;1m    echo "  {\"path\": \"$path\", \"name\": \"$NAME\", \"type\": \"$TYPE\"}," >> core/outputs/webs/$TITLE/$TITLE"_resume.json"[0m
job-core	Copy web folder structure	2025-04-29T07:01:02.3804581Z [36;1m  fi[0m
job-core	Copy web folder structure	2025-04-29T07:01:02.3805196Z [36;1mdone[0m
job-core	Copy web folder structure	2025-04-29T07:01:02.3805981Z [36;1m# Remove the last comma and close the JSON array[0m
job-core	Copy web folder structure	2025-04-29T07:01:02.3807233Z [36;1msed -i '$ s/,$//' core/outputs/webs/$TITLE/$TITLE"_resume.json"[0m
job-core	Copy web folder structure	2025-04-29T07:01:02.3808528Z [36;1mecho "]" >> core/outputs/webs/$TITLE/$TITLE"_resume.json"[0m
job-core	Copy web folder structure	2025-04-29T07:01:02.3810051Z [36;1mecho "IV - Web folder structure copied successfully!"[0m
job-core	Copy web folder structure	2025-04-29T07:01:02.3817831Z shell: /usr/bin/bash -e {0}
job-core	Copy web folder structure	2025-04-29T07:01:02.3818564Z env:
job-core	Copy web folder structure	2025-04-29T07:01:02.3819128Z   KAOS_CODE: 14725271560
job-core	Copy web folder structure	2025-04-29T07:01:02.3820126Z   KAOS_EVENT_NAME: workflow_dispatch
job-core	Copy web folder structure	2025-04-29T07:01:02.3821102Z   KAOS_ACTION: 
job-core	Copy web folder structure	2025-04-29T07:01:02.3821899Z   KAOS_REF: refs/heads/main
job-core	Copy web folder structure	2025-04-29T07:01:02.3822656Z   KAOS_MODULE: [Ka0S] Deploy Web Structure
job-core	Copy web folder structure	2025-04-29T07:01:02.3823545Z   KAOS_JSON_WEB: core/config/webs/webs.json
job-core	Copy web folder structure	2025-04-29T07:01:02.3824422Z   KAOS_JSON_RESUME: core/outputs/webs/
job-core	Copy web folder structure	2025-04-29T07:01:02.3825262Z   KAOS_JSON_DATA: core/web/data/data.json
job-core	Copy web folder structure	2025-04-29T07:01:02.3826125Z   KAOS_WEB_STRUCTURE: core/results/webs/
job-core	Copy web folder structure	2025-04-29T07:01:02.3826944Z   KAOS_ACTOR: jorgecg646
job-core	Copy web folder structure	2025-04-29T07:01:02.3827756Z ##[endgroup]
job-core	Copy web folder structure	2025-04-29T07:01:02.3870229Z 0 - Reading structure.json file...
job-core	Copy web folder structure	2025-04-29T07:01:02.3891761Z I - Main folder will be named: dashboard
job-core	Copy web folder structure	2025-04-29T07:01:02.3945716Z II - Created directory: data
job-core	Copy web folder structure	2025-04-29T07:01:02.3968916Z II - Created directory: core/results/webs/dashboard/data
job-core	Copy web folder structure	2025-04-29T07:01:02.3970616Z II - Created directory: templates
job-core	Copy web folder structure	2025-04-29T07:01:02.3993953Z II - Created directory: core/results/webs/dashboard/templates
job-core	Copy web folder structure	2025-04-29T07:01:02.3995327Z II - Created directory: custom
job-core	Copy web folder structure	2025-04-29T07:01:02.4016594Z II - Created directory: core/results/webs/dashboard/custom
job-core	Copy web folder structure	2025-04-29T07:01:02.4018085Z II - Created directory: js
job-core	Copy web folder structure	2025-04-29T07:01:02.4037809Z II - Created directory: core/results/webs/dashboard/js
job-core	Copy web folder structure	2025-04-29T07:01:02.4039206Z II - Created directory: structure
job-core	Copy web folder structure	2025-04-29T07:01:02.4062326Z II - Created directory: core/results/webs/dashboard/structure
job-core	Copy web folder structure	2025-04-29T07:01:02.4095619Z III - Creating subfolder: inicio
job-core	Copy web folder structure	2025-04-29T07:01:02.4129487Z III - Creating subfolder: workflows
job-core	Copy web folder structure	2025-04-29T07:01:02.4168799Z III - Creating subfolder: issues
job-core	Copy web folder structure	2025-04-29T07:01:02.4453632Z IV - Web folder structure copied successfully!
job-core	Upload Files	Ôªø2025-04-29T07:01:02.4503760Z ##[group]Run echo "Uploading files to the repository..."
job-core	Upload Files	2025-04-29T07:01:02.4504862Z [36;1mecho "Uploading files to the repository..."[0m
job-core	Upload Files	2025-04-29T07:01:02.4505974Z [36;1mgit config --global user.name "***"[0m
job-core	Upload Files	2025-04-29T07:01:02.4506916Z [36;1mgit config --global user.email "***"[0m
job-core	Upload Files	2025-04-29T07:01:02.4507724Z [36;1mgit pull[0m
job-core	Upload Files	2025-04-29T07:01:02.4508650Z [36;1m# Asegurarse de que la carpeta web_structure se a√±ade explicitamente[0m
job-core	Upload Files	2025-04-29T07:01:02.4510081Z [36;1mgit add core/results/webs/*[0m
job-core	Upload Files	2025-04-29T07:01:02.4511093Z [36;1mgit add core/outputs/webs/*[0m
job-core	Upload Files	2025-04-29T07:01:02.4512383Z [36;1m# Verificar si hay cambios para hacer commit[0m
job-core	Upload Files	2025-04-29T07:01:02.4513336Z [36;1mif git diff --staged --quiet; then[0m
job-core	Upload Files	2025-04-29T07:01:02.4514220Z [36;1m  echo "No hay cambios para hacer commit"[0m
job-core	Upload Files	2025-04-29T07:01:02.4515045Z [36;1melse[0m
job-core	Upload Files	2025-04-29T07:01:02.4516163Z [36;1m  git commit -m "[Ka0S] Uploading resume execution files and web structure to the repository..."[0m
job-core	Upload Files	2025-04-29T07:01:02.4517551Z [36;1m  git push origin refs/heads/main[0m
job-core	Upload Files	2025-04-29T07:01:02.4518348Z [36;1mfi[0m
job-core	Upload Files	2025-04-29T07:01:02.4524305Z shell: /usr/bin/bash -e {0}
job-core	Upload Files	2025-04-29T07:01:02.4525001Z env:
job-core	Upload Files	2025-04-29T07:01:02.4525555Z   KAOS_CODE: 14725271560
job-core	Upload Files	2025-04-29T07:01:02.4526237Z   KAOS_EVENT_NAME: workflow_dispatch
job-core	Upload Files	2025-04-29T07:01:02.4526983Z   KAOS_ACTION: 
job-core	Upload Files	2025-04-29T07:01:02.4527568Z   KAOS_REF: refs/heads/main
job-core	Upload Files	2025-04-29T07:01:02.4528289Z   KAOS_MODULE: [Ka0S] Deploy Web Structure
job-core	Upload Files	2025-04-29T07:01:02.4529131Z   KAOS_JSON_WEB: core/config/webs/webs.json
job-core	Upload Files	2025-04-29T07:01:02.4530155Z   KAOS_JSON_RESUME: core/outputs/webs/
job-core	Upload Files	2025-04-29T07:01:02.4531195Z   KAOS_JSON_DATA: core/web/data/data.json
job-core	Upload Files	2025-04-29T07:01:02.4532391Z   KAOS_WEB_STRUCTURE: core/results/webs/
job-core	Upload Files	2025-04-29T07:01:02.4533166Z   KAOS_ACTOR: jorgecg646
job-core	Upload Files	2025-04-29T07:01:02.4533792Z ##[endgroup]
job-core	Upload Files	2025-04-29T07:01:02.4561766Z Uploading files to the repository...
job-core	Upload Files	2025-04-29T07:01:02.9595577Z Already up to date.
job-core	Upload Files	2025-04-29T07:01:02.9842984Z [main d90936ee] [Ka0S] Uploading resume execution files and web structure to the repository...
job-core	Upload Files	2025-04-29T07:01:02.9844681Z  1 file changed, 5 deletions(-)
job-core	Upload Files	2025-04-29T07:01:03.7401819Z To https://github.com/Ka0s-Klaus/ka0s
job-core	Upload Files	2025-04-29T07:01:03.7402696Z    1bb35c90..d90936ee  main -> main
job-core	Post Checkout repository	Ôªø2025-04-29T07:01:03.7491608Z Post job cleanup.
job-core	Post Checkout repository	2025-04-29T07:01:03.7966397Z [command]/usr/bin/git version
job-core	Post Checkout repository	2025-04-29T07:01:03.7994786Z git version 2.43.0
job-core	Post Checkout repository	2025-04-29T07:01:03.8041777Z Copying '/home/kaos/.gitconfig' to '/actions-runner/_work/_temp/f3c5de8b-a1a5-4c18-9de5-e0ab2568ca0d/.gitconfig'
job-core	Post Checkout repository	2025-04-29T07:01:03.8057756Z Temporarily overriding HOME='/actions-runner/_work/_temp/f3c5de8b-a1a5-4c18-9de5-e0ab2568ca0d' before making global git config changes
job-core	Post Checkout repository	2025-04-29T07:01:03.8058622Z Adding repository directory to the temporary git global config as a safe directory
job-core	Post Checkout repository	2025-04-29T07:01:03.8066969Z [command]/usr/bin/git config --global --add safe.directory /actions-runner/_work/ka0s/ka0s
job-core	Post Checkout repository	2025-04-29T07:01:03.8096219Z [command]/usr/bin/git config --local --name-only --get-regexp core\.sshCommand
job-core	Post Checkout repository	2025-04-29T07:01:03.8114954Z [command]/usr/bin/git submodule foreach --recursive sh -c "git config --local --name-only --get-regexp 'core\.sshCommand' && git config --local --unset-all 'core.sshCommand' || :"
job-core	Post Checkout repository	2025-04-29T07:01:03.8360399Z [command]/usr/bin/git config --local --name-only --get-regexp http\.https\:\/\/github\.com\/\.extraheader
job-core	Post Checkout repository	2025-04-29T07:01:03.8377187Z http.https://github.com/.extraheader
job-core	Post Checkout repository	2025-04-29T07:01:03.8387484Z [command]/usr/bin/git config --local --unset-all http.https://github.com/.extraheader
job-core	Post Checkout repository	2025-04-29T07:01:03.8415280Z [command]/usr/bin/git submodule foreach --recursive sh -c "git config --local --name-only --get-regexp 'http\.https\:\/\/github\.com\/\.extraheader' && git config --local --unset-all 'http.https://github.com/.extraheader' || :"
job-core	Complete job	Ôªø2025-04-29T07:01:03.8747572Z Cleaning up orphan processes
job-data	Set up job	Ôªø2025-04-29T07:01:09.4181506Z Current runner version: '2.323.0'
job-data	Set up job	2025-04-29T07:01:09.4185418Z Runner name: 'ka0s-8'
job-data	Set up job	2025-04-29T07:01:09.4185972Z Machine name: '26a53205c9ac'
job-data	Set up job	2025-04-29T07:01:09.4187371Z ##[group]GITHUB_TOKEN Permissions
job-data	Set up job	2025-04-29T07:01:09.4188729Z Contents: read
job-data	Set up job	2025-04-29T07:01:09.4189038Z Metadata: read
job-data	Set up job	2025-04-29T07:01:09.4189326Z Packages: read
job-data	Set up job	2025-04-29T07:01:09.4189812Z ##[endgroup]
job-data	Set up job	2025-04-29T07:01:09.4191173Z Secret source: Actions
job-data	Set up job	2025-04-29T07:01:09.4191553Z Prepare workflow directory
job-data	Set up job	2025-04-29T07:01:09.4573991Z Prepare all required actions
job-data	Set up job	2025-04-29T07:01:09.4600863Z Getting action download info
job-data	Set up job	2025-04-29T07:01:09.9894317Z Download action repository 'actions/checkout@v3' (SHA:f43a0e5ff2bd294095638e18286ca9a3d1956744)
job-data	Set up job	2025-04-29T07:01:10.7653265Z Complete job name: job-data
job-data	Checkout repository	Ôªø2025-04-29T07:01:10.7958989Z ##[group]Run actions/checkout@v3
job-data	Checkout repository	2025-04-29T07:01:10.7959547Z with:
job-data	Checkout repository	2025-04-29T07:01:10.7959847Z   fetch-depth: 0
job-data	Checkout repository	2025-04-29T07:01:10.7960372Z   token: ***
job-data	Checkout repository	2025-04-29T07:01:10.7960681Z   repository: Ka0s-Klaus/ka0s
job-data	Checkout repository	2025-04-29T07:01:10.7961242Z   ssh-strict: true
job-data	Checkout repository	2025-04-29T07:01:10.7961568Z   persist-credentials: true
job-data	Checkout repository	2025-04-29T07:01:10.7961916Z   clean: true
job-data	Checkout repository	2025-04-29T07:01:10.7962233Z   sparse-checkout-cone-mode: true
job-data	Checkout repository	2025-04-29T07:01:10.7962647Z   fetch-tags: false
job-data	Checkout repository	2025-04-29T07:01:10.7962951Z   lfs: false
job-data	Checkout repository	2025-04-29T07:01:10.7963244Z   submodules: false
job-data	Checkout repository	2025-04-29T07:01:10.7963565Z   set-safe-directory: true
job-data	Checkout repository	2025-04-29T07:01:10.7964001Z env:
job-data	Checkout repository	2025-04-29T07:01:10.7964338Z   KAOS_CODE: 14725271560
job-data	Checkout repository	2025-04-29T07:01:10.7964692Z   KAOS_EVENT_NAME: workflow_dispatch
job-data	Checkout repository	2025-04-29T07:01:10.7965075Z   KAOS_ACTION: 
job-data	Checkout repository	2025-04-29T07:01:10.7965388Z   KAOS_REF: refs/heads/main
job-data	Checkout repository	2025-04-29T07:01:10.7965755Z   KAOS_MODULE: [Ka0S] Deploy Web Structure
job-data	Checkout repository	2025-04-29T07:01:10.7966184Z   KAOS_JSON_WEB: core/config/webs/webs.json
job-data	Checkout repository	2025-04-29T07:01:10.7966621Z   KAOS_JSON_RESUME: core/outputs/webs/
job-data	Checkout repository	2025-04-29T07:01:10.7967028Z   KAOS_JSON_DATA: core/web/data/data.json
job-data	Checkout repository	2025-04-29T07:01:10.7967443Z   KAOS_WEB_STRUCTURE: core/results/webs/
job-data	Checkout repository	2025-04-29T07:01:10.7967843Z   KAOS_ACTOR: jorgecg646
job-data	Checkout repository	2025-04-29T07:01:10.7968171Z ##[endgroup]
job-data	Checkout repository	2025-04-29T07:01:10.8530471Z Syncing repository: Ka0s-Klaus/ka0s
job-data	Checkout repository	2025-04-29T07:01:10.8532201Z ##[group]Getting Git version info
job-data	Checkout repository	2025-04-29T07:01:10.8532835Z Working directory is '/actions-runner/_work/ka0s/ka0s'
job-data	Checkout repository	2025-04-29T07:01:10.8533658Z [command]/usr/bin/git version
job-data	Checkout repository	2025-04-29T07:01:10.8534141Z git version 2.43.0
job-data	Checkout repository	2025-04-29T07:01:10.8548153Z ##[endgroup]
job-data	Checkout repository	2025-04-29T07:01:10.8557462Z Copying '/home/kaos/.gitconfig' to '/actions-runner/_work/_temp/8e2ff3e6-46bb-42fa-ac9e-7bc63dbdebb3/.gitconfig'
job-data	Checkout repository	2025-04-29T07:01:10.8573233Z Temporarily overriding HOME='/actions-runner/_work/_temp/8e2ff3e6-46bb-42fa-ac9e-7bc63dbdebb3' before making global git config changes
job-data	Checkout repository	2025-04-29T07:01:10.8574624Z Adding repository directory to the temporary git global config as a safe directory
job-data	Checkout repository	2025-04-29T07:01:10.8575680Z [command]/usr/bin/git config --global --add safe.directory /actions-runner/_work/ka0s/ka0s
job-data	Checkout repository	2025-04-29T07:01:10.8602732Z [command]/usr/bin/git config --local --get remote.origin.url
job-data	Checkout repository	2025-04-29T07:01:10.8623394Z https://github.com/Ka0s-Klaus/ka0s
job-data	Checkout repository	2025-04-29T07:01:10.8643376Z ##[group]Removing previously created refs, to avoid conflicts
job-data	Checkout repository	2025-04-29T07:01:10.8645332Z [command]/usr/bin/git rev-parse --symbolic-full-name --verify --quiet HEAD
job-data	Checkout repository	2025-04-29T07:01:10.8662416Z refs/heads/main
job-data	Checkout repository	2025-04-29T07:01:10.8672373Z [command]/usr/bin/git checkout --detach
job-data	Checkout repository	2025-04-29T07:01:10.8770468Z HEAD is now at d44e6f25 [Ka0S] Uploading resume execution files and web structure to the repository...
job-data	Checkout repository	2025-04-29T07:01:10.8805554Z [command]/usr/bin/git branch --delete --force main
job-data	Checkout repository	2025-04-29T07:01:10.8833018Z Deleted branch main (was d44e6f25).
job-data	Checkout repository	2025-04-29T07:01:10.8884918Z ##[endgroup]
job-data	Checkout repository	2025-04-29T07:01:10.8885316Z [command]/usr/bin/git submodule status
job-data	Checkout repository	2025-04-29T07:01:10.9131646Z ##[group]Cleaning the repository
job-data	Checkout repository	2025-04-29T07:01:10.9134460Z [command]/usr/bin/git clean -ffdx
job-data	Checkout repository	2025-04-29T07:01:10.9179108Z Removing core/results/webs/14725226164-ftp-deploy-sync-state.json
job-data	Checkout repository	2025-04-29T07:01:10.9186099Z [command]/usr/bin/git reset --hard HEAD
job-data	Checkout repository	2025-04-29T07:01:10.9328903Z HEAD is now at d44e6f25 [Ka0S] Uploading resume execution files and web structure to the repository...
job-data	Checkout repository	2025-04-29T07:01:10.9331677Z ##[endgroup]
job-data	Checkout repository	2025-04-29T07:01:10.9333830Z ##[group]Disabling automatic garbage collection
job-data	Checkout repository	2025-04-29T07:01:10.9335362Z [command]/usr/bin/git config --local gc.auto 0
job-data	Checkout repository	2025-04-29T07:01:10.9359066Z ##[endgroup]
job-data	Checkout repository	2025-04-29T07:01:10.9360436Z ##[group]Setting up auth
job-data	Checkout repository	2025-04-29T07:01:10.9363448Z [command]/usr/bin/git config --local --name-only --get-regexp core\.sshCommand
job-data	Checkout repository	2025-04-29T07:01:10.9386141Z [command]/usr/bin/git submodule foreach --recursive sh -c "git config --local --name-only --get-regexp 'core\.sshCommand' && git config --local --unset-all 'core.sshCommand' || :"
job-data	Checkout repository	2025-04-29T07:01:10.9628997Z [command]/usr/bin/git config --local --name-only --get-regexp http\.https\:\/\/github\.com\/\.extraheader
job-data	Checkout repository	2025-04-29T07:01:10.9654461Z [command]/usr/bin/git submodule foreach --recursive sh -c "git config --local --name-only --get-regexp 'http\.https\:\/\/github\.com\/\.extraheader' && git config --local --unset-all 'http.https://github.com/.extraheader' || :"
job-data	Checkout repository	2025-04-29T07:01:10.9894838Z [command]/usr/bin/git config --local http.https://github.com/.extraheader AUTHORIZATION: basic ***
job-data	Checkout repository	2025-04-29T07:01:10.9937737Z ##[endgroup]
job-data	Checkout repository	2025-04-29T07:01:10.9938984Z ##[group]Fetching the repository
job-data	Checkout repository	2025-04-29T07:01:10.9941367Z [command]/usr/bin/git -c protocol.version=2 fetch --prune --progress --no-recurse-submodules origin +refs/heads/*:refs/remotes/origin/* +refs/tags/*:refs/tags/*
job-data	Checkout repository	2025-04-29T07:01:11.6548720Z remote: Enumerating objects: 31, done.        
job-data	Checkout repository	2025-04-29T07:01:11.6550657Z remote: Counting objects:   3% (1/31)        
job-data	Checkout repository	2025-04-29T07:01:11.6552466Z remote: Counting objects:   6% (2/31)        
job-data	Checkout repository	2025-04-29T07:01:11.6553882Z remote: Counting objects:   9% (3/31)        
job-data	Checkout repository	2025-04-29T07:01:11.6555090Z remote: Counting objects:  12% (4/31)        
job-data	Checkout repository	2025-04-29T07:01:11.6556564Z remote: Counting objects:  16% (5/31)        
job-data	Checkout repository	2025-04-29T07:01:11.6557754Z remote: Counting objects:  19% (6/31)        
job-data	Checkout repository	2025-04-29T07:01:11.6558850Z remote: Counting objects:  22% (7/31)        
job-data	Checkout repository	2025-04-29T07:01:11.6560033Z remote: Counting objects:  25% (8/31)        
job-data	Checkout repository	2025-04-29T07:01:11.6561292Z remote: Counting objects:  29% (9/31)        
job-data	Checkout repository	2025-04-29T07:01:11.6562442Z remote: Counting objects:  32% (10/31)        
job-data	Checkout repository	2025-04-29T07:01:11.6563504Z remote: Counting objects:  35% (11/31)        
job-data	Checkout repository	2025-04-29T07:01:11.6564625Z remote: Counting objects:  38% (12/31)        
job-data	Checkout repository	2025-04-29T07:01:11.6565743Z remote: Counting objects:  41% (13/31)        
job-data	Checkout repository	2025-04-29T07:01:11.6566852Z remote: Counting objects:  45% (14/31)        
job-data	Checkout repository	2025-04-29T07:01:11.6567962Z remote: Counting objects:  48% (15/31)        
job-data	Checkout repository	2025-04-29T07:01:11.6569064Z remote: Counting objects:  51% (16/31)        
job-data	Checkout repository	2025-04-29T07:01:11.6570779Z remote: Counting objects:  54% (17/31)        
job-data	Checkout repository	2025-04-29T07:01:11.6572342Z remote: Counting objects:  58% (18/31)        
job-data	Checkout repository	2025-04-29T07:01:11.6573786Z remote: Counting objects:  61% (19/31)        
job-data	Checkout repository	2025-04-29T07:01:11.6575247Z remote: Counting objects:  64% (20/31)        
job-data	Checkout repository	2025-04-29T07:01:11.6576695Z remote: Counting objects:  67% (21/31)        
job-data	Checkout repository	2025-04-29T07:01:11.6578156Z remote: Counting objects:  70% (22/31)        
job-data	Checkout repository	2025-04-29T07:01:11.6579636Z remote: Counting objects:  74% (23/31)        
job-data	Checkout repository	2025-04-29T07:01:11.6581500Z remote: Counting objects:  77% (24/31)        
job-data	Checkout repository	2025-04-29T07:01:11.6583209Z remote: Counting objects:  80% (25/31)        
job-data	Checkout repository	2025-04-29T07:01:11.6584677Z remote: Counting objects:  83% (26/31)        
job-data	Checkout repository	2025-04-29T07:01:11.6589193Z remote: Counting objects:  87% (27/31)        
job-data	Checkout repository	2025-04-29T07:01:11.6590757Z remote: Counting objects:  90% (28/31)        
job-data	Checkout repository	2025-04-29T07:01:11.6592631Z remote: Counting objects:  93% (29/31)        
job-data	Checkout repository	2025-04-29T07:01:11.6594069Z remote: Counting objects:  96% (30/31)        
job-data	Checkout repository	2025-04-29T07:01:11.6595612Z remote: Counting objects: 100% (31/31)        
job-data	Checkout repository	2025-04-29T07:01:11.6597099Z remote: Counting objects: 100% (31/31), done.        
job-data	Checkout repository	2025-04-29T07:01:11.6598919Z remote: Compressing objects:   7% (1/14)        
job-data	Checkout repository	2025-04-29T07:01:11.6600727Z remote: Compressing objects:  14% (2/14)        
job-data	Checkout repository	2025-04-29T07:01:11.6602545Z remote: Compressing objects:  21% (3/14)        
job-data	Checkout repository	2025-04-29T07:01:11.6603963Z remote: Compressing objects:  28% (4/14)        
job-data	Checkout repository	2025-04-29T07:01:11.6605380Z remote: Compressing objects:  35% (5/14)        
job-data	Checkout repository	2025-04-29T07:01:11.6606816Z remote: Compressing objects:  42% (6/14)        
job-data	Checkout repository	2025-04-29T07:01:11.6608254Z remote: Compressing objects:  50% (7/14)        
job-data	Checkout repository	2025-04-29T07:01:11.6624985Z remote: Compressing objects:  57% (8/14)        
job-data	Checkout repository	2025-04-29T07:01:11.6626484Z remote: Compressing objects:  64% (9/14)        
job-data	Checkout repository	2025-04-29T07:01:11.6627856Z remote: Compressing objects:  71% (10/14)        
job-data	Checkout repository	2025-04-29T07:01:11.6629403Z remote: Compressing objects:  78% (11/14)        
job-data	Checkout repository	2025-04-29T07:01:11.6631244Z remote: Compressing objects:  85% (12/14)        
job-data	Checkout repository	2025-04-29T07:01:11.6632704Z remote: Compressing objects:  92% (13/14)        
job-data	Checkout repository	2025-04-29T07:01:11.6634025Z remote: Compressing objects: 100% (14/14)        
job-data	Checkout repository	2025-04-29T07:01:11.6635400Z remote: Compressing objects: 100% (14/14), done.        
job-data	Checkout repository	2025-04-29T07:01:11.6637083Z remote: Total 21 (delta 11), reused 15 (delta 6), pack-reused 0 (from 0)        
job-data	Checkout repository	2025-04-29T07:01:11.6759805Z From https://github.com/Ka0s-Klaus/ka0s
job-data	Checkout repository	2025-04-29T07:01:11.6761474Z    d44e6f25..d90936ee  main       -> origin/main
job-data	Checkout repository	2025-04-29T07:01:11.6793123Z [command]/usr/bin/git branch --list --remote origin/main
job-data	Checkout repository	2025-04-29T07:01:11.6816817Z   origin/main
job-data	Checkout repository	2025-04-29T07:01:11.6823745Z [command]/usr/bin/git rev-parse refs/remotes/origin/main
job-data	Checkout repository	2025-04-29T07:01:11.6841079Z d90936ee2d6b008e48374b845fd2072d6c2d57ab
job-data	Checkout repository	2025-04-29T07:01:11.6849093Z [command]/usr/bin/git -c protocol.version=2 fetch --no-tags --prune --progress --no-recurse-submodules origin +1bb35c90ff907ddd8415c785ecb0e8761872d1f6:refs/remotes/origin/main
job-data	Checkout repository	2025-04-29T07:01:11.6946004Z From https://github.com/Ka0s-Klaus/ka0s
job-data	Checkout repository	2025-04-29T07:01:11.6948722Z  + d90936ee...1bb35c90 1bb35c90ff907ddd8415c785ecb0e8761872d1f6 -> origin/main  (forced update)
job-data	Checkout repository	2025-04-29T07:01:11.6968182Z ##[endgroup]
job-data	Checkout repository	2025-04-29T07:01:11.6970165Z ##[group]Determining the checkout info
job-data	Checkout repository	2025-04-29T07:01:11.6971992Z ##[endgroup]
job-data	Checkout repository	2025-04-29T07:01:11.6973338Z ##[group]Checking out the ref
job-data	Checkout repository	2025-04-29T07:01:11.6974871Z [command]/usr/bin/git checkout --progress --force -B main refs/remotes/origin/main
job-data	Checkout repository	2025-04-29T07:01:11.7124259Z Previous HEAD position was d44e6f25 [Ka0S] Uploading resume execution files and web structure to the repository...
job-data	Checkout repository	2025-04-29T07:01:11.7126916Z Switched to a new branch 'main'
job-data	Checkout repository	2025-04-29T07:01:11.7128274Z branch 'main' set up to track 'origin/main'.
job-data	Checkout repository	2025-04-29T07:01:11.7133624Z ##[endgroup]
job-data	Checkout repository	2025-04-29T07:01:11.7165826Z [command]/usr/bin/git log -1 --format='%H'
job-data	Checkout repository	2025-04-29T07:01:11.7189510Z '1bb35c90ff907ddd8415c785ecb0e8761872d1f6'
job-data	Copy data files to web structure	Ôªø2025-04-29T07:01:11.7377855Z ##[group]Run echo "Reading data.json file..."
job-data	Copy data files to web structure	2025-04-29T07:01:11.7378939Z [36;1mecho "Reading data.json file..."[0m
job-data	Copy data files to web structure	2025-04-29T07:01:11.7379872Z [36;1mDATA_FILE="core/web/data/data.json"[0m
job-data	Copy data files to web structure	2025-04-29T07:01:11.7381088Z [36;1mecho "Data file: $DATA_FILE"[0m
job-data	Copy data files to web structure	2025-04-29T07:01:11.7382107Z [36;1m[0m
job-data	Copy data files to web structure	2025-04-29T07:01:11.7382889Z [36;1m# Extract title for main folder name from structure file[0m
job-data	Copy data files to web structure	2025-04-29T07:01:11.7384021Z [36;1mSTRUCTURE_FILE="core/config/webs/webs.json"[0m
job-data	Copy data files to web structure	2025-04-29T07:01:11.7385249Z [36;1mTITLE=$(cat $STRUCTURE_FILE | grep -o '"title": *"[^"]*"' | cut -d'"' -f4)[0m
job-data	Copy data files to web structure	2025-04-29T07:01:11.7386388Z [36;1mif [ -z "$TITLE" ]; then[0m
job-data	Copy data files to web structure	2025-04-29T07:01:11.7387144Z [36;1m  TITLE="dashboard"[0m
job-data	Copy data files to web structure	2025-04-29T07:01:11.7388075Z [36;1m  echo "Title not found in JSON file, using default: $TITLE"[0m
job-data	Copy data files to web structure	2025-04-29T07:01:11.7389074Z [36;1melse[0m
job-data	Copy data files to web structure	2025-04-29T07:01:11.7389730Z [36;1m  echo "Main folder is named: $TITLE"[0m
job-data	Copy data files to web structure	2025-04-29T07:01:11.7390860Z [36;1mfi[0m
job-data	Copy data files to web structure	2025-04-29T07:01:11.7391559Z [36;1m[0m
job-data	Copy data files to web structure	2025-04-29T07:01:11.7392391Z [36;1m# Create data directory if it doesn't exist[0m
job-data	Copy data files to web structure	2025-04-29T07:01:11.7393504Z [36;1mmkdir -p "core/results/webs/$TITLE/data"[0m
job-data	Copy data files to web structure	2025-04-29T07:01:11.7394346Z [36;1m[0m
job-data	Copy data files to web structure	2025-04-29T07:01:11.7394943Z [36;1m# Read data.json and copy files[0m
job-data	Copy data files to web structure	2025-04-29T07:01:11.7395755Z [36;1mif [ -f "$DATA_FILE" ]; then[0m
job-data	Copy data files to web structure	2025-04-29T07:01:11.7396654Z [36;1m  echo "Processing data files from data.json..."[0m
job-data	Copy data files to web structure	2025-04-29T07:01:11.7397539Z [36;1m  [0m
job-data	Copy data files to web structure	2025-04-29T07:01:11.7398190Z [36;1m  # Extract source and destination paths[0m
job-data	Copy data files to web structure	2025-04-29T07:01:11.7399219Z [36;1m  jq -c '.dataFiles[]' "$DATA_FILE" | while read -r file; do[0m
job-data	Copy data files to web structure	2025-04-29T07:01:11.7400469Z [36;1m    SOURCE=$(echo $file | jq -r '.source')[0m
job-data	Copy data files to web structure	2025-04-29T07:01:11.7401741Z [36;1m    DEST=$(echo $file | jq -r '.destination')[0m
job-data	Copy data files to web structure	2025-04-29T07:01:11.7402664Z [36;1m    echo "Source: $SOURCE"[0m
job-data	Copy data files to web structure	2025-04-29T07:01:11.7403447Z [36;1m    echo "Destination: $DEST"[0m
job-data	Copy data files to web structure	2025-04-29T07:01:11.7404187Z [36;1m[0m
job-data	Copy data files to web structure	2025-04-29T07:01:11.7404819Z [36;1m    # Ensure destination directory exists[0m
job-data	Copy data files to web structure	2025-04-29T07:01:11.7405817Z [36;1m    DEST_DIR=$(dirname "core/results/webs/$TITLE/$DEST")[0m
job-data	Copy data files to web structure	2025-04-29T07:01:11.7406761Z [36;1m    mkdir -p "$DEST_DIR"[0m
job-data	Copy data files to web structure	2025-04-29T07:01:11.7407580Z [36;1m    echo "Destination directory: $DEST_DIR"[0m
job-data	Copy data files to web structure	2025-04-29T07:01:11.7408410Z [36;1m    [0m
job-data	Copy data files to web structure	2025-04-29T07:01:11.7408987Z [36;1m    # Copy the file[0m
job-data	Copy data files to web structure	2025-04-29T07:01:11.7409695Z [36;1m    if [ -f "$SOURCE" ]; then[0m
job-data	Copy data files to web structure	2025-04-29T07:01:11.7410800Z [36;1m      echo "Copying $SOURCE to core/results/webs/$TITLE/$DEST"[0m
job-data	Copy data files to web structure	2025-04-29T07:01:11.7412401Z [36;1m      cp "$SOURCE" "core/results/webs/$TITLE/$DEST"[0m
job-data	Copy data files to web structure	2025-04-29T07:01:11.7413287Z [36;1m    else[0m
job-data	Copy data files to web structure	2025-04-29T07:01:11.7413999Z [36;1m      echo "Warning: Source file $SOURCE not found"[0m
job-data	Copy data files to web structure	2025-04-29T07:01:11.7414873Z [36;1m    fi[0m
job-data	Copy data files to web structure	2025-04-29T07:01:11.7415449Z [36;1m  done[0m
job-data	Copy data files to web structure	2025-04-29T07:01:11.7416014Z [36;1m  [0m
job-data	Copy data files to web structure	2025-04-29T07:01:11.7416650Z [36;1m  echo "Data files copied successfully!"[0m
job-data	Copy data files to web structure	2025-04-29T07:01:11.7417480Z [36;1melse[0m
job-data	Copy data files to web structure	2025-04-29T07:01:11.7418237Z [36;1m  echo "Warning: data.json file not found at $DATA_FILE"[0m
job-data	Copy data files to web structure	2025-04-29T07:01:11.7419169Z [36;1mfi[0m
job-data	Copy data files to web structure	2025-04-29T07:01:11.7419707Z [36;1m[0m
job-data	Copy data files to web structure	2025-04-29T07:01:11.7420522Z [36;1m# Generate a summary of copied files[0m
job-data	Copy data files to web structure	2025-04-29T07:01:11.7421822Z [36;1mecho "Generating data files summary..."[0m
job-data	Copy data files to web structure	2025-04-29T07:01:11.7422992Z [36;1mecho "{" > "core/outputs/webs/$TITLE/data-files-summary.json"[0m
job-data	Copy data files to web structure	2025-04-29T07:01:11.7424509Z [36;1mecho "  \"generated_at\": \"$(date -u +"%Y-%m-%dT%H:%M:%SZ")\"," >> "core/outputs/webs/$TITLE/data-files-summary.json"[0m
job-data	Copy data files to web structure	2025-04-29T07:01:11.7426150Z [36;1mecho "  \"title\": \"$TITLE\"," >> "core/outputs/webs/$TITLE/data-files-summary.json"[0m
job-data	Copy data files to web structure	2025-04-29T07:01:11.7427545Z [36;1mecho "  \"files\": [" >> "core/outputs/webs/$TITLE/data-files-summary.json"[0m
job-data	Copy data files to web structure	2025-04-29T07:01:11.7428574Z [36;1m[0m
job-data	Copy data files to web structure	2025-04-29T07:01:11.7429147Z [36;1m# List all copied files[0m
job-data	Copy data files to web structure	2025-04-29T07:01:11.7430496Z [36;1mfind "core/results/webs/$TITLE/data" -type f | sort | while read -r file; do[0m
job-data	Copy data files to web structure	2025-04-29T07:01:11.7432232Z [36;1m  RELATIVE_PATH="${file#core/results/webs/$TITLE/}"[0m
job-data	Copy data files to web structure	2025-04-29T07:01:11.7433522Z [36;1m  echo "    {\"path\": \"$RELATIVE_PATH\"}," >> "core/outputs/webs/$TITLE/data-files-summary.json"[0m
job-data	Copy data files to web structure	2025-04-29T07:01:11.7434686Z [36;1mdone[0m
job-data	Copy data files to web structure	2025-04-29T07:01:11.7435233Z [36;1m[0m
job-data	Copy data files to web structure	2025-04-29T07:01:11.7435861Z [36;1m# Remove the last comma and close the JSON[0m
job-data	Copy data files to web structure	2025-04-29T07:01:11.7436885Z [36;1msed -i '$ s/,$//' "core/outputs/webs/data-files-summary.json"[0m
job-data	Copy data files to web structure	2025-04-29T07:01:11.7438010Z [36;1mecho "  ]" >> "core/outputs/webs/data-files-summary.json"[0m
job-data	Copy data files to web structure	2025-04-29T07:01:11.7439106Z [36;1mecho "}" >> "core/outputs/webs/data-files-summary.json"[0m
job-data	Copy data files to web structure	2025-04-29T07:01:11.7440047Z [36;1m[0m
job-data	Copy data files to web structure	2025-04-29T07:01:11.7441335Z [36;1mecho "Data files summary generated at core/outputs/webs/data-files-summary.json"[0m
job-data	Copy data files to web structure	2025-04-29T07:01:11.7449778Z shell: /usr/bin/bash -e {0}
job-data	Copy data files to web structure	2025-04-29T07:01:11.7450693Z env:
job-data	Copy data files to web structure	2025-04-29T07:01:11.7451338Z   KAOS_CODE: 14725271560
job-data	Copy data files to web structure	2025-04-29T07:01:11.7452242Z   KAOS_EVENT_NAME: workflow_dispatch
job-data	Copy data files to web structure	2025-04-29T07:01:11.7452964Z   KAOS_ACTION: 
job-data	Copy data files to web structure	2025-04-29T07:01:11.7453553Z   KAOS_REF: refs/heads/main
job-data	Copy data files to web structure	2025-04-29T07:01:11.7454262Z   KAOS_MODULE: [Ka0S] Deploy Web Structure
job-data	Copy data files to web structure	2025-04-29T07:01:11.7455090Z   KAOS_JSON_WEB: core/config/webs/webs.json
job-data	Copy data files to web structure	2025-04-29T07:01:11.7455904Z   KAOS_JSON_RESUME: core/outputs/webs/
job-data	Copy data files to web structure	2025-04-29T07:01:11.7456681Z   KAOS_JSON_DATA: core/web/data/data.json
job-data	Copy data files to web structure	2025-04-29T07:01:11.7457469Z   KAOS_WEB_STRUCTURE: core/results/webs/
job-data	Copy data files to web structure	2025-04-29T07:01:11.7458210Z   KAOS_ACTOR: jorgecg646
job-data	Copy data files to web structure	2025-04-29T07:01:11.7458826Z ##[endgroup]
job-data	Copy data files to web structure	2025-04-29T07:01:11.7504211Z Reading data.json file...
job-data	Copy data files to web structure	2025-04-29T07:01:11.7505540Z Data file: core/web/data/data.json
job-data	Copy data files to web structure	2025-04-29T07:01:11.7526262Z Main folder is named: dashboard
job-data	Copy data files to web structure	2025-04-29T07:01:11.7539468Z Processing data files from data.json...
job-data	Copy data files to web structure	2025-04-29T07:01:11.7622117Z Source: core/outputs/w/kaos-issue.json
job-data	Copy data files to web structure	2025-04-29T07:01:11.7623893Z Destination: data/kaos-issue.json
job-data	Copy data files to web structure	2025-04-29T07:01:11.7644722Z Destination directory: core/results/webs/dashboard/data
job-data	Copy data files to web structure	2025-04-29T07:01:11.7647055Z Copying core/outputs/w/kaos-issue.json to core/results/webs/dashboard/data/kaos-issue.json
job-data	Copy data files to web structure	2025-04-29T07:01:11.7720788Z Source: core/outputs/w/kaos-repository-global-statistics.json
job-data	Copy data files to web structure	2025-04-29T07:01:11.7722766Z Destination: data/kaos-repository-global-statistics.json
job-data	Copy data files to web structure	2025-04-29T07:01:11.7740466Z Destination directory: core/results/webs/dashboard/data
job-data	Copy data files to web structure	2025-04-29T07:01:11.7743626Z Copying core/outputs/w/kaos-repository-global-statistics.json to core/results/webs/dashboard/data/kaos-repository-global-statistics.json
job-data	Copy data files to web structure	2025-04-29T07:01:11.7810489Z Source: core/outputs/w/kaos-repository-statistics.json
job-data	Copy data files to web structure	2025-04-29T07:01:11.7812539Z Destination: data/kaos-repository-statistics.json
job-data	Copy data files to web structure	2025-04-29T07:01:11.7835202Z Destination directory: core/results/webs/dashboard/data
job-data	Copy data files to web structure	2025-04-29T07:01:11.7837411Z Copying core/outputs/w/kaos-repository-statistics.json to core/results/webs/dashboard/data/kaos-repository-statistics.json
job-data	Copy data files to web structure	2025-04-29T07:01:11.7907988Z Source: core/outputs/w/kaos-workflows-available.json
job-data	Copy data files to web structure	2025-04-29T07:01:11.7909258Z Destination: data/kaos-workflows-available.json
job-data	Copy data files to web structure	2025-04-29T07:01:11.7934335Z Destination directory: core/results/webs/dashboard/data
job-data	Copy data files to web structure	2025-04-29T07:01:11.7936515Z Copying core/outputs/w/kaos-workflows-available.json to core/results/webs/dashboard/data/kaos-workflows-available.json
job-data	Copy data files to web structure	2025-04-29T07:01:11.8013004Z Source: core/outputs/w/kaos-workflows-runs.json
job-data	Copy data files to web structure	2025-04-29T07:01:11.8014142Z Destination: data/kaos-workflows-runs.json
job-data	Copy data files to web structure	2025-04-29T07:01:11.8033633Z Destination directory: core/results/webs/dashboard/data
job-data	Copy data files to web structure	2025-04-29T07:01:11.8035591Z Copying core/outputs/w/kaos-workflows-runs.json to core/results/webs/dashboard/data/kaos-workflows-runs.json
job-data	Copy data files to web structure	2025-04-29T07:01:11.8066562Z Data files copied successfully!
job-data	Copy data files to web structure	2025-04-29T07:01:11.8067638Z Generating data files summary...
job-data	Copy data files to web structure	2025-04-29T07:01:11.8116643Z Data files summary generated at core/outputs/webs/data-files-summary.json
job-data	Upload Files	Ôªø2025-04-29T07:01:11.8164144Z ##[group]Run echo "Uploading data files to the repository..."
job-data	Upload Files	2025-04-29T07:01:11.8165265Z [36;1mecho "Uploading data files to the repository..."[0m
job-data	Upload Files	2025-04-29T07:01:11.8166375Z [36;1mgit config --global user.name "***"[0m
job-data	Upload Files	2025-04-29T07:01:11.8167281Z [36;1mgit config --global user.email "***"[0m
job-data	Upload Files	2025-04-29T07:01:11.8168061Z [36;1mgit pull[0m
job-data	Upload Files	2025-04-29T07:01:11.8168668Z [36;1m# Add the data files and summary[0m
job-data	Upload Files	2025-04-29T07:01:11.8169581Z [36;1mgit add core/results/webs/**/data/*[0m
job-data	Upload Files	2025-04-29T07:01:11.8170838Z [36;1mgit add core/outputs/webs/data-files-summary.json[0m
job-data	Upload Files	2025-04-29T07:01:11.8172211Z [36;1m# Verify if there are changes to commit[0m
job-data	Upload Files	2025-04-29T07:01:11.8173105Z [36;1mif git diff --staged --quiet; then[0m
job-data	Upload Files	2025-04-29T07:01:11.8173946Z [36;1m  echo "No hay cambios para hacer commit"[0m
job-data	Upload Files	2025-04-29T07:01:11.8174738Z [36;1melse[0m
job-data	Upload Files	2025-04-29T07:01:11.8175509Z [36;1m  git commit -m "[Ka0S] Uploading data files to web structure..."[0m
job-data	Upload Files	2025-04-29T07:01:11.8176519Z [36;1m  git push origin refs/heads/main[0m
job-data	Upload Files	2025-04-29T07:01:11.8177384Z [36;1mfi[0m
job-data	Upload Files	2025-04-29T07:01:11.8183774Z shell: /usr/bin/bash -e {0}
job-data	Upload Files	2025-04-29T07:01:11.8184407Z env:
job-data	Upload Files	2025-04-29T07:01:11.8184926Z   KAOS_CODE: 14725271560
job-data	Upload Files	2025-04-29T07:01:11.8194459Z   KAOS_EVENT_NAME: workflow_dispatch
job-data	Upload Files	2025-04-29T07:01:11.8195233Z   KAOS_ACTION: 
job-data	Upload Files	2025-04-29T07:01:11.8195803Z   KAOS_REF: refs/heads/main
job-data	Upload Files	2025-04-29T07:01:11.8196487Z   KAOS_MODULE: [Ka0S] Deploy Web Structure
job-data	Upload Files	2025-04-29T07:01:11.8197283Z   KAOS_JSON_WEB: core/config/webs/webs.json
job-data	Upload Files	2025-04-29T07:01:11.8198061Z   KAOS_JSON_RESUME: core/outputs/webs/
job-data	Upload Files	2025-04-29T07:01:11.8198819Z   KAOS_JSON_DATA: core/web/data/data.json
job-data	Upload Files	2025-04-29T07:01:11.8199590Z   KAOS_WEB_STRUCTURE: core/results/webs/
job-data	Upload Files	2025-04-29T07:01:11.8200413Z   KAOS_ACTOR: jorgecg646
job-data	Upload Files	2025-04-29T07:01:11.8201230Z ##[endgroup]
job-data	Upload Files	2025-04-29T07:01:11.8234190Z Uploading data files to the repository...
job-data	Upload Files	2025-04-29T07:01:12.3061090Z From https://github.com/Ka0s-Klaus/ka0s
job-data	Upload Files	2025-04-29T07:01:12.3062291Z    1bb35c90..d90936ee  main       -> origin/main
job-data	Upload Files	2025-04-29T07:01:12.3202599Z Updating 1bb35c90..d90936ee
job-data	Upload Files	2025-04-29T07:01:12.3203632Z Fast-forward
job-data	Upload Files	2025-04-29T07:01:12.3223678Z  core/outputs/webs/dashboard/dashboard_resume.json | 5 -----
job-data	Upload Files	2025-04-29T07:01:12.3225021Z  1 file changed, 5 deletions(-)
job-data	Upload Files	2025-04-29T07:01:12.3682809Z [main 0b7c0ccd] [Ka0S] Uploading data files to web structure...
job-data	Upload Files	2025-04-29T07:01:12.3684590Z  6 files changed, 144776 insertions(+)
job-data	Upload Files	2025-04-29T07:01:12.3686097Z  create mode 100644 core/results/webs/dashboard/data/kaos-issue.json
job-data	Upload Files	2025-04-29T07:01:12.3688343Z  create mode 100644 core/results/webs/dashboard/data/kaos-repository-global-statistics.json
job-data	Upload Files	2025-04-29T07:01:12.3691228Z  create mode 100644 core/results/webs/dashboard/data/kaos-repository-statistics.json
job-data	Upload Files	2025-04-29T07:01:12.3693400Z  create mode 100644 core/results/webs/dashboard/data/kaos-workflows-available.json
job-data	Upload Files	2025-04-29T07:01:12.3694977Z  create mode 100644 core/results/webs/dashboard/data/kaos-workflows-runs.json
job-data	Upload Files	2025-04-29T07:01:13.5383620Z To https://github.com/Ka0s-Klaus/ka0s
job-data	Upload Files	2025-04-29T07:01:13.5384762Z    d90936ee..0b7c0ccd  main -> main
job-data	Post Checkout repository	Ôªø2025-04-29T07:01:13.5498991Z Post job cleanup.
job-data	Post Checkout repository	2025-04-29T07:01:13.5976086Z [command]/usr/bin/git version
job-data	Post Checkout repository	2025-04-29T07:01:13.6002056Z git version 2.43.0
job-data	Post Checkout repository	2025-04-29T07:01:13.6028805Z Copying '/home/kaos/.gitconfig' to '/actions-runner/_work/_temp/f66d37b9-194c-4b5c-91a8-d6693a9a6d91/.gitconfig'
job-data	Post Checkout repository	2025-04-29T07:01:13.6042375Z Temporarily overriding HOME='/actions-runner/_work/_temp/f66d37b9-194c-4b5c-91a8-d6693a9a6d91' before making global git config changes
job-data	Post Checkout repository	2025-04-29T07:01:13.6043337Z Adding repository directory to the temporary git global config as a safe directory
job-data	Post Checkout repository	2025-04-29T07:01:13.6044698Z [command]/usr/bin/git config --global --add safe.directory /actions-runner/_work/ka0s/ka0s
job-data	Post Checkout repository	2025-04-29T07:01:13.6072899Z [command]/usr/bin/git config --local --name-only --get-regexp core\.sshCommand
job-data	Post Checkout repository	2025-04-29T07:01:13.6095749Z [command]/usr/bin/git submodule foreach --recursive sh -c "git config --local --name-only --get-regexp 'core\.sshCommand' && git config --local --unset-all 'core.sshCommand' || :"
job-data	Post Checkout repository	2025-04-29T07:01:13.6334303Z [command]/usr/bin/git config --local --name-only --get-regexp http\.https\:\/\/github\.com\/\.extraheader
job-data	Post Checkout repository	2025-04-29T07:01:13.6352918Z http.https://github.com/.extraheader
job-data	Post Checkout repository	2025-04-29T07:01:13.6359393Z [command]/usr/bin/git config --local --unset-all http.https://github.com/.extraheader
job-data	Post Checkout repository	2025-04-29T07:01:13.6384450Z [command]/usr/bin/git submodule foreach --recursive sh -c "git config --local --name-only --get-regexp 'http\.https\:\/\/github\.com\/\.extraheader' && git config --local --unset-all 'http.https://github.com/.extraheader' || :"
job-data	Complete job	Ôªø2025-04-29T07:01:13.6708261Z Cleaning up orphan processes
job-design	Set up job	Ôªø2025-04-29T07:02:21.9515566Z Current runner version: '2.323.0'
job-design	Set up job	2025-04-29T07:02:21.9519433Z Runner name: 'ka0s-9'
job-design	Set up job	2025-04-29T07:02:21.9520234Z Machine name: '26a53205c9ac'
job-design	Set up job	2025-04-29T07:02:21.9521627Z ##[group]GITHUB_TOKEN Permissions
job-design	Set up job	2025-04-29T07:02:21.9523025Z Contents: read
job-design	Set up job	2025-04-29T07:02:21.9523329Z Metadata: read
job-design	Set up job	2025-04-29T07:02:21.9523629Z Packages: read
job-design	Set up job	2025-04-29T07:02:21.9523924Z ##[endgroup]
job-design	Set up job	2025-04-29T07:02:21.9525120Z Secret source: Actions
job-design	Set up job	2025-04-29T07:02:21.9525484Z Prepare workflow directory
job-design	Set up job	2025-04-29T07:02:21.9906937Z Prepare all required actions
job-design	Set up job	2025-04-29T07:02:21.9934280Z Getting action download info
job-design	Set up job	2025-04-29T07:02:22.5124451Z Download action repository 'actions/checkout@v3' (SHA:f43a0e5ff2bd294095638e18286ca9a3d1956744)
job-design	Set up job	2025-04-29T07:02:27.6056578Z Complete job name: job-design
job-design	Checkout repository	Ôªø2025-04-29T07:02:27.6397728Z ##[group]Run actions/checkout@v3
job-design	Checkout repository	2025-04-29T07:02:27.6398570Z with:
job-design	Checkout repository	2025-04-29T07:02:27.6399043Z   fetch-depth: 0
job-design	Checkout repository	2025-04-29T07:02:27.6399843Z   token: ***
job-design	Checkout repository	2025-04-29T07:02:27.6400411Z   repository: Ka0s-Klaus/ka0s
job-design	Checkout repository	2025-04-29T07:02:27.6401072Z   ssh-strict: true
job-design	Checkout repository	2025-04-29T07:02:27.6401617Z   persist-credentials: true
job-design	Checkout repository	2025-04-29T07:02:27.6402204Z   clean: true
job-design	Checkout repository	2025-04-29T07:02:27.6425537Z   sparse-checkout-cone-mode: true
job-design	Checkout repository	2025-04-29T07:02:27.6426236Z   fetch-tags: false
job-design	Checkout repository	2025-04-29T07:02:27.6426732Z   lfs: false
job-design	Checkout repository	2025-04-29T07:02:27.6427212Z   submodules: false
job-design	Checkout repository	2025-04-29T07:02:27.6427744Z   set-safe-directory: true
job-design	Checkout repository	2025-04-29T07:02:27.6428614Z env:
job-design	Checkout repository	2025-04-29T07:02:27.6429080Z   KAOS_CODE: 14725271560
job-design	Checkout repository	2025-04-29T07:02:27.6429675Z   KAOS_EVENT_NAME: workflow_dispatch
job-design	Checkout repository	2025-04-29T07:02:27.6430409Z   KAOS_ACTION: 
job-design	Checkout repository	2025-04-29T07:02:27.6430928Z   KAOS_REF: refs/heads/main
job-design	Checkout repository	2025-04-29T07:02:27.6431556Z   KAOS_MODULE: [Ka0S] Deploy Web Structure
job-design	Checkout repository	2025-04-29T07:02:27.6432305Z   KAOS_JSON_WEB: core/config/webs/webs.json
job-design	Checkout repository	2025-04-29T07:02:27.6433082Z   KAOS_JSON_RESUME: core/outputs/webs/
job-design	Checkout repository	2025-04-29T07:02:27.6433790Z   KAOS_JSON_DATA: core/web/data/data.json
job-design	Checkout repository	2025-04-29T07:02:27.6434514Z   KAOS_WEB_STRUCTURE: core/results/webs/
job-design	Checkout repository	2025-04-29T07:02:27.6435208Z   KAOS_ACTOR: jorgecg646
job-design	Checkout repository	2025-04-29T07:02:27.6435760Z ##[endgroup]
job-design	Checkout repository	2025-04-29T07:02:27.7008297Z Syncing repository: Ka0s-Klaus/ka0s
job-design	Checkout repository	2025-04-29T07:02:27.7010527Z ##[group]Getting Git version info
job-design	Checkout repository	2025-04-29T07:02:27.7011707Z Working directory is '/actions-runner/_work/ka0s/ka0s'
job-design	Checkout repository	2025-04-29T07:02:27.7013322Z [command]/usr/bin/git version
job-design	Checkout repository	2025-04-29T07:02:27.7014102Z git version 2.43.0
job-design	Checkout repository	2025-04-29T07:02:27.7035799Z ##[endgroup]
job-design	Checkout repository	2025-04-29T07:02:27.7048264Z Copying '/home/kaos/.gitconfig' to '/actions-runner/_work/_temp/aa929be8-508b-4b45-8ed3-ed31b04a03ec/.gitconfig'
job-design	Checkout repository	2025-04-29T07:02:27.7067843Z Temporarily overriding HOME='/actions-runner/_work/_temp/aa929be8-508b-4b45-8ed3-ed31b04a03ec' before making global git config changes
job-design	Checkout repository	2025-04-29T07:02:27.7070507Z Adding repository directory to the temporary git global config as a safe directory
job-design	Checkout repository	2025-04-29T07:02:27.7072296Z [command]/usr/bin/git config --global --add safe.directory /actions-runner/_work/ka0s/ka0s
job-design	Checkout repository	2025-04-29T07:02:27.7105021Z [command]/usr/bin/git config --local --get remote.origin.url
job-design	Checkout repository	2025-04-29T07:02:27.7125265Z https://github.com/Ka0s-Klaus/ka0s
job-design	Checkout repository	2025-04-29T07:02:27.7152513Z ##[group]Removing previously created refs, to avoid conflicts
job-design	Checkout repository	2025-04-29T07:02:27.7154128Z [command]/usr/bin/git rev-parse --symbolic-full-name --verify --quiet HEAD
job-design	Checkout repository	2025-04-29T07:02:27.7170177Z refs/heads/main
job-design	Checkout repository	2025-04-29T07:02:27.7177321Z [command]/usr/bin/git checkout --detach
job-design	Checkout repository	2025-04-29T07:02:27.7275180Z HEAD is now at d90936ee [Ka0S] Uploading resume execution files and web structure to the repository...
job-design	Checkout repository	2025-04-29T07:02:27.7308083Z [command]/usr/bin/git branch --delete --force main
job-design	Checkout repository	2025-04-29T07:02:27.7343389Z Deleted branch main (was d90936ee).
job-design	Checkout repository	2025-04-29T07:02:27.7398233Z ##[endgroup]
job-design	Checkout repository	2025-04-29T07:02:27.7399171Z [command]/usr/bin/git submodule status
job-design	Checkout repository	2025-04-29T07:02:27.7640397Z ##[group]Cleaning the repository
job-design	Checkout repository	2025-04-29T07:02:27.7641767Z [command]/usr/bin/git clean -ffdx
job-design	Checkout repository	2025-04-29T07:02:27.7684892Z [command]/usr/bin/git reset --hard HEAD
job-design	Checkout repository	2025-04-29T07:02:27.7822582Z HEAD is now at d90936ee [Ka0S] Uploading resume execution files and web structure to the repository...
job-design	Checkout repository	2025-04-29T07:02:27.7826646Z ##[endgroup]
job-design	Checkout repository	2025-04-29T07:02:27.7828225Z ##[group]Disabling automatic garbage collection
job-design	Checkout repository	2025-04-29T07:02:27.7829694Z [command]/usr/bin/git config --local gc.auto 0
job-design	Checkout repository	2025-04-29T07:02:27.7852667Z ##[endgroup]
job-design	Checkout repository	2025-04-29T07:02:27.7854234Z ##[group]Setting up auth
job-design	Checkout repository	2025-04-29T07:02:27.7855780Z [command]/usr/bin/git config --local --name-only --get-regexp core\.sshCommand
job-design	Checkout repository	2025-04-29T07:02:27.7876784Z [command]/usr/bin/git submodule foreach --recursive sh -c "git config --local --name-only --get-regexp 'core\.sshCommand' && git config --local --unset-all 'core.sshCommand' || :"
job-design	Checkout repository	2025-04-29T07:02:27.8126199Z [command]/usr/bin/git config --local --name-only --get-regexp http\.https\:\/\/github\.com\/\.extraheader
job-design	Checkout repository	2025-04-29T07:02:27.8147504Z [command]/usr/bin/git submodule foreach --recursive sh -c "git config --local --name-only --get-regexp 'http\.https\:\/\/github\.com\/\.extraheader' && git config --local --unset-all 'http.https://github.com/.extraheader' || :"
job-design	Checkout repository	2025-04-29T07:02:27.8386641Z [command]/usr/bin/git config --local http.https://github.com/.extraheader AUTHORIZATION: basic ***
job-design	Checkout repository	2025-04-29T07:02:27.8430392Z ##[endgroup]
job-design	Checkout repository	2025-04-29T07:02:27.8432118Z ##[group]Fetching the repository
job-design	Checkout repository	2025-04-29T07:02:27.8435473Z [command]/usr/bin/git -c protocol.version=2 fetch --prune --progress --no-recurse-submodules origin +refs/heads/*:refs/remotes/origin/* +refs/tags/*:refs/tags/*
job-design	Checkout repository	2025-04-29T07:02:28.4838173Z remote: Enumerating objects: 24, done.        
job-design	Checkout repository	2025-04-29T07:02:28.4838596Z remote: Counting objects:   4% (1/24)        
job-design	Checkout repository	2025-04-29T07:02:28.4838892Z remote: Counting objects:   8% (2/24)        
job-design	Checkout repository	2025-04-29T07:02:28.4841085Z remote: Counting objects:  12% (3/24)        
job-design	Checkout repository	2025-04-29T07:02:28.4841698Z remote: Counting objects:  16% (4/24)        
job-design	Checkout repository	2025-04-29T07:02:28.4841982Z remote: Counting objects:  20% (5/24)        
job-design	Checkout repository	2025-04-29T07:02:28.4842361Z remote: Counting objects:  25% (6/24)        
job-design	Checkout repository	2025-04-29T07:02:28.4842688Z remote: Counting objects:  29% (7/24)        
job-design	Checkout repository	2025-04-29T07:02:28.4843003Z remote: Counting objects:  33% (8/24)        
job-design	Checkout repository	2025-04-29T07:02:28.4843251Z remote: Counting objects:  37% (9/24)        
job-design	Checkout repository	2025-04-29T07:02:28.4843506Z remote: Counting objects:  41% (10/24)        
job-design	Checkout repository	2025-04-29T07:02:28.4843761Z remote: Counting objects:  45% (11/24)        
job-design	Checkout repository	2025-04-29T07:02:28.4844014Z remote: Counting objects:  50% (12/24)        
job-design	Checkout repository	2025-04-29T07:02:28.4844270Z remote: Counting objects:  54% (13/24)        
job-design	Checkout repository	2025-04-29T07:02:28.4844561Z remote: Counting objects:  58% (14/24)        
job-design	Checkout repository	2025-04-29T07:02:28.4844832Z remote: Counting objects:  62% (15/24)        
job-design	Checkout repository	2025-04-29T07:02:28.4845081Z remote: Counting objects:  66% (16/24)        
job-design	Checkout repository	2025-04-29T07:02:28.4845329Z remote: Counting objects:  70% (17/24)        
job-design	Checkout repository	2025-04-29T07:02:28.4845585Z remote: Counting objects:  75% (18/24)        
job-design	Checkout repository	2025-04-29T07:02:28.4845833Z remote: Counting objects:  79% (19/24)        
job-design	Checkout repository	2025-04-29T07:02:28.4846082Z remote: Counting objects:  83% (20/24)        
job-design	Checkout repository	2025-04-29T07:02:28.4846332Z remote: Counting objects:  87% (21/24)        
job-design	Checkout repository	2025-04-29T07:02:28.4846585Z remote: Counting objects:  91% (22/24)        
job-design	Checkout repository	2025-04-29T07:02:28.4846833Z remote: Counting objects:  95% (23/24)        
job-design	Checkout repository	2025-04-29T07:02:28.4847092Z remote: Counting objects: 100% (24/24)        
job-design	Checkout repository	2025-04-29T07:02:28.4847359Z remote: Counting objects: 100% (24/24), done.        
job-design	Checkout repository	2025-04-29T07:02:28.4847651Z remote: Compressing objects:  10% (1/10)        
job-design	Checkout repository	2025-04-29T07:02:28.4847950Z remote: Compressing objects:  20% (2/10)        
job-design	Checkout repository	2025-04-29T07:02:28.4848244Z remote: Compressing objects:  30% (3/10)        
job-design	Checkout repository	2025-04-29T07:02:28.4848581Z remote: Compressing objects:  40% (4/10)        
job-design	Checkout repository	2025-04-29T07:02:28.4848867Z remote: Compressing objects:  50% (5/10)        
job-design	Checkout repository	2025-04-29T07:02:28.4849150Z remote: Compressing objects:  60% (6/10)        
job-design	Checkout repository	2025-04-29T07:02:28.4849429Z remote: Compressing objects:  70% (7/10)        
job-design	Checkout repository	2025-04-29T07:02:28.4849705Z remote: Compressing objects:  80% (8/10)        
job-design	Checkout repository	2025-04-29T07:02:28.4850351Z remote: Compressing objects:  90% (9/10)        
job-design	Checkout repository	2025-04-29T07:02:28.4850629Z remote: Compressing objects: 100% (10/10)        
job-design	Checkout repository	2025-04-29T07:02:28.4850936Z remote: Compressing objects: 100% (10/10), done.        
job-design	Checkout repository	2025-04-29T07:02:28.6036859Z remote: Total 15 (delta 8), reused 10 (delta 5), pack-reused 0 (from 0)        
job-design	Checkout repository	2025-04-29T07:02:28.6244145Z From https://github.com/Ka0s-Klaus/ka0s
job-design	Checkout repository	2025-04-29T07:02:28.6244607Z    d90936ee..0b7c0ccd  main       -> origin/main
job-design	Checkout repository	2025-04-29T07:02:28.6288127Z [command]/usr/bin/git branch --list --remote origin/main
job-design	Checkout repository	2025-04-29T07:02:28.6312240Z   origin/main
job-design	Checkout repository	2025-04-29T07:02:28.6318113Z [command]/usr/bin/git rev-parse refs/remotes/origin/main
job-design	Checkout repository	2025-04-29T07:02:28.6339395Z 0b7c0ccd939b3242c7d6c8c9270e14676217165c
job-design	Checkout repository	2025-04-29T07:02:28.6350704Z [command]/usr/bin/git -c protocol.version=2 fetch --no-tags --prune --progress --no-recurse-submodules origin +1bb35c90ff907ddd8415c785ecb0e8761872d1f6:refs/remotes/origin/main
job-design	Checkout repository	2025-04-29T07:02:28.6442954Z From https://github.com/Ka0s-Klaus/ka0s
job-design	Checkout repository	2025-04-29T07:02:28.6443925Z  + 0b7c0ccd...1bb35c90 1bb35c90ff907ddd8415c785ecb0e8761872d1f6 -> origin/main  (forced update)
job-design	Checkout repository	2025-04-29T07:02:28.6462538Z ##[endgroup]
job-design	Checkout repository	2025-04-29T07:02:28.6463301Z ##[group]Determining the checkout info
job-design	Checkout repository	2025-04-29T07:02:28.6463904Z ##[endgroup]
job-design	Checkout repository	2025-04-29T07:02:28.6464424Z ##[group]Checking out the ref
job-design	Checkout repository	2025-04-29T07:02:28.6465025Z [command]/usr/bin/git checkout --progress --force -B main refs/remotes/origin/main
job-design	Checkout repository	2025-04-29T07:02:28.6595418Z Warning: you are leaving 1 commit behind, not connected to
job-design	Checkout repository	2025-04-29T07:02:28.6596139Z any of your branches:
job-design	Checkout repository	2025-04-29T07:02:28.6596412Z 
job-design	Checkout repository	2025-04-29T07:02:28.6596872Z   d90936ee [Ka0S] Uploading resume execution files and web structure to the repository...
job-design	Checkout repository	2025-04-29T07:02:28.6597492Z 
job-design	Checkout repository	2025-04-29T07:02:28.6597809Z If you want to keep it by creating a new branch, this may be a good time
job-design	Checkout repository	2025-04-29T07:02:28.6598343Z to do so with:
job-design	Checkout repository	2025-04-29T07:02:28.6598549Z 
job-design	Checkout repository	2025-04-29T07:02:28.6598854Z  git branch <new-branch-name> d90936ee
job-design	Checkout repository	2025-04-29T07:02:28.6599175Z 
job-design	Checkout repository	2025-04-29T07:02:28.6599432Z Switched to a new branch 'main'
job-design	Checkout repository	2025-04-29T07:02:28.6600055Z branch 'main' set up to track 'origin/main'.
job-design	Checkout repository	2025-04-29T07:02:28.6604651Z ##[endgroup]
job-design	Checkout repository	2025-04-29T07:02:28.6637274Z [command]/usr/bin/git log -1 --format='%H'
job-design	Checkout repository	2025-04-29T07:02:28.6660701Z '1bb35c90ff907ddd8415c785ecb0e8761872d1f6'
job-design	Generar HTML de secciones seg√∫n JSON	Ôªø2025-04-29T07:02:28.6783236Z ##[group]Run echo "Generando HTML de secciones seg√∫n su JSON..."
job-design	Generar HTML de secciones seg√∫n JSON	2025-04-29T07:02:28.6784227Z [36;1mecho "Generando HTML de secciones seg√∫n su JSON..."[0m
job-design	Generar HTML de secciones seg√∫n JSON	2025-04-29T07:02:28.6784562Z [36;1mSTRUCTURE_FILE="core/config/webs/webs.json"[0m
job-design	Generar HTML de secciones seg√∫n JSON	2025-04-29T07:02:28.6784911Z [36;1mTITLE=$(cat $STRUCTURE_FILE | grep -o '"title": *"[^"]*"' | cut -d'"' -f4)[0m
job-design	Generar HTML de secciones seg√∫n JSON	2025-04-29T07:02:28.6785343Z [36;1mSECTIONS=$(cat $STRUCTURE_FILE | grep -o '"section[0-9]*": *"[^"]*"' | cut -d'"' -f2,4 | tr '\n' ' ')[0m
job-design	Generar HTML de secciones seg√∫n JSON	2025-04-29T07:02:28.6785699Z [36;1mfor entry in $SECTIONS; do[0m
job-design	Generar HTML de secciones seg√∫n JSON	2025-04-29T07:02:28.6799412Z [36;1m  SECTION_KEY=$(echo $entry | cut -d':' -f1 | tr -d '"')[0m
job-design	Generar HTML de secciones seg√∫n JSON	2025-04-29T07:02:28.6799761Z [36;1m  SECTION_NAME=$(echo $entry | cut -d':' -f2 | tr -d '"')[0m
job-design	Generar HTML de secciones seg√∫n JSON	2025-04-29T07:02:28.6800580Z [36;1m  SECTION_JSON="core/config/webs/${SECTION_NAME}.json"[0m
job-design	Generar HTML de secciones seg√∫n JSON	2025-04-29T07:02:28.6801039Z [36;1m  SECTION_HTML="core/results/webs/${TITLE}/structure/${SECTION_NAME}/${SECTION_NAME}.html"[0m
job-design	Generar HTML de secciones seg√∫n JSON	2025-04-29T07:02:28.6801464Z [36;1m  if [ -f "$SECTION_JSON" ]; then[0m
job-design	Generar HTML de secciones seg√∫n JSON	2025-04-29T07:02:28.6801890Z [36;1m    echo "Procesando $SECTION_JSON para $SECTION_HTML"[0m
job-design	Generar HTML de secciones seg√∫n JSON	2025-04-29T07:02:28.6802221Z [36;1m    # Extraer t√≠tulo de la secci√≥n[0m
job-design	Generar HTML de secciones seg√∫n JSON	2025-04-29T07:02:28.6802519Z [36;1m    SECTION_TITLE=$(jq -r '.title' "$SECTION_JSON")[0m
job-design	Generar HTML de secciones seg√∫n JSON	2025-04-29T07:02:28.6802773Z [36;1m    [0m
job-design	Generar HTML de secciones seg√∫n JSON	2025-04-29T07:02:28.6802966Z [36;1m    # Leer la plantilla HTML[0m
job-design	Generar HTML de secciones seg√∫n JSON	2025-04-29T07:02:28.6803252Z [36;1m    TEMPLATE_HTML="core/web/templates/section-template.html"[0m
job-design	Generar HTML de secciones seg√∫n JSON	2025-04-29T07:02:28.6803546Z [36;1m    if [ -f "$TEMPLATE_HTML" ]; then[0m
job-design	Generar HTML de secciones seg√∫n JSON	2025-04-29T07:02:28.6803978Z [36;1m      # Copiar la plantilla al destino[0m
job-design	Generar HTML de secciones seg√∫n JSON	2025-04-29T07:02:28.6804246Z [36;1m      mkdir -p "$(dirname "$SECTION_HTML")"[0m
job-design	Generar HTML de secciones seg√∫n JSON	2025-04-29T07:02:28.6804507Z [36;1m      cp "$TEMPLATE_HTML" "$SECTION_HTML"[0m
job-design	Generar HTML de secciones seg√∫n JSON	2025-04-29T07:02:28.6804735Z [36;1m      [0m
job-design	Generar HTML de secciones seg√∫n JSON	2025-04-29T07:02:28.6804965Z [36;1m      # Reemplazar los placeholders con los valores reales[0m
job-design	Generar HTML de secciones seg√∫n JSON	2025-04-29T07:02:28.6805300Z [36;1m      sed -i "s/SECTION_TITLE_PLACEHOLDER/$SECTION_TITLE/g" "$SECTION_HTML"[0m
job-design	Generar HTML de secciones seg√∫n JSON	2025-04-29T07:02:28.6805610Z [36;1m      [0m
job-design	Generar HTML de secciones seg√∫n JSON	2025-04-29T07:02:28.6805861Z [36;1m      # Comprobar si hay un placeholder para lista de secci√≥n y procesarlo[0m
job-design	Generar HTML de secciones seg√∫n JSON	2025-04-29T07:02:28.6806206Z [36;1m      if grep -q "SECTION_LIST_PLACEHOLDER" "$SECTION_HTML"; then[0m
job-design	Generar HTML de secciones seg√∫n JSON	2025-04-29T07:02:28.6806560Z [36;1m        echo "Encontrado placeholder para lista de secci√≥n, procesando..."[0m
job-design	Generar HTML de secciones seg√∫n JSON	2025-04-29T07:02:28.6806937Z [36;1m        # Verificar si el JSON de la secci√≥n tiene una lista en sus templates[0m
job-design	Generar HTML de secciones seg√∫n JSON	2025-04-29T07:02:28.6807315Z [36;1m        if jq -e '.templates[] | select(.type == "list")' "$SECTION_JSON" > /dev/null; then[0m
job-design	Generar HTML de secciones seg√∫n JSON	2025-04-29T07:02:28.6807700Z [36;1m          # Obtener el primer template de tipo list (usando head -1 en lugar de first)[0m
job-design	Generar HTML de secciones seg√∫n JSON	2025-04-29T07:02:28.6808105Z [36;1m          LIST_TEMPLATE_JSON=$(jq -c '.templates[] | select(.type == "list")' "$SECTION_JSON" | head -1)[0m
job-design	Generar HTML de secciones seg√∫n JSON	2025-04-29T07:02:28.6808467Z [36;1m          echo "LIST_TEMPLATE_JSON: $LIST_TEMPLATE_JSON"[0m
job-design	Generar HTML de secciones seg√∫n JSON	2025-04-29T07:02:28.6808787Z [36;1m          LIST_TITLE=$(echo "$LIST_TEMPLATE_JSON" | jq -r '.title')[0m
job-design	Generar HTML de secciones seg√∫n JSON	2025-04-29T07:02:28.6809071Z [36;1m          echo "LIST_TITLE: $LIST_TITLE"[0m
job-design	Generar HTML de secciones seg√∫n JSON	2025-04-29T07:02:28.6809369Z [36;1m          LIST_DATA_SOURCE=$(echo "$LIST_TEMPLATE_JSON" | jq -r '.dataSource')[0m
job-design	Generar HTML de secciones seg√∫n JSON	2025-04-29T07:02:28.6809683Z [36;1m          echo "LIST_DATA_SOURCE: $LIST_DATA_SOURCE"[0m
job-design	Generar HTML de secciones seg√∫n JSON	2025-04-29T07:02:28.6810013Z [36;1m          [0m
job-design	Generar HTML de secciones seg√∫n JSON	2025-04-29T07:02:28.6810257Z [36;1m          # Leer la plantilla de lista[0m
job-design	Generar HTML de secciones seg√∫n JSON	2025-04-29T07:02:28.6810656Z [36;1m          LIST_TEMPLATE=$(cat core/web/templates/data-list.html)[0m
job-design	Generar HTML de secciones seg√∫n JSON	2025-04-29T07:02:28.6811039Z [36;1m          echo "LIST_TEMPLATE: $LIST_TEMPLATE"[0m
job-design	Generar HTML de secciones seg√∫n JSON	2025-04-29T07:02:28.6811332Z [36;1m          [0m
job-design	Generar HTML de secciones seg√∫n JSON	2025-04-29T07:02:28.6811647Z [36;1m          # Usar reemplazo nativo de Bash con los placeholders correctos[0m
job-design	Generar HTML de secciones seg√∫n JSON	2025-04-29T07:02:28.6812005Z [36;1m          LIST_TEMPLATE="${LIST_TEMPLATE//\{\{TEMPLATE_TITLE\}\}/$LIST_TITLE}"[0m
job-design	Generar HTML de secciones seg√∫n JSON	2025-04-29T07:02:28.6812500Z [36;1m          LIST_TEMPLATE="${LIST_TEMPLATE//\{\{DATA_SOURCE\}\}/$LIST_DATA_SOURCE}"[0m
job-design	Generar HTML de secciones seg√∫n JSON	2025-04-29T07:02:28.6812836Z [36;1m          echo "LIST_TEMPLATE despu√©s de reemplazo: $LIST_TEMPLATE"[0m
job-design	Generar HTML de secciones seg√∫n JSON	2025-04-29T07:02:28.6813140Z [36;1m          [0m
job-design	Generar HTML de secciones seg√∫n JSON	2025-04-29T07:02:28.6813400Z [36;1m          # Reemplazar el placeholder con la lista usando archivos temporales[0m
job-design	Generar HTML de secciones seg√∫n JSON	2025-04-29T07:02:28.6813700Z [36;1m          TEMP_FILE=$(mktemp)[0m
job-design	Generar HTML de secciones seg√∫n JSON	2025-04-29T07:02:28.6813959Z [36;1m          cat "$SECTION_HTML" | while IFS= read -r line; do[0m
job-design	Generar HTML de secciones seg√∫n JSON	2025-04-29T07:02:28.6814275Z [36;1m            echo "${line//SECTION_LIST_PLACEHOLDER/$LIST_TEMPLATE}" [0m
job-design	Generar HTML de secciones seg√∫n JSON	2025-04-29T07:02:28.6814548Z [36;1m          done > "$TEMP_FILE"[0m
job-design	Generar HTML de secciones seg√∫n JSON	2025-04-29T07:02:28.6814778Z [36;1m          mv "$TEMP_FILE" "$SECTION_HTML"[0m
job-design	Generar HTML de secciones seg√∫n JSON	2025-04-29T07:02:28.6815047Z [36;1m          echo "A√±adido componente de lista a la secci√≥n"[0m
job-design	Generar HTML de secciones seg√∫n JSON	2025-04-29T07:02:28.6815292Z [36;1m        else[0m
job-design	Generar HTML de secciones seg√∫n JSON	2025-04-29T07:02:28.6815581Z [36;1m          echo "La secci√≥n no tiene una lista definida, eliminando placeholder"[0m
job-design	Generar HTML de secciones seg√∫n JSON	2025-04-29T07:02:28.6815907Z [36;1m          sed -i "s|SECTION_LIST_PLACEHOLDER||g" "$SECTION_HTML"[0m
job-design	Generar HTML de secciones seg√∫n JSON	2025-04-29T07:02:28.6816155Z [36;1m        fi[0m
job-design	Generar HTML de secciones seg√∫n JSON	2025-04-29T07:02:28.6816336Z [36;1m      fi[0m
job-design	Generar HTML de secciones seg√∫n JSON	2025-04-29T07:02:28.6816504Z [36;1m      [0m
job-design	Generar HTML de secciones seg√∫n JSON	2025-04-29T07:02:28.6816750Z [36;1m      # Procesar templates y reemplazar el placeholder de templates[0m
job-design	Generar HTML de secciones seg√∫n JSON	2025-04-29T07:02:28.6817031Z [36;1m      TEMPLATES_HTML=""[0m
job-design	Generar HTML de secciones seg√∫n JSON	2025-04-29T07:02:28.6817309Z [36;1m      jq -c '.templates[]' "$SECTION_JSON" | while read -r template; do[0m
job-design	Generar HTML de secciones seg√∫n JSON	2025-04-29T07:02:28.6817675Z [36;1m        TYPE=$(echo $template | jq -r '.type')[0m
job-design	Generar HTML de secciones seg√∫n JSON	2025-04-29T07:02:28.6817940Z [36;1m        TITLE=$(echo $template | jq -r '.title')[0m
job-design	Generar HTML de secciones seg√∫n JSON	2025-04-29T07:02:28.6818222Z [36;1m        DATA_SOURCE=$(echo $template | jq -r '.dataSource')[0m
job-design	Generar HTML de secciones seg√∫n JSON	2025-04-29T07:02:28.6818468Z [36;1m        [0m
job-design	Generar HTML de secciones seg√∫n JSON	2025-04-29T07:02:28.6818667Z [36;1m        if [ "$TYPE" = "graphic" ]; then[0m
job-design	Generar HTML de secciones seg√∫n JSON	2025-04-29T07:02:28.6818938Z [36;1m          # Leer la plantilla de gr√°fico[0m
job-design	Generar HTML de secciones seg√∫n JSON	2025-04-29T07:02:28.6819223Z [36;1m          GRAPHIC_TEMPLATE=$(cat core/web/templates/graphic.html)[0m
job-design	Generar HTML de secciones seg√∫n JSON	2025-04-29T07:02:28.6819523Z [36;1m          # Reemplazar placeholders en la plantilla[0m
job-design	Generar HTML de secciones seg√∫n JSON	2025-04-29T07:02:28.6819877Z [36;1m          GRAPHIC_TEMPLATE=$(echo "$GRAPHIC_TEMPLATE" | sed "s/GRAPHIC_TITLE_PLACEHOLDER/$TITLE/g")[0m
job-design	Generar HTML de secciones seg√∫n JSON	2025-04-29T07:02:28.6820548Z [36;1m          GRAPHIC_TEMPLATE=$(echo "$GRAPHIC_TEMPLATE" | sed "s|DATA_SOURCE_PLACEHOLDER|$DATA_SOURCE|g")[0m
job-design	Generar HTML de secciones seg√∫n JSON	2025-04-29T07:02:28.6820987Z [36;1m          TEMPLATES_HTML+="$GRAPHIC_TEMPLATE"[0m
job-design	Generar HTML de secciones seg√∫n JSON	2025-04-29T07:02:28.6821407Z [36;1m          TEMPLATES_HTML+="<script src=\"../../js/graphic.js\" data-source=\"$DATA_SOURCE\"></script>"[0m
job-design	Generar HTML de secciones seg√∫n JSON	2025-04-29T07:02:28.6821881Z [36;1m        elif [ "$TYPE" = "list" ]; then[0m
job-design	Generar HTML de secciones seg√∫n JSON	2025-04-29T07:02:28.6822192Z [36;1m          # Leer la plantilla de lista[0m
job-design	Generar HTML de secciones seg√∫n JSON	2025-04-29T07:02:28.6822496Z [36;1m          LIST_TEMPLATE=$(cat core/web/templates/data-list.html)[0m
job-design	Generar HTML de secciones seg√∫n JSON	2025-04-29T07:02:28.6822814Z [36;1m          # Reemplazar placeholders en la plantilla[0m
job-design	Generar HTML de secciones seg√∫n JSON	2025-04-29T07:02:28.6823145Z [36;1m          LIST_TEMPLATE=$(echo "$LIST_TEMPLATE" | sed "s/LIST_TITLE_PLACEHOLDER/$TITLE/g")[0m
job-design	Generar HTML de secciones seg√∫n JSON	2025-04-29T07:02:28.6823545Z [36;1m          LIST_TEMPLATE=$(echo "$LIST_TEMPLATE" | sed "s|DATA_SOURCE_PLACEHOLDER|$DATA_SOURCE|g")[0m
job-design	Generar HTML de secciones seg√∫n JSON	2025-04-29T07:02:28.6823871Z [36;1m          TEMPLATES_HTML+="$LIST_TEMPLATE"[0m
job-design	Generar HTML de secciones seg√∫n JSON	2025-04-29T07:02:28.6824212Z [36;1m          TEMPLATES_HTML+="<script src=\"../../js/data-list.js\" data-source=\"$DATA_SOURCE\"></script>"[0m
job-design	Generar HTML de secciones seg√∫n JSON	2025-04-29T07:02:28.6824534Z [36;1m        fi[0m
job-design	Generar HTML de secciones seg√∫n JSON	2025-04-29T07:02:28.6824718Z [36;1m      done[0m
job-design	Generar HTML de secciones seg√∫n JSON	2025-04-29T07:02:28.6824896Z [36;1m      [0m
job-design	Generar HTML de secciones seg√∫n JSON	2025-04-29T07:02:28.6825142Z [36;1m      # Reemplazar el placeholder de templates con el HTML generado[0m
job-design	Generar HTML de secciones seg√∫n JSON	2025-04-29T07:02:28.6825563Z [36;1m      awk -v r="$TEMPLATES_HTML" '{gsub("<!-- TEMPLATES_PLACEHOLDER -->", r)} 1' "$SECTION_HTML" > temp && mv temp "$SECTION_HTML"[0m
job-design	Generar HTML de secciones seg√∫n JSON	2025-04-29T07:02:28.6825997Z [36;1m      [0m
job-design	Generar HTML de secciones seg√∫n JSON	2025-04-29T07:02:28.6826189Z [36;1m      echo "Generado $SECTION_HTML"[0m
job-design	Generar HTML de secciones seg√∫n JSON	2025-04-29T07:02:28.6826517Z [36;1m      # Almacenar cada secci√≥n en un directorio temporal para concatenarlas despu√©s[0m
job-design	Generar HTML de secciones seg√∫n JSON	2025-04-29T07:02:28.6826873Z [36;1m      mkdir -p "core/results/webs/${TITLE}/temp_sections"[0m
job-design	Generar HTML de secciones seg√∫n JSON	2025-04-29T07:02:28.6827223Z [36;1m      cp "$SECTION_HTML" "core/results/webs/${TITLE}/temp_sections/${SECTION_NAME}.html"[0m
job-design	Generar HTML de secciones seg√∫n JSON	2025-04-29T07:02:28.6827536Z [36;1m    else[0m
job-design	Generar HTML de secciones seg√∫n JSON	2025-04-29T07:02:28.6827789Z [36;1m      echo "Error: No se encontro la plantilla HTML en $TEMPLATE_HTML"[0m
job-design	Generar HTML de secciones seg√∫n JSON	2025-04-29T07:02:28.6828061Z [36;1m    fi[0m
job-design	Generar HTML de secciones seg√∫n JSON	2025-04-29T07:02:28.6828231Z [36;1m  else[0m
job-design	Generar HTML de secciones seg√∫n JSON	2025-04-29T07:02:28.6828430Z [36;1m    echo "No se encontr√≥ $SECTION_JSON"[0m
job-design	Generar HTML de secciones seg√∫n JSON	2025-04-29T07:02:28.6828662Z [36;1m  fi[0m
job-design	Generar HTML de secciones seg√∫n JSON	2025-04-29T07:02:28.6828833Z [36;1mdone[0m
job-design	Generar HTML de secciones seg√∫n JSON	2025-04-29T07:02:28.6829011Z [36;1m[0m
job-design	Generar HTML de secciones seg√∫n JSON	2025-04-29T07:02:28.6829265Z [36;1m# Crear el dashboard.html con todas las secciones concatenadas[0m
job-design	Generar HTML de secciones seg√∫n JSON	2025-04-29T07:02:28.6829827Z [36;1mecho "<!DOCTYPE html>[0m
job-design	Generar HTML de secciones seg√∫n JSON	2025-04-29T07:02:28.6830232Z [36;1m<html lang=\"es\">[0m
job-design	Generar HTML de secciones seg√∫n JSON	2025-04-29T07:02:28.6830466Z [36;1m<head>[0m
job-design	Generar HTML de secciones seg√∫n JSON	2025-04-29T07:02:28.6830688Z [36;1m    <meta charset=\"UTF-8\">[0m
job-design	Generar HTML de secciones seg√∫n JSON	2025-04-29T07:02:28.6831076Z [36;1m    <meta name=\"viewport\" content=\"width=device-width, initial-scale=1.0\">[0m
job-design	Generar HTML de secciones seg√∫n JSON	2025-04-29T07:02:28.6831494Z [36;1m    <title>Ka0s Dashboard - ${TITLE}</title>[0m
job-design	Generar HTML de secciones seg√∫n JSON	2025-04-29T07:02:28.6831879Z [36;1m    <script src=\"https://cdn.tailwindcss.com\"></script>[0m
job-design	Generar HTML de secciones seg√∫n JSON	2025-04-29T07:02:28.6832435Z [36;1m    <script src=\"https://cdn.jsdelivr.net/npm/bootstrap@5.2.3/dist/js/bootstrap.bundle.min.js\"></script>[0m
job-design	Generar HTML de secciones seg√∫n JSON	2025-04-29T07:02:28.6832842Z [36;1m    <link rel=\"stylesheet\" href=\"css/dashboard.css\">[0m
job-design	Generar HTML de secciones seg√∫n JSON	2025-04-29T07:02:28.6833097Z [36;1m</head>[0m
job-design	Generar HTML de secciones seg√∫n JSON	2025-04-29T07:02:28.6833292Z [36;1m<body class=\"bg-gray-50\">[0m
job-design	Generar HTML de secciones seg√∫n JSON	2025-04-29T07:02:28.6833539Z [36;1m    <div class=\"container mx-auto px-4 py-8\">[0m
job-design	Generar HTML de secciones seg√∫n JSON	2025-04-29T07:02:28.6833841Z [36;1m        <header class=\"py-3 mb-4 border-b border-gray-200\">[0m
job-design	Generar HTML de secciones seg√∫n JSON	2025-04-29T07:02:28.6834130Z [36;1m            <div class=\"flex items-center\">[0m
job-design	Generar HTML de secciones seg√∫n JSON	2025-04-29T07:02:28.6834413Z [36;1m                <h1 class=\"text-2xl font-bold text-gray-800\">${TITLE}</h1>[0m
job-design	Generar HTML de secciones seg√∫n JSON	2025-04-29T07:02:28.6834685Z [36;1m            </div>[0m
job-design	Generar HTML de secciones seg√∫n JSON	2025-04-29T07:02:28.6834891Z [36;1m        </header>[0m
job-design	Generar HTML de secciones seg√∫n JSON	2025-04-29T07:02:28.6835183Z [36;1m        <div class=\"dashboard-content\">" > "core/results/webs/${TITLE}/dashboard.html"[0m
job-design	Generar HTML de secciones seg√∫n JSON	2025-04-29T07:02:28.6835489Z [36;1m        [0m
job-design	Generar HTML de secciones seg√∫n JSON	2025-04-29T07:02:28.6835694Z [36;1m        # Concatenar todas las secciones[0m
job-design	Generar HTML de secciones seg√∫n JSON	2025-04-29T07:02:28.6835997Z [36;1m        if [ -d "core/results/webs/${TITLE}/temp_sections" ]; then[0m
job-design	Generar HTML de secciones seg√∫n JSON	2025-04-29T07:02:28.6836362Z [36;1m          for section_file in "core/results/webs/${TITLE}/temp_sections"/*.html; do[0m
job-design	Generar HTML de secciones seg√∫n JSON	2025-04-29T07:02:28.6836707Z [36;1m            SECTION_NAME=$(basename "$section_file" .html)[0m
job-design	Generar HTML de secciones seg√∫n JSON	2025-04-29T07:02:28.6837108Z [36;1m            echo "<div class=\"section-content\" id=\"${SECTION_NAME}\">" >> "core/results/webs/${TITLE}/dashboard.html"[0m
job-design	Generar HTML de secciones seg√∫n JSON	2025-04-29T07:02:28.6837471Z [36;1m            [0m
job-design	Generar HTML de secciones seg√∫n JSON	2025-04-29T07:02:28.6837744Z [36;1m            # Extraer solo el contenido del body de cada secci√≥n usando cut[0m
job-design	Generar HTML de secciones seg√∫n JSON	2025-04-29T07:02:28.6838089Z [36;1m            # Primero guardamos el contenido en un archivo temporal[0m
job-design	Generar HTML de secciones seg√∫n JSON	2025-04-29T07:02:28.6838388Z [36;1m            TEMP_CONTENT=$(mktemp)[0m
job-design	Generar HTML de secciones seg√∫n JSON	2025-04-29T07:02:28.6838685Z [36;1m            awk '/<body/,/<\/body>/' "$section_file" > "$TEMP_CONTENT"[0m
job-design	Generar HTML de secciones seg√∫n JSON	2025-04-29T07:02:28.6838969Z [36;1m            [0m
job-design	Generar HTML de secciones seg√∫n JSON	2025-04-29T07:02:28.6839228Z [36;1m            # Usamos cut para extraer solo las partes relevantes[0m
job-design	Generar HTML de secciones seg√∫n JSON	2025-04-29T07:02:28.6839549Z [36;1m            # Eliminamos las etiquetas body y scripts innecesarios[0m
job-design	Generar HTML de secciones seg√∫n JSON	2025-04-29T07:02:28.6839846Z [36;1m            cat "$TEMP_CONTENT" | [0m
job-design	Generar HTML de secciones seg√∫n JSON	2025-04-29T07:02:28.6840200Z [36;1m              grep -v "<body" | [0m
job-design	Generar HTML de secciones seg√∫n JSON	2025-04-29T07:02:28.6840688Z [36;1m              grep -v "</body>" | [0m
job-design	Generar HTML de secciones seg√∫n JSON	2025-04-29T07:02:28.6841022Z [36;1m              grep -v "<script src=\"..\/js\/data-list.js\">" |[0m
job-design	Generar HTML de secciones seg√∫n JSON	2025-04-29T07:02:28.6841409Z [36;1m              grep -v "<script src=\" \`https:\/\/cdn.tailwindcss.com\` \">" |[0m
job-design	Generar HTML de secciones seg√∫n JSON	2025-04-29T07:02:28.6841923Z [36;1m              grep -v "<script src=\" \`https:\/\/cdn.jsdelivr.net\/npm\/bootstrap@5.2.3\/dist\/js\/bootstrap.bundle.min.js\` \">" >> "core/results/webs/${TITLE}/dashboard.html"[0m
job-design	Generar HTML de secciones seg√∫n JSON	2025-04-29T07:02:28.6842375Z [36;1m            [0m
job-design	Generar HTML de secciones seg√∫n JSON	2025-04-29T07:02:28.6842628Z [36;1m            # Limpiamos el archivo temporal[0m
job-design	Generar HTML de secciones seg√∫n JSON	2025-04-29T07:02:28.6842910Z [36;1m            rm "$TEMP_CONTENT"[0m
job-design	Generar HTML de secciones seg√∫n JSON	2025-04-29T07:02:28.6843171Z [36;1m            [0m
job-design	Generar HTML de secciones seg√∫n JSON	2025-04-29T07:02:28.6843432Z [36;1m            echo "</div>" >> "core/results/webs/${TITLE}/dashboard.html"[0m
job-design	Generar HTML de secciones seg√∫n JSON	2025-04-29T07:02:28.6843719Z [36;1m          done[0m
job-design	Generar HTML de secciones seg√∫n JSON	2025-04-29T07:02:28.6843927Z [36;1m          [0m
job-design	Generar HTML de secciones seg√∫n JSON	2025-04-29T07:02:28.6844174Z [36;1m          # A√±adir componente de lista directamente[0m
job-design	Generar HTML de secciones seg√∫n JSON	2025-04-29T07:02:28.6844544Z [36;1m          echo "<div class=\"data-list-component my-8\">" >> "core/results/webs/${TITLE}/dashboard.html"[0m
job-design	Generar HTML de secciones seg√∫n JSON	2025-04-29T07:02:28.6845048Z [36;1m          echo "<h2 class=\"text-xl font-semibold text-gray-800 mb-4\">Datos del Sistema</h2>" >> "core/results/webs/${TITLE}/dashboard.html"[0m
job-design	Generar HTML de secciones seg√∫n JSON	2025-04-29T07:02:28.6845441Z [36;1m          [0m
job-design	Generar HTML de secciones seg√∫n JSON	2025-04-29T07:02:28.6845711Z [36;1m          # Extraer el componente de lista de data-list.html usando cut[0m
job-design	Generar HTML de secciones seg√∫n JSON	2025-04-29T07:02:28.6846102Z [36;1m          if [ -f "core/web/templates/data-list.html" ]; then[0m
job-design	Generar HTML de secciones seg√∫n JSON	2025-04-29T07:02:28.6846420Z [36;1m            # Extraer la parte principal del componente de lista[0m
job-design	Generar HTML de secciones seg√∫n JSON	2025-04-29T07:02:28.6846716Z [36;1m            LIST_CONTENT=$(mktemp)[0m
job-design	Generar HTML de secciones seg√∫n JSON	2025-04-29T07:02:28.6847086Z [36;1m            awk '/<div class="my-6">/,/<div id="pagination"/' "core/web/templates/data-list.html" > "$LIST_CONTENT"[0m
job-design	Generar HTML de secciones seg√∫n JSON	2025-04-29T07:02:28.6847464Z [36;1m            [0m
job-design	Generar HTML de secciones seg√∫n JSON	2025-04-29T07:02:28.6847718Z [36;1m            # Reemplazar los placeholders con valores reales[0m
job-design	Generar HTML de secciones seg√∫n JSON	2025-04-29T07:02:28.6848063Z [36;1m            sed -i "s/{{TEMPLATE_TITLE}}/Listado de Workflows/g" "$LIST_CONTENT"[0m
job-design	Generar HTML de secciones seg√∫n JSON	2025-04-29T07:02:28.6848447Z [36;1m            sed -i "s|{{DATA_SOURCE}}|data/kaos-workflows-available.json|g" "$LIST_CONTENT"[0m
job-design	Generar HTML de secciones seg√∫n JSON	2025-04-29T07:02:28.6848768Z [36;1m            [0m
job-design	Generar HTML de secciones seg√∫n JSON	2025-04-29T07:02:28.6848989Z [36;1m            # A√±adir al dashboard[0m
job-design	Generar HTML de secciones seg√∫n JSON	2025-04-29T07:02:28.6849299Z [36;1m            cat "$LIST_CONTENT" >> "core/results/webs/${TITLE}/dashboard.html"[0m
job-design	Generar HTML de secciones seg√∫n JSON	2025-04-29T07:02:28.6849609Z [36;1m            rm "$LIST_CONTENT"[0m
job-design	Generar HTML de secciones seg√∫n JSON	2025-04-29T07:02:28.6849838Z [36;1m            [0m
job-design	Generar HTML de secciones seg√∫n JSON	2025-04-29T07:02:28.6850104Z [36;1m            # A√±adir el componente de paginaci√≥n[0m
job-design	Generar HTML de secciones seg√∫n JSON	2025-04-29T07:02:28.6850572Z [36;1m            echo "<div id=\"pagination\" class=\"flex justify-center my-6\">" >> "core/results/webs/${TITLE}/dashboard.html"[0m
job-design	Generar HTML de secciones seg√∫n JSON	2025-04-29T07:02:28.6851195Z [36;1m            echo "  <!-- La paginaci√≥n se generar√° din√°micamente -->" >> "core/results/webs/${TITLE}/dashboard.html"[0m
job-design	Generar HTML de secciones seg√∫n JSON	2025-04-29T07:02:28.6851685Z [36;1m            echo "</div>" >> "core/results/webs/${TITLE}/dashboard.html"[0m
job-design	Generar HTML de secciones seg√∫n JSON	2025-04-29T07:02:28.6852021Z [36;1m          else[0m
job-design	Generar HTML de secciones seg√∫n JSON	2025-04-29T07:02:28.6852366Z [36;1m            echo "Advertencia: No se encontr√≥ el archivo data-list.html"[0m
job-design	Generar HTML de secciones seg√∫n JSON	2025-04-29T07:02:28.6852661Z [36;1m          fi[0m
job-design	Generar HTML de secciones seg√∫n JSON	2025-04-29T07:02:28.6852870Z [36;1m          [0m
job-design	Generar HTML de secciones seg√∫n JSON	2025-04-29T07:02:28.6853146Z [36;1m          echo "</div>" >> "core/results/webs/${TITLE}/dashboard.html"[0m
job-design	Generar HTML de secciones seg√∫n JSON	2025-04-29T07:02:28.6853423Z [36;1m        fi[0m
job-design	Generar HTML de secciones seg√∫n JSON	2025-04-29T07:02:28.6853631Z [36;1m        [0m
job-design	Generar HTML de secciones seg√∫n JSON	2025-04-29T07:02:28.6853857Z [36;1m        # Agregar scripts comunes al final[0m
job-design	Generar HTML de secciones seg√∫n JSON	2025-04-29T07:02:28.6854111Z [36;1m        echo "        </div>[0m
job-design	Generar HTML de secciones seg√∫n JSON	2025-04-29T07:02:28.6854344Z [36;1m    </div>[0m
job-design	Generar HTML de secciones seg√∫n JSON	2025-04-29T07:02:28.6854585Z [36;1m    <script src=\"js/dashboard.js\"></script>[0m
job-design	Generar HTML de secciones seg√∫n JSON	2025-04-29T07:02:28.6854944Z [36;1m    <script src=\"js/data-list.js\"></script>[0m
job-design	Generar HTML de secciones seg√∫n JSON	2025-04-29T07:02:28.6855206Z [36;1m    <script>[0m
job-design	Generar HTML de secciones seg√∫n JSON	2025-04-29T07:02:28.6855492Z [36;1m        document.addEventListener('DOMContentLoaded', function() {[0m
job-design	Generar HTML de secciones seg√∫n JSON	2025-04-29T07:02:28.6855830Z [36;1m            // Inicializar todos los componentes de datos[0m
job-design	Generar HTML de secciones seg√∫n JSON	2025-04-29T07:02:28.6856162Z [36;1m            const dataLists = document.querySelectorAll('[data-source]');[0m
job-design	Generar HTML de secciones seg√∫n JSON	2025-04-29T07:02:28.6856489Z [36;1m            dataLists.forEach(element => {[0m
job-design	Generar HTML de secciones seg√∫n JSON	2025-04-29T07:02:28.6856809Z [36;1m                const dataSource = element.getAttribute('data-source');[0m
job-design	Generar HTML de secciones seg√∫n JSON	2025-04-29T07:02:28.6857168Z [36;1m                // Aqu√≠ se puede agregar l√≥gica para cargar datos desde cada fuente[0m
job-design	Generar HTML de secciones seg√∫n JSON	2025-04-29T07:02:28.6857514Z [36;1m                console.log('Cargando datos desde:', dataSource);[0m
job-design	Generar HTML de secciones seg√∫n JSON	2025-04-29T07:02:28.6857789Z [36;1m            });[0m
job-design	Generar HTML de secciones seg√∫n JSON	2025-04-29T07:02:28.6858009Z [36;1m        });[0m
job-design	Generar HTML de secciones seg√∫n JSON	2025-04-29T07:02:28.6858230Z [36;1m    </script>[0m
job-design	Generar HTML de secciones seg√∫n JSON	2025-04-29T07:02:28.6858457Z [36;1m</body>[0m
job-design	Generar HTML de secciones seg√∫n JSON	2025-04-29T07:02:28.6858712Z [36;1m</html>" >> "core/results/webs/${TITLE}/dashboard.html"[0m
job-design	Generar HTML de secciones seg√∫n JSON	2025-04-29T07:02:28.6858988Z [36;1m[0m
job-design	Generar HTML de secciones seg√∫n JSON	2025-04-29T07:02:28.6859265Z [36;1mecho "Dashboard generado con todas las secciones integradas correctamente"[0m
job-design	Generar HTML de secciones seg√∫n JSON	2025-04-29T07:02:28.6859577Z [36;1m[0m
job-design	Generar HTML de secciones seg√∫n JSON	2025-04-29T07:02:28.6860016Z [36;1m# Copiar archivos JS necesarios[0m
job-design	Generar HTML de secciones seg√∫n JSON	2025-04-29T07:02:28.6860321Z [36;1mecho "Copiando todos los archivos JavaScript necesarios..."[0m
job-design	Generar HTML de secciones seg√∫n JSON	2025-04-29T07:02:28.6860710Z [36;1mmkdir -p "core/results/webs/${TITLE}/js"[0m
job-design	Generar HTML de secciones seg√∫n JSON	2025-04-29T07:02:28.6860997Z [36;1mif [ -f "core/web/js/data-list.js" ]; then[0m
job-design	Generar HTML de secciones seg√∫n JSON	2025-04-29T07:02:28.6861310Z [36;1m  echo "Copiando data-list.js a la carpeta de destino"[0m
job-design	Generar HTML de secciones seg√∫n JSON	2025-04-29T07:02:28.6861679Z [36;1m  cp "core/web/js/data-list.js" "core/results/webs/${TITLE}/js/"[0m
job-design	Generar HTML de secciones seg√∫n JSON	2025-04-29T07:02:28.6861995Z [36;1melse[0m
job-design	Generar HTML de secciones seg√∫n JSON	2025-04-29T07:02:28.6862296Z [36;1m  echo "Advertencia: No se encontr√≥ el archivo data-list.js en core/web/js/"[0m
job-design	Generar HTML de secciones seg√∫n JSON	2025-04-29T07:02:28.6862613Z [36;1mfi[0m
job-design	Generar HTML de secciones seg√∫n JSON	2025-04-29T07:02:28.6862810Z [36;1m[0m
job-design	Generar HTML de secciones seg√∫n JSON	2025-04-29T07:02:28.6863031Z [36;1mif [ -f "core/web/js/dashboard.js" ]; then[0m
job-design	Generar HTML de secciones seg√∫n JSON	2025-04-29T07:02:28.6863332Z [36;1m  echo "Copiando dashboard.js a la carpeta de destino"[0m
job-design	Generar HTML de secciones seg√∫n JSON	2025-04-29T07:02:28.6863668Z [36;1m  cp "core/web/js/dashboard.js" "core/results/webs/${TITLE}/js/"[0m
job-design	Generar HTML de secciones seg√∫n JSON	2025-04-29T07:02:28.6863960Z [36;1melse[0m
job-design	Generar HTML de secciones seg√∫n JSON	2025-04-29T07:02:28.6864242Z [36;1m  echo "Advertencia: No se encontr√≥ el archivo dashboard.js en core/web/js/"[0m
job-design	Generar HTML de secciones seg√∫n JSON	2025-04-29T07:02:28.6864565Z [36;1mfi[0m
job-design	Generar HTML de secciones seg√∫n JSON	2025-04-29T07:02:28.6864758Z [36;1m[0m
job-design	Generar HTML de secciones seg√∫n JSON	2025-04-29T07:02:28.6865005Z [36;1mecho "Archivos JavaScript copiados correctamente"[0m
job-design	Generar HTML de secciones seg√∫n JSON	2025-04-29T07:02:28.6865275Z [36;1m[0m
job-design	Generar HTML de secciones seg√∫n JSON	2025-04-29T07:02:28.6865510Z [36;1m# Copiar archivos de plantillas HTML necesarios[0m
job-design	Generar HTML de secciones seg√∫n JSON	2025-04-29T07:02:28.6865833Z [36;1mecho "Copiando archivos de plantillas HTML necesarios..."[0m
job-design	Generar HTML de secciones seg√∫n JSON	2025-04-29T07:02:28.6866166Z [36;1mmkdir -p "core/results/webs/${TITLE}/templates"[0m
job-design	Generar HTML de secciones seg√∫n JSON	2025-04-29T07:02:28.6866500Z [36;1mif [ -f "core/web/templates/data-list.html" ]; then[0m
job-design	Generar HTML de secciones seg√∫n JSON	2025-04-29T07:02:28.6866822Z [36;1m  echo "Copiando data-list.html a la carpeta de destino"[0m
job-design	Generar HTML de secciones seg√∫n JSON	2025-04-29T07:02:28.6867199Z [36;1m  cp "core/web/templates/data-list.html" "core/results/webs/${TITLE}/templates/"[0m
job-design	Generar HTML de secciones seg√∫n JSON	2025-04-29T07:02:28.6867524Z [36;1melse[0m
job-design	Generar HTML de secciones seg√∫n JSON	2025-04-29T07:02:28.6867822Z [36;1m  echo "Advertencia: No se encontr√≥ el archivo data-list.html en core/web/templates/"[0m
job-design	Generar HTML de secciones seg√∫n JSON	2025-04-29T07:02:28.6868149Z [36;1mfi[0m
job-design	Generar HTML de secciones seg√∫n JSON	2025-04-29T07:02:28.6868352Z [36;1m[0m
job-design	Generar HTML de secciones seg√∫n JSON	2025-04-29T07:02:28.6868565Z [36;1m# Copiar archivos CSS necesarios[0m
job-design	Generar HTML de secciones seg√∫n JSON	2025-04-29T07:02:28.6868847Z [36;1mecho "Copiando archivos CSS necesarios..."[0m
job-design	Generar HTML de secciones seg√∫n JSON	2025-04-29T07:02:28.6869141Z [36;1mmkdir -p "core/results/webs/${TITLE}/css"[0m
job-design	Generar HTML de secciones seg√∫n JSON	2025-04-29T07:02:28.6869430Z [36;1mif [ -f "core/web/css/dashboard.css" ]; then[0m
job-design	Generar HTML de secciones seg√∫n JSON	2025-04-29T07:02:28.6869730Z [36;1m  echo "Copiando dashboard.css a la carpeta de destino"[0m
job-design	Generar HTML de secciones seg√∫n JSON	2025-04-29T07:02:28.6870500Z [36;1m  cp "core/web/css/dashboard.css" "core/results/webs/${TITLE}/css/"[0m
job-design	Generar HTML de secciones seg√∫n JSON	2025-04-29T07:02:28.6870860Z [36;1melse[0m
job-design	Generar HTML de secciones seg√∫n JSON	2025-04-29T07:02:28.6871198Z [36;1m  echo "Advertencia: No se encontr√≥ el archivo dashboard.css en core/web/css/"[0m
job-design	Generar HTML de secciones seg√∫n JSON	2025-04-29T07:02:28.6871578Z [36;1mfi[0m
job-design	Generar HTML de secciones seg√∫n JSON	2025-04-29T07:02:28.6871810Z [36;1m[0m
job-design	Generar HTML de secciones seg√∫n JSON	2025-04-29T07:02:28.6872111Z [36;1mecho "Archivos de plantillas y CSS copiados correctamente"[0m
job-design	Generar HTML de secciones seg√∫n JSON	2025-04-29T07:02:28.6879722Z shell: /usr/bin/bash -e {0}
job-design	Generar HTML de secciones seg√∫n JSON	2025-04-29T07:02:28.6880049Z env:
job-design	Generar HTML de secciones seg√∫n JSON	2025-04-29T07:02:28.6880287Z   KAOS_CODE: 14725271560
job-design	Generar HTML de secciones seg√∫n JSON	2025-04-29T07:02:28.6880523Z   KAOS_EVENT_NAME: workflow_dispatch
job-design	Generar HTML de secciones seg√∫n JSON	2025-04-29T07:02:28.6880772Z   KAOS_ACTION: 
job-design	Generar HTML de secciones seg√∫n JSON	2025-04-29T07:02:28.6880990Z   KAOS_REF: refs/heads/main
job-design	Generar HTML de secciones seg√∫n JSON	2025-04-29T07:02:28.6881226Z   KAOS_MODULE: [Ka0S] Deploy Web Structure
job-design	Generar HTML de secciones seg√∫n JSON	2025-04-29T07:02:28.6881512Z   KAOS_JSON_WEB: core/config/webs/webs.json
job-design	Generar HTML de secciones seg√∫n JSON	2025-04-29T07:02:28.6881769Z   KAOS_JSON_RESUME: core/outputs/webs/
job-design	Generar HTML de secciones seg√∫n JSON	2025-04-29T07:02:28.6882045Z   KAOS_JSON_DATA: core/web/data/data.json
job-design	Generar HTML de secciones seg√∫n JSON	2025-04-29T07:02:28.6882299Z   KAOS_WEB_STRUCTURE: core/results/webs/
job-design	Generar HTML de secciones seg√∫n JSON	2025-04-29T07:02:28.6882546Z   KAOS_ACTOR: jorgecg646
job-design	Generar HTML de secciones seg√∫n JSON	2025-04-29T07:02:28.6882769Z ##[endgroup]
job-design	Generar HTML de secciones seg√∫n JSON	2025-04-29T07:02:28.6921099Z Generando HTML de secciones seg√∫n su JSON...
job-design	Generar HTML de secciones seg√∫n JSON	2025-04-29T07:02:28.6996465Z Procesando core/config/webs/section1inicio.json para core/results/webs/dashboard/structure/section1inicio/section1inicio.html
job-design	Generar HTML de secciones seg√∫n JSON	2025-04-29T07:02:28.7084138Z Encontrado placeholder para lista de secci√≥n, procesando...
job-design	Generar HTML de secciones seg√∫n JSON	2025-04-29T07:02:28.7136588Z LIST_TEMPLATE_JSON: {"type":"list","title":"Resumen de Actividades","dataSource":"core/results/webs/dashboard/data/kaos-repository-statistics.json"}
job-design	Generar HTML de secciones seg√∫n JSON	2025-04-29T07:02:28.7165814Z LIST_TITLE: Resumen de Actividades
job-design	Generar HTML de secciones seg√∫n JSON	2025-04-29T07:02:28.7195379Z LIST_DATA_SOURCE: core/results/webs/dashboard/data/kaos-repository-statistics.json
job-design	Generar HTML de secciones seg√∫n JSON	2025-04-29T07:02:28.7207571Z LIST_TEMPLATE: <!DOCTYPE html>
job-design	Generar HTML de secciones seg√∫n JSON	2025-04-29T07:02:28.7208077Z <html lang="es">
job-design	Generar HTML de secciones seg√∫n JSON	2025-04-29T07:02:28.7208414Z <head>
job-design	Generar HTML de secciones seg√∫n JSON	2025-04-29T07:02:28.7208925Z     <meta charset="UTF-8">
job-design	Generar HTML de secciones seg√∫n JSON	2025-04-29T07:02:28.7209510Z     <meta name="viewport" content="width=device-width, initial-scale=1.0">
job-design	Generar HTML de secciones seg√∫n JSON	2025-04-29T07:02:28.7210417Z     <title>Ka0s - {{TEMPLATE_TITLE}}</title>
job-design	Generar HTML de secciones seg√∫n JSON	2025-04-29T07:02:28.7211025Z     <script src="https://cdn.tailwindcss.com"></script>
job-design	Generar HTML de secciones seg√∫n JSON	2025-04-29T07:02:28.7211521Z </head>
job-design	Generar HTML de secciones seg√∫n JSON	2025-04-29T07:02:28.7211887Z <body class="bg-gray-50">
job-design	Generar HTML de secciones seg√∫n JSON	2025-04-29T07:02:28.7212429Z     <div class="container mx-auto px-4 py-8">
job-design	Generar HTML de secciones seg√∫n JSON	2025-04-29T07:02:28.7213069Z         <header class="py-3 mb-4 border-b border-gray-200">
job-design	Generar HTML de secciones seg√∫n JSON	2025-04-29T07:02:28.7213613Z             <div class="flex items-center">
job-design	Generar HTML de secciones seg√∫n JSON	2025-04-29T07:02:28.7224112Z                 <h1 class="text-xl font-semibold text-gray-800">{{TEMPLATE_TITLE}}</h1>
job-design	Generar HTML de secciones seg√∫n JSON	2025-04-29T07:02:28.7224805Z             </div>
job-design	Generar HTML de secciones seg√∫n JSON	2025-04-29T07:02:28.7225166Z         </header>
job-design	Generar HTML de secciones seg√∫n JSON	2025-04-29T07:02:28.7225378Z 
job-design	Generar HTML de secciones seg√∫n JSON	2025-04-29T07:02:28.7225560Z         <div class="my-6">
job-design	Generar HTML de secciones seg√∫n JSON	2025-04-29T07:02:28.7226047Z             <div class="bg-gray-100 p-3 rounded-md mb-3">
job-design	Generar HTML de secciones seg√∫n JSON	2025-04-29T07:02:28.7226660Z                 <div id="data-headers" class="grid grid-cols-12 gap-4">
job-design	Generar HTML de secciones seg√∫n JSON	2025-04-29T07:02:28.7227564Z                     <!-- Los encabezados se generar√°n din√°micamente basados en el JSON -->
job-design	Generar HTML de secciones seg√∫n JSON	2025-04-29T07:02:28.7228129Z                 </div>
job-design	Generar HTML de secciones seg√∫n JSON	2025-04-29T07:02:28.7228485Z             </div>
job-design	Generar HTML de secciones seg√∫n JSON	2025-04-29T07:02:28.7228910Z             <div id="data-list" data-source="{{DATA_SOURCE}}">
job-design	Generar HTML de secciones seg√∫n JSON	2025-04-29T07:02:28.7229768Z                 <!-- Los elementos de datos se cargar√°n din√°micamente -->
job-design	Generar HTML de secciones seg√∫n JSON	2025-04-29T07:02:28.7230422Z                 <div class="text-center py-10">
job-design	Generar HTML de secciones seg√∫n JSON	2025-04-29T07:02:28.7231180Z                     <div class="inline-block animate-spin rounded-full h-8 w-8 border-t-2 border-b-2 border-blue-500"></div>
job-design	Generar HTML de secciones seg√∫n JSON	2025-04-29T07:02:28.7231900Z                     <p class="mt-2 text-gray-600">Cargando datos...</p>
job-design	Generar HTML de secciones seg√∫n JSON	2025-04-29T07:02:28.7232374Z                 </div>
job-design	Generar HTML de secciones seg√∫n JSON	2025-04-29T07:02:28.7232714Z             </div>
job-design	Generar HTML de secciones seg√∫n JSON	2025-04-29T07:02:28.7233033Z         </div>
job-design	Generar HTML de secciones seg√∫n JSON	2025-04-29T07:02:28.7233546Z 
job-design	Generar HTML de secciones seg√∫n JSON	2025-04-29T07:02:28.7233790Z         <div id="pagination" class="flex justify-center my-6">
job-design	Generar HTML de secciones seg√∫n JSON	2025-04-29T07:02:28.7234388Z             <!-- La paginaci√≥n se generar√° din√°micamente -->
job-design	Generar HTML de secciones seg√∫n JSON	2025-04-29T07:02:28.7234825Z         </div>
job-design	Generar HTML de secciones seg√∫n JSON	2025-04-29T07:02:28.7235135Z     </div>
job-design	Generar HTML de secciones seg√∫n JSON	2025-04-29T07:02:28.7235322Z 
job-design	Generar HTML de secciones seg√∫n JSON	2025-04-29T07:02:28.7235784Z     <script src="https://cdn.jsdelivr.net/npm/bootstrap@5.2.3/dist/js/bootstrap.bundle.min.js"></script>
job-design	Generar HTML de secciones seg√∫n JSON	2025-04-29T07:02:28.7236453Z     <script src="../js/data-list.js"></script>
job-design	Generar HTML de secciones seg√∫n JSON	2025-04-29T07:02:28.7236851Z     <script>
job-design	Generar HTML de secciones seg√∫n JSON	2025-04-29T07:02:28.7237258Z         // Inicializar la lista con la fuente de datos
job-design	Generar HTML de secciones seg√∫n JSON	2025-04-29T07:02:28.7237801Z         document.addEventListener('DOMContentLoaded', function() {
job-design	Generar HTML de secciones seg√∫n JSON	2025-04-29T07:02:28.7238510Z             // El script data-list.js deber√≠a buscar este atributo para cargar los datos
job-design	Generar HTML de secciones seg√∫n JSON	2025-04-29T07:02:28.7239249Z             const dataSource = document.getElementById('data-list').getAttribute('data-source');
job-design	Generar HTML de secciones seg√∫n JSON	2025-04-29T07:02:28.7240077Z             // Aqu√≠ ir√≠a la l√≥gica para cargar los datos desde la fuente especificada
job-design	Generar HTML de secciones seg√∫n JSON	2025-04-29T07:02:28.7240663Z         });
job-design	Generar HTML de secciones seg√∫n JSON	2025-04-29T07:02:28.7240971Z     </script>
job-design	Generar HTML de secciones seg√∫n JSON	2025-04-29T07:02:28.7241316Z </body>
job-design	Generar HTML de secciones seg√∫n JSON	2025-04-29T07:02:28.7241627Z </html>
job-design	Generar HTML de secciones seg√∫n JSON	2025-04-29T07:02:28.7242041Z LIST_TEMPLATE despu√©s de reemplazo: <!DOCTYPE html>
job-design	Generar HTML de secciones seg√∫n JSON	2025-04-29T07:02:28.7242484Z <html lang="es">
job-design	Generar HTML de secciones seg√∫n JSON	2025-04-29T07:02:28.7242801Z <head>
job-design	Generar HTML de secciones seg√∫n JSON	2025-04-29T07:02:28.7243125Z     <meta charset="UTF-8">
job-design	Generar HTML de secciones seg√∫n JSON	2025-04-29T07:02:28.7243629Z     <meta name="viewport" content="width=device-width, initial-scale=1.0">
job-design	Generar HTML de secciones seg√∫n JSON	2025-04-29T07:02:28.7244366Z     <title>Ka0s - Resumen de Actividades</title>
job-design	Generar HTML de secciones seg√∫n JSON	2025-04-29T07:02:28.7244874Z     <script src="https://cdn.tailwindcss.com"></script>
job-design	Generar HTML de secciones seg√∫n JSON	2025-04-29T07:02:28.7245303Z </head>
job-design	Generar HTML de secciones seg√∫n JSON	2025-04-29T07:02:28.7245624Z <body class="bg-gray-50">
job-design	Generar HTML de secciones seg√∫n JSON	2025-04-29T07:02:28.7246042Z     <div class="container mx-auto px-4 py-8">
job-design	Generar HTML de secciones seg√∫n JSON	2025-04-29T07:02:28.7246526Z         <header class="py-3 mb-4 border-b border-gray-200">
job-design	Generar HTML de secciones seg√∫n JSON	2025-04-29T07:02:28.7247025Z             <div class="flex items-center">
job-design	Generar HTML de secciones seg√∫n JSON	2025-04-29T07:02:28.7247665Z                 <h1 class="text-xl font-semibold text-gray-800">Resumen de Actividades</h1>
job-design	Generar HTML de secciones seg√∫n JSON	2025-04-29T07:02:28.7248245Z             </div>
job-design	Generar HTML de secciones seg√∫n JSON	2025-04-29T07:02:28.7248625Z         </header>
job-design	Generar HTML de secciones seg√∫n JSON	2025-04-29T07:02:28.7248846Z 
job-design	Generar HTML de secciones seg√∫n JSON	2025-04-29T07:02:28.7249044Z         <div class="my-6">
job-design	Generar HTML de secciones seg√∫n JSON	2025-04-29T07:02:28.7249571Z             <div class="bg-gray-100 p-3 rounded-md mb-3">
job-design	Generar HTML de secciones seg√∫n JSON	2025-04-29T07:02:28.7250278Z                 <div id="data-headers" class="grid grid-cols-12 gap-4">
job-design	Generar HTML de secciones seg√∫n JSON	2025-04-29T07:02:28.7251147Z                     <!-- Los encabezados se generar√°n din√°micamente basados en el JSON -->
job-design	Generar HTML de secciones seg√∫n JSON	2025-04-29T07:02:28.7251730Z                 </div>
job-design	Generar HTML de secciones seg√∫n JSON	2025-04-29T07:02:28.7252070Z             </div>
job-design	Generar HTML de secciones seg√∫n JSON	2025-04-29T07:02:28.7252689Z             <div id="data-list" data-source="core/results/webs/dashboard/data/kaos-repository-statistics.json">
job-design	Generar HTML de secciones seg√∫n JSON	2025-04-29T07:02:28.7253487Z                 <!-- Los elementos de datos se cargar√°n din√°micamente -->
job-design	Generar HTML de secciones seg√∫n JSON	2025-04-29T07:02:28.7254006Z                 <div class="text-center py-10">
job-design	Generar HTML de secciones seg√∫n JSON	2025-04-29T07:02:28.7254754Z                     <div class="inline-block animate-spin rounded-full h-8 w-8 border-t-2 border-b-2 border-blue-500"></div>
job-design	Generar HTML de secciones seg√∫n JSON	2025-04-29T07:02:28.7255477Z                     <p class="mt-2 text-gray-600">Cargando datos...</p>
job-design	Generar HTML de secciones seg√∫n JSON	2025-04-29T07:02:28.7255935Z                 </div>
job-design	Generar HTML de secciones seg√∫n JSON	2025-04-29T07:02:28.7256268Z             </div>
job-design	Generar HTML de secciones seg√∫n JSON	2025-04-29T07:02:28.7256591Z         </div>
job-design	Generar HTML de secciones seg√∫n JSON	2025-04-29T07:02:28.7256779Z 
job-design	Generar HTML de secciones seg√∫n JSON	2025-04-29T07:02:28.7257027Z         <div id="pagination" class="flex justify-center my-6">
job-design	Generar HTML de secciones seg√∫n JSON	2025-04-29T07:02:28.7257660Z             <!-- La paginaci√≥n se generar√° din√°micamente -->
job-design	Generar HTML de secciones seg√∫n JSON	2025-04-29T07:02:28.7258106Z         </div>
job-design	Generar HTML de secciones seg√∫n JSON	2025-04-29T07:02:28.7258424Z     </div>
job-design	Generar HTML de secciones seg√∫n JSON	2025-04-29T07:02:28.7258605Z 
job-design	Generar HTML de secciones seg√∫n JSON	2025-04-29T07:02:28.7259042Z     <script src="https://cdn.jsdelivr.net/npm/bootstrap@5.2.3/dist/js/bootstrap.bundle.min.js"></script>
job-design	Generar HTML de secciones seg√∫n JSON	2025-04-29T07:02:28.7259716Z     <script src="../js/data-list.js"></script>
job-design	Generar HTML de secciones seg√∫n JSON	2025-04-29T07:02:28.7260207Z     <script>
job-design	Generar HTML de secciones seg√∫n JSON	2025-04-29T07:02:28.7261117Z         // Inicializar la lista con la fuente de datos
job-design	Generar HTML de secciones seg√∫n JSON	2025-04-29T07:02:28.7261772Z         document.addEventListener('DOMContentLoaded', function() {
job-design	Generar HTML de secciones seg√∫n JSON	2025-04-29T07:02:28.7262341Z             // El script data-list.js deber√≠a buscar este atributo para cargar los datos
job-design	Generar HTML de secciones seg√∫n JSON	2025-04-29T07:02:28.7262793Z             const dataSource = document.getElementById('data-list').getAttribute('data-source');
job-design	Generar HTML de secciones seg√∫n JSON	2025-04-29T07:02:28.7263256Z             // Aqu√≠ ir√≠a la l√≥gica para cargar los datos desde la fuente especificada
job-design	Generar HTML de secciones seg√∫n JSON	2025-04-29T07:02:28.7263548Z         });
job-design	Generar HTML de secciones seg√∫n JSON	2025-04-29T07:02:28.7263803Z     </script>
job-design	Generar HTML de secciones seg√∫n JSON	2025-04-29T07:02:28.7263996Z </body>
job-design	Generar HTML de secciones seg√∫n JSON	2025-04-29T07:02:28.7264178Z </html>
job-design	Generar HTML de secciones seg√∫n JSON	2025-04-29T07:02:28.7264439Z A√±adido componente de lista a la secci√≥n
job-design	Generar HTML de secciones seg√∫n JSON	2025-04-29T07:02:28.7588507Z Generado core/results/webs/dashboard/structure/section1inicio/section1inicio.html
job-design	Generar HTML de secciones seg√∫n JSON	2025-04-29T07:02:28.7647546Z Procesando core/config/webs/section2workflows.json para core/results/webs/dashboard/structure/section2workflows/section2workflows.html
job-design	Generar HTML de secciones seg√∫n JSON	2025-04-29T07:02:28.7738907Z Encontrado placeholder para lista de secci√≥n, procesando...
job-design	Generar HTML de secciones seg√∫n JSON	2025-04-29T07:02:28.7797471Z LIST_TEMPLATE_JSON: {"type":"list","title":"Lista de Workflows","dataSource":"core/results/webs/dashboard/data/kaos-workflows-available.json"}
job-design	Generar HTML de secciones seg√∫n JSON	2025-04-29T07:02:28.7829398Z LIST_TITLE: Lista de Workflows
job-design	Generar HTML de secciones seg√∫n JSON	2025-04-29T07:02:28.7860372Z LIST_DATA_SOURCE: core/results/webs/dashboard/data/kaos-workflows-available.json
job-design	Generar HTML de secciones seg√∫n JSON	2025-04-29T07:02:28.7872821Z LIST_TEMPLATE: <!DOCTYPE html>
job-design	Generar HTML de secciones seg√∫n JSON	2025-04-29T07:02:28.7873173Z <html lang="es">
job-design	Generar HTML de secciones seg√∫n JSON	2025-04-29T07:02:28.7873419Z <head>
job-design	Generar HTML de secciones seg√∫n JSON	2025-04-29T07:02:28.7874418Z     <meta charset="UTF-8">
job-design	Generar HTML de secciones seg√∫n JSON	2025-04-29T07:02:28.7874913Z     <meta name="viewport" content="width=device-width, initial-scale=1.0">
job-design	Generar HTML de secciones seg√∫n JSON	2025-04-29T07:02:28.7875477Z     <title>Ka0s - {{TEMPLATE_TITLE}}</title>
job-design	Generar HTML de secciones seg√∫n JSON	2025-04-29T07:02:28.7875960Z     <script src="https://cdn.tailwindcss.com"></script>
job-design	Generar HTML de secciones seg√∫n JSON	2025-04-29T07:02:28.7876390Z </head>
job-design	Generar HTML de secciones seg√∫n JSON	2025-04-29T07:02:28.7876716Z <body class="bg-gray-50">
job-design	Generar HTML de secciones seg√∫n JSON	2025-04-29T07:02:28.7877132Z     <div class="container mx-auto px-4 py-8">
job-design	Generar HTML de secciones seg√∫n JSON	2025-04-29T07:02:28.7877678Z         <header class="py-3 mb-4 border-b border-gray-200">
job-design	Generar HTML de secciones seg√∫n JSON	2025-04-29T07:02:28.7878092Z             <div class="flex items-center">
job-design	Generar HTML de secciones seg√∫n JSON	2025-04-29T07:02:28.7878525Z                 <h1 class="text-xl font-semibold text-gray-800">{{TEMPLATE_TITLE}}</h1>
job-design	Generar HTML de secciones seg√∫n JSON	2025-04-29T07:02:28.7878907Z             </div>
job-design	Generar HTML de secciones seg√∫n JSON	2025-04-29T07:02:28.7879161Z         </header>
job-design	Generar HTML de secciones seg√∫n JSON	2025-04-29T07:02:28.7879309Z 
job-design	Generar HTML de secciones seg√∫n JSON	2025-04-29T07:02:28.7879441Z         <div class="my-6">
job-design	Generar HTML de secciones seg√∫n JSON	2025-04-29T07:02:28.7879783Z             <div class="bg-gray-100 p-3 rounded-md mb-3">
job-design	Generar HTML de secciones seg√∫n JSON	2025-04-29T07:02:28.7880321Z                 <div id="data-headers" class="grid grid-cols-12 gap-4">
job-design	Generar HTML de secciones seg√∫n JSON	2025-04-29T07:02:28.7880947Z                     <!-- Los encabezados se generar√°n din√°micamente basados en el JSON -->
job-design	Generar HTML de secciones seg√∫n JSON	2025-04-29T07:02:28.7881315Z                 </div>
job-design	Generar HTML de secciones seg√∫n JSON	2025-04-29T07:02:28.7881552Z             </div>
job-design	Generar HTML de secciones seg√∫n JSON	2025-04-29T07:02:28.7881812Z             <div id="data-list" data-source="{{DATA_SOURCE}}">
job-design	Generar HTML de secciones seg√∫n JSON	2025-04-29T07:02:28.7882178Z                 <!-- Los elementos de datos se cargar√°n din√°micamente -->
job-design	Generar HTML de secciones seg√∫n JSON	2025-04-29T07:02:28.7882493Z                 <div class="text-center py-10">
job-design	Generar HTML de secciones seg√∫n JSON	2025-04-29T07:02:28.7882902Z                     <div class="inline-block animate-spin rounded-full h-8 w-8 border-t-2 border-b-2 border-blue-500"></div>
job-design	Generar HTML de secciones seg√∫n JSON	2025-04-29T07:02:28.7883315Z                     <p class="mt-2 text-gray-600">Cargando datos...</p>
job-design	Generar HTML de secciones seg√∫n JSON	2025-04-29T07:02:28.7883579Z                 </div>
job-design	Generar HTML de secciones seg√∫n JSON	2025-04-29T07:02:28.7883785Z             </div>
job-design	Generar HTML de secciones seg√∫n JSON	2025-04-29T07:02:28.7883979Z         </div>
job-design	Generar HTML de secciones seg√∫n JSON	2025-04-29T07:02:28.7884125Z 
job-design	Generar HTML de secciones seg√∫n JSON	2025-04-29T07:02:28.7884276Z         <div id="pagination" class="flex justify-center my-6">
job-design	Generar HTML de secciones seg√∫n JSON	2025-04-29T07:02:28.7884620Z             <!-- La paginaci√≥n se generar√° din√°micamente -->
job-design	Generar HTML de secciones seg√∫n JSON	2025-04-29T07:02:28.7884874Z         </div>
job-design	Generar HTML de secciones seg√∫n JSON	2025-04-29T07:02:28.7885066Z     </div>
job-design	Generar HTML de secciones seg√∫n JSON	2025-04-29T07:02:28.7885174Z 
job-design	Generar HTML de secciones seg√∫n JSON	2025-04-29T07:02:28.7885424Z     <script src="https://cdn.jsdelivr.net/npm/bootstrap@5.2.3/dist/js/bootstrap.bundle.min.js"></script>
job-design	Generar HTML de secciones seg√∫n JSON	2025-04-29T07:02:28.7885939Z     <script src="../js/data-list.js"></script>
job-design	Generar HTML de secciones seg√∫n JSON	2025-04-29T07:02:28.7886177Z     <script>
job-design	Generar HTML de secciones seg√∫n JSON	2025-04-29T07:02:28.7886418Z         // Inicializar la lista con la fuente de datos
job-design	Generar HTML de secciones seg√∫n JSON	2025-04-29T07:02:28.7886747Z         document.addEventListener('DOMContentLoaded', function() {
job-design	Generar HTML de secciones seg√∫n JSON	2025-04-29T07:02:28.7887164Z             // El script data-list.js deber√≠a buscar este atributo para cargar los datos
job-design	Generar HTML de secciones seg√∫n JSON	2025-04-29T07:02:28.7887605Z             const dataSource = document.getElementById('data-list').getAttribute('data-source');
job-design	Generar HTML de secciones seg√∫n JSON	2025-04-29T07:02:28.7888065Z             // Aqu√≠ ir√≠a la l√≥gica para cargar los datos desde la fuente especificada
job-design	Generar HTML de secciones seg√∫n JSON	2025-04-29T07:02:28.7888401Z         });
job-design	Generar HTML de secciones seg√∫n JSON	2025-04-29T07:02:28.7888595Z     </script>
job-design	Generar HTML de secciones seg√∫n JSON	2025-04-29T07:02:28.7888782Z </body>
job-design	Generar HTML de secciones seg√∫n JSON	2025-04-29T07:02:28.7888964Z </html>
job-design	Generar HTML de secciones seg√∫n JSON	2025-04-29T07:02:28.7889223Z LIST_TEMPLATE despu√©s de reemplazo: <!DOCTYPE html>
job-design	Generar HTML de secciones seg√∫n JSON	2025-04-29T07:02:28.7889482Z <html lang="es">
job-design	Generar HTML de secciones seg√∫n JSON	2025-04-29T07:02:28.7889682Z <head>
job-design	Generar HTML de secciones seg√∫n JSON	2025-04-29T07:02:28.7889888Z     <meta charset="UTF-8">
job-design	Generar HTML de secciones seg√∫n JSON	2025-04-29T07:02:28.7890269Z     <meta name="viewport" content="width=device-width, initial-scale=1.0">
job-design	Generar HTML de secciones seg√∫n JSON	2025-04-29T07:02:28.7890614Z     <title>Ka0s - Lista de Workflows</title>
job-design	Generar HTML de secciones seg√∫n JSON	2025-04-29T07:02:28.7891032Z     <script src="https://cdn.tailwindcss.com"></script>
job-design	Generar HTML de secciones seg√∫n JSON	2025-04-29T07:02:28.7891399Z </head>
job-design	Generar HTML de secciones seg√∫n JSON	2025-04-29T07:02:28.7891639Z <body class="bg-gray-50">
job-design	Generar HTML de secciones seg√∫n JSON	2025-04-29T07:02:28.7891956Z     <div class="container mx-auto px-4 py-8">
job-design	Generar HTML de secciones seg√∫n JSON	2025-04-29T07:02:28.7892348Z         <header class="py-3 mb-4 border-b border-gray-200">
job-design	Generar HTML de secciones seg√∫n JSON	2025-04-29T07:02:28.7892699Z             <div class="flex items-center">
job-design	Generar HTML de secciones seg√∫n JSON	2025-04-29T07:02:28.7893167Z                 <h1 class="text-xl font-semibold text-gray-800">Lista de Workflows</h1>
job-design	Generar HTML de secciones seg√∫n JSON	2025-04-29T07:02:28.7893468Z             </div>
job-design	Generar HTML de secciones seg√∫n JSON	2025-04-29T07:02:28.7893670Z         </header>
job-design	Generar HTML de secciones seg√∫n JSON	2025-04-29T07:02:28.7893789Z 
job-design	Generar HTML de secciones seg√∫n JSON	2025-04-29T07:02:28.7893892Z         <div class="my-6">
job-design	Generar HTML de secciones seg√∫n JSON	2025-04-29T07:02:28.7894165Z             <div class="bg-gray-100 p-3 rounded-md mb-3">
job-design	Generar HTML de secciones seg√∫n JSON	2025-04-29T07:02:28.7894482Z                 <div id="data-headers" class="grid grid-cols-12 gap-4">
job-design	Generar HTML de secciones seg√∫n JSON	2025-04-29T07:02:28.7894898Z                     <!-- Los encabezados se generar√°n din√°micamente basados en el JSON -->
job-design	Generar HTML de secciones seg√∫n JSON	2025-04-29T07:02:28.7895209Z                 </div>
job-design	Generar HTML de secciones seg√∫n JSON	2025-04-29T07:02:28.7895418Z             </div>
job-design	Generar HTML de secciones seg√∫n JSON	2025-04-29T07:02:28.7895792Z             <div id="data-list" data-source="core/results/webs/dashboard/data/kaos-workflows-available.json">
job-design	Generar HTML de secciones seg√∫n JSON	2025-04-29T07:02:28.7896247Z                 <!-- Los elementos de datos se cargar√°n din√°micamente -->
job-design	Generar HTML de secciones seg√∫n JSON	2025-04-29T07:02:28.7896547Z                 <div class="text-center py-10">
job-design	Generar HTML de secciones seg√∫n JSON	2025-04-29T07:02:28.7896959Z                     <div class="inline-block animate-spin rounded-full h-8 w-8 border-t-2 border-b-2 border-blue-500"></div>
job-design	Generar HTML de secciones seg√∫n JSON	2025-04-29T07:02:28.7897368Z                     <p class="mt-2 text-gray-600">Cargando datos...</p>
job-design	Generar HTML de secciones seg√∫n JSON	2025-04-29T07:02:28.7897631Z                 </div>
job-design	Generar HTML de secciones seg√∫n JSON	2025-04-29T07:02:28.7897831Z             </div>
job-design	Generar HTML de secciones seg√∫n JSON	2025-04-29T07:02:28.7898026Z         </div>
job-design	Generar HTML de secciones seg√∫n JSON	2025-04-29T07:02:28.7898137Z 
job-design	Generar HTML de secciones seg√∫n JSON	2025-04-29T07:02:28.7898319Z         <div id="pagination" class="flex justify-center my-6">
job-design	Generar HTML de secciones seg√∫n JSON	2025-04-29T07:02:28.7898666Z             <!-- La paginaci√≥n se generar√° din√°micamente -->
job-design	Generar HTML de secciones seg√∫n JSON	2025-04-29T07:02:28.7898914Z         </div>
job-design	Generar HTML de secciones seg√∫n JSON	2025-04-29T07:02:28.7899109Z     </div>
job-design	Generar HTML de secciones seg√∫n JSON	2025-04-29T07:02:28.7899213Z 
job-design	Generar HTML de secciones seg√∫n JSON	2025-04-29T07:02:28.7899459Z     <script src="https://cdn.jsdelivr.net/npm/bootstrap@5.2.3/dist/js/bootstrap.bundle.min.js"></script>
job-design	Generar HTML de secciones seg√∫n JSON	2025-04-29T07:02:28.7899836Z     <script src="../js/data-list.js"></script>
job-design	Generar HTML de secciones seg√∫n JSON	2025-04-29T07:02:28.7900128Z     <script>
job-design	Generar HTML de secciones seg√∫n JSON	2025-04-29T07:02:28.7900469Z         // Inicializar la lista con la fuente de datos
job-design	Generar HTML de secciones seg√∫n JSON	2025-04-29T07:02:28.7901002Z         document.addEventListener('DOMContentLoaded', function() {
job-design	Generar HTML de secciones seg√∫n JSON	2025-04-29T07:02:28.7901557Z             // El script data-list.js deber√≠a buscar este atributo para cargar los datos
job-design	Generar HTML de secciones seg√∫n JSON	2025-04-29T07:02:28.7902046Z             const dataSource = document.getElementById('data-list').getAttribute('data-source');
job-design	Generar HTML de secciones seg√∫n JSON	2025-04-29T07:02:28.7902508Z             // Aqu√≠ ir√≠a la l√≥gica para cargar los datos desde la fuente especificada
job-design	Generar HTML de secciones seg√∫n JSON	2025-04-29T07:02:28.7902883Z         });
job-design	Generar HTML de secciones seg√∫n JSON	2025-04-29T07:02:28.7903078Z     </script>
job-design	Generar HTML de secciones seg√∫n JSON	2025-04-29T07:02:28.7903272Z </body>
job-design	Generar HTML de secciones seg√∫n JSON	2025-04-29T07:02:28.7903445Z </html>
job-design	Generar HTML de secciones seg√∫n JSON	2025-04-29T07:02:28.7916949Z A√±adido componente de lista a la secci√≥n
job-design	Generar HTML de secciones seg√∫n JSON	2025-04-29T07:02:28.8251201Z Generado core/results/webs/dashboard/structure/section2workflows/section2workflows.html
job-design	Generar HTML de secciones seg√∫n JSON	2025-04-29T07:02:28.8324390Z Procesando core/config/webs/section3issues.json para core/results/webs/dashboard/structure/section3issues/section3issues.html
job-design	Generar HTML de secciones seg√∫n JSON	2025-04-29T07:02:28.8423485Z Encontrado placeholder para lista de secci√≥n, procesando...
job-design	Generar HTML de secciones seg√∫n JSON	2025-04-29T07:02:28.8476895Z LIST_TEMPLATE_JSON: {"type":"list","title":"Issues Abiertos","dataSource":"core/results/webs/dashboard/data/kaos-issue.json"}
job-design	Generar HTML de secciones seg√∫n JSON	2025-04-29T07:02:28.8506972Z LIST_TITLE: Issues Abiertos
job-design	Generar HTML de secciones seg√∫n JSON	2025-04-29T07:02:28.8533140Z LIST_DATA_SOURCE: core/results/webs/dashboard/data/kaos-issue.json
job-design	Generar HTML de secciones seg√∫n JSON	2025-04-29T07:02:28.8542736Z LIST_TEMPLATE: <!DOCTYPE html>
job-design	Generar HTML de secciones seg√∫n JSON	2025-04-29T07:02:28.8543453Z <html lang="es">
job-design	Generar HTML de secciones seg√∫n JSON	2025-04-29T07:02:28.8543989Z <head>
job-design	Generar HTML de secciones seg√∫n JSON	2025-04-29T07:02:28.8544334Z     <meta charset="UTF-8">
job-design	Generar HTML de secciones seg√∫n JSON	2025-04-29T07:02:28.8544790Z     <meta name="viewport" content="width=device-width, initial-scale=1.0">
job-design	Generar HTML de secciones seg√∫n JSON	2025-04-29T07:02:28.8545297Z     <title>Ka0s - {{TEMPLATE_TITLE}}</title>
job-design	Generar HTML de secciones seg√∫n JSON	2025-04-29T07:02:28.8545741Z     <script src="https://cdn.tailwindcss.com"></script>
job-design	Generar HTML de secciones seg√∫n JSON	2025-04-29T07:02:28.8546107Z </head>
job-design	Generar HTML de secciones seg√∫n JSON	2025-04-29T07:02:28.8546398Z <body class="bg-gray-50">
job-design	Generar HTML de secciones seg√∫n JSON	2025-04-29T07:02:28.8546768Z     <div class="container mx-auto px-4 py-8">
job-design	Generar HTML de secciones seg√∫n JSON	2025-04-29T07:02:28.8547514Z         <header class="py-3 mb-4 border-b border-gray-200">
job-design	Generar HTML de secciones seg√∫n JSON	2025-04-29T07:02:28.8547938Z             <div class="flex items-center">
job-design	Generar HTML de secciones seg√∫n JSON	2025-04-29T07:02:28.8548428Z                 <h1 class="text-xl font-semibold text-gray-800">{{TEMPLATE_TITLE}}</h1>
job-design	Generar HTML de secciones seg√∫n JSON	2025-04-29T07:02:28.8548861Z             </div>
job-design	Generar HTML de secciones seg√∫n JSON	2025-04-29T07:02:28.8549107Z         </header>
job-design	Generar HTML de secciones seg√∫n JSON	2025-04-29T07:02:28.8549250Z 
job-design	Generar HTML de secciones seg√∫n JSON	2025-04-29T07:02:28.8549372Z         <div class="my-6">
job-design	Generar HTML de secciones seg√∫n JSON	2025-04-29T07:02:28.8549699Z             <div class="bg-gray-100 p-3 rounded-md mb-3">
job-design	Generar HTML de secciones seg√∫n JSON	2025-04-29T07:02:28.8550195Z                 <div id="data-headers" class="grid grid-cols-12 gap-4">
job-design	Generar HTML de secciones seg√∫n JSON	2025-04-29T07:02:28.8550913Z                     <!-- Los encabezados se generar√°n din√°micamente basados en el JSON -->
job-design	Generar HTML de secciones seg√∫n JSON	2025-04-29T07:02:28.8551333Z                 </div>
job-design	Generar HTML de secciones seg√∫n JSON	2025-04-29T07:02:28.8551634Z             </div>
job-design	Generar HTML de secciones seg√∫n JSON	2025-04-29T07:02:28.8551926Z             <div id="data-list" data-source="{{DATA_SOURCE}}">
job-design	Generar HTML de secciones seg√∫n JSON	2025-04-29T07:02:28.8552350Z                 <!-- Los elementos de datos se cargar√°n din√°micamente -->
job-design	Generar HTML de secciones seg√∫n JSON	2025-04-29T07:02:28.8552739Z                 <div class="text-center py-10">
job-design	Generar HTML de secciones seg√∫n JSON	2025-04-29T07:02:28.8553273Z                     <div class="inline-block animate-spin rounded-full h-8 w-8 border-t-2 border-b-2 border-blue-500"></div>
job-design	Generar HTML de secciones seg√∫n JSON	2025-04-29T07:02:28.8553755Z                     <p class="mt-2 text-gray-600">Cargando datos...</p>
job-design	Generar HTML de secciones seg√∫n JSON	2025-04-29T07:02:28.8554071Z                 </div>
job-design	Generar HTML de secciones seg√∫n JSON	2025-04-29T07:02:28.8554311Z             </div>
job-design	Generar HTML de secciones seg√∫n JSON	2025-04-29T07:02:28.8554580Z         </div>
job-design	Generar HTML de secciones seg√∫n JSON	2025-04-29T07:02:28.8554711Z 
job-design	Generar HTML de secciones seg√∫n JSON	2025-04-29T07:02:28.8554889Z         <div id="pagination" class="flex justify-center my-6">
job-design	Generar HTML de secciones seg√∫n JSON	2025-04-29T07:02:28.8555297Z             <!-- La paginaci√≥n se generar√° din√°micamente -->
job-design	Generar HTML de secciones seg√∫n JSON	2025-04-29T07:02:28.8555593Z         </div>
job-design	Generar HTML de secciones seg√∫n JSON	2025-04-29T07:02:28.8555821Z     </div>
job-design	Generar HTML de secciones seg√∫n JSON	2025-04-29T07:02:28.8555945Z 
job-design	Generar HTML de secciones seg√∫n JSON	2025-04-29T07:02:28.8556245Z     <script src="https://cdn.jsdelivr.net/npm/bootstrap@5.2.3/dist/js/bootstrap.bundle.min.js"></script>
job-design	Generar HTML de secciones seg√∫n JSON	2025-04-29T07:02:28.8556697Z     <script src="../js/data-list.js"></script>
job-design	Generar HTML de secciones seg√∫n JSON	2025-04-29T07:02:28.8557020Z     <script>
job-design	Generar HTML de secciones seg√∫n JSON	2025-04-29T07:02:28.8557298Z         // Inicializar la lista con la fuente de datos
job-design	Generar HTML de secciones seg√∫n JSON	2025-04-29T07:02:28.8557687Z         document.addEventListener('DOMContentLoaded', function() {
job-design	Generar HTML de secciones seg√∫n JSON	2025-04-29T07:02:28.8558180Z             // El script data-list.js deber√≠a buscar este atributo para cargar los datos
job-design	Generar HTML de secciones seg√∫n JSON	2025-04-29T07:02:28.8558689Z             const dataSource = document.getElementById('data-list').getAttribute('data-source');
job-design	Generar HTML de secciones seg√∫n JSON	2025-04-29T07:02:28.8559355Z             // Aqu√≠ ir√≠a la l√≥gica para cargar los datos desde la fuente especificada
job-design	Generar HTML de secciones seg√∫n JSON	2025-04-29T07:02:28.8559694Z         });
job-design	Generar HTML de secciones seg√∫n JSON	2025-04-29T07:02:28.8560006Z     </script>
job-design	Generar HTML de secciones seg√∫n JSON	2025-04-29T07:02:28.8560253Z </body>
job-design	Generar HTML de secciones seg√∫n JSON	2025-04-29T07:02:28.8560481Z </html>
job-design	Generar HTML de secciones seg√∫n JSON	2025-04-29T07:02:28.8560832Z LIST_TEMPLATE despu√©s de reemplazo: <!DOCTYPE html>
job-design	Generar HTML de secciones seg√∫n JSON	2025-04-29T07:02:28.8561192Z <html lang="es">
job-design	Generar HTML de secciones seg√∫n JSON	2025-04-29T07:02:28.8561435Z <head>
job-design	Generar HTML de secciones seg√∫n JSON	2025-04-29T07:02:28.8561687Z     <meta charset="UTF-8">
job-design	Generar HTML de secciones seg√∫n JSON	2025-04-29T07:02:28.8562102Z     <meta name="viewport" content="width=device-width, initial-scale=1.0">
job-design	Generar HTML de secciones seg√∫n JSON	2025-04-29T07:02:28.8562544Z     <title>Ka0s - Issues Abiertos</title>
job-design	Generar HTML de secciones seg√∫n JSON	2025-04-29T07:02:28.8562834Z     <script src="https://cdn.tailwindcss.com"></script>
job-design	Generar HTML de secciones seg√∫n JSON	2025-04-29T07:02:28.8563092Z </head>
job-design	Generar HTML de secciones seg√∫n JSON	2025-04-29T07:02:28.8563294Z <body class="bg-gray-50">
job-design	Generar HTML de secciones seg√∫n JSON	2025-04-29T07:02:28.8563547Z     <div class="container mx-auto px-4 py-8">
job-design	Generar HTML de secciones seg√∫n JSON	2025-04-29T07:02:28.8563849Z         <header class="py-3 mb-4 border-b border-gray-200">
job-design	Generar HTML de secciones seg√∫n JSON	2025-04-29T07:02:28.8564167Z             <div class="flex items-center">
job-design	Generar HTML de secciones seg√∫n JSON	2025-04-29T07:02:28.8564481Z                 <h1 class="text-xl font-semibold text-gray-800">Issues Abiertos</h1>
job-design	Generar HTML de secciones seg√∫n JSON	2025-04-29T07:02:28.8564770Z             </div>
job-design	Generar HTML de secciones seg√∫n JSON	2025-04-29T07:02:28.8564971Z         </header>
job-design	Generar HTML de secciones seg√∫n JSON	2025-04-29T07:02:28.8565086Z 
job-design	Generar HTML de secciones seg√∫n JSON	2025-04-29T07:02:28.8565187Z         <div class="my-6">
job-design	Generar HTML de secciones seg√∫n JSON	2025-04-29T07:02:28.8565588Z             <div class="bg-gray-100 p-3 rounded-md mb-3">
job-design	Generar HTML de secciones seg√∫n JSON	2025-04-29T07:02:28.8565955Z                 <div id="data-headers" class="grid grid-cols-12 gap-4">
job-design	Generar HTML de secciones seg√∫n JSON	2025-04-29T07:02:28.8566492Z                     <!-- Los encabezados se generar√°n din√°micamente basados en el JSON -->
job-design	Generar HTML de secciones seg√∫n JSON	2025-04-29T07:02:28.8566846Z                 </div>
job-design	Generar HTML de secciones seg√∫n JSON	2025-04-29T07:02:28.8567089Z             </div>
job-design	Generar HTML de secciones seg√∫n JSON	2025-04-29T07:02:28.8567456Z             <div id="data-list" data-source="core/results/webs/dashboard/data/kaos-issue.json">
job-design	Generar HTML de secciones seg√∫n JSON	2025-04-29T07:02:28.8567946Z                 <!-- Los elementos de datos se cargar√°n din√°micamente -->
job-design	Generar HTML de secciones seg√∫n JSON	2025-04-29T07:02:28.8568321Z                 <div class="text-center py-10">
job-design	Generar HTML de secciones seg√∫n JSON	2025-04-29T07:02:28.8568796Z                     <div class="inline-block animate-spin rounded-full h-8 w-8 border-t-2 border-b-2 border-blue-500"></div>
job-design	Generar HTML de secciones seg√∫n JSON	2025-04-29T07:02:28.8569272Z                     <p class="mt-2 text-gray-600">Cargando datos...</p>
job-design	Generar HTML de secciones seg√∫n JSON	2025-04-29T07:02:28.8569586Z                 </div>
job-design	Generar HTML de secciones seg√∫n JSON	2025-04-29T07:02:28.8569827Z             </div>
job-design	Generar HTML de secciones seg√∫n JSON	2025-04-29T07:02:28.8570169Z         </div>
job-design	Generar HTML de secciones seg√∫n JSON	2025-04-29T07:02:28.8570312Z 
job-design	Generar HTML de secciones seg√∫n JSON	2025-04-29T07:02:28.8570533Z         <div id="pagination" class="flex justify-center my-6">
job-design	Generar HTML de secciones seg√∫n JSON	2025-04-29T07:02:28.8571074Z             <!-- La paginaci√≥n se generar√° din√°micamente -->
job-design	Generar HTML de secciones seg√∫n JSON	2025-04-29T07:02:28.8571376Z         </div>
job-design	Generar HTML de secciones seg√∫n JSON	2025-04-29T07:02:28.8571614Z     </div>
job-design	Generar HTML de secciones seg√∫n JSON	2025-04-29T07:02:28.8571740Z 
job-design	Generar HTML de secciones seg√∫n JSON	2025-04-29T07:02:28.8572010Z     <script src="https://cdn.jsdelivr.net/npm/bootstrap@5.2.3/dist/js/bootstrap.bundle.min.js"></script>
job-design	Generar HTML de secciones seg√∫n JSON	2025-04-29T07:02:28.8572394Z     <script src="../js/data-list.js"></script>
job-design	Generar HTML de secciones seg√∫n JSON	2025-04-29T07:02:28.8572666Z     <script>
job-design	Generar HTML de secciones seg√∫n JSON	2025-04-29T07:02:28.8572898Z         // Inicializar la lista con la fuente de datos
job-design	Generar HTML de secciones seg√∫n JSON	2025-04-29T07:02:28.8573386Z         document.addEventListener('DOMContentLoaded', function() {
job-design	Generar HTML de secciones seg√∫n JSON	2025-04-29T07:02:28.8573848Z             // El script data-list.js deber√≠a buscar este atributo para cargar los datos
job-design	Generar HTML de secciones seg√∫n JSON	2025-04-29T07:02:28.8574341Z             const dataSource = document.getElementById('data-list').getAttribute('data-source');
job-design	Generar HTML de secciones seg√∫n JSON	2025-04-29T07:02:28.8574823Z             // Aqu√≠ ir√≠a la l√≥gica para cargar los datos desde la fuente especificada
job-design	Generar HTML de secciones seg√∫n JSON	2025-04-29T07:02:28.8575222Z         });
job-design	Generar HTML de secciones seg√∫n JSON	2025-04-29T07:02:28.8630078Z     </script>
job-design	Generar HTML de secciones seg√∫n JSON	2025-04-29T07:02:28.8630696Z </body>
job-design	Generar HTML de secciones seg√∫n JSON	2025-04-29T07:02:28.8630980Z </html>
job-design	Generar HTML de secciones seg√∫n JSON	2025-04-29T07:02:28.8632227Z A√±adido componente de lista a la secci√≥n
job-design	Generar HTML de secciones seg√∫n JSON	2025-04-29T07:02:28.8930677Z Generado core/results/webs/dashboard/structure/section3issues/section3issues.html
job-design	Generar HTML de secciones seg√∫n JSON	2025-04-29T07:02:28.9031124Z ##[error]Process completed with exit code 1.
job-design	Post Checkout repository	Ôªø2025-04-29T07:02:28.9101189Z Post job cleanup.
job-design	Post Checkout repository	2025-04-29T07:02:28.9569450Z [command]/usr/bin/git version
job-design	Post Checkout repository	2025-04-29T07:02:28.9595221Z git version 2.43.0
job-design	Post Checkout repository	2025-04-29T07:02:28.9619943Z Copying '/home/kaos/.gitconfig' to '/actions-runner/_work/_temp/e0a88c71-a4ca-4dbb-8299-bff7590e3c37/.gitconfig'
job-design	Post Checkout repository	2025-04-29T07:02:28.9632604Z Temporarily overriding HOME='/actions-runner/_work/_temp/e0a88c71-a4ca-4dbb-8299-bff7590e3c37' before making global git config changes
job-design	Post Checkout repository	2025-04-29T07:02:28.9633817Z Adding repository directory to the temporary git global config as a safe directory
job-design	Post Checkout repository	2025-04-29T07:02:28.9634685Z [command]/usr/bin/git config --global --add safe.directory /actions-runner/_work/ka0s/ka0s
job-design	Post Checkout repository	2025-04-29T07:02:28.9657581Z [command]/usr/bin/git config --local --name-only --get-regexp core\.sshCommand
job-design	Post Checkout repository	2025-04-29T07:02:28.9680230Z [command]/usr/bin/git submodule foreach --recursive sh -c "git config --local --name-only --get-regexp 'core\.sshCommand' && git config --local --unset-all 'core.sshCommand' || :"
job-design	Post Checkout repository	2025-04-29T07:02:28.9923197Z [command]/usr/bin/git config --local --name-only --get-regexp http\.https\:\/\/github\.com\/\.extraheader
job-design	Post Checkout repository	2025-04-29T07:02:28.9940316Z http.https://github.com/.extraheader
job-design	Post Checkout repository	2025-04-29T07:02:28.9948795Z [command]/usr/bin/git config --local --unset-all http.https://github.com/.extraheader
job-design	Post Checkout repository	2025-04-29T07:02:28.9977849Z [command]/usr/bin/git submodule foreach --recursive sh -c "git config --local --name-only --get-regexp 'http\.https\:\/\/github\.com\/\.extraheader' && git config --local --unset-all 'http.https://github.com/.extraheader' || :"
job-design	Complete job	Ôªø2025-04-29T07:02:29.0312793Z Cleaning up orphan processes
handle_failure	Set up job	Ôªø2025-04-29T07:02:34.9267299Z Current runner version: '2.323.0'
handle_failure	Set up job	2025-04-29T07:02:34.9271330Z Runner name: 'ka0s-7'
handle_failure	Set up job	2025-04-29T07:02:34.9271897Z Machine name: '26a53205c9ac'
handle_failure	Set up job	2025-04-29T07:02:34.9273326Z ##[group]GITHUB_TOKEN Permissions
handle_failure	Set up job	2025-04-29T07:02:34.9274687Z Contents: read
handle_failure	Set up job	2025-04-29T07:02:34.9274986Z Metadata: read
handle_failure	Set up job	2025-04-29T07:02:34.9275271Z Packages: read
handle_failure	Set up job	2025-04-29T07:02:34.9275555Z ##[endgroup]
handle_failure	Set up job	2025-04-29T07:02:34.9276883Z Secret source: Actions
handle_failure	Set up job	2025-04-29T07:02:34.9277260Z Prepare workflow directory
handle_failure	Set up job	2025-04-29T07:02:34.9671796Z Prepare all required actions
handle_failure	Set up job	2025-04-29T07:02:34.9698157Z Getting action download info
handle_failure	Set up job	2025-04-29T07:02:35.5090504Z Download action repository 'actions/checkout@v4' (SHA:11bd71901bbe5b1630ceea73d27597364c9af683)
handle_failure	Set up job	2025-04-29T07:02:36.3124027Z Complete job name: handle_failure
handle_failure	Checkout code	Ôªø2025-04-29T07:02:36.3412169Z ##[group]Run actions/checkout@v4
handle_failure	Checkout code	2025-04-29T07:02:36.3412659Z with:
handle_failure	Checkout code	2025-04-29T07:02:36.3412920Z   fetch-depth: 0
handle_failure	Checkout code	2025-04-29T07:02:36.3413322Z   token: ***
handle_failure	Checkout code	2025-04-29T07:02:36.3413590Z   repository: Ka0s-Klaus/ka0s
handle_failure	Checkout code	2025-04-29T07:02:36.3413928Z   ssh-strict: true
handle_failure	Checkout code	2025-04-29T07:02:36.3414193Z   ssh-user: git
handle_failure	Checkout code	2025-04-29T07:02:36.3414469Z   persist-credentials: true
handle_failure	Checkout code	2025-04-29T07:02:36.3414768Z   clean: true
handle_failure	Checkout code	2025-04-29T07:02:36.3415041Z   sparse-checkout-cone-mode: true
handle_failure	Checkout code	2025-04-29T07:02:36.3415363Z   fetch-tags: false
handle_failure	Checkout code	2025-04-29T07:02:36.3415634Z   show-progress: true
handle_failure	Checkout code	2025-04-29T07:02:36.3415904Z   lfs: false
handle_failure	Checkout code	2025-04-29T07:02:36.3416158Z   submodules: false
handle_failure	Checkout code	2025-04-29T07:02:36.3416433Z   set-safe-directory: true
handle_failure	Checkout code	2025-04-29T07:02:36.3416812Z env:
handle_failure	Checkout code	2025-04-29T07:02:36.3417052Z   KAOS_CODE: 14725271560
handle_failure	Checkout code	2025-04-29T07:02:36.3417353Z   KAOS_EVENT_NAME: workflow_dispatch
handle_failure	Checkout code	2025-04-29T07:02:36.3417676Z   KAOS_ACTION: 
handle_failure	Checkout code	2025-04-29T07:02:36.3417944Z   KAOS_REF: refs/heads/main
handle_failure	Checkout code	2025-04-29T07:02:36.3418258Z   KAOS_MODULE: [Ka0S] Deploy Web Structure
handle_failure	Checkout code	2025-04-29T07:02:36.3418644Z   KAOS_JSON_WEB: core/config/webs/webs.json
handle_failure	Checkout code	2025-04-29T07:02:36.3419005Z   KAOS_JSON_RESUME: core/outputs/webs/
handle_failure	Checkout code	2025-04-29T07:02:36.3419355Z   KAOS_JSON_DATA: core/web/data/data.json
handle_failure	Checkout code	2025-04-29T07:02:36.3419719Z   KAOS_WEB_STRUCTURE: core/results/webs/
handle_failure	Checkout code	2025-04-29T07:02:36.3420107Z   KAOS_ACTOR: jorgecg646
handle_failure	Checkout code	2025-04-29T07:02:36.3420389Z ##[endgroup]
handle_failure	Checkout code	2025-04-29T07:02:36.4118669Z Syncing repository: Ka0s-Klaus/ka0s
handle_failure	Checkout code	2025-04-29T07:02:36.4119939Z ##[group]Getting Git version info
handle_failure	Checkout code	2025-04-29T07:02:36.4120413Z Working directory is '/actions-runner/_work/ka0s/ka0s'
handle_failure	Checkout code	2025-04-29T07:02:36.4121066Z [command]/usr/bin/git version
handle_failure	Checkout code	2025-04-29T07:02:36.4126543Z git version 2.43.0
handle_failure	Checkout code	2025-04-29T07:02:36.4151020Z ##[endgroup]
handle_failure	Checkout code	2025-04-29T07:02:36.4162312Z Copying '/home/kaos/.gitconfig' to '/actions-runner/_work/_temp/60e0f76c-7a60-48e1-af64-ad049f9bc303/.gitconfig'
handle_failure	Checkout code	2025-04-29T07:02:36.4175057Z Temporarily overriding HOME='/actions-runner/_work/_temp/60e0f76c-7a60-48e1-af64-ad049f9bc303' before making global git config changes
handle_failure	Checkout code	2025-04-29T07:02:36.4176797Z Adding repository directory to the temporary git global config as a safe directory
handle_failure	Checkout code	2025-04-29T07:02:36.4178153Z [command]/usr/bin/git config --global --add safe.directory /actions-runner/_work/ka0s/ka0s
handle_failure	Checkout code	2025-04-29T07:02:36.4212531Z [command]/usr/bin/git config --local --get remote.origin.url
handle_failure	Checkout code	2025-04-29T07:02:36.4232313Z https://github.com/Ka0s-Klaus/ka0s
handle_failure	Checkout code	2025-04-29T07:02:36.4250520Z ##[group]Removing previously created refs, to avoid conflicts
handle_failure	Checkout code	2025-04-29T07:02:36.4255752Z [command]/usr/bin/git rev-parse --symbolic-full-name --verify --quiet HEAD
handle_failure	Checkout code	2025-04-29T07:02:36.4276515Z refs/heads/main
handle_failure	Checkout code	2025-04-29T07:02:36.4288311Z [command]/usr/bin/git checkout --detach
handle_failure	Checkout code	2025-04-29T07:02:36.4391891Z HEAD is now at 0b7c0ccd [Ka0S] Uploading data files to web structure...
handle_failure	Checkout code	2025-04-29T07:02:36.4438508Z [command]/usr/bin/git branch --delete --force main
handle_failure	Checkout code	2025-04-29T07:02:36.4471841Z Deleted branch main (was 0b7c0ccd).
handle_failure	Checkout code	2025-04-29T07:02:36.4529253Z ##[endgroup]
handle_failure	Checkout code	2025-04-29T07:02:36.4532952Z [command]/usr/bin/git submodule status
handle_failure	Checkout code	2025-04-29T07:02:36.4784615Z ##[group]Cleaning the repository
handle_failure	Checkout code	2025-04-29T07:02:36.4793454Z [command]/usr/bin/git clean -ffdx
handle_failure	Checkout code	2025-04-29T07:02:36.4829378Z Removing core/results/webs/14725276558-ftp-deploy-sync-state.json
handle_failure	Checkout code	2025-04-29T07:02:36.4836857Z [command]/usr/bin/git reset --hard HEAD
handle_failure	Checkout code	2025-04-29T07:02:36.4987409Z HEAD is now at 0b7c0ccd [Ka0S] Uploading data files to web structure...
handle_failure	Checkout code	2025-04-29T07:02:36.4989557Z ##[endgroup]
handle_failure	Checkout code	2025-04-29T07:02:36.4990618Z ##[group]Disabling automatic garbage collection
handle_failure	Checkout code	2025-04-29T07:02:36.4995956Z [command]/usr/bin/git config --local gc.auto 0
handle_failure	Checkout code	2025-04-29T07:02:36.5023478Z ##[endgroup]
handle_failure	Checkout code	2025-04-29T07:02:36.5024354Z ##[group]Setting up auth
handle_failure	Checkout code	2025-04-29T07:02:36.5033171Z [command]/usr/bin/git config --local --name-only --get-regexp core\.sshCommand
handle_failure	Checkout code	2025-04-29T07:02:36.5057654Z [command]/usr/bin/git submodule foreach --recursive sh -c "git config --local --name-only --get-regexp 'core\.sshCommand' && git config --local --unset-all 'core.sshCommand' || :"
handle_failure	Checkout code	2025-04-29T07:02:36.5308465Z [command]/usr/bin/git config --local --name-only --get-regexp http\.https\:\/\/github\.com\/\.extraheader
handle_failure	Checkout code	2025-04-29T07:02:36.5334621Z [command]/usr/bin/git submodule foreach --recursive sh -c "git config --local --name-only --get-regexp 'http\.https\:\/\/github\.com\/\.extraheader' && git config --local --unset-all 'http.https://github.com/.extraheader' || :"
handle_failure	Checkout code	2025-04-29T07:02:36.5588115Z [command]/usr/bin/git config --local http.https://github.com/.extraheader AUTHORIZATION: basic ***
handle_failure	Checkout code	2025-04-29T07:02:36.5623118Z ##[endgroup]
handle_failure	Checkout code	2025-04-29T07:02:36.5624116Z ##[group]Fetching the repository
handle_failure	Checkout code	2025-04-29T07:02:36.5626532Z [command]/usr/bin/git -c protocol.version=2 fetch --prune --no-recurse-submodules origin +refs/heads/*:refs/remotes/origin/* +refs/tags/*:refs/tags/*
handle_failure	Checkout code	2025-04-29T07:02:37.0959305Z [command]/usr/bin/git branch --list --remote origin/main
handle_failure	Checkout code	2025-04-29T07:02:37.0993126Z   origin/main
handle_failure	Checkout code	2025-04-29T07:02:37.0999037Z [command]/usr/bin/git rev-parse refs/remotes/origin/main
handle_failure	Checkout code	2025-04-29T07:02:37.1018037Z 0b7c0ccd939b3242c7d6c8c9270e14676217165c
handle_failure	Checkout code	2025-04-29T07:02:37.1028827Z [command]/usr/bin/git -c protocol.version=2 fetch --no-tags --prune --no-recurse-submodules origin +1bb35c90ff907ddd8415c785ecb0e8761872d1f6:refs/remotes/origin/main
handle_failure	Checkout code	2025-04-29T07:02:37.1130199Z From https://github.com/Ka0s-Klaus/ka0s
handle_failure	Checkout code	2025-04-29T07:02:37.1148836Z  + 0b7c0ccd...1bb35c90 1bb35c90ff907ddd8415c785ecb0e8761872d1f6 -> origin/main  (forced update)
handle_failure	Checkout code	2025-04-29T07:02:37.1152480Z ##[endgroup]
handle_failure	Checkout code	2025-04-29T07:02:37.1153109Z ##[group]Determining the checkout info
handle_failure	Checkout code	2025-04-29T07:02:37.1153760Z ##[endgroup]
handle_failure	Checkout code	2025-04-29T07:02:37.1156744Z [command]/usr/bin/git sparse-checkout disable
handle_failure	Checkout code	2025-04-29T07:02:37.1225504Z [command]/usr/bin/git config --local --unset-all extensions.worktreeConfig
handle_failure	Checkout code	2025-04-29T07:02:37.1255200Z ##[group]Checking out the ref
handle_failure	Checkout code	2025-04-29T07:02:37.1259396Z [command]/usr/bin/git checkout --progress --force -B main refs/remotes/origin/main
handle_failure	Checkout code	2025-04-29T07:02:37.1433322Z Warning: you are leaving 2 commits behind, not connected to
handle_failure	Checkout code	2025-04-29T07:02:37.1434860Z any of your branches:
handle_failure	Checkout code	2025-04-29T07:02:37.1435300Z 
handle_failure	Checkout code	2025-04-29T07:02:37.1435755Z   0b7c0ccd [Ka0S] Uploading data files to web structure...
handle_failure	Checkout code	2025-04-29T07:02:37.1437044Z   d90936ee [Ka0S] Uploading resume execution files and web structure to the repository...
handle_failure	Checkout code	2025-04-29T07:02:37.1437902Z 
handle_failure	Checkout code	2025-04-29T07:02:37.1438391Z If you want to keep them by creating a new branch, this may be a good time
handle_failure	Checkout code	2025-04-29T07:02:37.1439342Z to do so with:
handle_failure	Checkout code	2025-04-29T07:02:37.1439722Z 
handle_failure	Checkout code	2025-04-29T07:02:37.1440140Z  git branch <new-branch-name> 0b7c0ccd
handle_failure	Checkout code	2025-04-29T07:02:37.1440802Z 
handle_failure	Checkout code	2025-04-29T07:02:37.1441199Z Switched to a new branch 'main'
handle_failure	Checkout code	2025-04-29T07:02:37.1442183Z branch 'main' set up to track 'origin/main'.
handle_failure	Checkout code	2025-04-29T07:02:37.1444560Z ##[endgroup]
handle_failure	Checkout code	2025-04-29T07:02:37.1485223Z [command]/usr/bin/git log -1 --format=%H
handle_failure	Checkout code	2025-04-29T07:02:37.1514764Z 1bb35c90ff907ddd8415c785ecb0e8761872d1f6
handle_failure	handle-failure-execution	Ôªø2025-04-29T07:02:37.1684094Z ##[group]Run echo "Error detected in process"
handle_failure	handle-failure-execution	2025-04-29T07:02:37.1684655Z [36;1mecho "Error detected in process"[0m
handle_failure	handle-failure-execution	2025-04-29T07:02:37.1685163Z [36;1m# RNNUMBER=$(echo "refs/heads/main" | grep -o '[0-9]*')[0m
handle_failure	handle-failure-execution	2025-04-29T07:02:37.1685781Z [36;1mRNNUMBER=220[0m
handle_failure	handle-failure-execution	2025-04-29T07:02:37.1686676Z [36;1mgh issue comment $RNNUMBER --body "El proceso no ha finalizado correctamente 14725271560. El resultado est√° en el fichero core/results/event_data14725271560.log"[0m
handle_failure	handle-failure-execution	2025-04-29T07:02:37.1694687Z shell: /usr/bin/bash -e {0}
handle_failure	handle-failure-execution	2025-04-29T07:02:37.1695070Z env:
handle_failure	handle-failure-execution	2025-04-29T07:02:37.1695365Z   KAOS_CODE: 14725271560
handle_failure	handle-failure-execution	2025-04-29T07:02:37.1695716Z   KAOS_EVENT_NAME: workflow_dispatch
handle_failure	handle-failure-execution	2025-04-29T07:02:37.1696093Z   KAOS_ACTION: 
handle_failure	handle-failure-execution	2025-04-29T07:02:37.1696407Z   KAOS_REF: refs/heads/main
handle_failure	handle-failure-execution	2025-04-29T07:02:37.1696778Z   KAOS_MODULE: [Ka0S] Deploy Web Structure
handle_failure	handle-failure-execution	2025-04-29T07:02:37.1697204Z   KAOS_JSON_WEB: core/config/webs/webs.json
handle_failure	handle-failure-execution	2025-04-29T07:02:37.1697625Z   KAOS_JSON_RESUME: core/outputs/webs/
handle_failure	handle-failure-execution	2025-04-29T07:02:37.1698061Z   KAOS_JSON_DATA: core/web/data/data.json
handle_failure	handle-failure-execution	2025-04-29T07:02:37.1698476Z   KAOS_WEB_STRUCTURE: core/results/webs/
handle_failure	handle-failure-execution	2025-04-29T07:02:37.1698872Z   KAOS_ACTOR: jorgecg646
handle_failure	handle-failure-execution	2025-04-29T07:02:37.1699567Z   GH_TOKEN: ***
handle_failure	handle-failure-execution	2025-04-29T07:02:37.1699879Z ##[endgroup]
handle_failure	handle-failure-execution	2025-04-29T07:02:37.1740929Z Error detected in process
handle_failure	handle-failure-execution	2025-04-29T07:02:38.4598395Z https://github.com/Ka0s-Klaus/ka0s/issues/220#issuecomment-2837708703
handle_failure	Revert changes made by workflow	Ôªø2025-04-29T07:02:38.4665604Z ##[group]Run echo "Reverting changes made by the workflow..."
handle_failure	Revert changes made by workflow	2025-04-29T07:02:38.4666054Z [36;1mecho "Reverting changes made by the workflow..."[0m
handle_failure	Revert changes made by workflow	2025-04-29T07:02:38.4666350Z [36;1m[0m
handle_failure	Revert changes made by workflow	2025-04-29T07:02:38.4666597Z [36;1m# Extract title to know which folders to remove[0m
handle_failure	Revert changes made by workflow	2025-04-29T07:02:38.4666912Z [36;1mSTRUCTURE_FILE="core/config/webs/webs.json"[0m
handle_failure	Revert changes made by workflow	2025-04-29T07:02:38.4667215Z [36;1mif [ -f "$STRUCTURE_FILE" ]; then[0m
handle_failure	Revert changes made by workflow	2025-04-29T07:02:38.4667566Z [36;1m  TITLE=$(cat $STRUCTURE_FILE | grep -o '"title": *"[^"]*"' | cut -d'"' -f4)[0m
handle_failure	Revert changes made by workflow	2025-04-29T07:02:38.4667906Z [36;1m  if [ -z "$TITLE" ]; then[0m
handle_failure	Revert changes made by workflow	2025-04-29T07:02:38.4668152Z [36;1m    TITLE="dashboard"[0m
handle_failure	Revert changes made by workflow	2025-04-29T07:02:38.4668449Z [36;1m    echo "Title not found in JSON file, using default: $TITLE"[0m
handle_failure	Revert changes made by workflow	2025-04-29T07:02:38.4668760Z [36;1m  else[0m
handle_failure	Revert changes made by workflow	2025-04-29T07:02:38.4668990Z [36;1m    echo "Reverting changes for: $TITLE"[0m
handle_failure	Revert changes made by workflow	2025-04-29T07:02:38.4669246Z [36;1m  fi[0m
handle_failure	Revert changes made by workflow	2025-04-29T07:02:38.4669444Z [36;1m  [0m
handle_failure	Revert changes made by workflow	2025-04-29T07:02:38.4669895Z [36;1m  # Remove created directories and files[0m
handle_failure	Revert changes made by workflow	2025-04-29T07:02:38.4670389Z [36;1m  if [ -d "core/results/webs/$TITLE" ]; then[0m
handle_failure	Revert changes made by workflow	2025-04-29T07:02:38.4670909Z [36;1m    echo "Removing web structure directory: core/results/webs/$TITLE"[0m
handle_failure	Revert changes made by workflow	2025-04-29T07:02:38.4671426Z [36;1m    rm -rf "core/results/webs/$TITLE"[0m
handle_failure	Revert changes made by workflow	2025-04-29T07:02:38.4671809Z [36;1m  fi[0m
handle_failure	Revert changes made by workflow	2025-04-29T07:02:38.4672081Z [36;1m  [0m
handle_failure	Revert changes made by workflow	2025-04-29T07:02:38.4672316Z [36;1m  if [ -d "core/outputs/webs/$TITLE" ]; then[0m
handle_failure	Revert changes made by workflow	2025-04-29T07:02:38.4672652Z [36;1m    echo "Removing resume directory: core/outputs/webs/$TITLE"[0m
handle_failure	Revert changes made by workflow	2025-04-29T07:02:38.4672983Z [36;1m    rm -rf "core/outputs/webs/$TITLE"[0m
handle_failure	Revert changes made by workflow	2025-04-29T07:02:38.4673233Z [36;1m  fi[0m
handle_failure	Revert changes made by workflow	2025-04-29T07:02:38.4673434Z [36;1m  [0m
handle_failure	Revert changes made by workflow	2025-04-29T07:02:38.4673639Z [36;1m  # Commit the removal[0m
handle_failure	Revert changes made by workflow	2025-04-29T07:02:38.4674127Z [36;1m  git config --global user.name "***"[0m
handle_failure	Revert changes made by workflow	2025-04-29T07:02:38.4674458Z [36;1m  git config --global user.email "***"[0m
handle_failure	Revert changes made by workflow	2025-04-29T07:02:38.4674734Z [36;1m  git pull[0m
handle_failure	Revert changes made by workflow	2025-04-29T07:02:38.4674989Z [36;1m  git add "core/results/webs/"[0m
handle_failure	Revert changes made by workflow	2025-04-29T07:02:38.4675252Z [36;1m  git add "core/outputs/webs/"[0m
handle_failure	Revert changes made by workflow	2025-04-29T07:02:38.4675494Z [36;1m  [0m
handle_failure	Revert changes made by workflow	2025-04-29T07:02:38.4675714Z [36;1m  # Check if there are changes to commit[0m
handle_failure	Revert changes made by workflow	2025-04-29T07:02:38.4676002Z [36;1m  if git diff --staged --quiet; then[0m
handle_failure	Revert changes made by workflow	2025-04-29T07:02:38.4676272Z [36;1m    echo "No changes to revert"[0m
handle_failure	Revert changes made by workflow	2025-04-29T07:02:38.4676513Z [36;1m  else[0m
handle_failure	Revert changes made by workflow	2025-04-29T07:02:38.4676786Z [36;1m    git commit -m "[Ka0S] Reverting changes due to workflow failure"[0m
handle_failure	Revert changes made by workflow	2025-04-29T07:02:38.4677119Z [36;1m    git push origin refs/heads/main[0m
handle_failure	Revert changes made by workflow	2025-04-29T07:02:38.4677395Z [36;1m    echo "Changes successfully reverted"[0m
handle_failure	Revert changes made by workflow	2025-04-29T07:02:38.4677650Z [36;1m  fi[0m
handle_failure	Revert changes made by workflow	2025-04-29T07:02:38.4678048Z [36;1melse[0m
handle_failure	Revert changes made by workflow	2025-04-29T07:02:38.4678326Z [36;1m  echo "Structure file not found, cannot determine what to revert"[0m
handle_failure	Revert changes made by workflow	2025-04-29T07:02:38.4678631Z [36;1mfi[0m
handle_failure	Revert changes made by workflow	2025-04-29T07:02:38.4685255Z shell: /usr/bin/bash -e {0}
handle_failure	Revert changes made by workflow	2025-04-29T07:02:38.4685503Z env:
handle_failure	Revert changes made by workflow	2025-04-29T07:02:38.4685709Z   KAOS_CODE: 14725271560
handle_failure	Revert changes made by workflow	2025-04-29T07:02:38.4685946Z   KAOS_EVENT_NAME: workflow_dispatch
handle_failure	Revert changes made by workflow	2025-04-29T07:02:38.4686192Z   KAOS_ACTION: 
handle_failure	Revert changes made by workflow	2025-04-29T07:02:38.4686404Z   KAOS_REF: refs/heads/main
handle_failure	Revert changes made by workflow	2025-04-29T07:02:38.4686647Z   KAOS_MODULE: [Ka0S] Deploy Web Structure
handle_failure	Revert changes made by workflow	2025-04-29T07:02:38.4686919Z   KAOS_JSON_WEB: core/config/webs/webs.json
handle_failure	Revert changes made by workflow	2025-04-29T07:02:38.4687186Z   KAOS_JSON_RESUME: core/outputs/webs/
handle_failure	Revert changes made by workflow	2025-04-29T07:02:38.4687448Z   KAOS_JSON_DATA: core/web/data/data.json
handle_failure	Revert changes made by workflow	2025-04-29T07:02:38.4687713Z   KAOS_WEB_STRUCTURE: core/results/webs/
handle_failure	Revert changes made by workflow	2025-04-29T07:02:38.4687965Z   KAOS_ACTOR: jorgecg646
handle_failure	Revert changes made by workflow	2025-04-29T07:02:38.4688183Z ##[endgroup]
handle_failure	Revert changes made by workflow	2025-04-29T07:02:38.4713547Z Reverting changes made by the workflow...
handle_failure	Revert changes made by workflow	2025-04-29T07:02:38.4735914Z Reverting changes for: dashboard
handle_failure	Revert changes made by workflow	2025-04-29T07:02:38.4736551Z Removing web structure directory: core/results/webs/dashboard
handle_failure	Revert changes made by workflow	2025-04-29T07:02:38.4749954Z Removing resume directory: core/outputs/webs/dashboard
handle_failure	Revert changes made by workflow	2025-04-29T07:02:39.0331807Z From https://github.com/Ka0s-Klaus/ka0s
handle_failure	Revert changes made by workflow	2025-04-29T07:02:39.0332610Z    1bb35c90..0b7c0ccd  main       -> origin/main
handle_failure	Revert changes made by workflow	2025-04-29T07:02:39.0577450Z Updating 1bb35c90..0b7c0ccd
handle_failure	Revert changes made by workflow	2025-04-29T07:02:39.0577890Z Fast-forward
handle_failure	Revert changes made by workflow	2025-04-29T07:02:39.0721126Z  core/outputs/webs/dashboard/dashboard_resume.json  |      5 -
handle_failure	Revert changes made by workflow	2025-04-29T07:02:39.0722066Z  core/outputs/webs/data-files-summary.json          |      2 +
handle_failure	Revert changes made by workflow	2025-04-29T07:02:39.0722669Z  core/results/webs/dashboard/data/kaos-issue.json   |  32989 ++++++
handle_failure	Revert changes made by workflow	2025-04-29T07:02:39.0722975Z  .../data/kaos-repository-global-statistics.json    |      8 +
handle_failure	Revert changes made by workflow	2025-04-29T07:02:39.0723322Z  .../dashboard/data/kaos-repository-statistics.json |     11 +
handle_failure	Revert changes made by workflow	2025-04-29T07:02:39.0723678Z  .../dashboard/data/kaos-workflows-available.json   |    104 +
handle_failure	Revert changes made by workflow	2025-04-29T07:02:39.0734402Z  .../webs/dashboard/data/kaos-workflows-runs.json   | 111662 ++++++++++++++++++
handle_failure	Revert changes made by workflow	2025-04-29T07:02:39.0736390Z  7 files changed, 144776 insertions(+), 5 deletions(-)
handle_failure	Revert changes made by workflow	2025-04-29T07:02:39.0736716Z  create mode 100644 core/results/webs/dashboard/data/kaos-issue.json
handle_failure	Revert changes made by workflow	2025-04-29T07:02:39.0737147Z  create mode 100644 core/results/webs/dashboard/data/kaos-repository-global-statistics.json
handle_failure	Revert changes made by workflow	2025-04-29T07:02:39.0737613Z  create mode 100644 core/results/webs/dashboard/data/kaos-repository-statistics.json
handle_failure	Revert changes made by workflow	2025-04-29T07:02:39.0738180Z  create mode 100644 core/results/webs/dashboard/data/kaos-workflows-available.json
handle_failure	Revert changes made by workflow	2025-04-29T07:02:39.0738593Z  create mode 100644 core/results/webs/dashboard/data/kaos-workflows-runs.json
handle_failure	Revert changes made by workflow	2025-04-29T07:02:39.1294425Z [main e56b7c62] [Ka0S] Reverting changes due to workflow failure
handle_failure	Revert changes made by workflow	2025-04-29T07:02:39.1295017Z  10 files changed, 0 insertions(+), 0 deletions(-)
handle_failure	Revert changes made by workflow	2025-04-29T07:02:39.1295480Z  delete mode 100644 core/outputs/webs/dashboard/readme.txt
handle_failure	Revert changes made by workflow	2025-04-29T07:02:39.1296044Z  delete mode 100644 core/results/webs/dashboard/custom/custom.html
handle_failure	Revert changes made by workflow	2025-04-29T07:02:39.1296564Z  delete mode 100644 core/results/webs/dashboard/dashboard.html
handle_failure	Revert changes made by workflow	2025-04-29T07:02:39.1297021Z  delete mode 100644 core/results/webs/dashboard/data/data.html
handle_failure	Revert changes made by workflow	2025-04-29T07:02:39.1297494Z  delete mode 100644 core/results/webs/dashboard/js/js.html
handle_failure	Revert changes made by workflow	2025-04-29T07:02:39.1298066Z  delete mode 100644 core/results/webs/dashboard/structure/inicio/inicio.html
handle_failure	Revert changes made by workflow	2025-04-29T07:02:39.1298636Z  delete mode 100644 core/results/webs/dashboard/structure/issues/issues.html
handle_failure	Revert changes made by workflow	2025-04-29T07:02:39.1299173Z  delete mode 100644 core/results/webs/dashboard/structure/structure.html
handle_failure	Revert changes made by workflow	2025-04-29T07:02:39.1299737Z  delete mode 100644 core/results/webs/dashboard/structure/workflows/workflows.html
handle_failure	Revert changes made by workflow	2025-04-29T07:02:39.1300389Z  delete mode 100644 core/results/webs/dashboard/templates/templates.html
handle_failure	Revert changes made by workflow	2025-04-29T07:02:39.8942460Z To https://github.com/Ka0s-Klaus/ka0s
handle_failure	Revert changes made by workflow	2025-04-29T07:02:39.8944651Z    0b7c0ccd..e56b7c62  main -> main
handle_failure	Revert changes made by workflow	2025-04-29T07:02:39.8980931Z Changes successfully reverted
handle_failure	Post Checkout code	Ôªø2025-04-29T07:02:39.9066394Z Post job cleanup.
handle_failure	Post Checkout code	2025-04-29T07:02:39.9697431Z [command]/usr/bin/git version
handle_failure	Post Checkout code	2025-04-29T07:02:39.9724560Z git version 2.43.0
handle_failure	Post Checkout code	2025-04-29T07:02:39.9763183Z Copying '/home/kaos/.gitconfig' to '/actions-runner/_work/_temp/58a566c9-3d45-44ce-97ba-8143d6dca381/.gitconfig'
handle_failure	Post Checkout code	2025-04-29T07:02:39.9776618Z Temporarily overriding HOME='/actions-runner/_work/_temp/58a566c9-3d45-44ce-97ba-8143d6dca381' before making global git config changes
handle_failure	Post Checkout code	2025-04-29T07:02:39.9777198Z Adding repository directory to the temporary git global config as a safe directory
handle_failure	Post Checkout code	2025-04-29T07:02:39.9781272Z [command]/usr/bin/git config --global --add safe.directory /actions-runner/_work/ka0s/ka0s
handle_failure	Post Checkout code	2025-04-29T07:02:39.9818119Z [command]/usr/bin/git config --local --name-only --get-regexp core\.sshCommand
handle_failure	Post Checkout code	2025-04-29T07:02:39.9854660Z [command]/usr/bin/git submodule foreach --recursive sh -c "git config --local --name-only --get-regexp 'core\.sshCommand' && git config --local --unset-all 'core.sshCommand' || :"
handle_failure	Post Checkout code	2025-04-29T07:02:40.0098705Z [command]/usr/bin/git config --local --name-only --get-regexp http\.https\:\/\/github\.com\/\.extraheader
handle_failure	Post Checkout code	2025-04-29T07:02:40.0122007Z http.https://github.com/.extraheader
handle_failure	Post Checkout code	2025-04-29T07:02:40.0128790Z [command]/usr/bin/git config --local --unset-all http.https://github.com/.extraheader
handle_failure	Post Checkout code	2025-04-29T07:02:40.0156747Z [command]/usr/bin/git submodule foreach --recursive sh -c "git config --local --name-only --get-regexp 'http\.https\:\/\/github\.com\/\.extraheader' && git config --local --unset-all 'http.https://github.com/.extraheader' || :"
handle_failure	Complete job	Ôªø2025-04-29T07:02:40.0483854Z Cleaning up orphan processes
end-workflow	Set up job	Ôªø2025-04-29T07:03:45.3026756Z Current runner version: '2.323.0'
end-workflow	Set up job	2025-04-29T07:03:45.3031137Z Runner name: 'ka0s-9'
end-workflow	Set up job	2025-04-29T07:03:45.3031828Z Machine name: '26a53205c9ac'
end-workflow	Set up job	2025-04-29T07:03:45.3033241Z ##[group]GITHUB_TOKEN Permissions
end-workflow	Set up job	2025-04-29T07:03:45.3034616Z Contents: read
end-workflow	Set up job	2025-04-29T07:03:45.3034928Z Metadata: read
end-workflow	Set up job	2025-04-29T07:03:45.3035220Z Packages: read
end-workflow	Set up job	2025-04-29T07:03:45.3035491Z ##[endgroup]
end-workflow	Set up job	2025-04-29T07:03:45.3036824Z Secret source: Actions
end-workflow	Set up job	2025-04-29T07:03:45.3037200Z Prepare workflow directory
end-workflow	Set up job	2025-04-29T07:03:45.3422939Z Prepare all required actions
end-workflow	Set up job	2025-04-29T07:03:45.3455451Z Getting action download info
end-workflow	Set up job	2025-04-29T07:03:45.8648298Z Download action repository 'actions/checkout@v4' (SHA:11bd71901bbe5b1630ceea73d27597364c9af683)
end-workflow	Set up job	2025-04-29T07:03:46.5646863Z Complete job name: end-workflow
end-workflow	Checkout code	Ôªø2025-04-29T07:03:46.5934970Z ##[group]Run actions/checkout@v4
end-workflow	Checkout code	2025-04-29T07:03:46.5935465Z with:
end-workflow	Checkout code	2025-04-29T07:03:46.5935713Z   fetch-depth: 0
end-workflow	Checkout code	2025-04-29T07:03:46.5936111Z   token: ***
end-workflow	Checkout code	2025-04-29T07:03:46.5936369Z   repository: Ka0s-Klaus/ka0s
end-workflow	Checkout code	2025-04-29T07:03:46.5936706Z   ssh-strict: true
end-workflow	Checkout code	2025-04-29T07:03:46.5936966Z   ssh-user: git
end-workflow	Checkout code	2025-04-29T07:03:46.5937229Z   persist-credentials: true
end-workflow	Checkout code	2025-04-29T07:03:46.5937520Z   clean: true
end-workflow	Checkout code	2025-04-29T07:03:46.5937786Z   sparse-checkout-cone-mode: true
end-workflow	Checkout code	2025-04-29T07:03:46.5938104Z   fetch-tags: false
end-workflow	Checkout code	2025-04-29T07:03:46.5938362Z   show-progress: true
end-workflow	Checkout code	2025-04-29T07:03:46.5938628Z   lfs: false
end-workflow	Checkout code	2025-04-29T07:03:46.5938880Z   submodules: false
end-workflow	Checkout code	2025-04-29T07:03:46.5939147Z   set-safe-directory: true
end-workflow	Checkout code	2025-04-29T07:03:46.5939532Z env:
end-workflow	Checkout code	2025-04-29T07:03:46.5939773Z   KAOS_CODE: 14725271560
end-workflow	Checkout code	2025-04-29T07:03:46.5940262Z   KAOS_EVENT_NAME: workflow_dispatch
end-workflow	Checkout code	2025-04-29T07:03:46.5940590Z   KAOS_ACTION: 
end-workflow	Checkout code	2025-04-29T07:03:46.5940848Z   KAOS_REF: refs/heads/main
end-workflow	Checkout code	2025-04-29T07:03:46.5941157Z   KAOS_MODULE: [Ka0S] Deploy Web Structure
end-workflow	Checkout code	2025-04-29T07:03:46.5941532Z   KAOS_JSON_WEB: core/config/webs/webs.json
end-workflow	Checkout code	2025-04-29T07:03:46.5941892Z   KAOS_JSON_RESUME: core/outputs/webs/
end-workflow	Checkout code	2025-04-29T07:03:46.5942238Z   KAOS_JSON_DATA: core/web/data/data.json
end-workflow	Checkout code	2025-04-29T07:03:46.5942587Z   KAOS_WEB_STRUCTURE: core/results/webs/
end-workflow	Checkout code	2025-04-29T07:03:46.5942921Z   KAOS_ACTOR: jorgecg646
end-workflow	Checkout code	2025-04-29T07:03:46.5943277Z   GH_TOKEN: ***
end-workflow	Checkout code	2025-04-29T07:03:46.5943527Z ##[endgroup]
end-workflow	Checkout code	2025-04-29T07:03:46.6697252Z Syncing repository: Ka0s-Klaus/ka0s
end-workflow	Checkout code	2025-04-29T07:03:46.6698468Z ##[group]Getting Git version info
end-workflow	Checkout code	2025-04-29T07:03:46.6698901Z Working directory is '/actions-runner/_work/ka0s/ka0s'
end-workflow	Checkout code	2025-04-29T07:03:46.6699512Z [command]/usr/bin/git version
end-workflow	Checkout code	2025-04-29T07:03:46.6703716Z git version 2.43.0
end-workflow	Checkout code	2025-04-29T07:03:46.6731732Z ##[endgroup]
end-workflow	Checkout code	2025-04-29T07:03:46.6743691Z Copying '/home/kaos/.gitconfig' to '/actions-runner/_work/_temp/e0bf488f-a6ae-40de-b4d7-4c02eb128840/.gitconfig'
end-workflow	Checkout code	2025-04-29T07:03:46.6758732Z Temporarily overriding HOME='/actions-runner/_work/_temp/e0bf488f-a6ae-40de-b4d7-4c02eb128840' before making global git config changes
end-workflow	Checkout code	2025-04-29T07:03:46.6760886Z Adding repository directory to the temporary git global config as a safe directory
end-workflow	Checkout code	2025-04-29T07:03:46.6768009Z [command]/usr/bin/git config --global --add safe.directory /actions-runner/_work/ka0s/ka0s
end-workflow	Checkout code	2025-04-29T07:03:46.6802537Z [command]/usr/bin/git config --local --get remote.origin.url
end-workflow	Checkout code	2025-04-29T07:03:46.6820708Z https://github.com/Ka0s-Klaus/ka0s
end-workflow	Checkout code	2025-04-29T07:03:46.6842206Z ##[group]Removing previously created refs, to avoid conflicts
end-workflow	Checkout code	2025-04-29T07:03:46.6844861Z [command]/usr/bin/git rev-parse --symbolic-full-name --verify --quiet HEAD
end-workflow	Checkout code	2025-04-29T07:03:46.6869504Z refs/heads/main
end-workflow	Checkout code	2025-04-29T07:03:46.6879288Z [command]/usr/bin/git checkout --detach
end-workflow	Checkout code	2025-04-29T07:03:46.6974263Z HEAD is now at e56b7c62 [Ka0S] Reverting changes due to workflow failure
end-workflow	Checkout code	2025-04-29T07:03:46.7012144Z [command]/usr/bin/git branch --delete --force main
end-workflow	Checkout code	2025-04-29T07:03:46.7048004Z Deleted branch main (was e56b7c62).
end-workflow	Checkout code	2025-04-29T07:03:46.7102156Z ##[endgroup]
end-workflow	Checkout code	2025-04-29T07:03:46.7104464Z [command]/usr/bin/git submodule status
end-workflow	Checkout code	2025-04-29T07:03:46.7353645Z ##[group]Cleaning the repository
end-workflow	Checkout code	2025-04-29T07:03:46.7357114Z [command]/usr/bin/git clean -ffdx
end-workflow	Checkout code	2025-04-29T07:03:46.7425266Z [command]/usr/bin/git reset --hard HEAD
end-workflow	Checkout code	2025-04-29T07:03:46.7544299Z HEAD is now at e56b7c62 [Ka0S] Reverting changes due to workflow failure
end-workflow	Checkout code	2025-04-29T07:03:46.7546210Z ##[endgroup]
end-workflow	Checkout code	2025-04-29T07:03:46.7547113Z ##[group]Disabling automatic garbage collection
end-workflow	Checkout code	2025-04-29T07:03:46.7553583Z [command]/usr/bin/git config --local gc.auto 0
end-workflow	Checkout code	2025-04-29T07:03:46.7583203Z ##[endgroup]
end-workflow	Checkout code	2025-04-29T07:03:46.7583925Z ##[group]Setting up auth
end-workflow	Checkout code	2025-04-29T07:03:46.7589791Z [command]/usr/bin/git config --local --name-only --get-regexp core\.sshCommand
end-workflow	Checkout code	2025-04-29T07:03:46.7617929Z [command]/usr/bin/git submodule foreach --recursive sh -c "git config --local --name-only --get-regexp 'core\.sshCommand' && git config --local --unset-all 'core.sshCommand' || :"
end-workflow	Checkout code	2025-04-29T07:03:46.7865563Z [command]/usr/bin/git config --local --name-only --get-regexp http\.https\:\/\/github\.com\/\.extraheader
end-workflow	Checkout code	2025-04-29T07:03:46.7894944Z [command]/usr/bin/git submodule foreach --recursive sh -c "git config --local --name-only --get-regexp 'http\.https\:\/\/github\.com\/\.extraheader' && git config --local --unset-all 'http.https://github.com/.extraheader' || :"
end-workflow	Checkout code	2025-04-29T07:03:46.8138596Z [command]/usr/bin/git config --local http.https://github.com/.extraheader AUTHORIZATION: basic ***
end-workflow	Checkout code	2025-04-29T07:03:46.8175731Z ##[endgroup]
end-workflow	Checkout code	2025-04-29T07:03:46.8176392Z ##[group]Fetching the repository
end-workflow	Checkout code	2025-04-29T07:03:46.8181412Z [command]/usr/bin/git -c protocol.version=2 fetch --prune --no-recurse-submodules origin +refs/heads/*:refs/remotes/origin/* +refs/tags/*:refs/tags/*
end-workflow	Checkout code	2025-04-29T07:03:47.5510218Z [command]/usr/bin/git branch --list --remote origin/main
end-workflow	Checkout code	2025-04-29T07:03:47.5535061Z   origin/main
end-workflow	Checkout code	2025-04-29T07:03:47.5538149Z [command]/usr/bin/git rev-parse refs/remotes/origin/main
end-workflow	Checkout code	2025-04-29T07:03:47.5562014Z e56b7c6282696e404d1d32ad4900829f6ac40758
end-workflow	Checkout code	2025-04-29T07:03:47.5573277Z [command]/usr/bin/git -c protocol.version=2 fetch --no-tags --prune --no-recurse-submodules origin +1bb35c90ff907ddd8415c785ecb0e8761872d1f6:refs/remotes/origin/main
end-workflow	Checkout code	2025-04-29T07:03:47.5706055Z From https://github.com/Ka0s-Klaus/ka0s
end-workflow	Checkout code	2025-04-29T07:03:47.5707027Z  + e56b7c62...1bb35c90 1bb35c90ff907ddd8415c785ecb0e8761872d1f6 -> origin/main  (forced update)
end-workflow	Checkout code	2025-04-29T07:03:47.5726473Z ##[endgroup]
end-workflow	Checkout code	2025-04-29T07:03:47.5727277Z ##[group]Determining the checkout info
end-workflow	Checkout code	2025-04-29T07:03:47.5728082Z ##[endgroup]
end-workflow	Checkout code	2025-04-29T07:03:47.5728851Z [command]/usr/bin/git sparse-checkout disable
end-workflow	Checkout code	2025-04-29T07:03:47.5796861Z [command]/usr/bin/git config --local --unset-all extensions.worktreeConfig
end-workflow	Checkout code	2025-04-29T07:03:47.5821083Z ##[group]Checking out the ref
end-workflow	Checkout code	2025-04-29T07:03:47.5822783Z [command]/usr/bin/git checkout --progress --force -B main refs/remotes/origin/main
end-workflow	Checkout code	2025-04-29T07:03:47.5967992Z Warning: you are leaving 3 commits behind, not connected to
end-workflow	Checkout code	2025-04-29T07:03:47.5969046Z any of your branches:
end-workflow	Checkout code	2025-04-29T07:03:47.5969446Z 
end-workflow	Checkout code	2025-04-29T07:03:47.5969843Z   e56b7c62 [Ka0S] Reverting changes due to workflow failure
end-workflow	Checkout code	2025-04-29T07:03:47.5971011Z   0b7c0ccd [Ka0S] Uploading data files to web structure...
end-workflow	Checkout code	2025-04-29T07:03:47.5989245Z   d90936ee [Ka0S] Uploading resume execution files and web structure to the repository...
end-workflow	Checkout code	2025-04-29T07:03:47.5989983Z 
end-workflow	Checkout code	2025-04-29T07:03:47.5990397Z If you want to keep them by creating a new branch, this may be a good time
end-workflow	Checkout code	2025-04-29T07:03:47.5991169Z to do so with:
end-workflow	Checkout code	2025-04-29T07:03:47.5991502Z 
end-workflow	Checkout code	2025-04-29T07:03:47.5991849Z  git branch <new-branch-name> e56b7c62
end-workflow	Checkout code	2025-04-29T07:03:47.5992298Z 
end-workflow	Checkout code	2025-04-29T07:03:47.5992564Z Switched to a new branch 'main'
end-workflow	Checkout code	2025-04-29T07:03:47.5993236Z branch 'main' set up to track 'origin/main'.
end-workflow	Checkout code	2025-04-29T07:03:47.5995066Z ##[endgroup]
end-workflow	Checkout code	2025-04-29T07:03:47.6015799Z [command]/usr/bin/git log -1 --format=%H
end-workflow	Checkout code	2025-04-29T07:03:47.6043834Z 1bb35c90ff907ddd8415c785ecb0e8761872d1f6
end-workflow	Finaliza el workflow	Ôªø2025-04-29T07:03:47.6236712Z ##[group]Run echo "End process"
end-workflow	Finaliza el workflow	2025-04-29T07:03:47.6237156Z [36;1mecho "End process"[0m
end-workflow	Finaliza el workflow	2025-04-29T07:03:47.6237560Z [36;1m# RNNUMBER=$(echo "refs/heads/main" | grep -o '[0-9]*')[0m
end-workflow	Finaliza el workflow	2025-04-29T07:03:47.6238084Z [36;1mRNNUMBER=220[0m
end-workflow	Finaliza el workflow	2025-04-29T07:03:47.6238459Z [36;1mgh issue comment $RNNUMBER --body "Se finaliza Ka0s 14725271560"[0m
end-workflow	Finaliza el workflow	2025-04-29T07:03:47.6239048Z [36;1mgh workflow run inspector.yml --ref 'main' -f kaos-issue-id=$RNNUMBER -f kaos-workflow-id="14725271560" -f kaos-user-start=""[0m
end-workflow	Finaliza el workflow	2025-04-29T07:03:47.6246717Z shell: /usr/bin/bash -e {0}
end-workflow	Finaliza el workflow	2025-04-29T07:03:47.6247060Z env:
end-workflow	Finaliza el workflow	2025-04-29T07:03:47.6247334Z   KAOS_CODE: 14725271560
end-workflow	Finaliza el workflow	2025-04-29T07:03:47.6247654Z   KAOS_EVENT_NAME: workflow_dispatch
end-workflow	Finaliza el workflow	2025-04-29T07:03:47.6247978Z   KAOS_ACTION: 
end-workflow	Finaliza el workflow	2025-04-29T07:03:47.6248256Z   KAOS_REF: refs/heads/main
end-workflow	Finaliza el workflow	2025-04-29T07:03:47.6248578Z   KAOS_MODULE: [Ka0S] Deploy Web Structure
end-workflow	Finaliza el workflow	2025-04-29T07:03:47.6248931Z   KAOS_JSON_WEB: core/config/webs/webs.json
end-workflow	Finaliza el workflow	2025-04-29T07:03:47.6249277Z   KAOS_JSON_RESUME: core/outputs/webs/
end-workflow	Finaliza el workflow	2025-04-29T07:03:47.6249645Z   KAOS_JSON_DATA: core/web/data/data.json
end-workflow	Finaliza el workflow	2025-04-29T07:03:47.6250215Z   KAOS_WEB_STRUCTURE: core/results/webs/
end-workflow	Finaliza el workflow	2025-04-29T07:03:47.6250858Z   KAOS_ACTOR: jorgecg646
end-workflow	Finaliza el workflow	2025-04-29T07:03:47.6251501Z   GH_TOKEN: ***
end-workflow	Finaliza el workflow	2025-04-29T07:03:47.6251843Z ##[endgroup]
end-workflow	Finaliza el workflow	2025-04-29T07:03:47.6292726Z End process
end-workflow	Finaliza el workflow	2025-04-29T07:03:48.6798693Z https://github.com/Ka0s-Klaus/ka0s/issues/220#issuecomment-2837711331
end-workflow	Post Checkout code	Ôªø2025-04-29T07:03:49.2884773Z Post job cleanup.
end-workflow	Post Checkout code	2025-04-29T07:03:49.3503697Z [command]/usr/bin/git version
end-workflow	Post Checkout code	2025-04-29T07:03:49.3532531Z git version 2.43.0
end-workflow	Post Checkout code	2025-04-29T07:03:49.3555422Z Copying '/home/kaos/.gitconfig' to '/actions-runner/_work/_temp/ea7752ad-42d6-4d09-a090-fdc882b46c1a/.gitconfig'
end-workflow	Post Checkout code	2025-04-29T07:03:49.3566110Z Temporarily overriding HOME='/actions-runner/_work/_temp/ea7752ad-42d6-4d09-a090-fdc882b46c1a' before making global git config changes
end-workflow	Post Checkout code	2025-04-29T07:03:49.3567356Z Adding repository directory to the temporary git global config as a safe directory
end-workflow	Post Checkout code	2025-04-29T07:03:49.3568499Z [command]/usr/bin/git config --global --add safe.directory /actions-runner/_work/ka0s/ka0s
end-workflow	Post Checkout code	2025-04-29T07:03:49.3599275Z [command]/usr/bin/git config --local --name-only --get-regexp core\.sshCommand
end-workflow	Post Checkout code	2025-04-29T07:03:49.3627421Z [command]/usr/bin/git submodule foreach --recursive sh -c "git config --local --name-only --get-regexp 'core\.sshCommand' && git config --local --unset-all 'core.sshCommand' || :"
end-workflow	Post Checkout code	2025-04-29T07:03:49.3874368Z [command]/usr/bin/git config --local --name-only --get-regexp http\.https\:\/\/github\.com\/\.extraheader
end-workflow	Post Checkout code	2025-04-29T07:03:49.3898576Z http.https://github.com/.extraheader
end-workflow	Post Checkout code	2025-04-29T07:03:49.3906077Z [command]/usr/bin/git config --local --unset-all http.https://github.com/.extraheader
end-workflow	Post Checkout code	2025-04-29T07:03:49.3935350Z [command]/usr/bin/git submodule foreach --recursive sh -c "git config --local --name-only --get-regexp 'http\.https\:\/\/github\.com\/\.extraheader' && git config --local --unset-all 'http.https://github.com/.extraheader' || :"
end-workflow	Complete job	Ôªø2025-04-29T07:03:49.4261718Z Cleaning up orphan processes
