job-core	Set up job	Ôªø2025-05-05T13:51:59.4915966Z Current runner version: '2.323.0'
job-core	Set up job	2025-05-05T13:51:59.4919907Z Runner name: 'ka0s-7'
job-core	Set up job	2025-05-05T13:51:59.4920457Z Machine name: '26a53205c9ac'
job-core	Set up job	2025-05-05T13:51:59.4921852Z ##[group]GITHUB_TOKEN Permissions
job-core	Set up job	2025-05-05T13:51:59.4923470Z Contents: read
job-core	Set up job	2025-05-05T13:51:59.4923781Z Metadata: read
job-core	Set up job	2025-05-05T13:51:59.4924119Z Packages: read
job-core	Set up job	2025-05-05T13:51:59.4924400Z ##[endgroup]
job-core	Set up job	2025-05-05T13:51:59.4925647Z Secret source: Actions
job-core	Set up job	2025-05-05T13:51:59.4926023Z Prepare workflow directory
job-core	Set up job	2025-05-05T13:51:59.5311154Z Prepare all required actions
job-core	Set up job	2025-05-05T13:51:59.5337342Z Getting action download info
job-core	Set up job	2025-05-05T13:52:00.0795085Z Download action repository 'actions/checkout@v3' (SHA:f43a0e5ff2bd294095638e18286ca9a3d1956744)
job-core	Set up job	2025-05-05T13:52:00.8864762Z Complete job name: job-core
job-core	Checkout repository	Ôªø2025-05-05T13:52:00.9151040Z ##[group]Run actions/checkout@v3
job-core	Checkout repository	2025-05-05T13:52:00.9151521Z with:
job-core	Checkout repository	2025-05-05T13:52:00.9151788Z   fetch-depth: 0
job-core	Checkout repository	2025-05-05T13:52:00.9152205Z   token: ***
job-core	Checkout repository	2025-05-05T13:52:00.9152471Z   repository: Ka0s-Klaus/ka0s
job-core	Checkout repository	2025-05-05T13:52:00.9152811Z   ssh-strict: true
job-core	Checkout repository	2025-05-05T13:52:00.9153088Z   persist-credentials: true
job-core	Checkout repository	2025-05-05T13:52:00.9153584Z   clean: true
job-core	Checkout repository	2025-05-05T13:52:00.9153856Z   sparse-checkout-cone-mode: true
job-core	Checkout repository	2025-05-05T13:52:00.9154250Z   fetch-tags: false
job-core	Checkout repository	2025-05-05T13:52:00.9154514Z   lfs: false
job-core	Checkout repository	2025-05-05T13:52:00.9154767Z   submodules: false
job-core	Checkout repository	2025-05-05T13:52:00.9155046Z   set-safe-directory: true
job-core	Checkout repository	2025-05-05T13:52:00.9155420Z env:
job-core	Checkout repository	2025-05-05T13:52:00.9155663Z   KAOS_CODE: 14838100116
job-core	Checkout repository	2025-05-05T13:52:00.9155966Z   KAOS_EVENT_NAME: workflow_dispatch
job-core	Checkout repository	2025-05-05T13:52:00.9156294Z   KAOS_ACTION: 
job-core	Checkout repository	2025-05-05T13:52:00.9156558Z   KAOS_REF: refs/heads/main
job-core	Checkout repository	2025-05-05T13:52:00.9156876Z   KAOS_MODULE: [Ka0S] Deploy Web Structure
job-core	Checkout repository	2025-05-05T13:52:00.9157247Z   KAOS_JSON_WEB: core/config/webs/webs.json
job-core	Checkout repository	2025-05-05T13:52:00.9157619Z   KAOS_JSON_RESUME: core/outputs/webs/
job-core	Checkout repository	2025-05-05T13:52:00.9157967Z   KAOS_JSON_DATA: core/web/data/data.json
job-core	Checkout repository	2025-05-05T13:52:00.9158324Z   KAOS_WEB_STRUCTURE: core/results/webs/
job-core	Checkout repository	2025-05-05T13:52:00.9158670Z   KAOS_ACTOR: jorgecg646
job-core	Checkout repository	2025-05-05T13:52:00.9158947Z ##[endgroup]
job-core	Checkout repository	2025-05-05T13:52:00.9704581Z Syncing repository: Ka0s-Klaus/ka0s
job-core	Checkout repository	2025-05-05T13:52:00.9705918Z ##[group]Getting Git version info
job-core	Checkout repository	2025-05-05T13:52:00.9706335Z Working directory is '/actions-runner/_work/ka0s/ka0s'
job-core	Checkout repository	2025-05-05T13:52:00.9706929Z [command]/usr/bin/git version
job-core	Checkout repository	2025-05-05T13:52:00.9732083Z git version 2.43.0
job-core	Checkout repository	2025-05-05T13:52:00.9757588Z ##[endgroup]
job-core	Checkout repository	2025-05-05T13:52:00.9768996Z Copying '/home/kaos/.gitconfig' to '/actions-runner/_work/_temp/afe3e401-340a-4398-b4f3-910bca3d519d/.gitconfig'
job-core	Checkout repository	2025-05-05T13:52:00.9781240Z Temporarily overriding HOME='/actions-runner/_work/_temp/afe3e401-340a-4398-b4f3-910bca3d519d' before making global git config changes
job-core	Checkout repository	2025-05-05T13:52:00.9782931Z Adding repository directory to the temporary git global config as a safe directory
job-core	Checkout repository	2025-05-05T13:52:00.9785133Z [command]/usr/bin/git config --global --add safe.directory /actions-runner/_work/ka0s/ka0s
job-core	Checkout repository	2025-05-05T13:52:00.9820289Z [command]/usr/bin/git config --local --get remote.origin.url
job-core	Checkout repository	2025-05-05T13:52:00.9837523Z https://github.com/Ka0s-Klaus/ka0s
job-core	Checkout repository	2025-05-05T13:52:00.9854918Z ##[group]Removing previously created refs, to avoid conflicts
job-core	Checkout repository	2025-05-05T13:52:00.9857482Z [command]/usr/bin/git rev-parse --symbolic-full-name --verify --quiet HEAD
job-core	Checkout repository	2025-05-05T13:52:00.9871967Z refs/heads/main
job-core	Checkout repository	2025-05-05T13:52:00.9880534Z [command]/usr/bin/git checkout --detach
job-core	Checkout repository	2025-05-05T13:52:00.9972070Z HEAD is now at 0e68da31 [Ka0S] Inspector uploading resume execution files to the repository...
job-core	Checkout repository	2025-05-05T13:52:01.0002742Z [command]/usr/bin/git branch --delete --force main
job-core	Checkout repository	2025-05-05T13:52:01.0031063Z Deleted branch main (was 0e68da31).
job-core	Checkout repository	2025-05-05T13:52:01.0080649Z ##[endgroup]
job-core	Checkout repository	2025-05-05T13:52:01.0081226Z [command]/usr/bin/git submodule status
job-core	Checkout repository	2025-05-05T13:52:01.0297155Z ##[group]Cleaning the repository
job-core	Checkout repository	2025-05-05T13:52:01.0297912Z [command]/usr/bin/git clean -ffdx
job-core	Checkout repository	2025-05-05T13:52:01.0342566Z [command]/usr/bin/git reset --hard HEAD
job-core	Checkout repository	2025-05-05T13:52:01.0458976Z HEAD is now at 0e68da31 [Ka0S] Inspector uploading resume execution files to the repository...
job-core	Checkout repository	2025-05-05T13:52:01.0461043Z ##[endgroup]
job-core	Checkout repository	2025-05-05T13:52:01.0461850Z ##[group]Disabling automatic garbage collection
job-core	Checkout repository	2025-05-05T13:52:01.0462628Z [command]/usr/bin/git config --local gc.auto 0
job-core	Checkout repository	2025-05-05T13:52:01.0485736Z ##[endgroup]
job-core	Checkout repository	2025-05-05T13:52:01.0486611Z ##[group]Setting up auth
job-core	Checkout repository	2025-05-05T13:52:01.0487471Z [command]/usr/bin/git config --local --name-only --get-regexp core\.sshCommand
job-core	Checkout repository	2025-05-05T13:52:01.0508139Z [command]/usr/bin/git submodule foreach --recursive sh -c "git config --local --name-only --get-regexp 'core\.sshCommand' && git config --local --unset-all 'core.sshCommand' || :"
job-core	Checkout repository	2025-05-05T13:52:01.0730015Z [command]/usr/bin/git config --local --name-only --get-regexp http\.https\:\/\/github\.com\/\.extraheader
job-core	Checkout repository	2025-05-05T13:52:01.0749355Z [command]/usr/bin/git submodule foreach --recursive sh -c "git config --local --name-only --get-regexp 'http\.https\:\/\/github\.com\/\.extraheader' && git config --local --unset-all 'http.https://github.com/.extraheader' || :"
job-core	Checkout repository	2025-05-05T13:52:01.0972308Z [command]/usr/bin/git config --local http.https://github.com/.extraheader AUTHORIZATION: basic ***
job-core	Checkout repository	2025-05-05T13:52:01.1005075Z ##[endgroup]
job-core	Checkout repository	2025-05-05T13:52:01.1006028Z ##[group]Fetching the repository
job-core	Checkout repository	2025-05-05T13:52:01.1008672Z [command]/usr/bin/git -c protocol.version=2 fetch --prune --progress --no-recurse-submodules origin +refs/heads/*:refs/remotes/origin/* +refs/tags/*:refs/tags/*
job-core	Checkout repository	2025-05-05T13:52:01.9044701Z remote: Enumerating objects: 29, done.        
job-core	Checkout repository	2025-05-05T13:52:01.9069328Z remote: Counting objects:   3% (1/29)        
job-core	Checkout repository	2025-05-05T13:52:01.9070697Z remote: Counting objects:   6% (2/29)        
job-core	Checkout repository	2025-05-05T13:52:01.9071974Z remote: Counting objects:  10% (3/29)        
job-core	Checkout repository	2025-05-05T13:52:01.9073275Z remote: Counting objects:  13% (4/29)        
job-core	Checkout repository	2025-05-05T13:52:01.9074821Z remote: Counting objects:  17% (5/29)        
job-core	Checkout repository	2025-05-05T13:52:01.9076998Z remote: Counting objects:  20% (6/29)        
job-core	Checkout repository	2025-05-05T13:52:01.9078132Z remote: Counting objects:  24% (7/29)        
job-core	Checkout repository	2025-05-05T13:52:01.9079084Z remote: Counting objects:  27% (8/29)        
job-core	Checkout repository	2025-05-05T13:52:01.9080008Z remote: Counting objects:  31% (9/29)        
job-core	Checkout repository	2025-05-05T13:52:01.9080962Z remote: Counting objects:  34% (10/29)        
job-core	Checkout repository	2025-05-05T13:52:01.9081936Z remote: Counting objects:  37% (11/29)        
job-core	Checkout repository	2025-05-05T13:52:01.9082933Z remote: Counting objects:  41% (12/29)        
job-core	Checkout repository	2025-05-05T13:52:01.9084153Z remote: Counting objects:  44% (13/29)        
job-core	Checkout repository	2025-05-05T13:52:01.9085431Z remote: Counting objects:  48% (14/29)        
job-core	Checkout repository	2025-05-05T13:52:01.9086496Z remote: Counting objects:  51% (15/29)        
job-core	Checkout repository	2025-05-05T13:52:01.9087513Z remote: Counting objects:  55% (16/29)        
job-core	Checkout repository	2025-05-05T13:52:01.9088523Z remote: Counting objects:  58% (17/29)        
job-core	Checkout repository	2025-05-05T13:52:01.9089569Z remote: Counting objects:  62% (18/29)        
job-core	Checkout repository	2025-05-05T13:52:01.9090596Z remote: Counting objects:  65% (19/29)        
job-core	Checkout repository	2025-05-05T13:52:01.9091626Z remote: Counting objects:  68% (20/29)        
job-core	Checkout repository	2025-05-05T13:52:01.9092657Z remote: Counting objects:  72% (21/29)        
job-core	Checkout repository	2025-05-05T13:52:01.9094145Z remote: Counting objects:  75% (22/29)        
job-core	Checkout repository	2025-05-05T13:52:01.9095405Z remote: Counting objects:  79% (23/29)        
job-core	Checkout repository	2025-05-05T13:52:01.9096718Z remote: Counting objects:  82% (24/29)        
job-core	Checkout repository	2025-05-05T13:52:01.9097999Z remote: Counting objects:  86% (25/29)        
job-core	Checkout repository	2025-05-05T13:52:01.9099315Z remote: Counting objects:  89% (26/29)        
job-core	Checkout repository	2025-05-05T13:52:01.9100632Z remote: Counting objects:  93% (27/29)        
job-core	Checkout repository	2025-05-05T13:52:01.9117359Z remote: Counting objects:  96% (28/29)        
job-core	Checkout repository	2025-05-05T13:52:01.9119035Z remote: Counting objects: 100% (29/29)        
job-core	Checkout repository	2025-05-05T13:52:01.9120470Z remote: Counting objects: 100% (29/29), done.        
job-core	Checkout repository	2025-05-05T13:52:01.9121894Z remote: Compressing objects:  11% (1/9)        
job-core	Checkout repository	2025-05-05T13:52:01.9123240Z remote: Compressing objects:  22% (2/9)        
job-core	Checkout repository	2025-05-05T13:52:01.9124936Z remote: Compressing objects:  33% (3/9)        
job-core	Checkout repository	2025-05-05T13:52:01.9126617Z remote: Compressing objects:  44% (4/9)        
job-core	Checkout repository	2025-05-05T13:52:01.9127995Z remote: Compressing objects:  55% (5/9)        
job-core	Checkout repository	2025-05-05T13:52:01.9129367Z remote: Compressing objects:  66% (6/9)        
job-core	Checkout repository	2025-05-05T13:52:01.9130732Z remote: Compressing objects:  77% (7/9)        
job-core	Checkout repository	2025-05-05T13:52:01.9132098Z remote: Compressing objects:  88% (8/9)        
job-core	Checkout repository	2025-05-05T13:52:01.9133568Z remote: Compressing objects: 100% (9/9)        
job-core	Checkout repository	2025-05-05T13:52:01.9135382Z remote: Compressing objects: 100% (9/9), done.        
job-core	Checkout repository	2025-05-05T13:52:01.9137282Z remote: Total 19 (delta 12), reused 16 (delta 9), pack-reused 0 (from 0)        
job-core	Checkout repository	2025-05-05T13:52:01.9272203Z From https://github.com/Ka0s-Klaus/ka0s
job-core	Checkout repository	2025-05-05T13:52:01.9274084Z    0e68da31..20ffa68d  main       -> origin/main
job-core	Checkout repository	2025-05-05T13:52:01.9305185Z [command]/usr/bin/git branch --list --remote origin/main
job-core	Checkout repository	2025-05-05T13:52:01.9331314Z   origin/main
job-core	Checkout repository	2025-05-05T13:52:01.9334867Z [command]/usr/bin/git rev-parse refs/remotes/origin/main
job-core	Checkout repository	2025-05-05T13:52:01.9353431Z 20ffa68dfb3ee7ae81c67e3f67196d8c3748bd3a
job-core	Checkout repository	2025-05-05T13:52:01.9357995Z ##[endgroup]
job-core	Checkout repository	2025-05-05T13:52:01.9359543Z ##[group]Determining the checkout info
job-core	Checkout repository	2025-05-05T13:52:01.9361288Z ##[endgroup]
job-core	Checkout repository	2025-05-05T13:52:01.9363334Z ##[group]Checking out the ref
job-core	Checkout repository	2025-05-05T13:52:01.9365425Z [command]/usr/bin/git checkout --progress --force -B main refs/remotes/origin/main
job-core	Checkout repository	2025-05-05T13:52:01.9527960Z Previous HEAD position was 0e68da31 [Ka0S] Inspector uploading resume execution files to the repository...
job-core	Checkout repository	2025-05-05T13:52:01.9530885Z Switched to a new branch 'main'
job-core	Checkout repository	2025-05-05T13:52:01.9532366Z branch 'main' set up to track 'origin/main'.
job-core	Checkout repository	2025-05-05T13:52:01.9536246Z ##[endgroup]
job-core	Checkout repository	2025-05-05T13:52:01.9565319Z [command]/usr/bin/git log -1 --format='%H'
job-core	Checkout repository	2025-05-05T13:52:01.9587543Z '20ffa68dfb3ee7ae81c67e3f67196d8c3748bd3a'
job-core	Copy web folder structure	Ôªø2025-05-05T13:52:01.9752363Z ##[group]Run # Tenemos que a√±adir al proceso que sea capaz de leer + de un json de creaci√≥n de webs
job-core	Copy web folder structure	2025-05-05T13:52:01.9754543Z [36;1m# Tenemos que a√±adir al proceso que sea capaz de leer + de un json de creaci√≥n de webs[0m
job-core	Copy web folder structure	2025-05-05T13:52:01.9756384Z [36;1m# si web esta creada la actualiza, sino la crea desde cero[0m
job-core	Copy web folder structure	2025-05-05T13:52:01.9757449Z [36;1m[0m
job-core	Copy web folder structure	2025-05-05T13:52:01.9758215Z [36;1m# Read the structure.json file to get folder names[0m
job-core	Copy web folder structure	2025-05-05T13:52:01.9759343Z [36;1mecho "0 - Reading structure.json file..."[0m
job-core	Copy web folder structure	2025-05-05T13:52:01.9760427Z [36;1mSTRUCTURE_FILE="core/config/webs/webs.json"[0m
job-core	Copy web folder structure	2025-05-05T13:52:01.9761366Z [36;1m[0m
job-core	Copy web folder structure	2025-05-05T13:52:01.9762026Z [36;1m# Extract title for main folder name[0m
job-core	Copy web folder structure	2025-05-05T13:52:01.9763047Z [36;1mTITLE=$(cat $STRUCTURE_FILE | jq -r '.title')[0m
job-core	Copy web folder structure	2025-05-05T13:52:01.9764211Z [36;1mecho "I - Main folder will be named: $TITLE"[0m
job-core	Copy web folder structure	2025-05-05T13:52:01.9765423Z [36;1m[0m
job-core	Copy web folder structure	2025-05-05T13:52:01.9766089Z [36;1m# Create main directory[0m
job-core	Copy web folder structure	2025-05-05T13:52:01.9767005Z [36;1mmkdir -p "core/results/webs/$TITLE"[0m
job-core	Copy web folder structure	2025-05-05T13:52:01.9768026Z [36;1mtouch core/results/webs/$TITLE/$TITLE".html"[0m
job-core	Copy web folder structure	2025-05-05T13:52:01.9769077Z [36;1mmkdir -p "core/outputs/webs/$TITLE"[0m
job-core	Copy web folder structure	2025-05-05T13:52:01.9770089Z [36;1mtouch core/outputs/webs/$TITLE/readme.txt[0m
job-core	Copy web folder structure	2025-05-05T13:52:01.9770996Z [36;1m[0m
job-core	Copy web folder structure	2025-05-05T13:52:01.9771714Z [36;1m# Copy the directory structure (without files)[0m
job-core	Copy web folder structure	2025-05-05T13:52:01.9772807Z [36;1mfind core/web -type d | while read dir; do[0m
job-core	Copy web folder structure	2025-05-05T13:52:01.9773877Z [36;1m  if [ "$dir" != "core/web" ]; then[0m
job-core	Copy web folder structure	2025-05-05T13:52:01.9775145Z [36;1m    # Remove core/web prefix from directory path[0m
job-core	Copy web folder structure	2025-05-05T13:52:01.9776220Z [36;1m    clean_dir=${dir#core/web/}[0m
job-core	Copy web folder structure	2025-05-05T13:52:01.9777179Z [36;1m    echo "II - Created directory: $clean_dir"[0m
job-core	Copy web folder structure	2025-05-05T13:52:01.9778278Z [36;1m    target_dir="core/results/webs/$TITLE/$clean_dir"[0m
job-core	Copy web folder structure	2025-05-05T13:52:01.9779314Z [36;1m    mkdir -p "$target_dir"[0m
job-core	Copy web folder structure	2025-05-05T13:52:01.9780206Z [36;1m    touch $target_dir/$clean_dir".html"[0m
job-core	Copy web folder structure	2025-05-05T13:52:01.9781220Z [36;1m    echo "II - Created directory: $target_dir"[0m
job-core	Copy web folder structure	2025-05-05T13:52:01.9782287Z [36;1m  fi[0m
job-core	Copy web folder structure	2025-05-05T13:52:01.9782892Z [36;1mdone[0m
job-core	Copy web folder structure	2025-05-05T13:52:01.9783486Z [36;1m[0m
job-core	Copy web folder structure	2025-05-05T13:52:01.9784446Z [36;1m# Extract section information and create subfolders[0m
job-core	Copy web folder structure	2025-05-05T13:52:01.9787126Z [36;1mjq -r 'to_entries | .[] | select(.key | startswith("section")) | [.key, .value.title, .value.icon, .value.data] | @tsv' $STRUCTURE_FILE | while IFS=$'\t' read -r section_key section_title section_icon section_data; do[0m
job-core	Copy web folder structure	2025-05-05T13:52:01.9789832Z [36;1m  echo "III - Creating subfolder for section: $section_key - $section_title"[0m
job-core	Copy web folder structure	2025-05-05T13:52:01.9791316Z [36;1m  mkdir -p "core/results/webs/$TITLE/structure/$section_title"[0m
job-core	Copy web folder structure	2025-05-05T13:52:01.9792867Z [36;1m  touch core/results/webs/$TITLE/structure/$section_title/$section_title".html"[0m
job-core	Copy web folder structure	2025-05-05T13:52:01.9794240Z [36;1m  [0m
job-core	Copy web folder structure	2025-05-05T13:52:01.9795392Z [36;1m  # Guardar la ruta del archivo JSON de datos para esta secci√≥n[0m
job-core	Copy web folder structure	2025-05-05T13:52:01.9796588Z [36;1m  if [ ! -z "$section_data" ]; then[0m
job-core	Copy web folder structure	2025-05-05T13:52:01.9797732Z [36;1m    # Copiar el contenido del archivo JSON en lugar de solo la ruta[0m
job-core	Copy web folder structure	2025-05-05T13:52:01.9798925Z [36;1m    if [ -f "$section_data" ]; then[0m
job-core	Copy web folder structure	2025-05-05T13:52:01.9800341Z [36;1m      cp "$section_data" "core/results/webs/$TITLE/structure/$section_title/$section_title.json"[0m
job-core	Copy web folder structure	2025-05-05T13:52:01.9801885Z [36;1m      echo "    Data source: $section_data (copiado)"[0m
job-core	Copy web folder structure	2025-05-05T13:52:01.9802846Z [36;1m    else[0m
job-core	Copy web folder structure	2025-05-05T13:52:01.9803864Z [36;1m      # Si el archivo no existe, guardar al menos la ruta como referencia[0m
job-core	Copy web folder structure	2025-05-05T13:52:01.9805731Z [36;1m      echo "$section_data" > "core/results/webs/$TITLE/structure/$section_title/$section_title.json"[0m
job-core	Copy web folder structure	2025-05-05T13:52:01.9807457Z [36;1m      echo "    Data source: $section_data (ruta guardada, archivo no encontrado)"[0m
job-core	Copy web folder structure	2025-05-05T13:52:01.9808739Z [36;1m    fi[0m
job-core	Copy web folder structure	2025-05-05T13:52:01.9809335Z [36;1m  fi[0m
job-core	Copy web folder structure	2025-05-05T13:52:01.9809920Z [36;1mdone[0m
job-core	Copy web folder structure	2025-05-05T13:52:01.9810509Z [36;1m[0m
job-core	Copy web folder structure	2025-05-05T13:52:01.9811250Z [36;1m# Create a JSON file with the structure information[0m
job-core	Copy web folder structure	2025-05-05T13:52:01.9812399Z [36;1mecho "[" > core/outputs/webs/$TITLE/$TITLE"_resume.json"[0m
job-core	Copy web folder structure	2025-05-05T13:52:01.9813665Z [36;1m# Find all files and directories[0m
job-core	Copy web folder structure	2025-05-05T13:52:01.9815103Z [36;1mfind core/results/webs/ -type f -o -type d | sort | while read path; do[0m
job-core	Copy web folder structure	2025-05-05T13:52:01.9816397Z [36;1m  if [ "$path" != "core/results/webs/" ]; then[0m
job-core	Copy web folder structure	2025-05-05T13:52:01.9817361Z [36;1m    # Get the type (file or directory)[0m
job-core	Copy web folder structure	2025-05-05T13:52:01.9818239Z [36;1m    if [ -d "$path" ]; then[0m
job-core	Copy web folder structure	2025-05-05T13:52:01.9819045Z [36;1m      TYPE="directory"[0m
job-core	Copy web folder structure	2025-05-05T13:52:01.9819784Z [36;1m    else[0m
job-core	Copy web folder structure	2025-05-05T13:52:01.9820422Z [36;1m      TYPE="file"[0m
job-core	Copy web folder structure	2025-05-05T13:52:01.9821125Z [36;1m    fi[0m
job-core	Copy web folder structure	2025-05-05T13:52:01.9821868Z [36;1m    # Get the name of the item (last part of path)[0m
job-core	Copy web folder structure	2025-05-05T13:52:01.9822833Z [36;1m    NAME=$(basename "$path")[0m
job-core	Copy web folder structure	2025-05-05T13:52:01.9823803Z [36;1m    # Create the JSON entry[0m
job-core	Copy web folder structure	2025-05-05T13:52:01.9825315Z [36;1m    echo "  {\"path\": \"$path\", \"name\": \"$NAME\", \"type\": \"$TYPE\"}," >> core/outputs/webs/$TITLE/$TITLE"_resume.json"[0m
job-core	Copy web folder structure	2025-05-05T13:52:01.9826615Z [36;1m  fi[0m
job-core	Copy web folder structure	2025-05-05T13:52:01.9827205Z [36;1mdone[0m
job-core	Copy web folder structure	2025-05-05T13:52:01.9827937Z [36;1m# Remove the last comma and close the JSON array[0m
job-core	Copy web folder structure	2025-05-05T13:52:01.9829061Z [36;1msed -i '$ s/,$//' core/outputs/webs/$TITLE/$TITLE"_resume.json"[0m
job-core	Copy web folder structure	2025-05-05T13:52:01.9830260Z [36;1mecho "]" >> core/outputs/webs/$TITLE/$TITLE"_resume.json"[0m
job-core	Copy web folder structure	2025-05-05T13:52:01.9831435Z [36;1mecho "IV - Web folder structure copied successfully!"[0m
job-core	Copy web folder structure	2025-05-05T13:52:01.9839785Z shell: /usr/bin/bash -e {0}
job-core	Copy web folder structure	2025-05-05T13:52:01.9840535Z env:
job-core	Copy web folder structure	2025-05-05T13:52:01.9841108Z   KAOS_CODE: 14838100116
job-core	Copy web folder structure	2025-05-05T13:52:01.9841827Z   KAOS_EVENT_NAME: workflow_dispatch
job-core	Copy web folder structure	2025-05-05T13:52:01.9842618Z   KAOS_ACTION: 
job-core	Copy web folder structure	2025-05-05T13:52:01.9843231Z   KAOS_REF: refs/heads/main
job-core	Copy web folder structure	2025-05-05T13:52:01.9844168Z   KAOS_MODULE: [Ka0S] Deploy Web Structure
job-core	Copy web folder structure	2025-05-05T13:52:01.9845219Z   KAOS_JSON_WEB: core/config/webs/webs.json
job-core	Copy web folder structure	2025-05-05T13:52:01.9846077Z   KAOS_JSON_RESUME: core/outputs/webs/
job-core	Copy web folder structure	2025-05-05T13:52:01.9846918Z   KAOS_JSON_DATA: core/web/data/data.json
job-core	Copy web folder structure	2025-05-05T13:52:01.9847773Z   KAOS_WEB_STRUCTURE: core/results/webs/
job-core	Copy web folder structure	2025-05-05T13:52:01.9848576Z   KAOS_ACTOR: jorgecg646
job-core	Copy web folder structure	2025-05-05T13:52:01.9849244Z ##[endgroup]
job-core	Copy web folder structure	2025-05-05T13:52:01.9893150Z 0 - Reading structure.json file...
job-core	Copy web folder structure	2025-05-05T13:52:01.9920222Z I - Main folder will be named: dashboard
job-core	Copy web folder structure	2025-05-05T13:52:01.9969306Z II - Created directory: data
job-core	Copy web folder structure	2025-05-05T13:52:01.9986666Z II - Created directory: core/results/webs/dashboard/data
job-core	Copy web folder structure	2025-05-05T13:52:01.9987720Z II - Created directory: templates
job-core	Copy web folder structure	2025-05-05T13:52:02.0006421Z II - Created directory: core/results/webs/dashboard/templates
job-core	Copy web folder structure	2025-05-05T13:52:02.0007530Z II - Created directory: custom
job-core	Copy web folder structure	2025-05-05T13:52:02.0025575Z II - Created directory: core/results/webs/dashboard/custom
job-core	Copy web folder structure	2025-05-05T13:52:02.0026679Z II - Created directory: js
job-core	Copy web folder structure	2025-05-05T13:52:02.0045467Z II - Created directory: core/results/webs/dashboard/js
job-core	Copy web folder structure	2025-05-05T13:52:02.0046897Z II - Created directory: structure
job-core	Copy web folder structure	2025-05-05T13:52:02.0064942Z II - Created directory: core/results/webs/dashboard/structure
job-core	Copy web folder structure	2025-05-05T13:52:02.0088151Z jq: error (at core/config/webs/webs.json:39): Cannot index array with string "title"
job-core	Copy web folder structure	2025-05-05T13:52:02.0607339Z IV - Web folder structure copied successfully!
job-core	Upload Files	Ôªø2025-05-05T13:52:02.0651789Z ##[group]Run echo "Uploading files to the repository..."
job-core	Upload Files	2025-05-05T13:52:02.0652938Z [36;1mecho "Uploading files to the repository..."[0m
job-core	Upload Files	2025-05-05T13:52:02.0654149Z [36;1mgit config --global user.name "***"[0m
job-core	Upload Files	2025-05-05T13:52:02.0655160Z [36;1mgit config --global user.email "***"[0m
job-core	Upload Files	2025-05-05T13:52:02.0655979Z [36;1mgit pull[0m
job-core	Upload Files	2025-05-05T13:52:02.0656893Z [36;1m# Asegurarse de que la carpeta web_structure se a√±ade explicitamente[0m
job-core	Upload Files	2025-05-05T13:52:02.0658007Z [36;1mgit add core/results/webs/*[0m
job-core	Upload Files	2025-05-05T13:52:02.0658820Z [36;1mgit add core/outputs/webs/*[0m
job-core	Upload Files	2025-05-05T13:52:02.0659835Z [36;1m# Verificar si hay cambios para hacer commit[0m
job-core	Upload Files	2025-05-05T13:52:02.0660809Z [36;1mif git diff --staged --quiet; then[0m
job-core	Upload Files	2025-05-05T13:52:02.0661776Z [36;1m  echo "No hay cambios para hacer commit"[0m
job-core	Upload Files	2025-05-05T13:52:02.0662641Z [36;1melse[0m
job-core	Upload Files	2025-05-05T13:52:02.0663803Z [36;1m  git commit -m "[Ka0S] Uploading resume execution files and web structure to the repository..."[0m
job-core	Upload Files	2025-05-05T13:52:02.0665383Z [36;1m  git push origin refs/heads/main[0m
job-core	Upload Files	2025-05-05T13:52:02.0666213Z [36;1mfi[0m
job-core	Upload Files	2025-05-05T13:52:02.0671150Z shell: /usr/bin/bash -e {0}
job-core	Upload Files	2025-05-05T13:52:02.0671902Z env:
job-core	Upload Files	2025-05-05T13:52:02.0672501Z   KAOS_CODE: 14838100116
job-core	Upload Files	2025-05-05T13:52:02.0673254Z   KAOS_EVENT_NAME: workflow_dispatch
job-core	Upload Files	2025-05-05T13:52:02.0674074Z   KAOS_ACTION: 
job-core	Upload Files	2025-05-05T13:52:02.0674771Z   KAOS_REF: refs/heads/main
job-core	Upload Files	2025-05-05T13:52:02.0675574Z   KAOS_MODULE: [Ka0S] Deploy Web Structure
job-core	Upload Files	2025-05-05T13:52:02.0688223Z   KAOS_JSON_WEB: core/config/webs/webs.json
job-core	Upload Files	2025-05-05T13:52:02.0689116Z   KAOS_JSON_RESUME: core/outputs/webs/
job-core	Upload Files	2025-05-05T13:52:02.0689940Z   KAOS_JSON_DATA: core/web/data/data.json
job-core	Upload Files	2025-05-05T13:52:02.0690796Z   KAOS_WEB_STRUCTURE: core/results/webs/
job-core	Upload Files	2025-05-05T13:52:02.0691594Z   KAOS_ACTOR: jorgecg646
job-core	Upload Files	2025-05-05T13:52:02.0692237Z ##[endgroup]
job-core	Upload Files	2025-05-05T13:52:02.0721471Z Uploading files to the repository...
job-core	Upload Files	2025-05-05T13:52:02.6708839Z Already up to date.
job-core	Upload Files	2025-05-05T13:52:02.6857345Z No hay cambios para hacer commit
job-core	Post Checkout repository	Ôªø2025-05-05T13:52:02.6916597Z Post job cleanup.
job-core	Post Checkout repository	2025-05-05T13:52:02.7391705Z [command]/usr/bin/git version
job-core	Post Checkout repository	2025-05-05T13:52:02.7417982Z git version 2.43.0
job-core	Post Checkout repository	2025-05-05T13:52:02.7457879Z Copying '/home/kaos/.gitconfig' to '/actions-runner/_work/_temp/ef969ed9-7a29-4307-becd-78338ff0d2b3/.gitconfig'
job-core	Post Checkout repository	2025-05-05T13:52:02.7471247Z Temporarily overriding HOME='/actions-runner/_work/_temp/ef969ed9-7a29-4307-becd-78338ff0d2b3' before making global git config changes
job-core	Post Checkout repository	2025-05-05T13:52:02.7472401Z Adding repository directory to the temporary git global config as a safe directory
job-core	Post Checkout repository	2025-05-05T13:52:02.7476631Z [command]/usr/bin/git config --global --add safe.directory /actions-runner/_work/ka0s/ka0s
job-core	Post Checkout repository	2025-05-05T13:52:02.7506538Z [command]/usr/bin/git config --local --name-only --get-regexp core\.sshCommand
job-core	Post Checkout repository	2025-05-05T13:52:02.7530231Z [command]/usr/bin/git submodule foreach --recursive sh -c "git config --local --name-only --get-regexp 'core\.sshCommand' && git config --local --unset-all 'core.sshCommand' || :"
job-core	Post Checkout repository	2025-05-05T13:52:02.7752339Z [command]/usr/bin/git config --local --name-only --get-regexp http\.https\:\/\/github\.com\/\.extraheader
job-core	Post Checkout repository	2025-05-05T13:52:02.7771575Z http.https://github.com/.extraheader
job-core	Post Checkout repository	2025-05-05T13:52:02.7781017Z [command]/usr/bin/git config --local --unset-all http.https://github.com/.extraheader
job-core	Post Checkout repository	2025-05-05T13:52:02.7806706Z [command]/usr/bin/git submodule foreach --recursive sh -c "git config --local --name-only --get-regexp 'http\.https\:\/\/github\.com\/\.extraheader' && git config --local --unset-all 'http.https://github.com/.extraheader' || :"
job-core	Complete job	Ôªø2025-05-05T13:52:02.8108479Z Cleaning up orphan processes
job-data	Set up job	Ôªø2025-05-05T13:52:08.2983569Z Current runner version: '2.323.0'
job-data	Set up job	2025-05-05T13:52:08.2987539Z Runner name: 'ka0s-9'
job-data	Set up job	2025-05-05T13:52:08.2988101Z Machine name: '26a53205c9ac'
job-data	Set up job	2025-05-05T13:52:08.2989474Z ##[group]GITHUB_TOKEN Permissions
job-data	Set up job	2025-05-05T13:52:08.2990849Z Contents: read
job-data	Set up job	2025-05-05T13:52:08.2991145Z Metadata: read
job-data	Set up job	2025-05-05T13:52:08.2991425Z Packages: read
job-data	Set up job	2025-05-05T13:52:08.2991701Z ##[endgroup]
job-data	Set up job	2025-05-05T13:52:08.2993297Z Secret source: Actions
job-data	Set up job	2025-05-05T13:52:08.2993684Z Prepare workflow directory
job-data	Set up job	2025-05-05T13:52:08.3365048Z Prepare all required actions
job-data	Set up job	2025-05-05T13:52:08.3392960Z Getting action download info
job-data	Set up job	2025-05-05T13:52:08.9596894Z Download action repository 'actions/checkout@v3' (SHA:f43a0e5ff2bd294095638e18286ca9a3d1956744)
job-data	Set up job	2025-05-05T13:52:09.8790363Z Complete job name: job-data
job-data	Checkout repository	Ôªø2025-05-05T13:52:09.9080631Z ##[group]Run actions/checkout@v3
job-data	Checkout repository	2025-05-05T13:52:09.9081252Z with:
job-data	Checkout repository	2025-05-05T13:52:09.9081626Z   fetch-depth: 0
job-data	Checkout repository	2025-05-05T13:52:09.9082179Z   token: ***
job-data	Checkout repository	2025-05-05T13:52:09.9082572Z   repository: Ka0s-Klaus/ka0s
job-data	Checkout repository	2025-05-05T13:52:09.9083077Z   ssh-strict: true
job-data	Checkout repository	2025-05-05T13:52:09.9083498Z   persist-credentials: true
job-data	Checkout repository	2025-05-05T13:52:09.9084003Z   clean: true
job-data	Checkout repository	2025-05-05T13:52:09.9084393Z   sparse-checkout-cone-mode: true
job-data	Checkout repository	2025-05-05T13:52:09.9084818Z   fetch-tags: false
job-data	Checkout repository	2025-05-05T13:52:09.9085216Z   lfs: false
job-data	Checkout repository	2025-05-05T13:52:09.9085577Z   submodules: false
job-data	Checkout repository	2025-05-05T13:52:09.9085968Z   set-safe-directory: true
job-data	Checkout repository	2025-05-05T13:52:09.9086496Z env:
job-data	Checkout repository	2025-05-05T13:52:09.9086826Z   KAOS_CODE: 14838100116
job-data	Checkout repository	2025-05-05T13:52:09.9087236Z   KAOS_EVENT_NAME: workflow_dispatch
job-data	Checkout repository	2025-05-05T13:52:09.9087703Z   KAOS_ACTION: 
job-data	Checkout repository	2025-05-05T13:52:09.9088081Z   KAOS_REF: refs/heads/main
job-data	Checkout repository	2025-05-05T13:52:09.9088479Z   KAOS_MODULE: [Ka0S] Deploy Web Structure
job-data	Checkout repository	2025-05-05T13:52:09.9088972Z   KAOS_JSON_WEB: core/config/webs/webs.json
job-data	Checkout repository	2025-05-05T13:52:09.9108628Z   KAOS_JSON_RESUME: core/outputs/webs/
job-data	Checkout repository	2025-05-05T13:52:09.9109150Z   KAOS_JSON_DATA: core/web/data/data.json
job-data	Checkout repository	2025-05-05T13:52:09.9109606Z   KAOS_WEB_STRUCTURE: core/results/webs/
job-data	Checkout repository	2025-05-05T13:52:09.9110090Z   KAOS_ACTOR: jorgecg646
job-data	Checkout repository	2025-05-05T13:52:09.9110500Z ##[endgroup]
job-data	Checkout repository	2025-05-05T13:52:09.9671426Z Syncing repository: Ka0s-Klaus/ka0s
job-data	Checkout repository	2025-05-05T13:52:09.9673060Z ##[group]Getting Git version info
job-data	Checkout repository	2025-05-05T13:52:09.9673696Z Working directory is '/actions-runner/_work/ka0s/ka0s'
job-data	Checkout repository	2025-05-05T13:52:09.9674741Z [command]/usr/bin/git version
job-data	Checkout repository	2025-05-05T13:52:09.9675249Z git version 2.43.0
job-data	Checkout repository	2025-05-05T13:52:09.9684677Z ##[endgroup]
job-data	Checkout repository	2025-05-05T13:52:09.9694158Z Copying '/home/kaos/.gitconfig' to '/actions-runner/_work/_temp/483b86c2-8856-46df-9dbd-b931462adf26/.gitconfig'
job-data	Checkout repository	2025-05-05T13:52:09.9708785Z Temporarily overriding HOME='/actions-runner/_work/_temp/483b86c2-8856-46df-9dbd-b931462adf26' before making global git config changes
job-data	Checkout repository	2025-05-05T13:52:09.9710089Z Adding repository directory to the temporary git global config as a safe directory
job-data	Checkout repository	2025-05-05T13:52:09.9711268Z [command]/usr/bin/git config --global --add safe.directory /actions-runner/_work/ka0s/ka0s
job-data	Checkout repository	2025-05-05T13:52:09.9741206Z [command]/usr/bin/git config --local --get remote.origin.url
job-data	Checkout repository	2025-05-05T13:52:09.9758096Z https://github.com/Ka0s-Klaus/ka0s
job-data	Checkout repository	2025-05-05T13:52:09.9771747Z ##[group]Removing previously created refs, to avoid conflicts
job-data	Checkout repository	2025-05-05T13:52:09.9773205Z [command]/usr/bin/git rev-parse --symbolic-full-name --verify --quiet HEAD
job-data	Checkout repository	2025-05-05T13:52:09.9791770Z refs/heads/main
job-data	Checkout repository	2025-05-05T13:52:09.9799125Z [command]/usr/bin/git checkout --detach
job-data	Checkout repository	2025-05-05T13:52:09.9892437Z HEAD is now at 36aa5124 [Ka0S] Uploading resume execution files and web structure to the repository...
job-data	Checkout repository	2025-05-05T13:52:09.9927805Z [command]/usr/bin/git branch --delete --force main
job-data	Checkout repository	2025-05-05T13:52:09.9956884Z Deleted branch main (was 36aa5124).
job-data	Checkout repository	2025-05-05T13:52:10.0007588Z ##[endgroup]
job-data	Checkout repository	2025-05-05T13:52:10.0008119Z [command]/usr/bin/git submodule status
job-data	Checkout repository	2025-05-05T13:52:10.0234138Z ##[group]Cleaning the repository
job-data	Checkout repository	2025-05-05T13:52:10.0234916Z [command]/usr/bin/git clean -ffdx
job-data	Checkout repository	2025-05-05T13:52:10.0282227Z [command]/usr/bin/git reset --hard HEAD
job-data	Checkout repository	2025-05-05T13:52:10.0409648Z HEAD is now at 36aa5124 [Ka0S] Uploading resume execution files and web structure to the repository...
job-data	Checkout repository	2025-05-05T13:52:10.0412283Z ##[endgroup]
job-data	Checkout repository	2025-05-05T13:52:10.0413276Z ##[group]Disabling automatic garbage collection
job-data	Checkout repository	2025-05-05T13:52:10.0414313Z [command]/usr/bin/git config --local gc.auto 0
job-data	Checkout repository	2025-05-05T13:52:10.0437263Z ##[endgroup]
job-data	Checkout repository	2025-05-05T13:52:10.0438319Z ##[group]Setting up auth
job-data	Checkout repository	2025-05-05T13:52:10.0439271Z [command]/usr/bin/git config --local --name-only --get-regexp core\.sshCommand
job-data	Checkout repository	2025-05-05T13:52:10.0460273Z [command]/usr/bin/git submodule foreach --recursive sh -c "git config --local --name-only --get-regexp 'core\.sshCommand' && git config --local --unset-all 'core.sshCommand' || :"
job-data	Checkout repository	2025-05-05T13:52:10.0688164Z [command]/usr/bin/git config --local --name-only --get-regexp http\.https\:\/\/github\.com\/\.extraheader
job-data	Checkout repository	2025-05-05T13:52:10.0709353Z [command]/usr/bin/git submodule foreach --recursive sh -c "git config --local --name-only --get-regexp 'http\.https\:\/\/github\.com\/\.extraheader' && git config --local --unset-all 'http.https://github.com/.extraheader' || :"
job-data	Checkout repository	2025-05-05T13:52:10.0928819Z [command]/usr/bin/git config --local http.https://github.com/.extraheader AUTHORIZATION: basic ***
job-data	Checkout repository	2025-05-05T13:52:10.0960917Z ##[endgroup]
job-data	Checkout repository	2025-05-05T13:52:10.0962003Z ##[group]Fetching the repository
job-data	Checkout repository	2025-05-05T13:52:10.0963681Z [command]/usr/bin/git -c protocol.version=2 fetch --prune --progress --no-recurse-submodules origin +refs/heads/*:refs/remotes/origin/* +refs/tags/*:refs/tags/*
job-data	Checkout repository	2025-05-05T13:52:10.9845328Z remote: Enumerating objects: 19, done.        
job-data	Checkout repository	2025-05-05T13:52:10.9846511Z remote: Counting objects:   5% (1/19)        
job-data	Checkout repository	2025-05-05T13:52:10.9846863Z remote: Counting objects:  10% (2/19)        
job-data	Checkout repository	2025-05-05T13:52:10.9847203Z remote: Counting objects:  15% (3/19)        
job-data	Checkout repository	2025-05-05T13:52:10.9847605Z remote: Counting objects:  21% (4/19)        
job-data	Checkout repository	2025-05-05T13:52:10.9847960Z remote: Counting objects:  26% (5/19)        
job-data	Checkout repository	2025-05-05T13:52:10.9848286Z remote: Counting objects:  31% (6/19)        
job-data	Checkout repository	2025-05-05T13:52:10.9848623Z remote: Counting objects:  36% (7/19)        
job-data	Checkout repository	2025-05-05T13:52:10.9848958Z remote: Counting objects:  42% (8/19)        
job-data	Checkout repository	2025-05-05T13:52:10.9849282Z remote: Counting objects:  47% (9/19)        
job-data	Checkout repository	2025-05-05T13:52:10.9849609Z remote: Counting objects:  52% (10/19)        
job-data	Checkout repository	2025-05-05T13:52:10.9849944Z remote: Counting objects:  57% (11/19)        
job-data	Checkout repository	2025-05-05T13:52:10.9850284Z remote: Counting objects:  63% (12/19)        
job-data	Checkout repository	2025-05-05T13:52:10.9850617Z remote: Counting objects:  68% (13/19)        
job-data	Checkout repository	2025-05-05T13:52:10.9850964Z remote: Counting objects:  73% (14/19)        
job-data	Checkout repository	2025-05-05T13:52:10.9851382Z remote: Counting objects:  78% (15/19)        
job-data	Checkout repository	2025-05-05T13:52:10.9851707Z remote: Counting objects:  84% (16/19)        
job-data	Checkout repository	2025-05-05T13:52:10.9852035Z remote: Counting objects:  89% (17/19)        
job-data	Checkout repository	2025-05-05T13:52:10.9852382Z remote: Counting objects:  94% (18/19)        
job-data	Checkout repository	2025-05-05T13:52:10.9852710Z remote: Counting objects: 100% (19/19)        
job-data	Checkout repository	2025-05-05T13:52:10.9853059Z remote: Counting objects: 100% (19/19), done.        
job-data	Checkout repository	2025-05-05T13:52:10.9853428Z remote: Compressing objects:  25% (1/4)        
job-data	Checkout repository	2025-05-05T13:52:10.9853773Z remote: Compressing objects:  50% (2/4)        
job-data	Checkout repository	2025-05-05T13:52:10.9854162Z remote: Compressing objects:  75% (3/4)        
job-data	Checkout repository	2025-05-05T13:52:10.9854551Z remote: Compressing objects: 100% (4/4)        
job-data	Checkout repository	2025-05-05T13:52:10.9854944Z remote: Compressing objects: 100% (4/4), done.        
job-data	Checkout repository	2025-05-05T13:52:10.9855430Z remote: Total 12 (delta 7), reused 12 (delta 7), pack-reused 0 (from 0)        
job-data	Checkout repository	2025-05-05T13:52:11.0084701Z From https://github.com/Ka0s-Klaus/ka0s
job-data	Checkout repository	2025-05-05T13:52:11.0085253Z    36aa5124..20ffa68d  main       -> origin/main
job-data	Checkout repository	2025-05-05T13:52:11.0131944Z [command]/usr/bin/git branch --list --remote origin/main
job-data	Checkout repository	2025-05-05T13:52:11.0157212Z   origin/main
job-data	Checkout repository	2025-05-05T13:52:11.0164378Z [command]/usr/bin/git rev-parse refs/remotes/origin/main
job-data	Checkout repository	2025-05-05T13:52:11.0182239Z 20ffa68dfb3ee7ae81c67e3f67196d8c3748bd3a
job-data	Checkout repository	2025-05-05T13:52:11.0187492Z ##[endgroup]
job-data	Checkout repository	2025-05-05T13:52:11.0188008Z ##[group]Determining the checkout info
job-data	Checkout repository	2025-05-05T13:52:11.0189105Z ##[endgroup]
job-data	Checkout repository	2025-05-05T13:52:11.0189616Z ##[group]Checking out the ref
job-data	Checkout repository	2025-05-05T13:52:11.0191346Z [command]/usr/bin/git checkout --progress --force -B main refs/remotes/origin/main
job-data	Checkout repository	2025-05-05T13:52:11.0366815Z Previous HEAD position was 36aa5124 [Ka0S] Uploading resume execution files and web structure to the repository...
job-data	Checkout repository	2025-05-05T13:52:11.0367583Z Switched to a new branch 'main'
job-data	Checkout repository	2025-05-05T13:52:11.0368220Z branch 'main' set up to track 'origin/main'.
job-data	Checkout repository	2025-05-05T13:52:11.0374283Z ##[endgroup]
job-data	Checkout repository	2025-05-05T13:52:11.0407112Z [command]/usr/bin/git log -1 --format='%H'
job-data	Checkout repository	2025-05-05T13:52:11.0436047Z '20ffa68dfb3ee7ae81c67e3f67196d8c3748bd3a'
job-data	Copy data files to web structure	Ôªø2025-05-05T13:52:11.0581584Z ##[group]Run echo "Reading data.json file..."
job-data	Copy data files to web structure	2025-05-05T13:52:11.0581967Z [36;1mecho "Reading data.json file..."[0m
job-data	Copy data files to web structure	2025-05-05T13:52:11.0582208Z [36;1mDATA_FILE="core/web/data/data.json"[0m
job-data	Copy data files to web structure	2025-05-05T13:52:11.0582425Z [36;1mecho "Data file: $DATA_FILE"[0m
job-data	Copy data files to web structure	2025-05-05T13:52:11.0582884Z [36;1m[0m
job-data	Copy data files to web structure	2025-05-05T13:52:11.0583100Z [36;1m# Extract title for main folder name from structure file[0m
job-data	Copy data files to web structure	2025-05-05T13:52:11.0583365Z [36;1mSTRUCTURE_FILE="core/config/webs/webs.json"[0m
job-data	Copy data files to web structure	2025-05-05T13:52:11.0583615Z [36;1mTITLE=$(jq -r '.title' $STRUCTURE_FILE)[0m
job-data	Copy data files to web structure	2025-05-05T13:52:11.0583834Z [36;1mif [ -z "$TITLE" ]; then[0m
job-data	Copy data files to web structure	2025-05-05T13:52:11.0584268Z [36;1m  TITLE="dashboard"[0m
job-data	Copy data files to web structure	2025-05-05T13:52:11.0584535Z [36;1m  echo "Title not found in JSON file, using default: $TITLE"[0m
job-data	Copy data files to web structure	2025-05-05T13:52:11.0584813Z [36;1melse[0m
job-data	Copy data files to web structure	2025-05-05T13:52:11.0585043Z [36;1m  echo "Main folder is named: $TITLE"[0m
job-data	Copy data files to web structure	2025-05-05T13:52:11.0585293Z [36;1mfi[0m
job-data	Copy data files to web structure	2025-05-05T13:52:11.0585514Z [36;1m[0m
job-data	Copy data files to web structure	2025-05-05T13:52:11.0585735Z [36;1m# Create data directory if it doesn't exist[0m
job-data	Copy data files to web structure	2025-05-05T13:52:11.0586000Z [36;1mmkdir -p "core/results/webs/$TITLE/data"[0m
job-data	Copy data files to web structure	2025-05-05T13:52:11.0586213Z [36;1m[0m
job-data	Copy data files to web structure	2025-05-05T13:52:11.0586410Z [36;1m# Copiar el archivo webs.json a la estructura[0m
job-data	Copy data files to web structure	2025-05-05T13:52:11.0586696Z [36;1mcp $STRUCTURE_FILE "core/results/webs/$TITLE/data/webs.json"[0m
job-data	Copy data files to web structure	2025-05-05T13:52:11.0586977Z [36;1mecho "Copied webs.json to data directory"[0m
job-data	Copy data files to web structure	2025-05-05T13:52:11.0587188Z [36;1m[0m
job-data	Copy data files to web structure	2025-05-05T13:52:11.0587352Z [36;1m# Read data.json and copy files[0m
job-data	Copy data files to web structure	2025-05-05T13:52:11.0587563Z [36;1mif [ -f "$DATA_FILE" ]; then[0m
job-data	Copy data files to web structure	2025-05-05T13:52:11.0587795Z [36;1m  echo "Processing data files from data.json..."[0m
job-data	Copy data files to web structure	2025-05-05T13:52:11.0588015Z [36;1m  [0m
job-data	Copy data files to web structure	2025-05-05T13:52:11.0588200Z [36;1m  # Extract source and destination paths[0m
job-data	Copy data files to web structure	2025-05-05T13:52:11.0588463Z [36;1m  jq -c '.dataFiles[]' "$DATA_FILE" | while read -r file; do[0m
job-data	Copy data files to web structure	2025-05-05T13:52:11.0588722Z [36;1m    SOURCE=$(echo $file | jq -r '.source')[0m
job-data	Copy data files to web structure	2025-05-05T13:52:11.0588971Z [36;1m    DEST=$(echo $file | jq -r '.destination')[0m
job-data	Copy data files to web structure	2025-05-05T13:52:11.0589199Z [36;1m    echo "Source: $SOURCE"[0m
job-data	Copy data files to web structure	2025-05-05T13:52:11.0589406Z [36;1m    echo "Destination: $DEST"[0m
job-data	Copy data files to web structure	2025-05-05T13:52:11.0589606Z [36;1m[0m
job-data	Copy data files to web structure	2025-05-05T13:52:11.0589786Z [36;1m    # Ensure destination directory exists[0m
job-data	Copy data files to web structure	2025-05-05T13:52:11.0590044Z [36;1m    DEST_DIR=$(dirname "core/results/webs/$TITLE/$DEST")[0m
job-data	Copy data files to web structure	2025-05-05T13:52:11.0590278Z [36;1m    mkdir -p "$DEST_DIR"[0m
job-data	Copy data files to web structure	2025-05-05T13:52:11.0590499Z [36;1m    echo "Destination directory: $DEST_DIR"[0m
job-data	Copy data files to web structure	2025-05-05T13:52:11.0590708Z [36;1m    [0m
job-data	Copy data files to web structure	2025-05-05T13:52:11.0590876Z [36;1m    # Copy the file[0m
job-data	Copy data files to web structure	2025-05-05T13:52:11.0591069Z [36;1m    if [ -f "$SOURCE" ]; then[0m
job-data	Copy data files to web structure	2025-05-05T13:52:11.0591316Z [36;1m      echo "Copying $SOURCE to core/results/webs/$TITLE/$DEST"[0m
job-data	Copy data files to web structure	2025-05-05T13:52:11.0591585Z [36;1m      cp "$SOURCE" "core/results/webs/$TITLE/$DEST"[0m
job-data	Copy data files to web structure	2025-05-05T13:52:11.0591803Z [36;1m    else[0m
job-data	Copy data files to web structure	2025-05-05T13:52:11.0592005Z [36;1m      echo "Warning: Source file $SOURCE not found"[0m
job-data	Copy data files to web structure	2025-05-05T13:52:11.0592227Z [36;1m    fi[0m
job-data	Copy data files to web structure	2025-05-05T13:52:11.0603781Z [36;1m  done[0m
job-data	Copy data files to web structure	2025-05-05T13:52:11.0604037Z [36;1m  [0m
job-data	Copy data files to web structure	2025-05-05T13:52:11.0604581Z [36;1m  echo "Data files copied successfully!"[0m
job-data	Copy data files to web structure	2025-05-05T13:52:11.0604853Z [36;1melse[0m
job-data	Copy data files to web structure	2025-05-05T13:52:11.0605114Z [36;1m  echo "Warning: data.json file not found at $DATA_FILE"[0m
job-data	Copy data files to web structure	2025-05-05T13:52:11.0605355Z [36;1mfi[0m
job-data	Copy data files to web structure	2025-05-05T13:52:11.0605513Z [36;1m[0m
job-data	Copy data files to web structure	2025-05-05T13:52:11.0605711Z [36;1m# Copiar los archivos JSON de datos de secci√≥n[0m
job-data	Copy data files to web structure	2025-05-05T13:52:11.0605972Z [36;1mecho "Copying section data files..."[0m
job-data	Copy data files to web structure	2025-05-05T13:52:11.0606338Z [36;1mjq -r 'to_entries | .[] | select(.key | startswith("section")) | .value.data' $STRUCTURE_FILE | while read data_path; do[0m
job-data	Copy data files to web structure	2025-05-05T13:52:11.0606703Z [36;1m  if [ ! -z "$data_path" ] && [ -f "$data_path" ]; then[0m
job-data	Copy data files to web structure	2025-05-05T13:52:11.0606950Z [36;1m    # Obtener el nombre del archivo[0m
job-data	Copy data files to web structure	2025-05-05T13:52:11.0607309Z [36;1m    DATA_FILENAME=$(basename "$data_path")[0m
job-data	Copy data files to web structure	2025-05-05T13:52:11.0607586Z [36;1m    echo "Copying section data file: $data_path to data directory"[0m
job-data	Copy data files to web structure	2025-05-05T13:52:11.0607896Z [36;1m    cp "$data_path" "core/results/webs/$TITLE/data/$DATA_FILENAME"[0m
job-data	Copy data files to web structure	2025-05-05T13:52:11.0608160Z [36;1m  fi[0m
job-data	Copy data files to web structure	2025-05-05T13:52:11.0608323Z [36;1mdone[0m
job-data	Copy data files to web structure	2025-05-05T13:52:11.0608478Z [36;1m[0m
job-data	Copy data files to web structure	2025-05-05T13:52:11.0608648Z [36;1m# Generate a summary of copied files[0m
job-data	Copy data files to web structure	2025-05-05T13:52:11.0608882Z [36;1mecho "Generating data files summary..."[0m
job-data	Copy data files to web structure	2025-05-05T13:52:11.0609158Z [36;1mecho "{" > "core/outputs/webs/$TITLE/data-files-summary.json"[0m
job-data	Copy data files to web structure	2025-05-05T13:52:11.0609532Z [36;1mecho "  \"generated_at\": \"$(date -u +"%Y-%m-%dT%H:%M:%SZ")\"," >> "core/outputs/webs/$TITLE/data-files-summary.json"[0m
job-data	Copy data files to web structure	2025-05-05T13:52:11.0609923Z [36;1mecho "  \"title\": \"$TITLE\"," >> "core/outputs/webs/$TITLE/data-files-summary.json"[0m
job-data	Copy data files to web structure	2025-05-05T13:52:11.0610264Z [36;1mecho "  \"files\": [" >> "core/outputs/webs/$TITLE/data-files-summary.json"[0m
job-data	Copy data files to web structure	2025-05-05T13:52:11.0610524Z [36;1m[0m
job-data	Copy data files to web structure	2025-05-05T13:52:11.0610688Z [36;1m# List all copied files[0m
job-data	Copy data files to web structure	2025-05-05T13:52:11.0610969Z [36;1mfind "core/results/webs/$TITLE/data" -type f | sort | while read -r file; do[0m
job-data	Copy data files to web structure	2025-05-05T13:52:11.0611292Z [36;1m  RELATIVE_PATH="${file#core/results/webs/$TITLE/}"[0m
job-data	Copy data files to web structure	2025-05-05T13:52:11.0611622Z [36;1m  echo "    {\"path\": \"$RELATIVE_PATH\"}," >> "core/outputs/webs/$TITLE/data-files-summary.json"[0m
job-data	Copy data files to web structure	2025-05-05T13:52:11.0611898Z [36;1mdone[0m
job-data	Copy data files to web structure	2025-05-05T13:52:11.0612053Z [36;1m[0m
job-data	Copy data files to web structure	2025-05-05T13:52:11.0612236Z [36;1m# Remove the last comma and close the JSON[0m
job-data	Copy data files to web structure	2025-05-05T13:52:11.0612518Z [36;1msed -i '$ s/,$//' "core/outputs/webs/$TITLE/data-files-summary.json"[0m
job-data	Copy data files to web structure	2025-05-05T13:52:11.0612829Z [36;1mecho "  ]" >> "core/outputs/webs/$TITLE/data-files-summary.json"[0m
job-data	Copy data files to web structure	2025-05-05T13:52:11.0613331Z [36;1mecho "}" >> "core/outputs/webs/$TITLE/data-files-summary.json"[0m
job-data	Copy data files to web structure	2025-05-05T13:52:11.0613573Z [36;1m[0m
job-data	Copy data files to web structure	2025-05-05T13:52:11.0613830Z [36;1mecho "Data files summary generated at core/outputs/webs/$TITLE/data-files-summary.json"[0m
job-data	Copy data files to web structure	2025-05-05T13:52:11.0620811Z shell: /usr/bin/bash -e {0}
job-data	Copy data files to web structure	2025-05-05T13:52:11.0621038Z env:
job-data	Copy data files to web structure	2025-05-05T13:52:11.0621204Z   KAOS_CODE: 14838100116
job-data	Copy data files to web structure	2025-05-05T13:52:11.0621402Z   KAOS_EVENT_NAME: workflow_dispatch
job-data	Copy data files to web structure	2025-05-05T13:52:11.0621606Z   KAOS_ACTION: 
job-data	Copy data files to web structure	2025-05-05T13:52:11.0621782Z   KAOS_REF: refs/heads/main
job-data	Copy data files to web structure	2025-05-05T13:52:11.0621980Z   KAOS_MODULE: [Ka0S] Deploy Web Structure
job-data	Copy data files to web structure	2025-05-05T13:52:11.0622208Z   KAOS_JSON_WEB: core/config/webs/webs.json
job-data	Copy data files to web structure	2025-05-05T13:52:11.0622430Z   KAOS_JSON_RESUME: core/outputs/webs/
job-data	Copy data files to web structure	2025-05-05T13:52:11.0622856Z   KAOS_JSON_DATA: core/web/data/data.json
job-data	Copy data files to web structure	2025-05-05T13:52:11.0623075Z   KAOS_WEB_STRUCTURE: core/results/webs/
job-data	Copy data files to web structure	2025-05-05T13:52:11.0623285Z   KAOS_ACTOR: jorgecg646
job-data	Copy data files to web structure	2025-05-05T13:52:11.0623461Z ##[endgroup]
job-data	Copy data files to web structure	2025-05-05T13:52:11.0661363Z Reading data.json file...
job-data	Copy data files to web structure	2025-05-05T13:52:11.0661717Z Data file: core/web/data/data.json
job-data	Copy data files to web structure	2025-05-05T13:52:11.0689644Z Main folder is named: dashboard
job-data	Copy data files to web structure	2025-05-05T13:52:11.0715338Z Copied webs.json to data directory
job-data	Copy data files to web structure	2025-05-05T13:52:11.0716154Z Processing data files from data.json...
job-data	Copy data files to web structure	2025-05-05T13:52:11.0798318Z Source: core/outputs/w/kaos-issue.json
job-data	Copy data files to web structure	2025-05-05T13:52:11.0798928Z Destination: data/kaos-issue.json
job-data	Copy data files to web structure	2025-05-05T13:52:11.0819835Z Destination directory: core/results/webs/dashboard/data
job-data	Copy data files to web structure	2025-05-05T13:52:11.0820351Z Copying core/outputs/w/kaos-issue.json to core/results/webs/dashboard/data/kaos-issue.json
job-data	Copy data files to web structure	2025-05-05T13:52:11.0891470Z Source: core/outputs/w/kaos-repository-global-statistics.json
job-data	Copy data files to web structure	2025-05-05T13:52:11.0891930Z Destination: data/kaos-repository-global-statistics.json
job-data	Copy data files to web structure	2025-05-05T13:52:11.0914289Z Destination directory: core/results/webs/dashboard/data
job-data	Copy data files to web structure	2025-05-05T13:52:11.0915400Z Copying core/outputs/w/kaos-repository-global-statistics.json to core/results/webs/dashboard/data/kaos-repository-global-statistics.json
job-data	Copy data files to web structure	2025-05-05T13:52:11.0982940Z Source: core/outputs/w/kaos-repository-statistics.json
job-data	Copy data files to web structure	2025-05-05T13:52:11.1006132Z Destination: data/kaos-repository-statistics.json
job-data	Copy data files to web structure	2025-05-05T13:52:11.1006477Z Destination directory: core/results/webs/dashboard/data
job-data	Copy data files to web structure	2025-05-05T13:52:11.1006984Z Copying core/outputs/w/kaos-repository-statistics.json to core/results/webs/dashboard/data/kaos-repository-statistics.json
job-data	Copy data files to web structure	2025-05-05T13:52:11.1079606Z Source: core/outputs/w/kaos-workflows-available.json
job-data	Copy data files to web structure	2025-05-05T13:52:11.1080068Z Destination: data/kaos-workflows-available.json
job-data	Copy data files to web structure	2025-05-05T13:52:11.1101227Z Destination directory: core/results/webs/dashboard/data
job-data	Copy data files to web structure	2025-05-05T13:52:11.1102219Z Copying core/outputs/w/kaos-workflows-available.json to core/results/webs/dashboard/data/kaos-workflows-available.json
job-data	Copy data files to web structure	2025-05-05T13:52:11.1174004Z Source: core/outputs/w/kaos-workflows-runs.json
job-data	Copy data files to web structure	2025-05-05T13:52:11.1174485Z Destination: data/kaos-workflows-runs.json
job-data	Copy data files to web structure	2025-05-05T13:52:11.1194747Z Destination directory: core/results/webs/dashboard/data
job-data	Copy data files to web structure	2025-05-05T13:52:11.1195540Z Copying core/outputs/w/kaos-workflows-runs.json to core/results/webs/dashboard/data/kaos-workflows-runs.json
job-data	Copy data files to web structure	2025-05-05T13:52:11.1237990Z Data files copied successfully!
job-data	Copy data files to web structure	2025-05-05T13:52:11.1238356Z Copying section data files...
job-data	Copy data files to web structure	2025-05-05T13:52:11.1264470Z jq: error (at core/config/webs/webs.json:39): Cannot index array with string "data"
job-data	Copy data files to web structure	2025-05-05T13:52:11.1267168Z Generating data files summary...
job-data	Copy data files to web structure	2025-05-05T13:52:11.1314510Z Data files summary generated at core/outputs/webs/dashboard/data-files-summary.json
job-data	Upload Files	Ôªø2025-05-05T13:52:11.1339615Z ##[group]Run echo "Uploading data files to the repository..."
job-data	Upload Files	2025-05-05T13:52:11.1339958Z [36;1mecho "Uploading data files to the repository..."[0m
job-data	Upload Files	2025-05-05T13:52:11.1340420Z [36;1mgit config --global user.name "***"[0m
job-data	Upload Files	2025-05-05T13:52:11.1340684Z [36;1mgit config --global user.email "***"[0m
job-data	Upload Files	2025-05-05T13:52:11.1340898Z [36;1mgit pull[0m
job-data	Upload Files	2025-05-05T13:52:11.1341081Z [36;1m# Add the data files and summary[0m
job-data	Upload Files	2025-05-05T13:52:11.1341298Z [36;1mgit add core/results/webs/**/data/*[0m
job-data	Upload Files	2025-05-05T13:52:11.1341516Z [36;1mgit add core/outputs/webs/*[0m
job-data	Upload Files	2025-05-05T13:52:11.1341736Z [36;1m# Verify if there are changes to commit[0m
job-data	Upload Files	2025-05-05T13:52:11.1341966Z [36;1mif git diff --staged --quiet; then[0m
job-data	Upload Files	2025-05-05T13:52:11.1342213Z [36;1m  echo "No hay cambios para hacer commit"[0m
job-data	Upload Files	2025-05-05T13:52:11.1342425Z [36;1melse[0m
job-data	Upload Files	2025-05-05T13:52:11.1342649Z [36;1m  git commit -m "[Ka0S] Uploading data files to web structure..."[0m
job-data	Upload Files	2025-05-05T13:52:11.1342911Z [36;1m  git push origin refs/heads/main[0m
job-data	Upload Files	2025-05-05T13:52:11.1343144Z [36;1mfi[0m
job-data	Upload Files	2025-05-05T13:52:11.1348184Z shell: /usr/bin/bash -e {0}
job-data	Upload Files	2025-05-05T13:52:11.1348371Z env:
job-data	Upload Files	2025-05-05T13:52:11.1348534Z   KAOS_CODE: 14838100116
job-data	Upload Files	2025-05-05T13:52:11.1348726Z   KAOS_EVENT_NAME: workflow_dispatch
job-data	Upload Files	2025-05-05T13:52:11.1348925Z   KAOS_ACTION: 
job-data	Upload Files	2025-05-05T13:52:11.1349093Z   KAOS_REF: refs/heads/main
job-data	Upload Files	2025-05-05T13:52:11.1349284Z   KAOS_MODULE: [Ka0S] Deploy Web Structure
job-data	Upload Files	2025-05-05T13:52:11.1349502Z   KAOS_JSON_WEB: core/config/webs/webs.json
job-data	Upload Files	2025-05-05T13:52:11.1349719Z   KAOS_JSON_RESUME: core/outputs/webs/
job-data	Upload Files	2025-05-05T13:52:11.1349930Z   KAOS_JSON_DATA: core/web/data/data.json
job-data	Upload Files	2025-05-05T13:52:11.1350140Z   KAOS_WEB_STRUCTURE: core/results/webs/
job-data	Upload Files	2025-05-05T13:52:11.1350462Z   KAOS_ACTOR: jorgecg646
job-data	Upload Files	2025-05-05T13:52:11.1350635Z ##[endgroup]
job-data	Upload Files	2025-05-05T13:52:11.1373429Z Uploading data files to the repository...
job-data	Upload Files	2025-05-05T13:52:11.8511625Z Already up to date.
job-data	Upload Files	2025-05-05T13:52:11.9058382Z [main c88dde6b] [Ka0S] Uploading data files to web structure...
job-data	Upload Files	2025-05-05T13:52:11.9059100Z  1 file changed, 1 insertion(+), 1 deletion(-)
job-data	Upload Files	2025-05-05T13:52:12.7273998Z To https://github.com/Ka0s-Klaus/ka0s
job-data	Upload Files	2025-05-05T13:52:12.7274496Z    20ffa68d..c88dde6b  main -> main
job-data	Post Checkout repository	Ôªø2025-05-05T13:52:12.7379725Z Post job cleanup.
job-data	Post Checkout repository	2025-05-05T13:52:12.7893410Z [command]/usr/bin/git version
job-data	Post Checkout repository	2025-05-05T13:52:12.7922011Z git version 2.43.0
job-data	Post Checkout repository	2025-05-05T13:52:12.7960590Z Copying '/home/kaos/.gitconfig' to '/actions-runner/_work/_temp/192bfd5b-6386-4e2e-8374-b8c9ed9002e1/.gitconfig'
job-data	Post Checkout repository	2025-05-05T13:52:12.7973192Z Temporarily overriding HOME='/actions-runner/_work/_temp/192bfd5b-6386-4e2e-8374-b8c9ed9002e1' before making global git config changes
job-data	Post Checkout repository	2025-05-05T13:52:12.7973809Z Adding repository directory to the temporary git global config as a safe directory
job-data	Post Checkout repository	2025-05-05T13:52:12.7976734Z [command]/usr/bin/git config --global --add safe.directory /actions-runner/_work/ka0s/ka0s
job-data	Post Checkout repository	2025-05-05T13:52:12.8005949Z [command]/usr/bin/git config --local --name-only --get-regexp core\.sshCommand
job-data	Post Checkout repository	2025-05-05T13:52:12.8029061Z [command]/usr/bin/git submodule foreach --recursive sh -c "git config --local --name-only --get-regexp 'core\.sshCommand' && git config --local --unset-all 'core.sshCommand' || :"
job-data	Post Checkout repository	2025-05-05T13:52:12.8260083Z [command]/usr/bin/git config --local --name-only --get-regexp http\.https\:\/\/github\.com\/\.extraheader
job-data	Post Checkout repository	2025-05-05T13:52:12.8277079Z http.https://github.com/.extraheader
job-data	Post Checkout repository	2025-05-05T13:52:12.8286593Z [command]/usr/bin/git config --local --unset-all http.https://github.com/.extraheader
job-data	Post Checkout repository	2025-05-05T13:52:12.8309674Z [command]/usr/bin/git submodule foreach --recursive sh -c "git config --local --name-only --get-regexp 'http\.https\:\/\/github\.com\/\.extraheader' && git config --local --unset-all 'http.https://github.com/.extraheader' || :"
job-data	Complete job	Ôªø2025-05-05T13:52:12.8625976Z Cleaning up orphan processes
job-design	Set up job	Ôªø2025-05-05T13:52:21.3833757Z Current runner version: '2.323.0'
job-design	Set up job	2025-05-05T13:52:21.3837625Z Runner name: 'ka0s-9'
job-design	Set up job	2025-05-05T13:52:21.3838188Z Machine name: '26a53205c9ac'
job-design	Set up job	2025-05-05T13:52:21.3839578Z ##[group]GITHUB_TOKEN Permissions
job-design	Set up job	2025-05-05T13:52:21.3840945Z Contents: read
job-design	Set up job	2025-05-05T13:52:21.3841243Z Metadata: read
job-design	Set up job	2025-05-05T13:52:21.3841528Z Packages: read
job-design	Set up job	2025-05-05T13:52:21.3841808Z ##[endgroup]
job-design	Set up job	2025-05-05T13:52:21.3843246Z Secret source: Actions
job-design	Set up job	2025-05-05T13:52:21.3843618Z Prepare workflow directory
job-design	Set up job	2025-05-05T13:52:21.4216823Z Prepare all required actions
job-design	Set up job	2025-05-05T13:52:21.4244940Z Getting action download info
job-design	Set up job	2025-05-05T13:52:21.9317069Z Download action repository 'actions/checkout@v3' (SHA:f43a0e5ff2bd294095638e18286ca9a3d1956744)
job-design	Set up job	2025-05-05T13:52:22.7075878Z Complete job name: job-design
job-design	Checkout repository	Ôªø2025-05-05T13:52:22.7381428Z ##[group]Run actions/checkout@v3
job-design	Checkout repository	2025-05-05T13:52:22.7382005Z with:
job-design	Checkout repository	2025-05-05T13:52:22.7382384Z   fetch-depth: 0
job-design	Checkout repository	2025-05-05T13:52:22.7382883Z   token: ***
job-design	Checkout repository	2025-05-05T13:52:22.7383188Z   repository: Ka0s-Klaus/ka0s
job-design	Checkout repository	2025-05-05T13:52:22.7383590Z   ssh-strict: true
job-design	Checkout repository	2025-05-05T13:52:22.7383961Z   persist-credentials: true
job-design	Checkout repository	2025-05-05T13:52:22.7384309Z   clean: true
job-design	Checkout repository	2025-05-05T13:52:22.7384627Z   sparse-checkout-cone-mode: true
job-design	Checkout repository	2025-05-05T13:52:22.7384999Z   fetch-tags: false
job-design	Checkout repository	2025-05-05T13:52:22.7385308Z   lfs: false
job-design	Checkout repository	2025-05-05T13:52:22.7385600Z   submodules: false
job-design	Checkout repository	2025-05-05T13:52:22.7385929Z   set-safe-directory: true
job-design	Checkout repository	2025-05-05T13:52:22.7386398Z env:
job-design	Checkout repository	2025-05-05T13:52:22.7386694Z   KAOS_CODE: 14838100116
job-design	Checkout repository	2025-05-05T13:52:22.7387049Z   KAOS_EVENT_NAME: workflow_dispatch
job-design	Checkout repository	2025-05-05T13:52:22.7387437Z   KAOS_ACTION: 
job-design	Checkout repository	2025-05-05T13:52:22.7387742Z   KAOS_REF: refs/heads/main
job-design	Checkout repository	2025-05-05T13:52:22.7388113Z   KAOS_MODULE: [Ka0S] Deploy Web Structure
job-design	Checkout repository	2025-05-05T13:52:22.7388542Z   KAOS_JSON_WEB: core/config/webs/webs.json
job-design	Checkout repository	2025-05-05T13:52:22.7388982Z   KAOS_JSON_RESUME: core/outputs/webs/
job-design	Checkout repository	2025-05-05T13:52:22.7389389Z   KAOS_JSON_DATA: core/web/data/data.json
job-design	Checkout repository	2025-05-05T13:52:22.7389803Z   KAOS_WEB_STRUCTURE: core/results/webs/
job-design	Checkout repository	2025-05-05T13:52:22.7390206Z   KAOS_ACTOR: jorgecg646
job-design	Checkout repository	2025-05-05T13:52:22.7390535Z ##[endgroup]
job-design	Checkout repository	2025-05-05T13:52:22.7958896Z Syncing repository: Ka0s-Klaus/ka0s
job-design	Checkout repository	2025-05-05T13:52:22.7960878Z ##[group]Getting Git version info
job-design	Checkout repository	2025-05-05T13:52:22.7961689Z Working directory is '/actions-runner/_work/ka0s/ka0s'
job-design	Checkout repository	2025-05-05T13:52:22.7962770Z [command]/usr/bin/git version
job-design	Checkout repository	2025-05-05T13:52:22.7963518Z git version 2.43.0
job-design	Checkout repository	2025-05-05T13:52:22.7974435Z ##[endgroup]
job-design	Checkout repository	2025-05-05T13:52:22.7985704Z Copying '/home/kaos/.gitconfig' to '/actions-runner/_work/_temp/5cf56f93-c3d5-4a37-ad1a-ae5d5091722f/.gitconfig'
job-design	Checkout repository	2025-05-05T13:52:22.7997727Z Temporarily overriding HOME='/actions-runner/_work/_temp/5cf56f93-c3d5-4a37-ad1a-ae5d5091722f' before making global git config changes
job-design	Checkout repository	2025-05-05T13:52:22.7999309Z Adding repository directory to the temporary git global config as a safe directory
job-design	Checkout repository	2025-05-05T13:52:22.8000649Z [command]/usr/bin/git config --global --add safe.directory /actions-runner/_work/ka0s/ka0s
job-design	Checkout repository	2025-05-05T13:52:22.8026878Z [command]/usr/bin/git config --local --get remote.origin.url
job-design	Checkout repository	2025-05-05T13:52:22.8042545Z https://github.com/Ka0s-Klaus/ka0s
job-design	Checkout repository	2025-05-05T13:52:22.8062339Z ##[group]Removing previously created refs, to avoid conflicts
job-design	Checkout repository	2025-05-05T13:52:22.8065050Z [command]/usr/bin/git rev-parse --symbolic-full-name --verify --quiet HEAD
job-design	Checkout repository	2025-05-05T13:52:22.8082598Z refs/heads/main
job-design	Checkout repository	2025-05-05T13:52:22.8090654Z [command]/usr/bin/git checkout --detach
job-design	Checkout repository	2025-05-05T13:52:22.8315762Z HEAD is now at c88dde6b [Ka0S] Uploading data files to web structure...
job-design	Checkout repository	2025-05-05T13:52:22.8344869Z [command]/usr/bin/git branch --delete --force main
job-design	Checkout repository	2025-05-05T13:52:22.8374800Z Deleted branch main (was c88dde6b).
job-design	Checkout repository	2025-05-05T13:52:22.8426515Z ##[endgroup]
job-design	Checkout repository	2025-05-05T13:52:22.8427276Z [command]/usr/bin/git submodule status
job-design	Checkout repository	2025-05-05T13:52:22.8655712Z ##[group]Cleaning the repository
job-design	Checkout repository	2025-05-05T13:52:22.8656633Z [command]/usr/bin/git clean -ffdx
job-design	Checkout repository	2025-05-05T13:52:22.8703343Z [command]/usr/bin/git reset --hard HEAD
job-design	Checkout repository	2025-05-05T13:52:22.8854523Z HEAD is now at c88dde6b [Ka0S] Uploading data files to web structure...
job-design	Checkout repository	2025-05-05T13:52:22.8857066Z ##[endgroup]
job-design	Checkout repository	2025-05-05T13:52:22.8857924Z ##[group]Disabling automatic garbage collection
job-design	Checkout repository	2025-05-05T13:52:22.8859570Z [command]/usr/bin/git config --local gc.auto 0
job-design	Checkout repository	2025-05-05T13:52:22.8884295Z ##[endgroup]
job-design	Checkout repository	2025-05-05T13:52:22.8885143Z ##[group]Setting up auth
job-design	Checkout repository	2025-05-05T13:52:22.8885834Z [command]/usr/bin/git config --local --name-only --get-regexp core\.sshCommand
job-design	Checkout repository	2025-05-05T13:52:22.8909366Z [command]/usr/bin/git submodule foreach --recursive sh -c "git config --local --name-only --get-regexp 'core\.sshCommand' && git config --local --unset-all 'core.sshCommand' || :"
job-design	Checkout repository	2025-05-05T13:52:22.9139970Z [command]/usr/bin/git config --local --name-only --get-regexp http\.https\:\/\/github\.com\/\.extraheader
job-design	Checkout repository	2025-05-05T13:52:22.9158774Z [command]/usr/bin/git submodule foreach --recursive sh -c "git config --local --name-only --get-regexp 'http\.https\:\/\/github\.com\/\.extraheader' && git config --local --unset-all 'http.https://github.com/.extraheader' || :"
job-design	Checkout repository	2025-05-05T13:52:22.9378899Z [command]/usr/bin/git config --local http.https://github.com/.extraheader AUTHORIZATION: basic ***
job-design	Checkout repository	2025-05-05T13:52:22.9416114Z ##[endgroup]
job-design	Checkout repository	2025-05-05T13:52:22.9417767Z ##[group]Fetching the repository
job-design	Checkout repository	2025-05-05T13:52:22.9419491Z [command]/usr/bin/git -c protocol.version=2 fetch --prune --progress --no-recurse-submodules origin +refs/heads/*:refs/remotes/origin/* +refs/tags/*:refs/tags/*
job-design	Checkout repository	2025-05-05T13:52:23.4440787Z [command]/usr/bin/git branch --list --remote origin/main
job-design	Checkout repository	2025-05-05T13:52:23.4465356Z   origin/main
job-design	Checkout repository	2025-05-05T13:52:23.4470656Z [command]/usr/bin/git rev-parse refs/remotes/origin/main
job-design	Checkout repository	2025-05-05T13:52:23.4489223Z c88dde6b7e15049ddaef556c416d4909a23ddf40
job-design	Checkout repository	2025-05-05T13:52:23.4499062Z [command]/usr/bin/git -c protocol.version=2 fetch --no-tags --prune --progress --no-recurse-submodules origin +20ffa68dfb3ee7ae81c67e3f67196d8c3748bd3a:refs/remotes/origin/main
job-design	Checkout repository	2025-05-05T13:52:23.4601474Z From https://github.com/Ka0s-Klaus/ka0s
job-design	Checkout repository	2025-05-05T13:52:23.4603665Z  + c88dde6b...20ffa68d 20ffa68dfb3ee7ae81c67e3f67196d8c3748bd3a -> origin/main  (forced update)
job-design	Checkout repository	2025-05-05T13:52:23.4623032Z ##[endgroup]
job-design	Checkout repository	2025-05-05T13:52:23.4624703Z ##[group]Determining the checkout info
job-design	Checkout repository	2025-05-05T13:52:23.4626423Z ##[endgroup]
job-design	Checkout repository	2025-05-05T13:52:23.4627836Z ##[group]Checking out the ref
job-design	Checkout repository	2025-05-05T13:52:23.4629439Z [command]/usr/bin/git checkout --progress --force -B main refs/remotes/origin/main
job-design	Checkout repository	2025-05-05T13:52:23.4741869Z Warning: you are leaving 1 commit behind, not connected to
job-design	Checkout repository	2025-05-05T13:52:23.4743835Z any of your branches:
job-design	Checkout repository	2025-05-05T13:52:23.4744559Z 
job-design	Checkout repository	2025-05-05T13:52:23.4745224Z   c88dde6b [Ka0S] Uploading data files to web structure...
job-design	Checkout repository	2025-05-05T13:52:23.4746225Z 
job-design	Checkout repository	2025-05-05T13:52:23.4747071Z If you want to keep it by creating a new branch, this may be a good time
job-design	Checkout repository	2025-05-05T13:52:23.4764632Z to do so with:
job-design	Checkout repository	2025-05-05T13:52:23.4765347Z 
job-design	Checkout repository	2025-05-05T13:52:23.4765984Z  git branch <new-branch-name> c88dde6b
job-design	Checkout repository	2025-05-05T13:52:23.4766951Z 
job-design	Checkout repository	2025-05-05T13:52:23.4767558Z Switched to a new branch 'main'
job-design	Checkout repository	2025-05-05T13:52:23.4768987Z branch 'main' set up to track 'origin/main'.
job-design	Checkout repository	2025-05-05T13:52:23.4772860Z ##[endgroup]
job-design	Checkout repository	2025-05-05T13:52:23.4782698Z [command]/usr/bin/git log -1 --format='%H'
job-design	Checkout repository	2025-05-05T13:52:23.4808962Z '20ffa68dfb3ee7ae81c67e3f67196d8c3748bd3a'
job-design	Copiar scripts JS a dashboard/js	Ôªø2025-05-05T13:52:23.5004950Z ##[group]Run mkdir -p core/results/webs/dashboard/js
job-design	Copiar scripts JS a dashboard/js	2025-05-05T13:52:23.5006331Z [36;1mmkdir -p core/results/webs/dashboard/js[0m
job-design	Copiar scripts JS a dashboard/js	2025-05-05T13:52:23.5007760Z [36;1mcp core/web/js/data-list.js core/results/webs/dashboard/js/data-list.js[0m
job-design	Copiar scripts JS a dashboard/js	2025-05-05T13:52:23.5009458Z [36;1mcp core/web/js/graphic.js core/results/webs/dashboard/js/graphic.js[0m
job-design	Copiar scripts JS a dashboard/js	2025-05-05T13:52:23.5011112Z [36;1mcp core/web/js/navbar.js core/results/webs/dashboard/js/navbar.js[0m
job-design	Copiar scripts JS a dashboard/js	2025-05-05T13:52:23.5019656Z shell: /usr/bin/bash -e {0}
job-design	Copiar scripts JS a dashboard/js	2025-05-05T13:52:23.5020488Z env:
job-design	Copiar scripts JS a dashboard/js	2025-05-05T13:52:23.5021140Z   KAOS_CODE: 14838100116
job-design	Copiar scripts JS a dashboard/js	2025-05-05T13:52:23.5021940Z   KAOS_EVENT_NAME: workflow_dispatch
job-design	Copiar scripts JS a dashboard/js	2025-05-05T13:52:23.5023134Z   KAOS_ACTION: 
job-design	Copiar scripts JS a dashboard/js	2025-05-05T13:52:23.5023837Z   KAOS_REF: refs/heads/main
job-design	Copiar scripts JS a dashboard/js	2025-05-05T13:52:23.5024727Z   KAOS_MODULE: [Ka0S] Deploy Web Structure
job-design	Copiar scripts JS a dashboard/js	2025-05-05T13:52:23.5025729Z   KAOS_JSON_WEB: core/config/webs/webs.json
job-design	Copiar scripts JS a dashboard/js	2025-05-05T13:52:23.5026704Z   KAOS_JSON_RESUME: core/outputs/webs/
job-design	Copiar scripts JS a dashboard/js	2025-05-05T13:52:23.5027631Z   KAOS_JSON_DATA: core/web/data/data.json
job-design	Copiar scripts JS a dashboard/js	2025-05-05T13:52:23.5028624Z   KAOS_WEB_STRUCTURE: core/results/webs/
job-design	Copiar scripts JS a dashboard/js	2025-05-05T13:52:23.5029545Z   KAOS_ACTOR: jorgecg646
job-design	Copiar scripts JS a dashboard/js	2025-05-05T13:52:23.5030298Z ##[endgroup]
job-design	Copiar navbar.html a dashboard/templates	Ôªø2025-05-05T13:52:23.5177068Z ##[group]Run mkdir -p core/results/webs/dashboard/templates
job-design	Copiar navbar.html a dashboard/templates	2025-05-05T13:52:23.5178900Z [36;1mmkdir -p core/results/webs/dashboard/templates[0m
job-design	Copiar navbar.html a dashboard/templates	2025-05-05T13:52:23.5180477Z [36;1mcp core/web/templates/navbar.html core/results/webs/dashboard/templates/navbar.html[0m
job-design	Copiar navbar.html a dashboard/templates	2025-05-05T13:52:23.5182152Z [36;1mecho "Generando HTML de secciones seg√∫n su JSON..."[0m
job-design	Copiar navbar.html a dashboard/templates	2025-05-05T13:52:23.5183473Z [36;1mSTRUCTURE_FILE="core/config/webs/webs.json"[0m
job-design	Copiar navbar.html a dashboard/templates	2025-05-05T13:52:23.5184901Z [36;1mTITLE=$(jq -r '.title' $STRUCTURE_FILE)[0m
job-design	Copiar navbar.html a dashboard/templates	2025-05-05T13:52:23.5185974Z [36;1m[0m
job-design	Copiar navbar.html a dashboard/templates	2025-05-05T13:52:23.5186737Z [36;1m# Procesar cada secci√≥n en el archivo webs.json[0m
job-design	Copiar navbar.html a dashboard/templates	2025-05-05T13:52:23.5188925Z [36;1mjq -r 'to_entries | .[] | select(.key | startswith("section")) | [.key, .value.title, .value.data] | @tsv' $STRUCTURE_FILE | while IFS=$'\t' read -r section_key section_title section_data; do[0m
job-design	Copiar navbar.html a dashboard/templates	2025-05-05T13:52:23.5191333Z [36;1m  echo "Procesando secci√≥n: $section_key - $section_title - $section_data"[0m
job-design	Copiar navbar.html a dashboard/templates	2025-05-05T13:52:23.5192559Z [36;1m  [0m
job-design	Copiar navbar.html a dashboard/templates	2025-05-05T13:52:23.5193565Z [36;1m  if [ ! -z "$section_data" ] && [ -f "$section_data" ]; then[0m
job-design	Copiar navbar.html a dashboard/templates	2025-05-05T13:52:23.5195498Z [36;1m    SECTION_HTML="core/results/webs/${TITLE}/structure/${section_title}/${section_title}.html"[0m
job-design	Copiar navbar.html a dashboard/templates	2025-05-05T13:52:23.5196910Z [36;1m    [0m
job-design	Copiar navbar.html a dashboard/templates	2025-05-05T13:52:23.5197764Z [36;1m    # Extraer t√≠tulo de la secci√≥n desde el archivo JSON de datos[0m
job-design	Copiar navbar.html a dashboard/templates	2025-05-05T13:52:23.5198959Z [36;1m    SECTION_TITLE=$(jq -r '.title' "$section_data")[0m
job-design	Copiar navbar.html a dashboard/templates	2025-05-05T13:52:23.5199897Z [36;1m    [0m
job-design	Copiar navbar.html a dashboard/templates	2025-05-05T13:52:23.5200537Z [36;1m    # Leer la plantilla HTML[0m
job-design	Copiar navbar.html a dashboard/templates	2025-05-05T13:52:23.5201585Z [36;1m    TEMPLATE_HTML="core/web/templates/section-template.html"[0m
job-design	Copiar navbar.html a dashboard/templates	2025-05-05T13:52:23.5202687Z [36;1m    if [ -f "$TEMPLATE_HTML" ]; then[0m
job-design	Copiar navbar.html a dashboard/templates	2025-05-05T13:52:23.5203814Z [36;1m      # Copiar la plantilla al destino[0m
job-design	Copiar navbar.html a dashboard/templates	2025-05-05T13:52:23.5205090Z [36;1m      mkdir -p "$(dirname "$SECTION_HTML")"[0m
job-design	Copiar navbar.html a dashboard/templates	2025-05-05T13:52:23.5206208Z [36;1m      cp "$TEMPLATE_HTML" "$SECTION_HTML"[0m
job-design	Copiar navbar.html a dashboard/templates	2025-05-05T13:52:23.5207087Z [36;1m      [0m
job-design	Copiar navbar.html a dashboard/templates	2025-05-05T13:52:23.5207897Z [36;1m      # Reemplazar los placeholders con los valores reales[0m
job-design	Copiar navbar.html a dashboard/templates	2025-05-05T13:52:23.5209246Z [36;1m      sed -i "s/SECTION_TITLE_PLACEHOLDER/$SECTION_TITLE/g" "$SECTION_HTML"[0m
job-design	Copiar navbar.html a dashboard/templates	2025-05-05T13:52:23.5210393Z [36;1m      [0m
job-design	Copiar navbar.html a dashboard/templates	2025-05-05T13:52:23.5211330Z [36;1m      # Comprobar si hay un placeholder para lista de secci√≥n y procesarlo[0m
job-design	Copiar navbar.html a dashboard/templates	2025-05-05T13:52:23.5212683Z [36;1m      if grep -q "SECTION_LIST_PLACEHOLDER" "$SECTION_HTML"; then[0m
job-design	Copiar navbar.html a dashboard/templates	2025-05-05T13:52:23.5214300Z [36;1m        echo "Encontrado placeholder para lista de secci√≥n, procesando..."[0m
job-design	Copiar navbar.html a dashboard/templates	2025-05-05T13:52:23.5216095Z [36;1m        # Verificar si el JSON de la secci√≥n tiene una lista en sus templates[0m
job-design	Copiar navbar.html a dashboard/templates	2025-05-05T13:52:23.5217530Z [36;1m        if jq -e '.templates[] | select(.type == "list")' "$section_data" > /dev/null; then[0m
job-design	Copiar navbar.html a dashboard/templates	2025-05-05T13:52:23.5218785Z [36;1m          # Obtener el primer template de tipo list[0m
job-design	Copiar navbar.html a dashboard/templates	2025-05-05T13:52:23.5220164Z [36;1m          LIST_TEMPLATE_JSON=$(jq -c '.templates[] | select(.type == "list")' "$section_data" | head -1)[0m
job-design	Copiar navbar.html a dashboard/templates	2025-05-05T13:52:23.5221644Z [36;1m          LIST_TITLE=$(echo "$LIST_TEMPLATE_JSON" | jq -r '.title')[0m
job-design	Copiar navbar.html a dashboard/templates	2025-05-05T13:52:23.5223059Z [36;1m          LIST_DATA_SOURCE=$(echo "$LIST_TEMPLATE_JSON" | jq -r '.dataSource')[0m
job-design	Copiar navbar.html a dashboard/templates	2025-05-05T13:52:23.5224453Z [36;1m          [0m
job-design	Copiar navbar.html a dashboard/templates	2025-05-05T13:52:23.5225295Z [36;1m          # Leer la plantilla de lista[0m
job-design	Copiar navbar.html a dashboard/templates	2025-05-05T13:52:23.5226606Z [36;1m          LIST_TEMPLATE=$(cat core/web/templates/data-list.html)[0m
job-design	Copiar navbar.html a dashboard/templates	2025-05-05T13:52:23.5227597Z [36;1m          [0m
job-design	Copiar navbar.html a dashboard/templates	2025-05-05T13:52:23.5228532Z [36;1m          # Crear un archivo temporal con la plantilla de lista modificada[0m
job-design	Copiar navbar.html a dashboard/templates	2025-05-05T13:52:23.5229640Z [36;1m          TEMP_LIST=$(mktemp)[0m
job-design	Copiar navbar.html a dashboard/templates	2025-05-05T13:52:23.5230545Z [36;1m          cat core/web/templates/data-list.html | [0m
job-design	Copiar navbar.html a dashboard/templates	2025-05-05T13:52:23.5231560Z [36;1m            sed "s|{{TEMPLATE_TITLE}}|$LIST_TITLE|g" | [0m
job-design	Copiar navbar.html a dashboard/templates	2025-05-05T13:52:23.5232789Z [36;1m            sed "s|{{DATA_SOURCE}}|$LIST_DATA_SOURCE|g" > "$TEMP_LIST"[0m
job-design	Copiar navbar.html a dashboard/templates	2025-05-05T13:52:23.5234349Z [36;1m          [0m
job-design	Copiar navbar.html a dashboard/templates	2025-05-05T13:52:23.5235385Z [36;1m          # Crear un archivo temporal para el resultado final[0m
job-design	Copiar navbar.html a dashboard/templates	2025-05-05T13:52:23.5236554Z [36;1m          TEMP_RESULT=$(mktemp)[0m
job-design	Copiar navbar.html a dashboard/templates	2025-05-05T13:52:23.5237335Z [36;1m          [0m
job-design	Copiar navbar.html a dashboard/templates	2025-05-05T13:52:23.5238384Z [36;1m          # Usar awk para reemplazar el placeholder con el contenido del archivo temporal[0m
job-design	Copiar navbar.html a dashboard/templates	2025-05-05T13:52:23.5240095Z [36;1m          awk -v placeholder="SECTION_LIST_PLACEHOLDER" -v replacement="$(cat $TEMP_LIST)" '{[0m
job-design	Copiar navbar.html a dashboard/templates	2025-05-05T13:52:23.5241436Z [36;1m            gsub(placeholder, replacement)[0m
job-design	Copiar navbar.html a dashboard/templates	2025-05-05T13:52:23.5242295Z [36;1m            print[0m
job-design	Copiar navbar.html a dashboard/templates	2025-05-05T13:52:23.5243167Z [36;1m          }' "$SECTION_HTML" > "$TEMP_RESULT"[0m
job-design	Copiar navbar.html a dashboard/templates	2025-05-05T13:52:23.5244247Z [36;1m          [0m
job-design	Copiar navbar.html a dashboard/templates	2025-05-05T13:52:23.5245206Z [36;1m          # Mover el resultado al archivo final[0m
job-design	Copiar navbar.html a dashboard/templates	2025-05-05T13:52:23.5246210Z [36;1m          mv "$TEMP_RESULT" "$SECTION_HTML"[0m
job-design	Copiar navbar.html a dashboard/templates	2025-05-05T13:52:23.5247053Z [36;1m          [0m
job-design	Copiar navbar.html a dashboard/templates	2025-05-05T13:52:23.5247765Z [36;1m          # Limpiar archivos temporales[0m
job-design	Copiar navbar.html a dashboard/templates	2025-05-05T13:52:23.5248643Z [36;1m          rm -f "$TEMP_LIST"[0m
job-design	Copiar navbar.html a dashboard/templates	2025-05-05T13:52:23.5249412Z [36;1m          [0m
job-design	Copiar navbar.html a dashboard/templates	2025-05-05T13:52:23.5250213Z [36;1m          echo "A√±adido componente de lista a la secci√≥n"[0m
job-design	Copiar navbar.html a dashboard/templates	2025-05-05T13:52:23.5251173Z [36;1m        else[0m
job-design	Copiar navbar.html a dashboard/templates	2025-05-05T13:52:23.5252166Z [36;1m          echo "La secci√≥n no tiene una lista definida, eliminando placeholder"[0m
job-design	Copiar navbar.html a dashboard/templates	2025-05-05T13:52:23.5253557Z [36;1m          sed -i "s|SECTION_LIST_PLACEHOLDER||g" "$SECTION_HTML"[0m
job-design	Copiar navbar.html a dashboard/templates	2025-05-05T13:52:23.5254830Z [36;1m        fi[0m
job-design	Copiar navbar.html a dashboard/templates	2025-05-05T13:52:23.5255562Z [36;1m      fi[0m
job-design	Copiar navbar.html a dashboard/templates	2025-05-05T13:52:23.5256224Z [36;1m      [0m
job-design	Copiar navbar.html a dashboard/templates	2025-05-05T13:52:23.5257088Z [36;1m      # Procesar templates y reemplazar el placeholder de templates[0m
job-design	Copiar navbar.html a dashboard/templates	2025-05-05T13:52:23.5258171Z [36;1m      TEMPLATES_HTML=""[0m
job-design	Copiar navbar.html a dashboard/templates	2025-05-05T13:52:23.5259182Z [36;1m      jq -c '.templates[]' "$section_data" | while read -r template; do[0m
job-design	Copiar navbar.html a dashboard/templates	2025-05-05T13:52:23.5260325Z [36;1m        TYPE=$(echo $template | jq -r '.type')[0m
job-design	Copiar navbar.html a dashboard/templates	2025-05-05T13:52:23.5261268Z [36;1m        TITLE=$(echo $template | jq -r '.title')[0m
job-design	Copiar navbar.html a dashboard/templates	2025-05-05T13:52:23.5262301Z [36;1m        DATA_SOURCE=$(echo $template | jq -r '.dataSource')[0m
job-design	Copiar navbar.html a dashboard/templates	2025-05-05T13:52:23.5263325Z [36;1m        [0m
job-design	Copiar navbar.html a dashboard/templates	2025-05-05T13:52:23.5264256Z [36;1m        if [ "$TYPE" = "graphic" ]; then[0m
job-design	Copiar navbar.html a dashboard/templates	2025-05-05T13:52:23.5265353Z [36;1m          # Leer la plantilla de gr√°fico[0m
job-design	Copiar navbar.html a dashboard/templates	2025-05-05T13:52:23.5266416Z [36;1m          GRAPHIC_TEMPLATE=$(cat core/web/templates/graphic.html)[0m
job-design	Copiar navbar.html a dashboard/templates	2025-05-05T13:52:23.5267535Z [36;1m          # Reemplazar placeholders en la plantilla[0m
job-design	Copiar navbar.html a dashboard/templates	2025-05-05T13:52:23.5268906Z [36;1m          GRAPHIC_TEMPLATE=$(echo "$GRAPHIC_TEMPLATE" | sed "s/GRAPHIC_TITLE_PLACEHOLDER/$TITLE/g")[0m
job-design	Copiar navbar.html a dashboard/templates	2025-05-05T13:52:23.5270688Z [36;1m          GRAPHIC_TEMPLATE=$(echo "$GRAPHIC_TEMPLATE" | sed "s|DATA_SOURCE_PLACEHOLDER|$DATA_SOURCE|g")[0m
job-design	Copiar navbar.html a dashboard/templates	2025-05-05T13:52:23.5272095Z [36;1m          TEMPLATES_HTML+="$GRAPHIC_TEMPLATE"[0m
job-design	Copiar navbar.html a dashboard/templates	2025-05-05T13:52:23.5273387Z [36;1m          # A√±adir referencia a Chart.js antes del script graphic.js[0m
job-design	Copiar navbar.html a dashboard/templates	2025-05-05T13:52:23.5275250Z [36;1m          TEMPLATES_HTML+="<script src=\"https://cdn.jsdelivr.net/npm/chart.js\"></script>"[0m
job-design	Copiar navbar.html a dashboard/templates	2025-05-05T13:52:23.5276959Z [36;1m          # Modificar la forma de incluir el script para que pueda recibir el data-source[0m
job-design	Copiar navbar.html a dashboard/templates	2025-05-05T13:52:23.5278861Z [36;1m          TEMPLATES_HTML+="<script src=\"../../js/graphic.js\" id=\"graphic-script\" data-source=\"$DATA_SOURCE\"></script>"[0m
job-design	Copiar navbar.html a dashboard/templates	2025-05-05T13:52:23.5280326Z [36;1m        elif [ "$TYPE" = "list" ]; then[0m
job-design	Copiar navbar.html a dashboard/templates	2025-05-05T13:52:23.5281202Z [36;1m          # Leer la plantilla de lista[0m
job-design	Copiar navbar.html a dashboard/templates	2025-05-05T13:52:23.5282205Z [36;1m          LIST_TEMPLATE=$(cat core/web/templates/data-list.html)[0m
job-design	Copiar navbar.html a dashboard/templates	2025-05-05T13:52:23.5283519Z [36;1m          # Reemplazar placeholders en la plantilla[0m
job-design	Copiar navbar.html a dashboard/templates	2025-05-05T13:52:23.5285105Z [36;1m          LIST_TEMPLATE=$(echo "$LIST_TEMPLATE" | sed "s/LIST_TITLE_PLACEHOLDER/$TITLE/g")[0m
job-design	Copiar navbar.html a dashboard/templates	2025-05-05T13:52:23.5286728Z [36;1m          LIST_TEMPLATE=$(echo "$LIST_TEMPLATE" | sed "s|DATA_SOURCE_PLACEHOLDER|$DATA_SOURCE|g")[0m
job-design	Copiar navbar.html a dashboard/templates	2025-05-05T13:52:23.5288042Z [36;1m          TEMPLATES_HTML+="$LIST_TEMPLATE"[0m
job-design	Copiar navbar.html a dashboard/templates	2025-05-05T13:52:23.5289362Z [36;1m          TEMPLATES_HTML+="<script src=\"../../js/data-list.js\" data-source=\"$DATA_SOURCE\"></script>"[0m
job-design	Copiar navbar.html a dashboard/templates	2025-05-05T13:52:23.5290616Z [36;1m        fi[0m
job-design	Copiar navbar.html a dashboard/templates	2025-05-05T13:52:23.5291247Z [36;1m      done[0m
job-design	Copiar navbar.html a dashboard/templates	2025-05-05T13:52:23.5291860Z [36;1m      [0m
job-design	Copiar navbar.html a dashboard/templates	2025-05-05T13:52:23.5292792Z [36;1m      # Reemplazar el placeholder de templates con el HTML generado[0m
job-design	Copiar navbar.html a dashboard/templates	2025-05-05T13:52:23.5294834Z [36;1m      awk -v r="$TEMPLATES_HTML" '{gsub("<!-- TEMPLATES_PLACEHOLDER -->", r)} 1' "$SECTION_HTML" > temp && mv temp "$SECTION_HTML"[0m
job-design	Copiar navbar.html a dashboard/templates	2025-05-05T13:52:23.5296507Z [36;1m      [0m
job-design	Copiar navbar.html a dashboard/templates	2025-05-05T13:52:23.5297257Z [36;1m      echo "Generado $SECTION_HTML"[0m
job-design	Copiar navbar.html a dashboard/templates	2025-05-05T13:52:23.5298661Z [36;1m      # Almacenar cada secci√≥n en un directorio temporal para concatenarlas despu√©s[0m
job-design	Copiar navbar.html a dashboard/templates	2025-05-05T13:52:23.5300200Z [36;1m      mkdir -p "core/results/webs/${TITLE}/temp_sections"[0m
job-design	Copiar navbar.html a dashboard/templates	2025-05-05T13:52:23.5301780Z [36;1m      cp "$SECTION_HTML" "core/results/webs/${TITLE}/temp_sections/${section_title}.html"[0m
job-design	Copiar navbar.html a dashboard/templates	2025-05-05T13:52:23.5303163Z [36;1m    else[0m
job-design	Copiar navbar.html a dashboard/templates	2025-05-05T13:52:23.5304298Z [36;1m      echo "Error: No se encontro la plantilla HTML en $TEMPLATE_HTML"[0m
job-design	Copiar navbar.html a dashboard/templates	2025-05-05T13:52:23.5305555Z [36;1m    fi[0m
job-design	Copiar navbar.html a dashboard/templates	2025-05-05T13:52:23.5306151Z [36;1m  else[0m
job-design	Copiar navbar.html a dashboard/templates	2025-05-05T13:52:23.5307068Z [36;1m    echo "No se encontr√≥ el archivo de datos para la secci√≥n: $section_data"[0m
job-design	Copiar navbar.html a dashboard/templates	2025-05-05T13:52:23.5308194Z [36;1m  fi[0m
job-design	Copiar navbar.html a dashboard/templates	2025-05-05T13:52:23.5308780Z [36;1mdone[0m
job-design	Copiar navbar.html a dashboard/templates	2025-05-05T13:52:23.5309358Z [36;1m[0m
job-design	Copiar navbar.html a dashboard/templates	2025-05-05T13:52:23.5310321Z [36;1m# Crear el dashboard.html con todas las secciones concatenadas y la navbar[0m
job-design	Copiar navbar.html a dashboard/templates	2025-05-05T13:52:23.5311471Z [36;1mecho "<!DOCTYPE html>[0m
job-design	Copiar navbar.html a dashboard/templates	2025-05-05T13:52:23.5312248Z [36;1m<html lang=\"es\">[0m
job-design	Copiar navbar.html a dashboard/templates	2025-05-05T13:52:23.5313100Z [36;1m<head>[0m
job-design	Copiar navbar.html a dashboard/templates	2025-05-05T13:52:23.5313852Z [36;1m    <meta charset=\"UTF-8\">[0m
job-design	Copiar navbar.html a dashboard/templates	2025-05-05T13:52:23.5315390Z [36;1m    <meta name=\"viewport\" content=\"width=device-width, initial-scale=1.0\">[0m
job-design	Copiar navbar.html a dashboard/templates	2025-05-05T13:52:23.5316699Z [36;1m    <title>Ka0s Dashboard - ${TITLE}</title>[0m
job-design	Copiar navbar.html a dashboard/templates	2025-05-05T13:52:23.5317740Z [36;1m    <script src=\"https://cdn.tailwindcss.com\"></script>[0m
job-design	Copiar navbar.html a dashboard/templates	2025-05-05T13:52:23.5319329Z [36;1m    <link rel=\"stylesheet\" href=\"https://cdnjs.cloudflare.com/ajax/libs/font-awesome/6.4.0/css/all.min.css\">[0m
job-design	Copiar navbar.html a dashboard/templates	2025-05-05T13:52:23.5320720Z [36;1m</head>[0m
job-design	Copiar navbar.html a dashboard/templates	2025-05-05T13:52:23.5321351Z [36;1m<body class=\"bg-gray-50\">[0m
job-design	Copiar navbar.html a dashboard/templates	2025-05-05T13:52:23.5322188Z [36;1m    <!-- Incluir la navbar -->[0m
job-design	Copiar navbar.html a dashboard/templates	2025-05-05T13:52:23.5323098Z [36;1m    <div id=\"navbar-container\"></div>[0m
job-design	Copiar navbar.html a dashboard/templates	2025-05-05T13:52:23.5324138Z [36;1m    [0m
job-design	Copiar navbar.html a dashboard/templates	2025-05-05T13:52:23.5325400Z [36;1m    <div id=\"main-content\" class=\"ml-[250px] transition-all duration-300\">[0m
job-design	Copiar navbar.html a dashboard/templates	2025-05-05T13:52:23.5326805Z [36;1m        <div class=\"container mx-auto px-4 py-8\">[0m
job-design	Copiar navbar.html a dashboard/templates	2025-05-05T13:52:23.5327913Z [36;1m            <header class=\"py-3 mb-4 border-b border-gray-200\">[0m
job-design	Copiar navbar.html a dashboard/templates	2025-05-05T13:52:23.5329030Z [36;1m                <div class=\"flex items-center\">[0m
job-design	Copiar navbar.html a dashboard/templates	2025-05-05T13:52:23.5330161Z [36;1m                    <h1 class=\"text-2xl font-bold text-gray-800\">${TITLE}</h1>[0m
job-design	Copiar navbar.html a dashboard/templates	2025-05-05T13:52:23.5331296Z [36;1m                </div>[0m
job-design	Copiar navbar.html a dashboard/templates	2025-05-05T13:52:23.5332099Z [36;1m            </header>[0m
job-design	Copiar navbar.html a dashboard/templates	2025-05-05T13:52:23.5333277Z [36;1m            <div class=\"dashboard-content\">" > "core/results/webs/${TITLE}/dashboard.html"[0m
job-design	Copiar navbar.html a dashboard/templates	2025-05-05T13:52:23.5334831Z [36;1m        [0m
job-design	Copiar navbar.html a dashboard/templates	2025-05-05T13:52:23.5335711Z [36;1m        # Concatenar todas las secciones[0m
job-design	Copiar navbar.html a dashboard/templates	2025-05-05T13:52:23.5336787Z [36;1m        if [ -d "core/results/webs/${TITLE}/temp_sections" ]; then[0m
job-design	Copiar navbar.html a dashboard/templates	2025-05-05T13:52:23.5338133Z [36;1m          for section_file in "core/results/webs/${TITLE}/temp_sections"/*.html; do[0m
job-design	Copiar navbar.html a dashboard/templates	2025-05-05T13:52:23.5355231Z [36;1m            SECTION_NAME=$(basename "$section_file" .html)[0m
job-design	Copiar navbar.html a dashboard/templates	2025-05-05T13:52:23.5357416Z [36;1m            echo "<div class=\"section-content\" id=\"${SECTION_NAME}\">" >> "core/results/webs/${TITLE}/dashboard.html"[0m
job-design	Copiar navbar.html a dashboard/templates	2025-05-05T13:52:23.5358973Z [36;1m            [0m
job-design	Copiar navbar.html a dashboard/templates	2025-05-05T13:52:23.5360026Z [36;1m            # Extraer solo el contenido del body de cada secci√≥n usando cut[0m
job-design	Copiar navbar.html a dashboard/templates	2025-05-05T13:52:23.5361499Z [36;1m            # Primero guardamos el contenido en un archivo temporal[0m
job-design	Copiar navbar.html a dashboard/templates	2025-05-05T13:52:23.5362685Z [36;1m            TEMP_CONTENT=$(mktemp)[0m
job-design	Copiar navbar.html a dashboard/templates	2025-05-05T13:52:23.5363796Z [36;1m            awk '/<body/,/<\/body>/' "$section_file" > "$TEMP_CONTENT"[0m
job-design	Copiar navbar.html a dashboard/templates	2025-05-05T13:52:23.5364982Z [36;1m            [0m
job-design	Copiar navbar.html a dashboard/templates	2025-05-05T13:52:23.5365855Z [36;1m            # Usamos cut para extraer solo las partes relevantes[0m
job-design	Copiar navbar.html a dashboard/templates	2025-05-05T13:52:23.5366968Z [36;1m            # Eliminamos las etiquetas body y scripts innecesarios[0m
job-design	Copiar navbar.html a dashboard/templates	2025-05-05T13:52:23.5368004Z [36;1m            cat "$TEMP_CONTENT" | [0m
job-design	Copiar navbar.html a dashboard/templates	2025-05-05T13:52:23.5368830Z [36;1m              grep -v "<body" | [0m
job-design	Copiar navbar.html a dashboard/templates	2025-05-05T13:52:23.5369619Z [36;1m              grep -v "</body>" | [0m
job-design	Copiar navbar.html a dashboard/templates	2025-05-05T13:52:23.5370507Z [36;1m              grep -v "<script src=\"..\/js\/data-list.js\">" |[0m
job-design	Copiar navbar.html a dashboard/templates	2025-05-05T13:52:23.5371614Z [36;1m              grep -v "<script src=\" \`https:\/\/cdn.tailwindcss.com\` \">" |[0m
job-design	Copiar navbar.html a dashboard/templates	2025-05-05T13:52:23.5373506Z [36;1m              grep -v "<script src=\" \`https:\/\/cdn.jsdelivr.net\/npm\/bootstrap@5.2.3\/dist\/js\/bootstrap.bundle.min.js\` \">" >> "core/results/webs/${TITLE}/dashboard.html"[0m
job-design	Copiar navbar.html a dashboard/templates	2025-05-05T13:52:23.5375485Z [36;1m            [0m
job-design	Copiar navbar.html a dashboard/templates	2025-05-05T13:52:23.5376247Z [36;1m            # Limpiamos el archivo temporal[0m
job-design	Copiar navbar.html a dashboard/templates	2025-05-05T13:52:23.5377089Z [36;1m            rm "$TEMP_CONTENT"[0m
job-design	Copiar navbar.html a dashboard/templates	2025-05-05T13:52:23.5377834Z [36;1m            [0m
job-design	Copiar navbar.html a dashboard/templates	2025-05-05T13:52:23.5378636Z [36;1m            echo "</div>" >> "core/results/webs/${TITLE}/dashboard.html"[0m
job-design	Copiar navbar.html a dashboard/templates	2025-05-05T13:52:23.5379597Z [36;1m          done[0m
job-design	Copiar navbar.html a dashboard/templates	2025-05-05T13:52:23.5380233Z [36;1m          [0m
job-design	Copiar navbar.html a dashboard/templates	2025-05-05T13:52:23.5380891Z [36;1m          # Cerrar las etiquetas HTML[0m
job-design	Copiar navbar.html a dashboard/templates	2025-05-05T13:52:23.5381697Z [36;1m          echo "          </div>[0m
job-design	Copiar navbar.html a dashboard/templates	2025-05-05T13:52:23.5382430Z [36;1m    </div>[0m
job-design	Copiar navbar.html a dashboard/templates	2025-05-05T13:52:23.5383144Z [36;1m    </div>[0m
job-design	Copiar navbar.html a dashboard/templates	2025-05-05T13:52:23.5383880Z [36;1m</div>[0m
job-design	Copiar navbar.html a dashboard/templates	2025-05-05T13:52:23.5384637Z [36;1m[0m
job-design	Copiar navbar.html a dashboard/templates	2025-05-05T13:52:23.5385406Z [36;1m<!-- Cargar la navbar desde el template -->[0m
job-design	Copiar navbar.html a dashboard/templates	2025-05-05T13:52:23.5386253Z [36;1m<script>[0m
job-design	Copiar navbar.html a dashboard/templates	2025-05-05T13:52:23.5387104Z [36;1m    document.addEventListener('DOMContentLoaded', function() {[0m
job-design	Copiar navbar.html a dashboard/templates	2025-05-05T13:52:23.5388170Z [36;1m        fetch('templates/navbar.html')[0m
job-design	Copiar navbar.html a dashboard/templates	2025-05-05T13:52:23.5389044Z [36;1m            .then(response => response.text())[0m
job-design	Copiar navbar.html a dashboard/templates	2025-05-05T13:52:23.5389880Z [36;1m            .then(html => {[0m
job-design	Copiar navbar.html a dashboard/templates	2025-05-05T13:52:23.5390882Z [36;1m                document.getElementById('navbar-container').innerHTML = html;[0m
job-design	Copiar navbar.html a dashboard/templates	2025-05-05T13:52:23.5392139Z [36;1m                // Cargar el script de la navbar despu√©s de insertar el HTML[0m
job-design	Copiar navbar.html a dashboard/templates	2025-05-05T13:52:23.5393268Z [36;1m                const script = document.createElement('script');[0m
job-design	Copiar navbar.html a dashboard/templates	2025-05-05T13:52:23.5394545Z [36;1m                script.src = 'js/navbar.js';[0m
job-design	Copiar navbar.html a dashboard/templates	2025-05-05T13:52:23.5395649Z [36;1m                document.body.appendChild(script);[0m
job-design	Copiar navbar.html a dashboard/templates	2025-05-05T13:52:23.5396693Z [36;1m            })[0m
job-design	Copiar navbar.html a dashboard/templates	2025-05-05T13:52:23.5397578Z [36;1m            .catch(error => console.error('Error cargando navbar:', error));[0m
job-design	Copiar navbar.html a dashboard/templates	2025-05-05T13:52:23.5398581Z [36;1m    });[0m
job-design	Copiar navbar.html a dashboard/templates	2025-05-05T13:52:23.5399172Z [36;1m</script>[0m
job-design	Copiar navbar.html a dashboard/templates	2025-05-05T13:52:23.5399787Z [36;1m</body>[0m
job-design	Copiar navbar.html a dashboard/templates	2025-05-05T13:52:23.5400540Z [36;1m</html>" >> "core/results/webs/${TITLE}/dashboard.html"[0m
job-design	Copiar navbar.html a dashboard/templates	2025-05-05T13:52:23.5401428Z [36;1m          [0m
job-design	Copiar navbar.html a dashboard/templates	2025-05-05T13:52:23.5402159Z [36;1m          echo "Dashboard HTML generado correctamente"[0m
job-design	Copiar navbar.html a dashboard/templates	2025-05-05T13:52:23.5403102Z [36;1m        else[0m
job-design	Copiar navbar.html a dashboard/templates	2025-05-05T13:52:23.5404031Z [36;1m          echo "No se encontraron secciones temporales para concatenar"[0m
job-design	Copiar navbar.html a dashboard/templates	2025-05-05T13:52:23.5405243Z [36;1m          [0m
job-design	Copiar navbar.html a dashboard/templates	2025-05-05T13:52:23.5406169Z [36;1m          # Cerrar las etiquetas HTML incluso si no hay secciones[0m
job-design	Copiar navbar.html a dashboard/templates	2025-05-05T13:52:23.5407138Z [36;1m          echo "          </div>[0m
job-design	Copiar navbar.html a dashboard/templates	2025-05-05T13:52:23.5407868Z [36;1m    </div>[0m
job-design	Copiar navbar.html a dashboard/templates	2025-05-05T13:52:23.5408470Z [36;1m    </div>[0m
job-design	Copiar navbar.html a dashboard/templates	2025-05-05T13:52:23.5409098Z [36;1m</div>[0m
job-design	Copiar navbar.html a dashboard/templates	2025-05-05T13:52:23.5409662Z [36;1m[0m
job-design	Copiar navbar.html a dashboard/templates	2025-05-05T13:52:23.5410213Z [36;1m<script>[0m
job-design	Copiar navbar.html a dashboard/templates	2025-05-05T13:52:23.5411056Z [36;1m    document.addEventListener('DOMContentLoaded', function() {[0m
job-design	Copiar navbar.html a dashboard/templates	2025-05-05T13:52:23.5412125Z [36;1m        fetch('templates/navbar.html')[0m
job-design	Copiar navbar.html a dashboard/templates	2025-05-05T13:52:23.5413359Z [36;1m            .then(response => response.text())[0m
job-design	Copiar navbar.html a dashboard/templates	2025-05-05T13:52:23.5414453Z [36;1m            .then(html => {[0m
job-design	Copiar navbar.html a dashboard/templates	2025-05-05T13:52:23.5415659Z [36;1m                document.getElementById('navbar-container').innerHTML = html;[0m
job-design	Copiar navbar.html a dashboard/templates	2025-05-05T13:52:23.5416910Z [36;1m                // Cargar el script de la navbar despu√©s de insertar el HTML[0m
job-design	Copiar navbar.html a dashboard/templates	2025-05-05T13:52:23.5418055Z [36;1m                const script = document.createElement('script');[0m
job-design	Copiar navbar.html a dashboard/templates	2025-05-05T13:52:23.5419030Z [36;1m                script.src = 'js/navbar.js';[0m
job-design	Copiar navbar.html a dashboard/templates	2025-05-05T13:52:23.5419934Z [36;1m                document.body.appendChild(script);[0m
job-design	Copiar navbar.html a dashboard/templates	2025-05-05T13:52:23.5420776Z [36;1m            })[0m
job-design	Copiar navbar.html a dashboard/templates	2025-05-05T13:52:23.5421654Z [36;1m            .catch(error => console.error('Error cargando navbar:', error));[0m
job-design	Copiar navbar.html a dashboard/templates	2025-05-05T13:52:23.5422642Z [36;1m    });[0m
job-design	Copiar navbar.html a dashboard/templates	2025-05-05T13:52:23.5423317Z [36;1m</script>[0m
job-design	Copiar navbar.html a dashboard/templates	2025-05-05T13:52:23.5424062Z [36;1m</body>[0m
job-design	Copiar navbar.html a dashboard/templates	2025-05-05T13:52:23.5424987Z [36;1m</html>" >> "core/results/webs/${TITLE}/dashboard.html"[0m
job-design	Copiar navbar.html a dashboard/templates	2025-05-05T13:52:23.5425973Z [36;1m        fi[0m
job-design	Copiar navbar.html a dashboard/templates	2025-05-05T13:52:23.5431472Z shell: /usr/bin/bash -e {0}
job-design	Copiar navbar.html a dashboard/templates	2025-05-05T13:52:23.5432147Z env:
job-design	Copiar navbar.html a dashboard/templates	2025-05-05T13:52:23.5432727Z   KAOS_CODE: 14838100116
job-design	Copiar navbar.html a dashboard/templates	2025-05-05T13:52:23.5433650Z   KAOS_EVENT_NAME: workflow_dispatch
job-design	Copiar navbar.html a dashboard/templates	2025-05-05T13:52:23.5434610Z   KAOS_ACTION: 
job-design	Copiar navbar.html a dashboard/templates	2025-05-05T13:52:23.5435355Z   KAOS_REF: refs/heads/main
job-design	Copiar navbar.html a dashboard/templates	2025-05-05T13:52:23.5436103Z   KAOS_MODULE: [Ka0S] Deploy Web Structure
job-design	Copiar navbar.html a dashboard/templates	2025-05-05T13:52:23.5436924Z   KAOS_JSON_WEB: core/config/webs/webs.json
job-design	Copiar navbar.html a dashboard/templates	2025-05-05T13:52:23.5437736Z   KAOS_JSON_RESUME: core/outputs/webs/
job-design	Copiar navbar.html a dashboard/templates	2025-05-05T13:52:23.5438531Z   KAOS_JSON_DATA: core/web/data/data.json
job-design	Copiar navbar.html a dashboard/templates	2025-05-05T13:52:23.5439337Z   KAOS_WEB_STRUCTURE: core/results/webs/
job-design	Copiar navbar.html a dashboard/templates	2025-05-05T13:52:23.5440098Z   KAOS_ACTOR: jorgecg646
job-design	Copiar navbar.html a dashboard/templates	2025-05-05T13:52:23.5440731Z ##[endgroup]
job-design	Copiar navbar.html a dashboard/templates	2025-05-05T13:52:23.5494975Z Generando HTML de secciones seg√∫n su JSON...
job-design	Copiar navbar.html a dashboard/templates	2025-05-05T13:52:23.5544930Z jq: error (at core/config/webs/webs.json:39): Cannot index array with string "title"
job-design	Copiar navbar.html a dashboard/templates	2025-05-05T13:52:23.5790873Z Dashboard HTML generado correctamente
job-design	Upload Files	Ôªø2025-05-05T13:52:23.5853932Z ##[group]Run echo "Uploading HTML files to the repository..."
job-design	Upload Files	2025-05-05T13:52:23.5855047Z [36;1mecho "Uploading HTML files to the repository..."[0m
job-design	Upload Files	2025-05-05T13:52:23.5856333Z [36;1mgit config --global user.name "***"[0m
job-design	Upload Files	2025-05-05T13:52:23.5857245Z [36;1mgit config --global user.email "***"[0m
job-design	Upload Files	2025-05-05T13:52:23.5858092Z [36;1m# A√±adir los archivos JS al commit[0m
job-design	Upload Files	2025-05-05T13:52:23.5858927Z [36;1mgit add core/results/webs/dashboard/*[0m
job-design	Upload Files	2025-05-05T13:52:23.5859694Z [36;1m[0m
job-design	Upload Files	2025-05-05T13:52:23.5860490Z [36;1m# Verificar si el archivo dashboard.html existe y no est√° rastreado[0m
job-design	Upload Files	2025-05-05T13:52:23.5862806Z [36;1mif [ -f "core/results/webs/dashboard/dashboard.html" ] && ! git ls-files --error-unmatch core/results/webs/dashboard/dashboard.html > /dev/null 2>&1; then[0m
job-design	Upload Files	2025-05-05T13:52:23.5865062Z [36;1m  echo "El archivo dashboard.html existe pero no est√° rastreado. A√±adi√©ndolo al staging..."[0m
job-design	Upload Files	2025-05-05T13:52:23.5866383Z [36;1m  git add core/results/webs/dashboard/dashboard.html[0m
job-design	Upload Files	2025-05-05T13:52:23.5867528Z [36;1m  git commit -m "[Ka0S] A√±adiendo dashboard.html antes del pull"[0m
job-design	Upload Files	2025-05-05T13:52:23.5868454Z [36;1mfi[0m
job-design	Upload Files	2025-05-05T13:52:23.5868988Z [36;1m[0m
job-design	Upload Files	2025-05-05T13:52:23.5869766Z [36;1m# Hacer pull con estrategia de recursi√≥n para manejar conflictos[0m
job-design	Upload Files	2025-05-05T13:52:23.5870790Z [36;1mgit pull --strategy-option=theirs[0m
job-design	Upload Files	2025-05-05T13:52:23.5871529Z [36;1m[0m
job-design	Upload Files	2025-05-05T13:52:23.5872216Z [36;1m# A√±adir todos los archivos de la carpeta dashboard[0m
job-design	Upload Files	2025-05-05T13:52:23.5873311Z [36;1mgit add core/results/webs/dashboard/*[0m
job-design	Upload Files	2025-05-05T13:52:23.5874135Z [36;1m[0m
job-design	Upload Files	2025-05-05T13:52:23.5874754Z [36;1m# Verify if there are changes to commit[0m
job-design	Upload Files	2025-05-05T13:52:23.5875603Z [36;1mif git diff --staged --quiet; then[0m
job-design	Upload Files	2025-05-05T13:52:23.5876457Z [36;1m  echo "No hay cambios para hacer commit"[0m
job-design	Upload Files	2025-05-05T13:52:23.5877242Z [36;1melse[0m
job-design	Upload Files	2025-05-05T13:52:23.5878071Z [36;1m  git commit -m "[Ka0S] Uploading dashboard files to web structure..."[0m
job-design	Upload Files	2025-05-05T13:52:23.5879151Z [36;1m  git push origin refs/heads/main[0m
job-design	Upload Files	2025-05-05T13:52:23.5879896Z [36;1mfi[0m
job-design	Upload Files	2025-05-05T13:52:23.5885728Z shell: /usr/bin/bash -e {0}
job-design	Upload Files	2025-05-05T13:52:23.5886419Z env:
job-design	Upload Files	2025-05-05T13:52:23.5886956Z   KAOS_CODE: 14838100116
job-design	Upload Files	2025-05-05T13:52:23.5887622Z   KAOS_EVENT_NAME: workflow_dispatch
job-design	Upload Files	2025-05-05T13:52:23.5888330Z   KAOS_ACTION: 
job-design	Upload Files	2025-05-05T13:52:23.5888903Z   KAOS_REF: refs/heads/main
job-design	Upload Files	2025-05-05T13:52:23.5889592Z   KAOS_MODULE: [Ka0S] Deploy Web Structure
job-design	Upload Files	2025-05-05T13:52:23.5890399Z   KAOS_JSON_WEB: core/config/webs/webs.json
job-design	Upload Files	2025-05-05T13:52:23.5891193Z   KAOS_JSON_RESUME: core/outputs/webs/
job-design	Upload Files	2025-05-05T13:52:23.5891957Z   KAOS_JSON_DATA: core/web/data/data.json
job-design	Upload Files	2025-05-05T13:52:23.5892923Z   KAOS_WEB_STRUCTURE: core/results/webs/
job-design	Upload Files	2025-05-05T13:52:23.5893665Z   KAOS_ACTOR: jorgecg646
job-design	Upload Files	2025-05-05T13:52:23.5894313Z ##[endgroup]
job-design	Upload Files	2025-05-05T13:52:23.5922254Z Uploading HTML files to the repository...
job-design	Upload Files	2025-05-05T13:52:24.1673726Z From https://github.com/Ka0s-Klaus/ka0s
job-design	Upload Files	2025-05-05T13:52:24.1675215Z    20ffa68d..c88dde6b  main       -> origin/main
job-design	Upload Files	2025-05-05T13:52:24.1814731Z Updating 20ffa68d..c88dde6b
job-design	Upload Files	2025-05-05T13:52:24.1815790Z Fast-forward
job-design	Upload Files	2025-05-05T13:52:24.1833931Z  core/outputs/webs/dashboard/data-files-summary.json | 2 +-
job-design	Upload Files	2025-05-05T13:52:24.1835279Z  1 file changed, 1 insertion(+), 1 deletion(-)
job-design	Upload Files	2025-05-05T13:52:24.1996638Z [main 46a3467d] [Ka0S] Uploading dashboard files to web structure...
job-design	Upload Files	2025-05-05T13:52:24.1997884Z  1 file changed, 1 deletion(-)
job-design	Upload Files	2025-05-05T13:52:25.0235130Z To https://github.com/Ka0s-Klaus/ka0s
job-design	Upload Files	2025-05-05T13:52:25.0235829Z    c88dde6b..46a3467d  main -> main
job-design	Post Checkout repository	Ôªø2025-05-05T13:52:25.0320091Z Post job cleanup.
job-design	Post Checkout repository	2025-05-05T13:52:25.0806373Z [command]/usr/bin/git version
job-design	Post Checkout repository	2025-05-05T13:52:25.0832050Z git version 2.43.0
job-design	Post Checkout repository	2025-05-05T13:52:25.0855574Z Copying '/home/kaos/.gitconfig' to '/actions-runner/_work/_temp/ff77a507-4109-4943-9412-2f9944d42ebf/.gitconfig'
job-design	Post Checkout repository	2025-05-05T13:52:25.0864525Z Temporarily overriding HOME='/actions-runner/_work/_temp/ff77a507-4109-4943-9412-2f9944d42ebf' before making global git config changes
job-design	Post Checkout repository	2025-05-05T13:52:25.0865094Z Adding repository directory to the temporary git global config as a safe directory
job-design	Post Checkout repository	2025-05-05T13:52:25.0867356Z [command]/usr/bin/git config --global --add safe.directory /actions-runner/_work/ka0s/ka0s
job-design	Post Checkout repository	2025-05-05T13:52:25.0892870Z [command]/usr/bin/git config --local --name-only --get-regexp core\.sshCommand
job-design	Post Checkout repository	2025-05-05T13:52:25.0913358Z [command]/usr/bin/git submodule foreach --recursive sh -c "git config --local --name-only --get-regexp 'core\.sshCommand' && git config --local --unset-all 'core.sshCommand' || :"
job-design	Post Checkout repository	2025-05-05T13:52:25.1142449Z [command]/usr/bin/git config --local --name-only --get-regexp http\.https\:\/\/github\.com\/\.extraheader
job-design	Post Checkout repository	2025-05-05T13:52:25.1161345Z http.https://github.com/.extraheader
job-design	Post Checkout repository	2025-05-05T13:52:25.1171098Z [command]/usr/bin/git config --local --unset-all http.https://github.com/.extraheader
job-design	Post Checkout repository	2025-05-05T13:52:25.1196565Z [command]/usr/bin/git submodule foreach --recursive sh -c "git config --local --name-only --get-regexp 'http\.https\:\/\/github\.com\/\.extraheader' && git config --local --unset-all 'http.https://github.com/.extraheader' || :"
job-design	Complete job	Ôªø2025-05-05T13:52:25.1513831Z Cleaning up orphan processes
handle-success	Set up job	Ôªø2025-05-05T13:52:34.0786747Z Current runner version: '2.323.0'
handle-success	Set up job	2025-05-05T13:52:34.0790735Z Runner name: 'ka0s-7'
handle-success	Set up job	2025-05-05T13:52:34.0791267Z Machine name: '26a53205c9ac'
handle-success	Set up job	2025-05-05T13:52:34.0792623Z ##[group]GITHUB_TOKEN Permissions
handle-success	Set up job	2025-05-05T13:52:34.0794282Z Contents: read
handle-success	Set up job	2025-05-05T13:52:34.0794664Z Metadata: read
handle-success	Set up job	2025-05-05T13:52:34.0795010Z Packages: read
handle-success	Set up job	2025-05-05T13:52:34.0795351Z ##[endgroup]
handle-success	Set up job	2025-05-05T13:52:34.0796707Z Secret source: Actions
handle-success	Set up job	2025-05-05T13:52:34.0797077Z Prepare workflow directory
handle-success	Set up job	2025-05-05T13:52:34.1171872Z Prepare all required actions
handle-success	Set up job	2025-05-05T13:52:34.1198189Z Getting action download info
handle-success	Set up job	2025-05-05T13:52:34.6911528Z Download action repository 'actions/checkout@v4' (SHA:11bd71901bbe5b1630ceea73d27597364c9af683)
handle-success	Set up job	2025-05-05T13:52:35.4340323Z Complete job name: handle-success
handle-success	Checkout code	Ôªø2025-05-05T13:52:35.4648919Z ##[group]Run actions/checkout@v4
handle-success	Checkout code	2025-05-05T13:52:35.4649546Z with:
handle-success	Checkout code	2025-05-05T13:52:35.4649861Z   fetch-depth: 0
handle-success	Checkout code	2025-05-05T13:52:35.4650377Z   token: ***
handle-success	Checkout code	2025-05-05T13:52:35.4650721Z   repository: Ka0s-Klaus/ka0s
handle-success	Checkout code	2025-05-05T13:52:35.4651179Z   ssh-strict: true
handle-success	Checkout code	2025-05-05T13:52:35.4651499Z   ssh-user: git
handle-success	Checkout code	2025-05-05T13:52:35.4651845Z   persist-credentials: true
handle-success	Checkout code	2025-05-05T13:52:35.4652245Z   clean: true
handle-success	Checkout code	2025-05-05T13:52:35.4652579Z   sparse-checkout-cone-mode: true
handle-success	Checkout code	2025-05-05T13:52:35.4653016Z   fetch-tags: false
handle-success	Checkout code	2025-05-05T13:52:35.4653505Z   show-progress: true
handle-success	Checkout code	2025-05-05T13:52:35.4653856Z   lfs: false
handle-success	Checkout code	2025-05-05T13:52:35.4654228Z   submodules: false
handle-success	Checkout code	2025-05-05T13:52:35.4654582Z   set-safe-directory: true
handle-success	Checkout code	2025-05-05T13:52:35.4655093Z env:
handle-success	Checkout code	2025-05-05T13:52:35.4655384Z   KAOS_CODE: 14838100116
handle-success	Checkout code	2025-05-05T13:52:35.4655766Z   KAOS_EVENT_NAME: workflow_dispatch
handle-success	Checkout code	2025-05-05T13:52:35.4656205Z   KAOS_ACTION: 
handle-success	Checkout code	2025-05-05T13:52:35.4656534Z   KAOS_REF: refs/heads/main
handle-success	Checkout code	2025-05-05T13:52:35.4656951Z   KAOS_MODULE: [Ka0S] Deploy Web Structure
handle-success	Checkout code	2025-05-05T13:52:35.4657460Z   KAOS_JSON_WEB: core/config/webs/webs.json
handle-success	Checkout code	2025-05-05T13:52:35.4657886Z   KAOS_JSON_RESUME: core/outputs/webs/
handle-success	Checkout code	2025-05-05T13:52:35.4658330Z   KAOS_JSON_DATA: core/web/data/data.json
handle-success	Checkout code	2025-05-05T13:52:35.4658819Z   KAOS_WEB_STRUCTURE: core/results/webs/
handle-success	Checkout code	2025-05-05T13:52:35.4659240Z   KAOS_ACTOR: jorgecg646
handle-success	Checkout code	2025-05-05T13:52:35.4659610Z ##[endgroup]
handle-success	Checkout code	2025-05-05T13:52:35.5356271Z Syncing repository: Ka0s-Klaus/ka0s
handle-success	Checkout code	2025-05-05T13:52:35.5357882Z ##[group]Getting Git version info
handle-success	Checkout code	2025-05-05T13:52:35.5358621Z Working directory is '/actions-runner/_work/ka0s/ka0s'
handle-success	Checkout code	2025-05-05T13:52:35.5359368Z [command]/usr/bin/git version
handle-success	Checkout code	2025-05-05T13:52:35.5359756Z git version 2.43.0
handle-success	Checkout code	2025-05-05T13:52:35.5383366Z ##[endgroup]
handle-success	Checkout code	2025-05-05T13:52:35.5395487Z Copying '/home/kaos/.gitconfig' to '/actions-runner/_work/_temp/35e4c17a-246e-479e-a564-e0479a24064f/.gitconfig'
handle-success	Checkout code	2025-05-05T13:52:35.5407651Z Temporarily overriding HOME='/actions-runner/_work/_temp/35e4c17a-246e-479e-a564-e0479a24064f' before making global git config changes
handle-success	Checkout code	2025-05-05T13:52:35.5408957Z Adding repository directory to the temporary git global config as a safe directory
handle-success	Checkout code	2025-05-05T13:52:35.5410516Z [command]/usr/bin/git config --global --add safe.directory /actions-runner/_work/ka0s/ka0s
handle-success	Checkout code	2025-05-05T13:52:35.5448665Z [command]/usr/bin/git config --local --get remote.origin.url
handle-success	Checkout code	2025-05-05T13:52:35.5462664Z https://github.com/Ka0s-Klaus/ka0s
handle-success	Checkout code	2025-05-05T13:52:35.5474496Z ##[group]Removing previously created refs, to avoid conflicts
handle-success	Checkout code	2025-05-05T13:52:35.5477359Z [command]/usr/bin/git rev-parse --symbolic-full-name --verify --quiet HEAD
handle-success	Checkout code	2025-05-05T13:52:35.5496637Z refs/heads/main
handle-success	Checkout code	2025-05-05T13:52:35.5506766Z [command]/usr/bin/git checkout --detach
handle-success	Checkout code	2025-05-05T13:52:35.5608046Z HEAD is now at 20ffa68d Subir json de las secciones
handle-success	Checkout code	2025-05-05T13:52:35.5649263Z [command]/usr/bin/git branch --delete --force main
handle-success	Checkout code	2025-05-05T13:52:35.5681961Z Deleted branch main (was 20ffa68d).
handle-success	Checkout code	2025-05-05T13:52:35.5736822Z ##[endgroup]
handle-success	Checkout code	2025-05-05T13:52:35.5737407Z [command]/usr/bin/git submodule status
handle-success	Checkout code	2025-05-05T13:52:35.5958209Z ##[group]Cleaning the repository
handle-success	Checkout code	2025-05-05T13:52:35.5959132Z [command]/usr/bin/git clean -ffdx
handle-success	Checkout code	2025-05-05T13:52:35.6016881Z [command]/usr/bin/git reset --hard HEAD
handle-success	Checkout code	2025-05-05T13:52:35.6149983Z HEAD is now at 20ffa68d Subir json de las secciones
handle-success	Checkout code	2025-05-05T13:52:35.6152827Z ##[endgroup]
handle-success	Checkout code	2025-05-05T13:52:35.6153852Z ##[group]Disabling automatic garbage collection
handle-success	Checkout code	2025-05-05T13:52:35.6157656Z [command]/usr/bin/git config --local gc.auto 0
handle-success	Checkout code	2025-05-05T13:52:35.6182964Z ##[endgroup]
handle-success	Checkout code	2025-05-05T13:52:35.6183790Z ##[group]Setting up auth
handle-success	Checkout code	2025-05-05T13:52:35.6193002Z [command]/usr/bin/git config --local --name-only --get-regexp core\.sshCommand
handle-success	Checkout code	2025-05-05T13:52:35.6218400Z [command]/usr/bin/git submodule foreach --recursive sh -c "git config --local --name-only --get-regexp 'core\.sshCommand' && git config --local --unset-all 'core.sshCommand' || :"
handle-success	Checkout code	2025-05-05T13:52:35.6444848Z [command]/usr/bin/git config --local --name-only --get-regexp http\.https\:\/\/github\.com\/\.extraheader
handle-success	Checkout code	2025-05-05T13:52:35.6469483Z [command]/usr/bin/git submodule foreach --recursive sh -c "git config --local --name-only --get-regexp 'http\.https\:\/\/github\.com\/\.extraheader' && git config --local --unset-all 'http.https://github.com/.extraheader' || :"
handle-success	Checkout code	2025-05-05T13:52:35.6698565Z [command]/usr/bin/git config --local http.https://github.com/.extraheader AUTHORIZATION: basic ***
handle-success	Checkout code	2025-05-05T13:52:35.6734605Z ##[endgroup]
handle-success	Checkout code	2025-05-05T13:52:35.6735719Z ##[group]Fetching the repository
handle-success	Checkout code	2025-05-05T13:52:35.6737360Z [command]/usr/bin/git -c protocol.version=2 fetch --prune --no-recurse-submodules origin +refs/heads/*:refs/remotes/origin/* +refs/tags/*:refs/tags/*
handle-success	Checkout code	2025-05-05T13:52:36.4063512Z From https://github.com/Ka0s-Klaus/ka0s
handle-success	Checkout code	2025-05-05T13:52:36.4064969Z    20ffa68d..46a3467d  main       -> origin/main
handle-success	Checkout code	2025-05-05T13:52:36.4098109Z [command]/usr/bin/git branch --list --remote origin/main
handle-success	Checkout code	2025-05-05T13:52:36.4117076Z   origin/main
handle-success	Checkout code	2025-05-05T13:52:36.4122972Z [command]/usr/bin/git rev-parse refs/remotes/origin/main
handle-success	Checkout code	2025-05-05T13:52:36.4140697Z 46a3467dc2b7637459ad3a728bf934dc9b64cd00
handle-success	Checkout code	2025-05-05T13:52:36.4152917Z [command]/usr/bin/git -c protocol.version=2 fetch --no-tags --prune --no-recurse-submodules origin +20ffa68dfb3ee7ae81c67e3f67196d8c3748bd3a:refs/remotes/origin/main
handle-success	Checkout code	2025-05-05T13:52:36.4287978Z From https://github.com/Ka0s-Klaus/ka0s
handle-success	Checkout code	2025-05-05T13:52:36.4290142Z  + 46a3467d...20ffa68d 20ffa68dfb3ee7ae81c67e3f67196d8c3748bd3a -> origin/main  (forced update)
handle-success	Checkout code	2025-05-05T13:52:36.4308648Z ##[endgroup]
handle-success	Checkout code	2025-05-05T13:52:36.4310154Z ##[group]Determining the checkout info
handle-success	Checkout code	2025-05-05T13:52:36.4311833Z ##[endgroup]
handle-success	Checkout code	2025-05-05T13:52:36.4312801Z [command]/usr/bin/git sparse-checkout disable
handle-success	Checkout code	2025-05-05T13:52:36.4361334Z [command]/usr/bin/git config --local --unset-all extensions.worktreeConfig
handle-success	Checkout code	2025-05-05T13:52:36.4388271Z ##[group]Checking out the ref
handle-success	Checkout code	2025-05-05T13:52:36.4390369Z [command]/usr/bin/git checkout --progress --force -B main refs/remotes/origin/main
handle-success	Checkout code	2025-05-05T13:52:36.4479526Z Switched to a new branch 'main'
handle-success	Checkout code	2025-05-05T13:52:36.4481244Z branch 'main' set up to track 'origin/main'.
handle-success	Checkout code	2025-05-05T13:52:36.4485075Z ##[endgroup]
handle-success	Checkout code	2025-05-05T13:52:36.4520966Z [command]/usr/bin/git log -1 --format=%H
handle-success	Checkout code	2025-05-05T13:52:36.4546712Z 20ffa68dfb3ee7ae81c67e3f67196d8c3748bd3a
handle-success	handle-success-execution	Ôªø2025-05-05T13:52:36.4718934Z ##[group]Run # Si todo ha ido correcto a√±adimos el contenido del fichero
handle-success	handle-success-execution	2025-05-05T13:52:36.4720340Z [36;1m# Si todo ha ido correcto a√±adimos el contenido del fichero[0m
handle-success	handle-success-execution	2025-05-05T13:52:36.4721569Z [36;1m# RNNUMBER=$(echo "refs/heads/main" | grep -o '[0-9]*')[0m
handle-success	handle-success-execution	2025-05-05T13:52:36.4722576Z [36;1mRNNUMBER=220[0m
handle-success	handle-success-execution	2025-05-05T13:52:36.4724472Z [36;1mgh issue comment $RNNUMBER --body "El proceso ha finalizado correctamente 14838100116. El resultado est√° en el fichero core/results/event_data14838100116.log"[0m
handle-success	handle-success-execution	2025-05-05T13:52:36.4733302Z shell: /usr/bin/bash -e {0}
handle-success	handle-success-execution	2025-05-05T13:52:36.4734101Z env:
handle-success	handle-success-execution	2025-05-05T13:52:36.4734847Z   KAOS_CODE: 14838100116
handle-success	handle-success-execution	2025-05-05T13:52:36.4735629Z   KAOS_EVENT_NAME: workflow_dispatch
handle-success	handle-success-execution	2025-05-05T13:52:36.4736441Z   KAOS_ACTION: 
handle-success	handle-success-execution	2025-05-05T13:52:36.4737069Z   KAOS_REF: refs/heads/main
handle-success	handle-success-execution	2025-05-05T13:52:36.4737854Z   KAOS_MODULE: [Ka0S] Deploy Web Structure
handle-success	handle-success-execution	2025-05-05T13:52:36.4738956Z   KAOS_JSON_WEB: core/config/webs/webs.json
handle-success	handle-success-execution	2025-05-05T13:52:36.4739852Z   KAOS_JSON_RESUME: core/outputs/webs/
handle-success	handle-success-execution	2025-05-05T13:52:36.4740770Z   KAOS_JSON_DATA: core/web/data/data.json
handle-success	handle-success-execution	2025-05-05T13:52:36.4741668Z   KAOS_WEB_STRUCTURE: core/results/webs/
handle-success	handle-success-execution	2025-05-05T13:52:36.4742512Z   KAOS_ACTOR: jorgecg646
handle-success	handle-success-execution	2025-05-05T13:52:36.4743532Z   GH_TOKEN: ***
handle-success	handle-success-execution	2025-05-05T13:52:36.4744186Z ##[endgroup]
handle-success	handle-success-execution	2025-05-05T13:52:37.3355182Z https://github.com/Ka0s-Klaus/ka0s/issues/220#issuecomment-2851085932
handle-success	Post Checkout code	Ôªø2025-05-05T13:52:37.3431685Z Post job cleanup.
handle-success	Post Checkout code	2025-05-05T13:52:37.4044222Z [command]/usr/bin/git version
handle-success	Post Checkout code	2025-05-05T13:52:37.4067768Z git version 2.43.0
handle-success	Post Checkout code	2025-05-05T13:52:37.4092668Z Copying '/home/kaos/.gitconfig' to '/actions-runner/_work/_temp/022030da-cfe0-4ff6-ad8a-14693984cd96/.gitconfig'
handle-success	Post Checkout code	2025-05-05T13:52:37.4101123Z Temporarily overriding HOME='/actions-runner/_work/_temp/022030da-cfe0-4ff6-ad8a-14693984cd96' before making global git config changes
handle-success	Post Checkout code	2025-05-05T13:52:37.4102035Z Adding repository directory to the temporary git global config as a safe directory
handle-success	Post Checkout code	2025-05-05T13:52:37.4104487Z [command]/usr/bin/git config --global --add safe.directory /actions-runner/_work/ka0s/ka0s
handle-success	Post Checkout code	2025-05-05T13:52:37.4135634Z [command]/usr/bin/git config --local --name-only --get-regexp core\.sshCommand
handle-success	Post Checkout code	2025-05-05T13:52:37.4161549Z [command]/usr/bin/git submodule foreach --recursive sh -c "git config --local --name-only --get-regexp 'core\.sshCommand' && git config --local --unset-all 'core.sshCommand' || :"
handle-success	Post Checkout code	2025-05-05T13:52:37.4389823Z [command]/usr/bin/git config --local --name-only --get-regexp http\.https\:\/\/github\.com\/\.extraheader
handle-success	Post Checkout code	2025-05-05T13:52:37.4408008Z http.https://github.com/.extraheader
handle-success	Post Checkout code	2025-05-05T13:52:37.4420626Z [command]/usr/bin/git config --local --unset-all http.https://github.com/.extraheader
handle-success	Post Checkout code	2025-05-05T13:52:37.4450022Z [command]/usr/bin/git submodule foreach --recursive sh -c "git config --local --name-only --get-regexp 'http\.https\:\/\/github\.com\/\.extraheader' && git config --local --unset-all 'http.https://github.com/.extraheader' || :"
handle-success	Complete job	Ôªø2025-05-05T13:52:37.4781148Z Cleaning up orphan processes
end-workflow	Set up job	Ôªø2025-05-05T13:53:33.0817728Z Current runner version: '2.323.0'
end-workflow	Set up job	2025-05-05T13:53:33.0821682Z Runner name: 'ka0s-9'
end-workflow	Set up job	2025-05-05T13:53:33.0822229Z Machine name: '26a53205c9ac'
end-workflow	Set up job	2025-05-05T13:53:33.0823754Z ##[group]GITHUB_TOKEN Permissions
end-workflow	Set up job	2025-05-05T13:53:33.0825481Z Contents: read
end-workflow	Set up job	2025-05-05T13:53:33.0825851Z Metadata: read
end-workflow	Set up job	2025-05-05T13:53:33.0826161Z Packages: read
end-workflow	Set up job	2025-05-05T13:53:33.0826444Z ##[endgroup]
end-workflow	Set up job	2025-05-05T13:53:33.0827628Z Secret source: Actions
end-workflow	Set up job	2025-05-05T13:53:33.0827990Z Prepare workflow directory
end-workflow	Set up job	2025-05-05T13:53:33.1209711Z Prepare all required actions
end-workflow	Set up job	2025-05-05T13:53:33.1253333Z Getting action download info
end-workflow	Set up job	2025-05-05T13:53:33.5906400Z Download action repository 'actions/checkout@v4' (SHA:11bd71901bbe5b1630ceea73d27597364c9af683)
end-workflow	Set up job	2025-05-05T13:53:34.3664644Z Complete job name: end-workflow
end-workflow	Checkout code	Ôªø2025-05-05T13:53:34.3948530Z ##[group]Run actions/checkout@v4
end-workflow	Checkout code	2025-05-05T13:53:34.3949043Z with:
end-workflow	Checkout code	2025-05-05T13:53:34.3949287Z   fetch-depth: 0
end-workflow	Checkout code	2025-05-05T13:53:34.3949685Z   token: ***
end-workflow	Checkout code	2025-05-05T13:53:34.3949936Z   repository: Ka0s-Klaus/ka0s
end-workflow	Checkout code	2025-05-05T13:53:34.3950268Z   ssh-strict: true
end-workflow	Checkout code	2025-05-05T13:53:34.3950521Z   ssh-user: git
end-workflow	Checkout code	2025-05-05T13:53:34.3950781Z   persist-credentials: true
end-workflow	Checkout code	2025-05-05T13:53:34.3951064Z   clean: true
end-workflow	Checkout code	2025-05-05T13:53:34.3951323Z   sparse-checkout-cone-mode: true
end-workflow	Checkout code	2025-05-05T13:53:34.3951635Z   fetch-tags: false
end-workflow	Checkout code	2025-05-05T13:53:34.3951887Z   show-progress: true
end-workflow	Checkout code	2025-05-05T13:53:34.3952149Z   lfs: false
end-workflow	Checkout code	2025-05-05T13:53:34.3952387Z   submodules: false
end-workflow	Checkout code	2025-05-05T13:53:34.3952647Z   set-safe-directory: true
end-workflow	Checkout code	2025-05-05T13:53:34.3953030Z env:
end-workflow	Checkout code	2025-05-05T13:53:34.3953269Z   KAOS_CODE: 14838100116
end-workflow	Checkout code	2025-05-05T13:53:34.3953556Z   KAOS_EVENT_NAME: workflow_dispatch
end-workflow	Checkout code	2025-05-05T13:53:34.3953875Z   KAOS_ACTION: 
end-workflow	Checkout code	2025-05-05T13:53:34.3954432Z   KAOS_REF: refs/heads/main
end-workflow	Checkout code	2025-05-05T13:53:34.3954736Z   KAOS_MODULE: [Ka0S] Deploy Web Structure
end-workflow	Checkout code	2025-05-05T13:53:34.3955110Z   KAOS_JSON_WEB: core/config/webs/webs.json
end-workflow	Checkout code	2025-05-05T13:53:34.3955462Z   KAOS_JSON_RESUME: core/outputs/webs/
end-workflow	Checkout code	2025-05-05T13:53:34.3955806Z   KAOS_JSON_DATA: core/web/data/data.json
end-workflow	Checkout code	2025-05-05T13:53:34.3956190Z   KAOS_WEB_STRUCTURE: core/results/webs/
end-workflow	Checkout code	2025-05-05T13:53:34.3956522Z   KAOS_ACTOR: jorgecg646
end-workflow	Checkout code	2025-05-05T13:53:34.3956877Z   GH_TOKEN: ***
end-workflow	Checkout code	2025-05-05T13:53:34.3957125Z ##[endgroup]
end-workflow	Checkout code	2025-05-05T13:53:34.4642745Z Syncing repository: Ka0s-Klaus/ka0s
end-workflow	Checkout code	2025-05-05T13:53:34.4643862Z ##[group]Getting Git version info
end-workflow	Checkout code	2025-05-05T13:53:34.4644573Z Working directory is '/actions-runner/_work/ka0s/ka0s'
end-workflow	Checkout code	2025-05-05T13:53:34.4645277Z [command]/usr/bin/git version
end-workflow	Checkout code	2025-05-05T13:53:34.4647806Z git version 2.43.0
end-workflow	Checkout code	2025-05-05T13:53:34.4675259Z ##[endgroup]
end-workflow	Checkout code	2025-05-05T13:53:34.4685098Z Copying '/home/kaos/.gitconfig' to '/actions-runner/_work/_temp/a7aff7b3-ffe0-4943-8683-1a065164be3a/.gitconfig'
end-workflow	Checkout code	2025-05-05T13:53:34.4699780Z Temporarily overriding HOME='/actions-runner/_work/_temp/a7aff7b3-ffe0-4943-8683-1a065164be3a' before making global git config changes
end-workflow	Checkout code	2025-05-05T13:53:34.4701461Z Adding repository directory to the temporary git global config as a safe directory
end-workflow	Checkout code	2025-05-05T13:53:34.4703018Z [command]/usr/bin/git config --global --add safe.directory /actions-runner/_work/ka0s/ka0s
end-workflow	Checkout code	2025-05-05T13:53:34.4743581Z [command]/usr/bin/git config --local --get remote.origin.url
end-workflow	Checkout code	2025-05-05T13:53:34.4761220Z https://github.com/Ka0s-Klaus/ka0s
end-workflow	Checkout code	2025-05-05T13:53:34.4781590Z ##[group]Removing previously created refs, to avoid conflicts
end-workflow	Checkout code	2025-05-05T13:53:34.4782639Z [command]/usr/bin/git rev-parse --symbolic-full-name --verify --quiet HEAD
end-workflow	Checkout code	2025-05-05T13:53:34.4801734Z refs/heads/main
end-workflow	Checkout code	2025-05-05T13:53:34.4812903Z [command]/usr/bin/git checkout --detach
end-workflow	Checkout code	2025-05-05T13:53:34.4899179Z HEAD is now at 46a3467d [Ka0S] Uploading dashboard files to web structure...
end-workflow	Checkout code	2025-05-05T13:53:34.4936503Z [command]/usr/bin/git branch --delete --force main
end-workflow	Checkout code	2025-05-05T13:53:34.4967990Z Deleted branch main (was 46a3467d).
end-workflow	Checkout code	2025-05-05T13:53:34.5023024Z ##[endgroup]
end-workflow	Checkout code	2025-05-05T13:53:34.5027137Z [command]/usr/bin/git submodule status
end-workflow	Checkout code	2025-05-05T13:53:34.5256316Z ##[group]Cleaning the repository
end-workflow	Checkout code	2025-05-05T13:53:34.5259770Z [command]/usr/bin/git clean -ffdx
end-workflow	Checkout code	2025-05-05T13:53:34.5317392Z [command]/usr/bin/git reset --hard HEAD
end-workflow	Checkout code	2025-05-05T13:53:34.5446782Z HEAD is now at 46a3467d [Ka0S] Uploading dashboard files to web structure...
end-workflow	Checkout code	2025-05-05T13:53:34.5448460Z ##[endgroup]
end-workflow	Checkout code	2025-05-05T13:53:34.5449595Z ##[group]Disabling automatic garbage collection
end-workflow	Checkout code	2025-05-05T13:53:34.5452202Z [command]/usr/bin/git config --local gc.auto 0
end-workflow	Checkout code	2025-05-05T13:53:34.5477655Z ##[endgroup]
end-workflow	Checkout code	2025-05-05T13:53:34.5478210Z ##[group]Setting up auth
end-workflow	Checkout code	2025-05-05T13:53:34.5489301Z [command]/usr/bin/git config --local --name-only --get-regexp core\.sshCommand
end-workflow	Checkout code	2025-05-05T13:53:34.5511749Z [command]/usr/bin/git submodule foreach --recursive sh -c "git config --local --name-only --get-regexp 'core\.sshCommand' && git config --local --unset-all 'core.sshCommand' || :"
end-workflow	Checkout code	2025-05-05T13:53:34.5744279Z [command]/usr/bin/git config --local --name-only --get-regexp http\.https\:\/\/github\.com\/\.extraheader
end-workflow	Checkout code	2025-05-05T13:53:34.5768819Z [command]/usr/bin/git submodule foreach --recursive sh -c "git config --local --name-only --get-regexp 'http\.https\:\/\/github\.com\/\.extraheader' && git config --local --unset-all 'http.https://github.com/.extraheader' || :"
end-workflow	Checkout code	2025-05-05T13:53:34.5992489Z [command]/usr/bin/git config --local http.https://github.com/.extraheader AUTHORIZATION: basic ***
end-workflow	Checkout code	2025-05-05T13:53:34.6033852Z ##[endgroup]
end-workflow	Checkout code	2025-05-05T13:53:34.6034715Z ##[group]Fetching the repository
end-workflow	Checkout code	2025-05-05T13:53:34.6038007Z [command]/usr/bin/git -c protocol.version=2 fetch --prune --no-recurse-submodules origin +refs/heads/*:refs/remotes/origin/* +refs/tags/*:refs/tags/*
end-workflow	Checkout code	2025-05-05T13:53:35.1462709Z [command]/usr/bin/git branch --list --remote origin/main
end-workflow	Checkout code	2025-05-05T13:53:35.1487941Z   origin/main
end-workflow	Checkout code	2025-05-05T13:53:35.1496927Z [command]/usr/bin/git rev-parse refs/remotes/origin/main
end-workflow	Checkout code	2025-05-05T13:53:35.1522171Z 46a3467dc2b7637459ad3a728bf934dc9b64cd00
end-workflow	Checkout code	2025-05-05T13:53:35.1530553Z [command]/usr/bin/git -c protocol.version=2 fetch --no-tags --prune --no-recurse-submodules origin +20ffa68dfb3ee7ae81c67e3f67196d8c3748bd3a:refs/remotes/origin/main
end-workflow	Checkout code	2025-05-05T13:53:35.1665408Z From https://github.com/Ka0s-Klaus/ka0s
end-workflow	Checkout code	2025-05-05T13:53:35.1667414Z  + 46a3467d...20ffa68d 20ffa68dfb3ee7ae81c67e3f67196d8c3748bd3a -> origin/main  (forced update)
end-workflow	Checkout code	2025-05-05T13:53:35.1686986Z ##[endgroup]
end-workflow	Checkout code	2025-05-05T13:53:35.1688066Z ##[group]Determining the checkout info
end-workflow	Checkout code	2025-05-05T13:53:35.1689180Z ##[endgroup]
end-workflow	Checkout code	2025-05-05T13:53:35.1690839Z [command]/usr/bin/git sparse-checkout disable
end-workflow	Checkout code	2025-05-05T13:53:35.1758423Z [command]/usr/bin/git config --local --unset-all extensions.worktreeConfig
end-workflow	Checkout code	2025-05-05T13:53:35.1785015Z ##[group]Checking out the ref
end-workflow	Checkout code	2025-05-05T13:53:35.1787361Z [command]/usr/bin/git checkout --progress --force -B main refs/remotes/origin/main
end-workflow	Checkout code	2025-05-05T13:53:35.1908901Z Warning: you are leaving 2 commits behind, not connected to
end-workflow	Checkout code	2025-05-05T13:53:35.1910443Z any of your branches:
end-workflow	Checkout code	2025-05-05T13:53:35.1910975Z 
end-workflow	Checkout code	2025-05-05T13:53:35.1911644Z   46a3467d [Ka0S] Uploading dashboard files to web structure...
end-workflow	Checkout code	2025-05-05T13:53:35.1913336Z   c88dde6b [Ka0S] Uploading data files to web structure...
end-workflow	Checkout code	2025-05-05T13:53:35.1914434Z 
end-workflow	Checkout code	2025-05-05T13:53:35.1915185Z If you want to keep them by creating a new branch, this may be a good time
end-workflow	Checkout code	2025-05-05T13:53:35.1916709Z to do so with:
end-workflow	Checkout code	2025-05-05T13:53:35.1917198Z 
end-workflow	Checkout code	2025-05-05T13:53:35.1917635Z  git branch <new-branch-name> 46a3467d
end-workflow	Checkout code	2025-05-05T13:53:35.1918404Z 
end-workflow	Checkout code	2025-05-05T13:53:35.1918804Z Switched to a new branch 'main'
end-workflow	Checkout code	2025-05-05T13:53:35.1919947Z branch 'main' set up to track 'origin/main'.
end-workflow	Checkout code	2025-05-05T13:53:35.1922998Z ##[endgroup]
end-workflow	Checkout code	2025-05-05T13:53:35.1961234Z [command]/usr/bin/git log -1 --format=%H
end-workflow	Checkout code	2025-05-05T13:53:35.1987403Z 20ffa68dfb3ee7ae81c67e3f67196d8c3748bd3a
end-workflow	Finaliza el workflow	Ôªø2025-05-05T13:53:35.2154211Z ##[group]Run echo "End process"
end-workflow	Finaliza el workflow	2025-05-05T13:53:35.2155289Z [36;1mecho "End process"[0m
end-workflow	Finaliza el workflow	2025-05-05T13:53:35.2156370Z [36;1m# RNNUMBER=$(echo "refs/heads/main" | grep -o '[0-9]*')[0m
end-workflow	Finaliza el workflow	2025-05-05T13:53:35.2157399Z [36;1mRNNUMBER=220[0m
end-workflow	Finaliza el workflow	2025-05-05T13:53:35.2158386Z [36;1mgh issue comment $RNNUMBER --body "Se finaliza Ka0s 14838100116"[0m
end-workflow	Finaliza el workflow	2025-05-05T13:53:35.2160515Z [36;1mgh workflow run inspector.yml --ref 'main' -f kaos-issue-id=$RNNUMBER -f kaos-workflow-id="14838100116" -f kaos-user-start=""[0m
end-workflow	Finaliza el workflow	2025-05-05T13:53:35.2169401Z shell: /usr/bin/bash -e {0}
end-workflow	Finaliza el workflow	2025-05-05T13:53:35.2170122Z env:
end-workflow	Finaliza el workflow	2025-05-05T13:53:35.2170661Z   KAOS_CODE: 14838100116
end-workflow	Finaliza el workflow	2025-05-05T13:53:35.2171370Z   KAOS_EVENT_NAME: workflow_dispatch
end-workflow	Finaliza el workflow	2025-05-05T13:53:35.2172128Z   KAOS_ACTION: 
end-workflow	Finaliza el workflow	2025-05-05T13:53:35.2172719Z   KAOS_REF: refs/heads/main
end-workflow	Finaliza el workflow	2025-05-05T13:53:35.2173490Z   KAOS_MODULE: [Ka0S] Deploy Web Structure
end-workflow	Finaliza el workflow	2025-05-05T13:53:35.2174552Z   KAOS_JSON_WEB: core/config/webs/webs.json
end-workflow	Finaliza el workflow	2025-05-05T13:53:35.2175550Z   KAOS_JSON_RESUME: core/outputs/webs/
end-workflow	Finaliza el workflow	2025-05-05T13:53:35.2176417Z   KAOS_JSON_DATA: core/web/data/data.json
end-workflow	Finaliza el workflow	2025-05-05T13:53:35.2177264Z   KAOS_WEB_STRUCTURE: core/results/webs/
end-workflow	Finaliza el workflow	2025-05-05T13:53:35.2178062Z   KAOS_ACTOR: jorgecg646
end-workflow	Finaliza el workflow	2025-05-05T13:53:35.2179031Z   GH_TOKEN: ***
end-workflow	Finaliza el workflow	2025-05-05T13:53:35.2179621Z ##[endgroup]
end-workflow	Finaliza el workflow	2025-05-05T13:53:35.2237328Z End process
end-workflow	Finaliza el workflow	2025-05-05T13:53:36.1799067Z https://github.com/Ka0s-Klaus/ka0s/issues/220#issuecomment-2851088769
end-workflow	Post Checkout code	Ôªø2025-05-05T13:53:36.9911011Z Post job cleanup.
end-workflow	Post Checkout code	2025-05-05T13:53:37.0521071Z [command]/usr/bin/git version
end-workflow	Post Checkout code	2025-05-05T13:53:37.0546794Z git version 2.43.0
end-workflow	Post Checkout code	2025-05-05T13:53:37.0571414Z Copying '/home/kaos/.gitconfig' to '/actions-runner/_work/_temp/d724dbee-fe3c-4424-8d35-93b4bb4eafbe/.gitconfig'
end-workflow	Post Checkout code	2025-05-05T13:53:37.0581766Z Temporarily overriding HOME='/actions-runner/_work/_temp/d724dbee-fe3c-4424-8d35-93b4bb4eafbe' before making global git config changes
end-workflow	Post Checkout code	2025-05-05T13:53:37.0582513Z Adding repository directory to the temporary git global config as a safe directory
end-workflow	Post Checkout code	2025-05-05T13:53:37.0583450Z [command]/usr/bin/git config --global --add safe.directory /actions-runner/_work/ka0s/ka0s
end-workflow	Post Checkout code	2025-05-05T13:53:37.0617841Z [command]/usr/bin/git config --local --name-only --get-regexp core\.sshCommand
end-workflow	Post Checkout code	2025-05-05T13:53:37.0646692Z [command]/usr/bin/git submodule foreach --recursive sh -c "git config --local --name-only --get-regexp 'core\.sshCommand' && git config --local --unset-all 'core.sshCommand' || :"
end-workflow	Post Checkout code	2025-05-05T13:53:37.0868994Z [command]/usr/bin/git config --local --name-only --get-regexp http\.https\:\/\/github\.com\/\.extraheader
end-workflow	Post Checkout code	2025-05-05T13:53:37.0888529Z http.https://github.com/.extraheader
end-workflow	Post Checkout code	2025-05-05T13:53:37.0900892Z [command]/usr/bin/git config --local --unset-all http.https://github.com/.extraheader
end-workflow	Post Checkout code	2025-05-05T13:53:37.0931629Z [command]/usr/bin/git submodule foreach --recursive sh -c "git config --local --name-only --get-regexp 'http\.https\:\/\/github\.com\/\.extraheader' && git config --local --unset-all 'http.https://github.com/.extraheader' || :"
end-workflow	Complete job	Ôªø2025-05-05T13:53:37.1256052Z Cleaning up orphan processes
