job-core	Set up job	﻿2025-05-12T10:32:48.5316999Z Current runner version: '2.323.0'
job-core	Set up job	2025-05-12T10:32:48.5320824Z Runner name: 'ka0s-8'
job-core	Set up job	2025-05-12T10:32:48.5321393Z Machine name: '26a53205c9ac'
job-core	Set up job	2025-05-12T10:32:48.5322802Z ##[group]GITHUB_TOKEN Permissions
job-core	Set up job	2025-05-12T10:32:48.5324373Z Contents: read
job-core	Set up job	2025-05-12T10:32:48.5324682Z Metadata: read
job-core	Set up job	2025-05-12T10:32:48.5324973Z Packages: read
job-core	Set up job	2025-05-12T10:32:48.5325263Z ##[endgroup]
job-core	Set up job	2025-05-12T10:32:48.5326648Z Secret source: Actions
job-core	Set up job	2025-05-12T10:32:48.5327033Z Prepare workflow directory
job-core	Set up job	2025-05-12T10:32:48.5723402Z Prepare all required actions
job-core	Set up job	2025-05-12T10:32:48.5749293Z Getting action download info
job-core	Set up job	2025-05-12T10:32:52.9525698Z Download action repository 'actions/checkout@v4' (SHA:11bd71901bbe5b1630ceea73d27597364c9af683)
job-core	Set up job	2025-05-12T10:34:27.3127223Z Download action repository 'SamKirkland/FTP-Deploy-Action@v4.3.4' (SHA:8a24039354ee91000cb948cb4a1dbdf1a1b94a3c)
job-core	Set up job	2025-05-12T10:34:39.9370277Z Complete job name: job-core
job-core	Checkout repository	﻿2025-05-12T10:34:39.9642717Z ##[group]Run actions/checkout@v4
job-core	Checkout repository	2025-05-12T10:34:39.9643116Z with:
job-core	Checkout repository	2025-05-12T10:34:39.9643330Z   fetch-depth: 0
job-core	Checkout repository	2025-05-12T10:34:39.9643700Z   token: ***
job-core	Checkout repository	2025-05-12T10:34:39.9643881Z   repository: Ka0s-Klaus/ka0s
job-core	Checkout repository	2025-05-12T10:34:39.9644126Z   ssh-strict: true
job-core	Checkout repository	2025-05-12T10:34:39.9644301Z   ssh-user: git
job-core	Checkout repository	2025-05-12T10:34:39.9644475Z   persist-credentials: true
job-core	Checkout repository	2025-05-12T10:34:39.9644666Z   clean: true
job-core	Checkout repository	2025-05-12T10:34:39.9644843Z   sparse-checkout-cone-mode: true
job-core	Checkout repository	2025-05-12T10:34:39.9645045Z   fetch-tags: false
job-core	Checkout repository	2025-05-12T10:34:39.9645230Z   show-progress: true
job-core	Checkout repository	2025-05-12T10:34:39.9645418Z   lfs: false
job-core	Checkout repository	2025-05-12T10:34:39.9645582Z   submodules: false
job-core	Checkout repository	2025-05-12T10:34:39.9645758Z   set-safe-directory: true
job-core	Checkout repository	2025-05-12T10:34:39.9646033Z env:
job-core	Checkout repository	2025-05-12T10:34:39.9646195Z   KAOS_CODE: 14969978359
job-core	Checkout repository	2025-05-12T10:34:39.9646391Z   KAOS_EVENT_NAME: workflow_dispatch
job-core	Checkout repository	2025-05-12T10:34:39.9646590Z   KAOS_ACTION: 
job-core	Checkout repository	2025-05-12T10:34:39.9646768Z   KAOS_REF: refs/heads/main
job-core	Checkout repository	2025-05-12T10:34:39.9646957Z   KAOS_MODULE: [Ka0S] Deploy Webs
job-core	Checkout repository	2025-05-12T10:34:39.9647196Z   KAOS_PATH_ORIGIN: core/results/webs/dashboard/
job-core	Checkout repository	2025-05-12T10:34:39.9647430Z   KAOS_PATH_WEB: /html/dashboard/
job-core	Checkout repository	2025-05-12T10:34:39.9647633Z   KAOS_PATH_RESUME: core/results/dw/
job-core	Checkout repository	2025-05-12T10:34:39.9647854Z   KAOS_FILE_STATE: ftp-deploy-sync-state.json
job-core	Checkout repository	2025-05-12T10:34:39.9648073Z   KAOS_ACTOR: jorgecg646
job-core	Checkout repository	2025-05-12T10:34:39.9648260Z   KAOS_CACHE_BUSTER: 14969978359-229
job-core	Checkout repository	2025-05-12T10:34:39.9648467Z ##[endgroup]
job-core	Checkout repository	2025-05-12T10:34:40.0354166Z Syncing repository: Ka0s-Klaus/ka0s
job-core	Checkout repository	2025-05-12T10:34:40.0355230Z ##[group]Getting Git version info
job-core	Checkout repository	2025-05-12T10:34:40.0355506Z Working directory is '/actions-runner/_work/ka0s/ka0s'
job-core	Checkout repository	2025-05-12T10:34:40.0355896Z [command]/usr/bin/git version
job-core	Checkout repository	2025-05-12T10:34:40.0356170Z git version 2.43.0
job-core	Checkout repository	2025-05-12T10:34:40.0380933Z ##[endgroup]
job-core	Checkout repository	2025-05-12T10:34:40.0393009Z Copying '/home/kaos/.gitconfig' to '/actions-runner/_work/_temp/1a39***88-9243-4edf-a46b-bb9f7cd033e7/.gitconfig'
job-core	Checkout repository	2025-05-12T10:34:40.0409395Z Temporarily overriding HOME='/actions-runner/_work/_temp/1a39***88-9243-4edf-a46b-bb9f7cd033e7' before making global git config changes
job-core	Checkout repository	2025-05-12T10:34:40.0409966Z Adding repository directory to the temporary git global config as a safe directory
job-core	Checkout repository	2025-05-12T10:34:40.0415165Z [command]/usr/bin/git config --global --add safe.directory /actions-runner/_work/ka0s/ka0s
job-core	Checkout repository	2025-05-12T10:34:40.0450350Z [command]/usr/bin/git config --local --get remote.origin.url
job-core	Checkout repository	2025-05-12T10:34:40.0467327Z https://github.com/Ka0s-Klaus/ka0s
job-core	Checkout repository	2025-05-12T10:34:40.0488230Z ##[group]Removing previously created refs, to avoid conflicts
job-core	Checkout repository	2025-05-12T10:34:40.0492620Z [command]/usr/bin/git rev-parse --symbolic-full-name --verify --quiet HEAD
job-core	Checkout repository	2025-05-12T10:34:40.0513343Z refs/heads/main
job-core	Checkout repository	2025-05-12T10:34:40.0523326Z [command]/usr/bin/git checkout --detach
job-core	Checkout repository	2025-05-12T10:34:40.0616756Z HEAD is now at e2c5d5ec [Ka0S] Inspector uploading resume execution files to the repository...
job-core	Checkout repository	2025-05-12T10:34:40.0652600Z [command]/usr/bin/git branch --delete --force main
job-core	Checkout repository	2025-05-12T10:34:40.0681522Z Deleted branch main (was e2c5d5ec).
job-core	Checkout repository	2025-05-12T10:34:40.0734910Z ##[endgroup]
job-core	Checkout repository	2025-05-12T10:34:40.0738225Z [command]/usr/bin/git submodule status
job-core	Checkout repository	2025-05-12T10:34:40.0965318Z ##[group]Cleaning the repository
job-core	Checkout repository	2025-05-12T10:34:40.0971098Z [command]/usr/bin/git clean -ffdx
job-core	Checkout repository	2025-05-12T10:34:40.1028883Z [command]/usr/bin/git reset --hard HEAD
job-core	Checkout repository	2025-05-12T10:34:40.1159065Z HEAD is now at e2c5d5ec [Ka0S] Inspector uploading resume execution files to the repository...
job-core	Checkout repository	2025-05-12T10:34:40.1160754Z ##[endgroup]
job-core	Checkout repository	2025-05-12T10:34:40.1162742Z ##[group]Disabling automatic garbage collection
job-core	Checkout repository	2025-05-12T10:34:40.1168015Z [command]/usr/bin/git config --local gc.auto 0
job-core	Checkout repository	2025-05-12T10:34:40.1189031Z ##[endgroup]
job-core	Checkout repository	2025-05-12T10:34:40.1189642Z ##[group]Setting up auth
job-core	Checkout repository	2025-05-12T10:34:40.1191517Z [command]/usr/bin/git config --local --name-only --get-regexp core\.sshCommand
job-core	Checkout repository	2025-05-12T10:34:40.1220981Z [command]/usr/bin/git submodule foreach --recursive sh -c "git config --local --name-only --get-regexp 'core\.sshCommand' && git config --local --unset-all 'core.sshCommand' || :"
job-core	Checkout repository	2025-05-12T10:34:40.1451155Z [command]/usr/bin/git config --local --name-only --get-regexp http\.https\:\/\/github\.com\/\.extraheader
job-core	Checkout repository	2025-05-12T10:34:40.1474828Z [command]/usr/bin/git submodule foreach --recursive sh -c "git config --local --name-only --get-regexp 'http\.https\:\/\/github\.com\/\.extraheader' && git config --local --unset-all 'http.https://github.com/.extraheader' || :"
job-core	Checkout repository	2025-05-12T10:34:40.1703148Z [command]/usr/bin/git config --local http.https://github.com/.extraheader AUTHORIZATION: basic ***
job-core	Checkout repository	2025-05-12T10:34:40.1739674Z ##[endgroup]
job-core	Checkout repository	2025-05-12T10:34:40.1740361Z ##[group]Fetching the repository
job-core	Checkout repository	2025-05-12T10:34:40.1748531Z [command]/usr/bin/git -c protocol.version=2 fetch --prune --no-recurse-submodules origin +refs/heads/*:refs/remotes/origin/* +refs/tags/*:refs/tags/*
job-core	Checkout repository	2025-05-12T10:34:41.9207183Z From https://github.com/Ka0s-Klaus/ka0s
job-core	Checkout repository	2025-05-12T10:34:41.9207845Z    e2c5d5ec..5dcdfacf  main       -> origin/main
job-core	Checkout repository	2025-05-12T10:34:41.9288349Z [command]/usr/bin/git branch --list --remote origin/main
job-core	Checkout repository	2025-05-12T10:34:41.9314933Z   origin/main
job-core	Checkout repository	2025-05-12T10:34:41.9322117Z [command]/usr/bin/git rev-parse refs/remotes/origin/main
job-core	Checkout repository	2025-05-12T10:34:41.9345536Z 5dcdfacfeeb3de7968067a274b464936bec6cb4e
job-core	Checkout repository	2025-05-12T10:34:41.9349790Z ##[endgroup]
job-core	Checkout repository	2025-05-12T10:34:41.9350131Z ##[group]Determining the checkout info
job-core	Checkout repository	2025-05-12T10:34:41.9350493Z ##[endgroup]
job-core	Checkout repository	2025-05-12T10:34:41.9358094Z [command]/usr/bin/git sparse-checkout disable
job-core	Checkout repository	2025-05-12T10:34:41.9414781Z [command]/usr/bin/git config --local --unset-all extensions.worktreeConfig
job-core	Checkout repository	2025-05-12T10:34:41.9456575Z ##[group]Checking out the ref
job-core	Checkout repository	2025-05-12T10:34:41.9457236Z [command]/usr/bin/git checkout --progress --force -B main refs/remotes/origin/main
job-core	Checkout repository	2025-05-12T10:34:41.9599677Z Previous HEAD position was e2c5d5ec [Ka0S] Inspector uploading resume execution files to the repository...
job-core	Checkout repository	2025-05-12T10:34:41.9601029Z Switched to a new branch 'main'
job-core	Checkout repository	2025-05-12T10:34:41.9601426Z branch 'main' set up to track 'origin/main'.
job-core	Checkout repository	2025-05-12T10:34:41.9607212Z ##[endgroup]
job-core	Checkout repository	2025-05-12T10:34:41.9648326Z [command]/usr/bin/git log -1 --format=%H
job-core	Checkout repository	2025-05-12T10:34:41.9674188Z 5dcdfacfeeb3de7968067a274b464936bec6cb4e
job-core	Limpiar caché local antes del despliegue	﻿2025-05-12T10:34:41.9807052Z ##[group]Run echo "Limpiando caché local de GitHub Actions runner..."
job-core	Limpiar caché local antes del despliegue	2025-05-12T10:34:41.9807428Z [36;1mecho "Limpiando caché local de GitHub Actions runner..."[0m
job-core	Limpiar caché local antes del despliegue	2025-05-12T10:34:41.9807677Z [36;1mif [ -d ~/.cache ]; then[0m
job-core	Limpiar caché local antes del despliegue	2025-05-12T10:34:41.9807858Z [36;1m  rm -rf ~/.cache/*[0m
job-core	Limpiar caché local antes del despliegue	2025-05-12T10:34:41.9808037Z [36;1m  echo "Caché local eliminada."[0m
job-core	Limpiar caché local antes del despliegue	2025-05-12T10:34:41.9808214Z [36;1melse[0m
job-core	Limpiar caché local antes del despliegue	2025-05-12T10:34:41.9808388Z [36;1m  echo "No se encontró directorio de caché local."[0m
job-core	Limpiar caché local antes del despliegue	2025-05-12T10:34:41.9808590Z [36;1mfi[0m
job-core	Limpiar caché local antes del despliegue	2025-05-12T10:34:41.9815139Z shell: /usr/bin/bash -e {0}
job-core	Limpiar caché local antes del despliegue	2025-05-12T10:34:41.9815458Z env:
job-core	Limpiar caché local antes del despliegue	2025-05-12T10:34:41.9815640Z   KAOS_CODE: 14969978359
job-core	Limpiar caché local antes del despliegue	2025-05-12T10:34:41.9815859Z   KAOS_EVENT_NAME: workflow_dispatch
job-core	Limpiar caché local antes del despliegue	2025-05-12T10:34:41.9816074Z   KAOS_ACTION: 
job-core	Limpiar caché local antes del despliegue	2025-05-12T10:34:41.9816219Z   KAOS_REF: refs/heads/main
job-core	Limpiar caché local antes del despliegue	2025-05-12T10:34:41.9816564Z   KAOS_MODULE: [Ka0S] Deploy Webs
job-core	Limpiar caché local antes del despliegue	2025-05-12T10:34:41.9816759Z   KAOS_PATH_ORIGIN: core/results/webs/dashboard/
job-core	Limpiar caché local antes del despliegue	2025-05-12T10:34:41.9816991Z   KAOS_PATH_WEB: /html/dashboard/
job-core	Limpiar caché local antes del despliegue	2025-05-12T10:34:41.9817169Z   KAOS_PATH_RESUME: core/results/dw/
job-core	Limpiar caché local antes del despliegue	2025-05-12T10:34:41.9817368Z   KAOS_FILE_STATE: ftp-deploy-sync-state.json
job-core	Limpiar caché local antes del despliegue	2025-05-12T10:34:41.9817565Z   KAOS_ACTOR: jorgecg646
job-core	Limpiar caché local antes del despliegue	2025-05-12T10:34:41.9817725Z   KAOS_CACHE_BUSTER: 14969978359-229
job-core	Limpiar caché local antes del despliegue	2025-05-12T10:34:41.9817905Z ##[endgroup]
job-core	Limpiar caché local antes del despliegue	2025-05-12T10:34:41.9854892Z Limpiando caché local de GitHub Actions runner...
job-core	Limpiar caché local antes del despliegue	2025-05-12T10:34:41.9856319Z No se encontró directorio de caché local.
job-core	Deploy Dashboard to Web Server via SFTP	﻿2025-05-12T10:34:41.9893259Z ##[group]Run SamKirkland/FTP-Deploy-Action@v4.3.4
job-core	Deploy Dashboard to Web Server via SFTP	2025-05-12T10:34:41.9893485Z with:
job-core	Deploy Dashboard to Web Server via SFTP	2025-05-12T10:34:41.9893665Z   server: ***
job-core	Deploy Dashboard to Web Server via SFTP	2025-05-12T10:34:41.9893811Z   username: ***
job-core	Deploy Dashboard to Web Server via SFTP	2025-05-12T10:34:41.9893965Z   password: ***
job-core	Deploy Dashboard to Web Server via SFTP	2025-05-12T10:34:41.9894311Z   port: ***
job-core	Deploy Dashboard to Web Server via SFTP	2025-05-12T10:34:41.9894492Z   local-dir: core/results/webs/dashboard/
job-core	Deploy Dashboard to Web Server via SFTP	2025-05-12T10:34:41.9894731Z   server-dir: /html/dashboard/
job-core	Deploy Dashboard to Web Server via SFTP	2025-05-12T10:34:41.9895072Z   dangerous-clean-slate: true
job-core	Deploy Dashboard to Web Server via SFTP	2025-05-12T10:34:41.9895319Z   state-name: 14969978359-ftp-deploy-sync-state.json
job-core	Deploy Dashboard to Web Server via SFTP	2025-05-12T10:34:41.9895582Z   exclude: **/.git*
job-core	Deploy Dashboard to Web Server via SFTP	**/.git*/**
job-core	Deploy Dashboard to Web Server via SFTP	**/node_modules/**
job-core	Deploy Dashboard to Web Server via SFTP	
job-core	Deploy Dashboard to Web Server via SFTP	2025-05-12T10:34:41.9895812Z env:
job-core	Deploy Dashboard to Web Server via SFTP	2025-05-12T10:34:41.9895973Z   KAOS_CODE: 14969978359
job-core	Deploy Dashboard to Web Server via SFTP	2025-05-12T10:34:41.9896132Z   KAOS_EVENT_NAME: workflow_dispatch
job-core	Deploy Dashboard to Web Server via SFTP	2025-05-12T10:34:41.9896299Z   KAOS_ACTION: 
job-core	Deploy Dashboard to Web Server via SFTP	2025-05-12T10:34:41.9896438Z   KAOS_REF: refs/heads/main
job-core	Deploy Dashboard to Web Server via SFTP	2025-05-12T10:34:41.9896604Z   KAOS_MODULE: [Ka0S] Deploy Webs
job-core	Deploy Dashboard to Web Server via SFTP	2025-05-12T10:34:41.9896783Z   KAOS_PATH_ORIGIN: core/results/webs/dashboard/
job-core	Deploy Dashboard to Web Server via SFTP	2025-05-12T10:34:41.9897008Z   KAOS_PATH_WEB: /html/dashboard/
job-core	Deploy Dashboard to Web Server via SFTP	2025-05-12T10:34:41.9897169Z   KAOS_PATH_RESUME: core/results/dw/
job-core	Deploy Dashboard to Web Server via SFTP	2025-05-12T10:34:41.9897355Z   KAOS_FILE_STATE: ftp-deploy-sync-state.json
job-core	Deploy Dashboard to Web Server via SFTP	2025-05-12T10:34:41.9897537Z   KAOS_ACTOR: jorgecg646
job-core	Deploy Dashboard to Web Server via SFTP	2025-05-12T10:34:41.9897690Z   KAOS_CACHE_BUSTER: 14969978359-229
job-core	Deploy Dashboard to Web Server via SFTP	2025-05-12T10:34:41.9897864Z ##[endgroup]
job-core	Deploy Dashboard to Web Server via SFTP	2025-05-12T10:34:42.0172931Z ----------------------------------------------------------------
job-core	Deploy Dashboard to Web Server via SFTP	2025-05-12T10:34:42.0175889Z 🚀 Thanks for using ftp-deploy. Let's deploy some stuff!   
job-core	Deploy Dashboard to Web Server via SFTP	2025-05-12T10:34:42.0176511Z ----------------------------------------------------------------
job-core	Deploy Dashboard to Web Server via SFTP	2025-05-12T10:34:42.0176875Z If you found this project helpful, please support it
job-core	Deploy Dashboard to Web Server via SFTP	2025-05-12T10:34:42.0177377Z by giving it a ⭐ on Github --> https://github.com/SamKirkland/FTP-Deploy-Action
job-core	Deploy Dashboard to Web Server via SFTP	2025-05-12T10:34:42.0177818Z or add a badge 🏷️ to your projects readme --> https://github.com/SamKirkland/FTP-Deploy-Action#badge
job-core	Deploy Dashboard to Web Server via SFTP	2025-05-12T10:34:42.6949847Z ----------------------------------------------------------------
job-core	Deploy Dashboard to Web Server via SFTP	2025-05-12T10:34:42.6951022Z 🗑️ Removing all files on the server because 'dangerous-clean-slate' was set, this will make the deployment very slow...
job-core	Deploy Dashboard to Web Server via SFTP	2025-05-12T10:34:49.0369068Z Clear complete
job-core	Deploy Dashboard to Web Server via SFTP	2025-05-12T10:34:49.0370706Z ----------------------------------------------------------------
job-core	Deploy Dashboard to Web Server via SFTP	2025-05-12T10:34:49.0371672Z No file exists on the server "/html/dashboard/14969978359-ftp-deploy-sync-state.json" - this must be your first publish! 🎉
job-core	Deploy Dashboard to Web Server via SFTP	2025-05-12T10:34:49.0372379Z The first publish will take a while... but once the initial sync is done only differences are published!
job-core	Deploy Dashboard to Web Server via SFTP	2025-05-12T10:34:49.0373114Z If you get this message and its NOT your first publish, something is wrong.
job-core	Deploy Dashboard to Web Server via SFTP	2025-05-12T10:34:49.0373689Z ----------------------------------------------------------------
job-core	Deploy Dashboard to Web Server via SFTP	2025-05-12T10:34:49.0470162Z Local Files:	53
job-core	Deploy Dashboard to Web Server via SFTP	2025-05-12T10:34:49.0473050Z Server Files:	0
job-core	Deploy Dashboard to Web Server via SFTP	2025-05-12T10:34:49.0473865Z ----------------------------------------------------------------
job-core	Deploy Dashboard to Web Server via SFTP	2025-05-12T10:34:49.0474438Z Calculating differences between client & server
job-core	Deploy Dashboard to Web Server via SFTP	2025-05-12T10:34:49.0475174Z ----------------------------------------------------------------
job-core	Deploy Dashboard to Web Server via SFTP	2025-05-12T10:34:49.0482500Z 📁 Create: custom
job-core	Deploy Dashboard to Web Server via SFTP	2025-05-12T10:34:49.0483892Z 📁 Create: data
job-core	Deploy Dashboard to Web Server via SFTP	2025-05-12T10:34:49.0484236Z 📁 Create: js
job-core	Deploy Dashboard to Web Server via SFTP	2025-05-12T10:34:49.0484484Z 📁 Create: structure
job-core	Deploy Dashboard to Web Server via SFTP	2025-05-12T10:34:49.0484946Z 📁 Create: structure/actionsPerformance
job-core	Deploy Dashboard to Web Server via SFTP	2025-05-12T10:34:49.0485908Z 📁 Create: structure/backLogs
job-core	Deploy Dashboard to Web Server via SFTP	2025-05-12T10:34:49.0486224Z 📁 Create: structure/endWorkflow
job-core	Deploy Dashboard to Web Server via SFTP	2025-05-12T10:34:49.0486546Z 📁 Create: structure/handlerFailure
job-core	Deploy Dashboard to Web Server via SFTP	2025-05-12T10:34:49.0487118Z 📁 Create: structure/handlerSuccess
job-core	Deploy Dashboard to Web Server via SFTP	2025-05-12T10:34:49.0499174Z 📁 Create: structure/inicio
job-core	Deploy Dashboard to Web Server via SFTP	2025-05-12T10:34:49.0499527Z 📁 Create: structure/leadTime
job-core	Deploy Dashboard to Web Server via SFTP	2025-05-12T10:34:49.0499816Z 📁 Create: structure/workflows
job-core	Deploy Dashboard to Web Server via SFTP	2025-05-12T10:34:49.0500099Z 📁 Create: temp_sections
job-core	Deploy Dashboard to Web Server via SFTP	2025-05-12T10:34:49.0500360Z 📁 Create: templates
job-core	Deploy Dashboard to Web Server via SFTP	2025-05-12T10:34:49.0500669Z 📄 Upload: custom/custom.html
job-core	Deploy Dashboard to Web Server via SFTP	2025-05-12T10:34:49.0500894Z 📄 Upload: dashboard.html
job-core	Deploy Dashboard to Web Server via SFTP	2025-05-12T10:34:49.0501482Z 📄 Upload: data/data.html
job-core	Deploy Dashboard to Web Server via SFTP	2025-05-12T10:34:49.0501688Z 📄 Upload: data/data.json
job-core	Deploy Dashboard to Web Server via SFTP	2025-05-12T10:34:49.0501924Z 📄 Upload: data/kaos-issue.json
job-core	Deploy Dashboard to Web Server via SFTP	2025-05-12T10:34:49.0502212Z 📄 Upload: data/kaos-repository-global-statistics.json
job-core	Deploy Dashboard to Web Server via SFTP	2025-05-12T10:34:49.0502547Z 📄 Upload: data/kaos-repository-statistics.json
job-core	Deploy Dashboard to Web Server via SFTP	2025-05-12T10:34:49.0502860Z 📄 Upload: data/kaos-workflows-available.json
job-core	Deploy Dashboard to Web Server via SFTP	2025-05-12T10:34:49.0503139Z 📄 Upload: data/kaos-workflows-runs.json
job-core	Deploy Dashboard to Web Server via SFTP	2025-05-12T10:34:49.0503390Z 📄 Upload: data/seccion1.json
job-core	Deploy Dashboard to Web Server via SFTP	2025-05-12T10:34:49.0503639Z 📄 Upload: data/section1inicio.json
job-core	Deploy Dashboard to Web Server via SFTP	2025-05-12T10:34:49.0503895Z 📄 Upload: data/section2workflows.json
job-core	Deploy Dashboard to Web Server via SFTP	2025-05-12T10:34:49.0504197Z 📄 Upload: data/section3leadtime.json
job-core	Deploy Dashboard to Web Server via SFTP	2025-05-12T10:34:49.0504427Z 📄 Upload: data/webs.json
job-core	Deploy Dashboard to Web Server via SFTP	2025-05-12T10:34:49.0504660Z 📄 Upload: js/actionsPerformance.js
job-core	Deploy Dashboard to Web Server via SFTP	2025-05-12T10:34:49.0504894Z 📄 Upload: js/data-list.js
job-core	Deploy Dashboard to Web Server via SFTP	2025-05-12T10:34:49.0505100Z 📄 Upload: js/data.js
job-core	Deploy Dashboard to Web Server via SFTP	2025-05-12T10:34:49.0505300Z 📄 Upload: js/graphic.js
job-core	Deploy Dashboard to Web Server via SFTP	2025-05-12T10:34:49.0505514Z 📄 Upload: js/js.html
job-core	Deploy Dashboard to Web Server via SFTP	2025-05-12T10:34:49.0505712Z 📄 Upload: js/leadtime.js
job-core	Deploy Dashboard to Web Server via SFTP	2025-05-12T10:34:49.0505909Z 📄 Upload: js/leadTime.js
job-core	Deploy Dashboard to Web Server via SFTP	2025-05-12T10:34:49.0506109Z 📄 Upload: js/navbar.js
job-core	Deploy Dashboard to Web Server via SFTP	2025-05-12T10:34:49.0506316Z 📄 Upload: js/orchestrator.js
job-core	Deploy Dashboard to Web Server via SFTP	2025-05-12T10:34:49.0506531Z 📄 Upload: js/structure.js
job-core	Deploy Dashboard to Web Server via SFTP	2025-05-12T10:34:49.0506835Z 📄 Upload: structure/actionsPerformance/actionsPerformance.html
job-core	Deploy Dashboard to Web Server via SFTP	2025-05-12T10:34:49.0507156Z 📄 Upload: structure/backLogs/backLogs.html
job-core	Deploy Dashboard to Web Server via SFTP	2025-05-12T10:34:49.0507437Z 📄 Upload: structure/endWorkflow/endWorkflow.html
job-core	Deploy Dashboard to Web Server via SFTP	2025-05-12T10:34:49.0507742Z 📄 Upload: structure/handlerFailure/handlerFailure.html
job-core	Deploy Dashboard to Web Server via SFTP	2025-05-12T10:34:49.0508061Z 📄 Upload: structure/handlerSuccess/handlerSuccess.html
job-core	Deploy Dashboard to Web Server via SFTP	2025-05-12T10:34:49.0508340Z 📄 Upload: structure/inicio/inicio.html
job-core	Deploy Dashboard to Web Server via SFTP	2025-05-12T10:34:49.0508597Z 📄 Upload: structure/leadTime/leadTime.html
job-core	Deploy Dashboard to Web Server via SFTP	2025-05-12T10:34:49.0508848Z 📄 Upload: structure/structure.html
job-core	Deploy Dashboard to Web Server via SFTP	2025-05-12T10:34:49.0509104Z 📄 Upload: structure/workflows/workflows.html
job-core	Deploy Dashboard to Web Server via SFTP	2025-05-12T10:34:49.0509375Z 📄 Upload: temp_sections/data-list.html
job-core	Deploy Dashboard to Web Server via SFTP	2025-05-12T10:34:49.0509630Z 📄 Upload: temp_sections/inicio.html
job-core	Deploy Dashboard to Web Server via SFTP	2025-05-12T10:34:49.0509894Z 📄 Upload: temp_sections/section1inicio.html
job-core	Deploy Dashboard to Web Server via SFTP	2025-05-12T10:34:49.0510150Z 📄 Upload: templates/leadTime.html
job-core	Deploy Dashboard to Web Server via SFTP	2025-05-12T10:34:49.0510388Z 📄 Upload: templates/navbar.html
job-core	Deploy Dashboard to Web Server via SFTP	2025-05-12T10:34:49.0510636Z 📄 Upload: templates/templates.html
job-core	Deploy Dashboard to Web Server via SFTP	2025-05-12T10:34:49.0510871Z ----------------------------------------------------------------
job-core	Deploy Dashboard to Web Server via SFTP	2025-05-12T10:34:49.0511169Z Making changes to 53 files/folders to sync server state
job-core	Deploy Dashboard to Web Server via SFTP	2025-05-12T10:34:49.0511502Z Uploading: 6.05 MB -- Deleting: 0 B -- Replacing: 0 B
job-core	Deploy Dashboard to Web Server via SFTP	2025-05-12T10:34:49.0511768Z ----------------------------------------------------------------
job-core	Deploy Dashboard to Web Server via SFTP	2025-05-12T10:34:49.0512005Z creating folder "custom/"
job-core	Deploy Dashboard to Web Server via SFTP	2025-05-12T10:34:49.1743720Z creating folder "data/"
job-core	Deploy Dashboard to Web Server via SFTP	2025-05-12T10:34:49.2780211Z creating folder "js/"
job-core	Deploy Dashboard to Web Server via SFTP	2025-05-12T10:34:49.3658617Z creating folder "structure/"
job-core	Deploy Dashboard to Web Server via SFTP	2025-05-12T10:34:49.4657861Z creating folder "structure/actionsPerformance/"
job-core	Deploy Dashboard to Web Server via SFTP	2025-05-12T10:34:49.6774050Z creating folder "structure/backLogs/"
job-core	Deploy Dashboard to Web Server via SFTP	2025-05-12T10:34:49.8968122Z creating folder "structure/endWorkflow/"
job-core	Deploy Dashboard to Web Server via SFTP	2025-05-12T10:34:50.1079835Z creating folder "structure/handlerFailure/"
job-core	Deploy Dashboard to Web Server via SFTP	2025-05-12T10:34:50.2985519Z creating folder "structure/handlerSuccess/"
job-core	Deploy Dashboard to Web Server via SFTP	2025-05-12T10:34:50.5048525Z creating folder "structure/inicio/"
job-core	Deploy Dashboard to Web Server via SFTP	2025-05-12T10:34:50.7160678Z creating folder "structure/leadTime/"
job-core	Deploy Dashboard to Web Server via SFTP	2025-05-12T10:34:50.9288695Z creating folder "structure/workflows/"
job-core	Deploy Dashboard to Web Server via SFTP	2025-05-12T10:34:51.2548587Z creating folder "temp_sections/"
job-core	Deploy Dashboard to Web Server via SFTP	2025-05-12T10:34:51.3743333Z creating folder "templates/"
job-core	Deploy Dashboard to Web Server via SFTP	2025-05-12T10:34:51.4780510Z uploading "custom/custom.html"
job-core	Deploy Dashboard to Web Server via SFTP	2025-05-12T10:34:51.6715302Z uploading "dashboard.html"
job-core	Deploy Dashboard to Web Server via SFTP	2025-05-12T10:34:51.8917335Z uploading "data/data.html"
job-core	Deploy Dashboard to Web Server via SFTP	2025-05-12T10:34:52.0555641Z uploading "data/data.json"
job-core	Deploy Dashboard to Web Server via SFTP	2025-05-12T10:34:52.2765597Z uploading "data/kaos-issue.json"
job-core	Deploy Dashboard to Web Server via SFTP	2025-05-12T10:34:57.3260980Z uploading "data/kaos-repository-global-statistics.json"
job-core	Deploy Dashboard to Web Server via SFTP	2025-05-12T10:34:57.5951496Z uploading "data/kaos-repository-statistics.json"
job-core	Deploy Dashboard to Web Server via SFTP	2025-05-12T10:34:57.8965795Z uploading "data/kaos-workflows-available.json"
job-core	Deploy Dashboard to Web Server via SFTP	2025-05-12T10:34:58.0885536Z uploading "data/kaos-workflows-runs.json"
job-core	Deploy Dashboard to Web Server via SFTP	2025-05-12T10:35:09.7029376Z uploading "data/seccion1.json"
job-core	Deploy Dashboard to Web Server via SFTP	2025-05-12T10:35:21.1444349Z uploading "data/section1inicio.json"
job-core	Deploy Dashboard to Web Server via SFTP	2025-05-12T10:35:24.7279262Z uploading "data/section2workflows.json"
job-core	Deploy Dashboard to Web Server via SFTP	2025-05-12T10:35:25.2901822Z uploading "data/section3leadtime.json"
job-core	Deploy Dashboard to Web Server via SFTP	2025-05-12T10:35:25.7169687Z uploading "data/webs.json"
job-core	Deploy Dashboard to Web Server via SFTP	2025-05-12T10:35:26.1602396Z uploading "js/actionsPerformance.js"
job-core	Deploy Dashboard to Web Server via SFTP	2025-05-12T10:35:26.4909641Z uploading "js/data-list.js"
job-core	Deploy Dashboard to Web Server via SFTP	2025-05-12T10:35:26.8149680Z uploading "js/data.js"
job-core	Deploy Dashboard to Web Server via SFTP	2025-05-12T10:35:28.0045319Z uploading "js/graphic.js"
job-core	Deploy Dashboard to Web Server via SFTP	2025-05-12T10:35:28.2434407Z uploading "js/js.html"
job-core	Deploy Dashboard to Web Server via SFTP	2025-05-12T10:35:28.4162141Z uploading "js/leadtime.js"
job-core	Deploy Dashboard to Web Server via SFTP	2025-05-12T10:35:28.6053073Z uploading "js/leadTime.js"
job-core	Deploy Dashboard to Web Server via SFTP	2025-05-12T10:35:28.8042256Z uploading "js/navbar.js"
job-core	Deploy Dashboard to Web Server via SFTP	2025-05-12T10:35:29.0350141Z uploading "js/orchestrator.js"
job-core	Deploy Dashboard to Web Server via SFTP	2025-05-12T10:35:29.4646938Z uploading "js/structure.js"
job-core	Deploy Dashboard to Web Server via SFTP	2025-05-12T10:35:29.6473337Z uploading "structure/actionsPerformance/actionsPerformance.html"
job-core	Deploy Dashboard to Web Server via SFTP	2025-05-12T10:35:29.8355371Z uploading "structure/backLogs/backLogs.html"
job-core	Deploy Dashboard to Web Server via SFTP	2025-05-12T10:35:30.0657961Z uploading "structure/endWorkflow/endWorkflow.html"
job-core	Deploy Dashboard to Web Server via SFTP	2025-05-12T10:35:30.2747358Z uploading "structure/handlerFailure/handlerFailure.html"
job-core	Deploy Dashboard to Web Server via SFTP	2025-05-12T10:35:30.4753335Z uploading "structure/handlerSuccess/handlerSuccess.html"
job-core	Deploy Dashboard to Web Server via SFTP	2025-05-12T10:35:30.6589783Z uploading "structure/inicio/inicio.html"
job-core	Deploy Dashboard to Web Server via SFTP	2025-05-12T10:35:30.8846713Z uploading "structure/leadTime/leadTime.html"
job-core	Deploy Dashboard to Web Server via SFTP	2025-05-12T10:35:31.0945958Z uploading "structure/structure.html"
job-core	Deploy Dashboard to Web Server via SFTP	2025-05-12T10:35:31.2546531Z uploading "structure/workflows/workflows.html"
job-core	Deploy Dashboard to Web Server via SFTP	2025-05-12T10:35:31.7073837Z uploading "temp_sections/data-list.html"
job-core	Deploy Dashboard to Web Server via SFTP	2025-05-12T10:35:31.8962662Z uploading "temp_sections/inicio.html"
job-core	Deploy Dashboard to Web Server via SFTP	2025-05-12T10:35:32.0856581Z uploading "temp_sections/section1inicio.html"
job-core	Deploy Dashboard to Web Server via SFTP	2025-05-12T10:35:33.3160428Z uploading "templates/leadTime.html"
job-core	Deploy Dashboard to Web Server via SFTP	2025-05-12T10:35:33.5183274Z uploading "templates/navbar.html"
job-core	Deploy Dashboard to Web Server via SFTP	2025-05-12T10:35:33.7173478Z uploading "templates/templates.html"
job-core	Deploy Dashboard to Web Server via SFTP	2025-05-12T10:35:34.0115572Z ----------------------------------------------------------------
job-core	Deploy Dashboard to Web Server via SFTP	2025-05-12T10:35:34.0117012Z 🎉 Sync complete. Saving current server state to "/html/dashboard/14969978359-ftp-deploy-sync-state.json"
job-core	Deploy Dashboard to Web Server via SFTP	2025-05-12T10:35:34.5358808Z ----------------------------------------------------------------
job-core	Deploy Dashboard to Web Server via SFTP	2025-05-12T10:35:34.5360506Z Time spent hashing: 17 milliseconds
job-core	Deploy Dashboard to Web Server via SFTP	2025-05-12T10:35:34.5360952Z Time spent connecting to server: 503 milliseconds
job-core	Deploy Dashboard to Web Server via SFTP	2025-05-12T10:35:34.5361345Z Time spent deploying: 45.4 seconds (133 kB/second)
job-core	Deploy Dashboard to Web Server via SFTP	2025-05-12T10:35:34.5361717Z   - changing dirs: 1.8 seconds
job-core	Deploy Dashboard to Web Server via SFTP	2025-05-12T10:35:34.5362533Z   - logging: 12 milliseconds
job-core	Deploy Dashboard to Web Server via SFTP	2025-05-12T10:35:34.5362846Z ----------------------------------------------------------------
job-core	Deploy Dashboard to Web Server via SFTP	2025-05-12T10:35:34.5363107Z Total time: 52.5 seconds
job-core	Deploy Dashboard to Web Server via SFTP	2025-05-12T10:35:34.5364054Z ----------------------------------------------------------------
job-core	Post Checkout repository	﻿2025-05-12T10:35:34.5819721Z Post job cleanup.
job-core	Post Checkout repository	2025-05-12T10:35:34.6571297Z [command]/usr/bin/git version
job-core	Post Checkout repository	2025-05-12T10:35:34.6598832Z git version 2.43.0
job-core	Post Checkout repository	2025-05-12T10:35:34.6628199Z Copying '/home/kaos/.gitconfig' to '/actions-runner/_work/_temp/37f686c9-73e3-41c1-9487-8dfd5bb52600/.gitconfig'
job-core	Post Checkout repository	2025-05-12T10:35:34.6639518Z Temporarily overriding HOME='/actions-runner/_work/_temp/37f686c9-73e3-41c1-9487-8dfd5bb52600' before making global git config changes
job-core	Post Checkout repository	2025-05-12T10:35:34.6640279Z Adding repository directory to the temporary git global config as a safe directory
job-core	Post Checkout repository	2025-05-12T10:35:34.6642242Z [command]/usr/bin/git config --global --add safe.directory /actions-runner/_work/ka0s/ka0s
job-core	Post Checkout repository	2025-05-12T10:35:34.6670694Z [command]/usr/bin/git config --local --name-only --get-regexp core\.sshCommand
job-core	Post Checkout repository	2025-05-12T10:35:34.6739859Z [command]/usr/bin/git submodule foreach --recursive sh -c "git config --local --name-only --get-regexp 'core\.sshCommand' && git config --local --unset-all 'core.sshCommand' || :"
job-core	Post Checkout repository	2025-05-12T10:35:34.6929002Z [command]/usr/bin/git config --local --name-only --get-regexp http\.https\:\/\/github\.com\/\.extraheader
job-core	Post Checkout repository	2025-05-12T10:35:34.6948169Z http.https://github.com/.extraheader
job-core	Post Checkout repository	2025-05-12T10:35:34.6960563Z [command]/usr/bin/git config --local --unset-all http.https://github.com/.extraheader
job-core	Post Checkout repository	2025-05-12T10:35:34.6989859Z [command]/usr/bin/git submodule foreach --recursive sh -c "git config --local --name-only --get-regexp 'http\.https\:\/\/github\.com\/\.extraheader' && git config --local --unset-all 'http.https://github.com/.extraheader' || :"
job-core	Complete job	﻿2025-05-12T10:35:34.7298140Z Cleaning up orphan processes
handle-success	Set up job	﻿2025-05-12T10:35:42.2233023Z Current runner version: '2.323.0'
handle-success	Set up job	2025-05-12T10:35:42.2237118Z Runner name: 'ka0s-8'
handle-success	Set up job	2025-05-12T10:35:42.2237656Z Machine name: '26a53205c9ac'
handle-success	Set up job	2025-05-12T10:35:42.2238980Z ##[group]GITHUB_TOKEN Permissions
handle-success	Set up job	2025-05-12T10:35:42.2240345Z Contents: read
handle-success	Set up job	2025-05-12T10:35:42.2240646Z Metadata: read
handle-success	Set up job	2025-05-12T10:35:42.2240933Z Packages: read
handle-success	Set up job	2025-05-12T10:35:42.2241216Z ##[endgroup]
handle-success	Set up job	2025-05-12T10:35:42.2242558Z Secret source: Actions
handle-success	Set up job	2025-05-12T10:35:42.2242932Z Prepare workflow directory
handle-success	Set up job	2025-05-12T10:35:42.2648959Z Prepare all required actions
handle-success	Set up job	2025-05-12T10:35:42.2692073Z Getting action download info
handle-success	Set up job	2025-05-12T10:35:42.8231823Z Download action repository 'actions/checkout@v4' (SHA:11bd71901bbe5b1630ceea73d27597364c9af683)
handle-success	Set up job	2025-05-12T10:35:45.2510671Z Complete job name: handle-success
handle-success	Checkout code	﻿2025-05-12T10:35:45.2833049Z ##[group]Run actions/checkout@v4
handle-success	Checkout code	2025-05-12T10:35:45.2833914Z with:
handle-success	Checkout code	2025-05-12T10:35:45.2834445Z   fetch-depth: 0
handle-success	Checkout code	2025-05-12T10:35:45.2835246Z   token: ***
handle-success	Checkout code	2025-05-12T10:35:45.2835777Z   repository: Ka0s-Klaus/ka0s
handle-success	Checkout code	2025-05-12T10:35:45.2836437Z   ssh-strict: true
handle-success	Checkout code	2025-05-12T10:35:45.2836960Z   ssh-user: git
handle-success	Checkout code	2025-05-12T10:35:45.2837497Z   persist-credentials: true
handle-success	Checkout code	2025-05-12T10:35:45.2838096Z   clean: true
handle-success	Checkout code	2025-05-12T10:35:45.2838634Z   sparse-checkout-cone-mode: true
handle-success	Checkout code	2025-05-12T10:35:45.2839302Z   fetch-tags: false
handle-success	Checkout code	2025-05-12T10:35:45.2839833Z   show-progress: true
handle-success	Checkout code	2025-05-12T10:35:45.2840375Z   lfs: false
handle-success	Checkout code	2025-05-12T10:35:45.2840865Z   submodules: false
handle-success	Checkout code	2025-05-12T10:35:45.2841430Z   set-safe-directory: true
handle-success	Checkout code	2025-05-12T10:35:45.2842108Z env:
handle-success	Checkout code	2025-05-12T10:35:45.2861762Z   KAOS_CODE: 14969978359
handle-success	Checkout code	2025-05-12T10:35:45.2862405Z   KAOS_EVENT_NAME: workflow_dispatch
handle-success	Checkout code	2025-05-12T10:35:45.2863084Z   KAOS_ACTION: 
handle-success	Checkout code	2025-05-12T10:35:45.2863607Z   KAOS_REF: refs/heads/main
handle-success	Checkout code	2025-05-12T10:35:45.2864349Z   KAOS_MODULE: [Ka0S] Deploy Webs
handle-success	Checkout code	2025-05-12T10:35:45.2865158Z   KAOS_PATH_ORIGIN: core/results/webs/dashboard/
handle-success	Checkout code	2025-05-12T10:35:45.2865952Z   KAOS_PATH_WEB: /html/dashboard/
handle-success	Checkout code	2025-05-12T10:35:45.2866628Z   KAOS_PATH_RESUME: core/results/dw/
handle-success	Checkout code	2025-05-12T10:35:45.2867387Z   KAOS_FILE_STATE: ftp-deploy-sync-state.json
handle-success	Checkout code	2025-05-12T10:35:45.2868133Z   KAOS_ACTOR: jorgecg646
handle-success	Checkout code	2025-05-12T10:35:45.2868725Z   KAOS_CACHE_BUSTER: 14969978359-229
handle-success	Checkout code	2025-05-12T10:35:45.2869363Z ##[endgroup]
handle-success	Checkout code	2025-05-12T10:35:45.3648884Z Syncing repository: Ka0s-Klaus/ka0s
handle-success	Checkout code	2025-05-12T10:35:45.3651582Z ##[group]Getting Git version info
handle-success	Checkout code	2025-05-12T10:35:45.3652824Z Working directory is '/actions-runner/_work/ka0s/ka0s'
handle-success	Checkout code	2025-05-12T10:35:45.3654897Z [command]/usr/bin/git version
handle-success	Checkout code	2025-05-12T10:35:45.3655958Z git version 2.43.0
handle-success	Checkout code	2025-05-12T10:35:45.3658879Z ##[endgroup]
handle-success	Checkout code	2025-05-12T10:35:45.3665211Z Copying '/home/kaos/.gitconfig' to '/actions-runner/_work/_temp/4532e2b1-5ae1-4c91-aa44-c2e220ed703f/.gitconfig'
handle-success	Checkout code	2025-05-12T10:35:45.3668506Z Temporarily overriding HOME='/actions-runner/_work/_temp/4532e2b1-5ae1-4c91-aa44-c2e220ed703f' before making global git config changes
handle-success	Checkout code	2025-05-12T10:35:45.3671525Z Adding repository directory to the temporary git global config as a safe directory
handle-success	Checkout code	2025-05-12T10:35:45.3673749Z [command]/usr/bin/git config --global --add safe.directory /actions-runner/_work/ka0s/ka0s
handle-success	Checkout code	2025-05-12T10:35:45.3677024Z [command]/usr/bin/git config --local --get remote.origin.url
handle-success	Checkout code	2025-05-12T10:35:45.3678418Z https://github.com/Ka0s-Klaus/ka0s
handle-success	Checkout code	2025-05-12T10:35:45.3681430Z ##[group]Removing previously created refs, to avoid conflicts
handle-success	Checkout code	2025-05-12T10:35:45.3683194Z [command]/usr/bin/git rev-parse --symbolic-full-name --verify --quiet HEAD
handle-success	Checkout code	2025-05-12T10:35:45.3699470Z refs/heads/main
handle-success	Checkout code	2025-05-12T10:35:45.3709267Z [command]/usr/bin/git checkout --detach
handle-success	Checkout code	2025-05-12T10:35:45.3794341Z HEAD is now at 5dcdfacf [Ka0S] Uploading data files to web structure...
handle-success	Checkout code	2025-05-12T10:35:45.3831706Z [command]/usr/bin/git branch --delete --force main
handle-success	Checkout code	2025-05-12T10:35:45.3858473Z Deleted branch main (was 5dcdfacf).
handle-success	Checkout code	2025-05-12T10:35:45.3919754Z ##[endgroup]
handle-success	Checkout code	2025-05-12T10:35:45.3920660Z [command]/usr/bin/git submodule status
handle-success	Checkout code	2025-05-12T10:35:45.4154258Z ##[group]Cleaning the repository
handle-success	Checkout code	2025-05-12T10:35:45.4156363Z [command]/usr/bin/git clean -ffdx
handle-success	Checkout code	2025-05-12T10:35:45.4211358Z Removing core/results/webs/dashboard/14969978359-ftp-deploy-sync-state.json
handle-success	Checkout code	2025-05-12T10:35:45.4221504Z [command]/usr/bin/git reset --hard HEAD
handle-success	Checkout code	2025-05-12T10:35:45.4346608Z HEAD is now at 5dcdfacf [Ka0S] Uploading data files to web structure...
handle-success	Checkout code	2025-05-12T10:35:45.4350641Z ##[endgroup]
handle-success	Checkout code	2025-05-12T10:35:45.4351585Z ##[group]Disabling automatic garbage collection
handle-success	Checkout code	2025-05-12T10:35:45.4357613Z [command]/usr/bin/git config --local gc.auto 0
handle-success	Checkout code	2025-05-12T10:35:45.4385888Z ##[endgroup]
handle-success	Checkout code	2025-05-12T10:35:45.4386793Z ##[group]Setting up auth
handle-success	Checkout code	2025-05-12T10:35:45.4392383Z [command]/usr/bin/git config --local --name-only --get-regexp core\.sshCommand
handle-success	Checkout code	2025-05-12T10:35:45.4421561Z [command]/usr/bin/git submodule foreach --recursive sh -c "git config --local --name-only --get-regexp 'core\.sshCommand' && git config --local --unset-all 'core.sshCommand' || :"
handle-success	Checkout code	2025-05-12T10:35:45.4648647Z [command]/usr/bin/git config --local --name-only --get-regexp http\.https\:\/\/github\.com\/\.extraheader
handle-success	Checkout code	2025-05-12T10:35:45.4671374Z [command]/usr/bin/git submodule foreach --recursive sh -c "git config --local --name-only --get-regexp 'http\.https\:\/\/github\.com\/\.extraheader' && git config --local --unset-all 'http.https://github.com/.extraheader' || :"
handle-success	Checkout code	2025-05-12T10:35:45.4897477Z [command]/usr/bin/git config --local http.https://github.com/.extraheader AUTHORIZATION: basic ***
handle-success	Checkout code	2025-05-12T10:35:45.4924526Z ##[endgroup]
handle-success	Checkout code	2025-05-12T10:35:45.4925768Z ##[group]Fetching the repository
handle-success	Checkout code	2025-05-12T10:35:45.4930247Z [command]/usr/bin/git -c protocol.version=2 fetch --prune --no-recurse-submodules origin +refs/heads/*:refs/remotes/origin/* +refs/tags/*:refs/tags/*
handle-success	Checkout code	2025-05-12T10:35:46.2603991Z [command]/usr/bin/git branch --list --remote origin/main
handle-success	Checkout code	2025-05-12T10:35:46.2631915Z   origin/main
handle-success	Checkout code	2025-05-12T10:35:46.2640526Z [command]/usr/bin/git rev-parse refs/remotes/origin/main
handle-success	Checkout code	2025-05-12T10:35:46.2658198Z 5dcdfacfeeb3de7968067a274b464936bec6cb4e
handle-success	Checkout code	2025-05-12T10:35:46.2661554Z ##[endgroup]
handle-success	Checkout code	2025-05-12T10:35:46.2661918Z ##[group]Determining the checkout info
handle-success	Checkout code	2025-05-12T10:35:46.2662270Z ##[endgroup]
handle-success	Checkout code	2025-05-12T10:35:46.2671213Z [command]/usr/bin/git sparse-checkout disable
handle-success	Checkout code	2025-05-12T10:35:46.2719964Z [command]/usr/bin/git config --local --unset-all extensions.worktreeConfig
handle-success	Checkout code	2025-05-12T10:35:46.2746178Z ##[group]Checking out the ref
handle-success	Checkout code	2025-05-12T10:35:46.2748641Z [command]/usr/bin/git checkout --progress --force -B main refs/remotes/origin/main
handle-success	Checkout code	2025-05-12T10:35:46.2842100Z Switched to a new branch 'main'
handle-success	Checkout code	2025-05-12T10:35:46.2843032Z branch 'main' set up to track 'origin/main'.
handle-success	Checkout code	2025-05-12T10:35:46.2847712Z ##[endgroup]
handle-success	Checkout code	2025-05-12T10:35:46.2883870Z [command]/usr/bin/git log -1 --format=%H
handle-success	Checkout code	2025-05-12T10:35:46.2911691Z 5dcdfacfeeb3de7968067a274b464936bec6cb4e
handle-success	handle-success-execution	﻿2025-05-12T10:35:46.3055414Z ##[group]Run # Si todo ha ido correcto añadimos el contenido del fichero
handle-success	handle-success-execution	2025-05-12T10:35:46.3055889Z [36;1m# Si todo ha ido correcto añadimos el contenido del fichero[0m
handle-success	handle-success-execution	2025-05-12T10:35:46.3056358Z [36;1m# gh issue comment $RNNUMBER --body "El proceso ha finalizado correctamente 14969978359. El resultado está en el fichero core/results/event_data_14969978359.log"[0m
handle-success	handle-success-execution	2025-05-12T10:35:46.3056944Z [36;1mecho "El proceso ha finalizado correctamente 14969978359. El resultado está en el fichero core/results/event_data_14969978359.log"[0m
handle-success	handle-success-execution	2025-05-12T10:35:46.3063714Z shell: /usr/bin/bash -e {0}
handle-success	handle-success-execution	2025-05-12T10:35:46.3063920Z env:
handle-success	handle-success-execution	2025-05-12T10:35:46.3064118Z   KAOS_CODE: 14969978359
handle-success	handle-success-execution	2025-05-12T10:35:46.3064310Z   KAOS_EVENT_NAME: workflow_dispatch
handle-success	handle-success-execution	2025-05-12T10:35:46.3064504Z   KAOS_ACTION: 
handle-success	handle-success-execution	2025-05-12T10:35:46.3064671Z   KAOS_REF: refs/heads/main
handle-success	handle-success-execution	2025-05-12T10:35:46.3064864Z   KAOS_MODULE: [Ka0S] Deploy Webs
handle-success	handle-success-execution	2025-05-12T10:35:46.3065066Z   KAOS_PATH_ORIGIN: core/results/webs/dashboard/
handle-success	handle-success-execution	2025-05-12T10:35:46.3065335Z   KAOS_PATH_WEB: /html/dashboard/
handle-success	handle-success-execution	2025-05-12T10:35:46.3065548Z   KAOS_PATH_RESUME: core/results/dw/
handle-success	handle-success-execution	2025-05-12T10:35:46.3065786Z   KAOS_FILE_STATE: ftp-deploy-sync-state.json
handle-success	handle-success-execution	2025-05-12T10:35:46.3066171Z   KAOS_ACTOR: jorgecg646
handle-success	handle-success-execution	2025-05-12T10:35:46.3066344Z   KAOS_CACHE_BUSTER: 14969978359-229
handle-success	handle-success-execution	2025-05-12T10:35:46.3066737Z   GH_TOKEN: ***
handle-success	handle-success-execution	2025-05-12T10:35:46.3066903Z ##[endgroup]
handle-success	handle-success-execution	2025-05-12T10:35:46.3103871Z El proceso ha finalizado correctamente 14969978359. El resultado está en el fichero core/results/event_data_14969978359.log
handle-success	Post Checkout code	﻿2025-05-12T10:35:46.3166091Z Post job cleanup.
handle-success	Post Checkout code	2025-05-12T10:35:46.3779344Z [command]/usr/bin/git version
handle-success	Post Checkout code	2025-05-12T10:35:46.3808254Z git version 2.43.0
handle-success	Post Checkout code	2025-05-12T10:35:46.3848027Z Copying '/home/kaos/.gitconfig' to '/actions-runner/_work/_temp/fec5f0fd-6160-4208-8e23-6045b0f8ccd5/.gitconfig'
handle-success	Post Checkout code	2025-05-12T10:35:46.3861214Z Temporarily overriding HOME='/actions-runner/_work/_temp/fec5f0fd-6160-4208-8e23-6045b0f8ccd5' before making global git config changes
handle-success	Post Checkout code	2025-05-12T10:35:46.3861756Z Adding repository directory to the temporary git global config as a safe directory
handle-success	Post Checkout code	2025-05-12T10:35:46.3866373Z [command]/usr/bin/git config --global --add safe.directory /actions-runner/_work/ka0s/ka0s
handle-success	Post Checkout code	2025-05-12T10:35:46.3905817Z [command]/usr/bin/git config --local --name-only --get-regexp core\.sshCommand
handle-success	Post Checkout code	2025-05-12T10:35:46.3939145Z [command]/usr/bin/git submodule foreach --recursive sh -c "git config --local --name-only --get-regexp 'core\.sshCommand' && git config --local --unset-all 'core.sshCommand' || :"
handle-success	Post Checkout code	2025-05-12T10:35:46.4174529Z [command]/usr/bin/git config --local --name-only --get-regexp http\.https\:\/\/github\.com\/\.extraheader
handle-success	Post Checkout code	2025-05-12T10:35:46.4196970Z http.https://github.com/.extraheader
handle-success	Post Checkout code	2025-05-12T10:35:46.4210807Z [command]/usr/bin/git config --local --unset-all http.https://github.com/.extraheader
handle-success	Post Checkout code	2025-05-12T10:35:46.4240151Z [command]/usr/bin/git submodule foreach --recursive sh -c "git config --local --name-only --get-regexp 'http\.https\:\/\/github\.com\/\.extraheader' && git config --local --unset-all 'http.https://github.com/.extraheader' || :"
handle-success	Complete job	﻿2025-05-12T10:35:46.4560536Z Cleaning up orphan processes
end-workflow	Set up job	﻿2025-05-12T10:36:05.1056836Z Current runner version: '2.323.0'
end-workflow	Set up job	2025-05-12T10:36:05.1061459Z Runner name: 'ka0s-10'
end-workflow	Set up job	2025-05-12T10:36:05.1062147Z Machine name: '26a53205c9ac'
end-workflow	Set up job	2025-05-12T10:36:05.1063835Z ##[group]GITHUB_TOKEN Permissions
end-workflow	Set up job	2025-05-12T10:36:05.1065670Z Contents: read
end-workflow	Set up job	2025-05-12T10:36:05.1066159Z Metadata: read
end-workflow	Set up job	2025-05-12T10:36:05.1066509Z Packages: read
end-workflow	Set up job	2025-05-12T10:36:05.1066849Z ##[endgroup]
end-workflow	Set up job	2025-05-12T10:36:05.1068500Z Secret source: Actions
end-workflow	Set up job	2025-05-12T10:36:05.1068954Z Prepare workflow directory
end-workflow	Set up job	2025-05-12T10:36:05.1555781Z Prepare all required actions
end-workflow	Set up job	2025-05-12T10:36:05.1587179Z Getting action download info
end-workflow	Set up job	2025-05-12T10:36:05.8049577Z Download action repository 'actions/checkout@v4' (SHA:11bd71901bbe5b1630ceea73d27597364c9af683)
end-workflow	Set up job	2025-05-12T10:36:07.5830125Z Complete job name: end-workflow
end-workflow	Checkout code	﻿2025-05-12T10:36:07.6188352Z ##[group]Run actions/checkout@v4
end-workflow	Checkout code	2025-05-12T10:36:07.6189252Z with:
end-workflow	Checkout code	2025-05-12T10:36:07.6189774Z   fetch-depth: 0
end-workflow	Checkout code	2025-05-12T10:36:07.6190643Z   token: ***
end-workflow	Checkout code	2025-05-12T10:36:07.6191210Z   repository: Ka0s-Klaus/ka0s
end-workflow	Checkout code	2025-05-12T10:36:07.6191936Z   ssh-strict: true
end-workflow	Checkout code	2025-05-12T10:36:07.6192499Z   ssh-user: git
end-workflow	Checkout code	2025-05-12T10:36:07.6193377Z   persist-credentials: true
end-workflow	Checkout code	2025-05-12T10:36:07.6194152Z   clean: true
end-workflow	Checkout code	2025-05-12T10:36:07.6194797Z   sparse-checkout-cone-mode: true
end-workflow	Checkout code	2025-05-12T10:36:07.6195477Z   fetch-tags: false
end-workflow	Checkout code	2025-05-12T10:36:07.6196025Z   show-progress: true
end-workflow	Checkout code	2025-05-12T10:36:07.6196586Z   lfs: false
end-workflow	Checkout code	2025-05-12T10:36:07.6197092Z   submodules: false
end-workflow	Checkout code	2025-05-12T10:36:07.6197650Z   set-safe-directory: true
end-workflow	Checkout code	2025-05-12T10:36:07.6198360Z env:
end-workflow	Checkout code	2025-05-12T10:36:07.6198830Z   KAOS_CODE: 14969978359
end-workflow	Checkout code	2025-05-12T10:36:07.6199443Z   KAOS_EVENT_NAME: workflow_dispatch
end-workflow	Checkout code	2025-05-12T10:36:07.6200117Z   KAOS_ACTION: 
end-workflow	Checkout code	2025-05-12T10:36:07.6200643Z   KAOS_REF: refs/heads/main
end-workflow	Checkout code	2025-05-12T10:36:07.6201265Z   KAOS_MODULE: [Ka0S] Deploy Webs
end-workflow	Checkout code	2025-05-12T10:36:07.6202019Z   KAOS_PATH_ORIGIN: core/results/webs/dashboard/
end-workflow	Checkout code	2025-05-12T10:36:07.6202837Z   KAOS_PATH_WEB: /html/dashboard/
end-workflow	Checkout code	2025-05-12T10:36:07.6203519Z   KAOS_PATH_RESUME: core/results/dw/
end-workflow	Checkout code	2025-05-12T10:36:07.6204374Z   KAOS_FILE_STATE: ftp-deploy-sync-state.json
end-workflow	Checkout code	2025-05-12T10:36:07.6205276Z   KAOS_ACTOR: jorgecg646
end-workflow	Checkout code	2025-05-12T10:36:07.6205933Z   KAOS_CACHE_BUSTER: 14969978359-229
end-workflow	Checkout code	2025-05-12T10:36:07.6206779Z   GH_TOKEN: ***
end-workflow	Checkout code	2025-05-12T10:36:07.6207289Z ##[endgroup]
end-workflow	Checkout code	2025-05-12T10:36:07.6967106Z Syncing repository: Ka0s-Klaus/ka0s
end-workflow	Checkout code	2025-05-12T10:36:07.6968911Z ##[group]Getting Git version info
end-workflow	Checkout code	2025-05-12T10:36:07.6969772Z Working directory is '/actions-runner/_work/ka0s/ka0s'
end-workflow	Checkout code	2025-05-12T10:36:07.6971101Z [command]/usr/bin/git version
end-workflow	Checkout code	2025-05-12T10:36:07.6971746Z git version 2.43.0
end-workflow	Checkout code	2025-05-12T10:36:07.6991226Z ##[endgroup]
end-workflow	Checkout code	2025-05-12T10:36:07.7001987Z Copying '/home/kaos/.gitconfig' to '/actions-runner/_work/_temp/237db9f6-77c3-4433-8225-e5e21cc208a3/.gitconfig'
end-workflow	Checkout code	2025-05-12T10:36:07.7015205Z Temporarily overriding HOME='/actions-runner/_work/_temp/237db9f6-77c3-4433-8225-e5e21cc208a3' before making global git config changes
end-workflow	Checkout code	2025-05-12T10:36:07.7017326Z Adding repository directory to the temporary git global config as a safe directory
end-workflow	Checkout code	2025-05-12T10:36:07.7018928Z [command]/usr/bin/git config --global --add safe.directory /actions-runner/_work/ka0s/ka0s
end-workflow	Checkout code	2025-05-12T10:36:07.7055726Z [command]/usr/bin/git config --local --get remote.origin.url
end-workflow	Checkout code	2025-05-12T10:36:07.7080649Z https://github.com/Ka0s-Klaus/ka0s
end-workflow	Checkout code	2025-05-12T10:36:07.7097299Z ##[group]Removing previously created refs, to avoid conflicts
end-workflow	Checkout code	2025-05-12T10:36:07.7100645Z [command]/usr/bin/git rev-parse --symbolic-full-name --verify --quiet HEAD
end-workflow	Checkout code	2025-05-12T10:36:07.7114604Z refs/heads/main
end-workflow	Checkout code	2025-05-12T10:36:07.7120080Z [command]/usr/bin/git checkout --detach
end-workflow	Checkout code	2025-05-12T10:36:07.7212958Z HEAD is now at 5dcdfacf [Ka0S] Uploading data files to web structure...
end-workflow	Checkout code	2025-05-12T10:36:07.7264497Z [command]/usr/bin/git branch --delete --force main
end-workflow	Checkout code	2025-05-12T10:36:07.7293453Z Deleted branch main (was 5dcdfacf).
end-workflow	Checkout code	2025-05-12T10:36:07.7344206Z ##[endgroup]
end-workflow	Checkout code	2025-05-12T10:36:07.7347710Z [command]/usr/bin/git submodule status
end-workflow	Checkout code	2025-05-12T10:36:07.7569355Z ##[group]Cleaning the repository
end-workflow	Checkout code	2025-05-12T10:36:07.7570661Z [command]/usr/bin/git clean -ffdx
end-workflow	Checkout code	2025-05-12T10:36:07.7617887Z [command]/usr/bin/git reset --hard HEAD
end-workflow	Checkout code	2025-05-12T10:36:07.7741102Z HEAD is now at 5dcdfacf [Ka0S] Uploading data files to web structure...
end-workflow	Checkout code	2025-05-12T10:36:07.7744505Z ##[endgroup]
end-workflow	Checkout code	2025-05-12T10:36:07.7746013Z ##[group]Disabling automatic garbage collection
end-workflow	Checkout code	2025-05-12T10:36:07.7747345Z [command]/usr/bin/git config --local gc.auto 0
end-workflow	Checkout code	2025-05-12T10:36:07.7769585Z ##[endgroup]
end-workflow	Checkout code	2025-05-12T10:36:07.7771019Z ##[group]Setting up auth
end-workflow	Checkout code	2025-05-12T10:36:07.7772531Z [command]/usr/bin/git config --local --name-only --get-regexp core\.sshCommand
end-workflow	Checkout code	2025-05-12T10:36:07.7804607Z [command]/usr/bin/git submodule foreach --recursive sh -c "git config --local --name-only --get-regexp 'core\.sshCommand' && git config --local --unset-all 'core.sshCommand' || :"
end-workflow	Checkout code	2025-05-12T10:36:07.8033909Z [command]/usr/bin/git config --local --name-only --get-regexp http\.https\:\/\/github\.com\/\.extraheader
end-workflow	Checkout code	2025-05-12T10:36:07.8060396Z [command]/usr/bin/git submodule foreach --recursive sh -c "git config --local --name-only --get-regexp 'http\.https\:\/\/github\.com\/\.extraheader' && git config --local --unset-all 'http.https://github.com/.extraheader' || :"
end-workflow	Checkout code	2025-05-12T10:36:07.8285402Z [command]/usr/bin/git config --local http.https://github.com/.extraheader AUTHORIZATION: basic ***
end-workflow	Checkout code	2025-05-12T10:36:07.8322211Z ##[endgroup]
end-workflow	Checkout code	2025-05-12T10:36:07.8327247Z ##[group]Fetching the repository
end-workflow	Checkout code	2025-05-12T10:36:07.8329173Z [command]/usr/bin/git -c protocol.version=2 fetch --prune --no-recurse-submodules origin +refs/heads/*:refs/remotes/origin/* +refs/tags/*:refs/tags/*
end-workflow	Checkout code	2025-05-12T10:36:09.1972806Z [command]/usr/bin/git branch --list --remote origin/main
end-workflow	Checkout code	2025-05-12T10:36:09.1998192Z   origin/main
end-workflow	Checkout code	2025-05-12T10:36:09.2005334Z [command]/usr/bin/git rev-parse refs/remotes/origin/main
end-workflow	Checkout code	2025-05-12T10:36:09.2026542Z 5dcdfacfeeb3de7968067a274b464936bec6cb4e
end-workflow	Checkout code	2025-05-12T10:36:09.2029355Z ##[endgroup]
end-workflow	Checkout code	2025-05-12T10:36:09.2029730Z ##[group]Determining the checkout info
end-workflow	Checkout code	2025-05-12T10:36:09.2030828Z ##[endgroup]
end-workflow	Checkout code	2025-05-12T10:36:09.2039663Z [command]/usr/bin/git sparse-checkout disable
end-workflow	Checkout code	2025-05-12T10:36:09.2105362Z [command]/usr/bin/git config --local --unset-all extensions.worktreeConfig
end-workflow	Checkout code	2025-05-12T10:36:09.2128266Z ##[group]Checking out the ref
end-workflow	Checkout code	2025-05-12T10:36:09.2131746Z [command]/usr/bin/git checkout --progress --force -B main refs/remotes/origin/main
end-workflow	Checkout code	2025-05-12T10:36:09.2225101Z Switched to a new branch 'main'
end-workflow	Checkout code	2025-05-12T10:36:09.2227612Z branch 'main' set up to track 'origin/main'.
end-workflow	Checkout code	2025-05-12T10:36:09.2228804Z ##[endgroup]
end-workflow	Checkout code	2025-05-12T10:36:09.2278530Z [command]/usr/bin/git log -1 --format=%H
end-workflow	Checkout code	2025-05-12T10:36:09.2288877Z 5dcdfacfeeb3de7968067a274b464936bec6cb4e
end-workflow	Finaliza el workflow	﻿2025-05-12T10:36:09.2444900Z ##[group]Run echo "End process"
end-workflow	Finaliza el workflow	2025-05-12T10:36:09.2445276Z [36;1mecho "End process"[0m
end-workflow	Finaliza el workflow	2025-05-12T10:36:09.2445537Z [36;1mecho "Se finaliza Ka0s 14969978359"[0m
end-workflow	Finaliza el workflow	2025-05-12T10:36:09.2445999Z [36;1mgh workflow run inspector.yml --ref 'main' -f kaos-issue-id=$RNNUMBER -f kaos-workflow-id="14969978359" -f kaos-user-start=""[0m
end-workflow	Finaliza el workflow	2025-05-12T10:36:09.2452486Z shell: /usr/bin/bash -e {0}
end-workflow	Finaliza el workflow	2025-05-12T10:36:09.2452693Z env:
end-workflow	Finaliza el workflow	2025-05-12T10:36:09.2452855Z   KAOS_CODE: 14969978359
end-workflow	Finaliza el workflow	2025-05-12T10:36:09.2453045Z   KAOS_EVENT_NAME: workflow_dispatch
end-workflow	Finaliza el workflow	2025-05-12T10:36:09.2453241Z   KAOS_ACTION: 
end-workflow	Finaliza el workflow	2025-05-12T10:36:09.2453651Z   KAOS_REF: refs/heads/main
end-workflow	Finaliza el workflow	2025-05-12T10:36:09.2453854Z   KAOS_MODULE: [Ka0S] Deploy Webs
end-workflow	Finaliza el workflow	2025-05-12T10:36:09.2454065Z   KAOS_PATH_ORIGIN: core/results/webs/dashboard/
end-workflow	Finaliza el workflow	2025-05-12T10:36:09.2454409Z   KAOS_PATH_WEB: /html/dashboard/
end-workflow	Finaliza el workflow	2025-05-12T10:36:09.2454654Z   KAOS_PATH_RESUME: core/results/dw/
end-workflow	Finaliza el workflow	2025-05-12T10:36:09.2454969Z   KAOS_FILE_STATE: ftp-deploy-sync-state.json
end-workflow	Finaliza el workflow	2025-05-12T10:36:09.2455232Z   KAOS_ACTOR: jorgecg646
end-workflow	Finaliza el workflow	2025-05-12T10:36:09.2455538Z   KAOS_CACHE_BUSTER: 14969978359-229
end-workflow	Finaliza el workflow	2025-05-12T10:36:09.2455988Z   GH_TOKEN: ***
end-workflow	Finaliza el workflow	2025-05-12T10:36:09.2456155Z ##[endgroup]
end-workflow	Finaliza el workflow	2025-05-12T10:36:09.2493669Z End process
end-workflow	Finaliza el workflow	2025-05-12T10:36:09.2494063Z Se finaliza Ka0s 14969978359
end-workflow	Post Checkout code	﻿2025-05-12T10:36:09.9951917Z Post job cleanup.
end-workflow	Post Checkout code	2025-05-12T10:36:10.0575530Z [command]/usr/bin/git version
end-workflow	Post Checkout code	2025-05-12T10:36:10.0602120Z git version 2.43.0
end-workflow	Post Checkout code	2025-05-12T10:36:10.0626595Z Copying '/home/kaos/.gitconfig' to '/actions-runner/_work/_temp/b7e8942e-dfbd-4d2f-9746-15139d8e8d85/.gitconfig'
end-workflow	Post Checkout code	2025-05-12T10:36:10.0638873Z Temporarily overriding HOME='/actions-runner/_work/_temp/b7e8942e-dfbd-4d2f-9746-15139d8e8d85' before making global git config changes
end-workflow	Post Checkout code	2025-05-12T10:36:10.0639456Z Adding repository directory to the temporary git global config as a safe directory
end-workflow	Post Checkout code	2025-05-12T10:36:10.0641871Z [command]/usr/bin/git config --global --add safe.directory /actions-runner/_work/ka0s/ka0s
end-workflow	Post Checkout code	2025-05-12T10:36:10.0685211Z [command]/usr/bin/git config --local --name-only --get-regexp core\.sshCommand
end-workflow	Post Checkout code	2025-05-12T10:36:10.0717997Z [command]/usr/bin/git submodule foreach --recursive sh -c "git config --local --name-only --get-regexp 'core\.sshCommand' && git config --local --unset-all 'core.sshCommand' || :"
end-workflow	Post Checkout code	2025-05-12T10:36:10.0950703Z [command]/usr/bin/git config --local --name-only --get-regexp http\.https\:\/\/github\.com\/\.extraheader
end-workflow	Post Checkout code	2025-05-12T10:36:10.0971885Z http.https://github.com/.extraheader
end-workflow	Post Checkout code	2025-05-12T10:36:10.0982619Z [command]/usr/bin/git config --local --unset-all http.https://github.com/.extraheader
end-workflow	Post Checkout code	2025-05-12T10:36:10.1011226Z [command]/usr/bin/git submodule foreach --recursive sh -c "git config --local --name-only --get-regexp 'http\.https\:\/\/github\.com\/\.extraheader' && git config --local --unset-all 'http.https://github.com/.extraheader' || :"
end-workflow	Complete job	﻿2025-05-12T10:36:10.1334598Z Cleaning up orphan processes
