job-core	Set up job	Ôªø2025-05-13T08:22:49.3090982Z Current runner version: '2.323.0'
job-core	Set up job	2025-05-13T08:22:49.3095346Z Runner name: 'ka0s-9'
job-core	Set up job	2025-05-13T08:22:49.3095924Z Machine name: '26a53205c9ac'
job-core	Set up job	2025-05-13T08:22:49.3097332Z ##[group]GITHUB_TOKEN Permissions
job-core	Set up job	2025-05-13T08:22:49.3098715Z Contents: read
job-core	Set up job	2025-05-13T08:22:49.3099014Z Metadata: read
job-core	Set up job	2025-05-13T08:22:49.3099296Z Packages: read
job-core	Set up job	2025-05-13T08:22:49.3099572Z ##[endgroup]
job-core	Set up job	2025-05-13T08:22:49.3100766Z Secret source: Actions
job-core	Set up job	2025-05-13T08:22:49.3101141Z Prepare workflow directory
job-core	Set up job	2025-05-13T08:22:49.3475187Z Prepare all required actions
job-core	Set up job	2025-05-13T08:22:49.3501011Z Getting action download info
job-core	Set up job	2025-05-13T08:22:49.8197327Z Download action repository 'actions/checkout@v3' (SHA:f43a0e5ff2bd294095638e18286ca9a3d1956744)
job-core	Set up job	2025-05-13T08:22:50.5481501Z Complete job name: job-core
job-core	Checkout repository	Ôªø2025-05-13T08:22:50.5785867Z ##[group]Run actions/checkout@v3
job-core	Checkout repository	2025-05-13T08:22:50.5786427Z with:
job-core	Checkout repository	2025-05-13T08:22:50.5786726Z   fetch-depth: 0
job-core	Checkout repository	2025-05-13T08:22:50.5787215Z   token: ***
job-core	Checkout repository	2025-05-13T08:22:50.5787515Z   repository: Ka0s-Klaus/ka0s
job-core	Checkout repository	2025-05-13T08:22:50.5787915Z   ssh-strict: true
job-core	Checkout repository	2025-05-13T08:22:50.5788234Z   persist-credentials: true
job-core	Checkout repository	2025-05-13T08:22:50.5788586Z   clean: true
job-core	Checkout repository	2025-05-13T08:22:50.5788895Z   sparse-checkout-cone-mode: true
job-core	Checkout repository	2025-05-13T08:22:50.5789267Z   fetch-tags: false
job-core	Checkout repository	2025-05-13T08:22:50.5789571Z   lfs: false
job-core	Checkout repository	2025-05-13T08:22:50.5789864Z   submodules: false
job-core	Checkout repository	2025-05-13T08:22:50.5790183Z   set-safe-directory: true
job-core	Checkout repository	2025-05-13T08:22:50.5790607Z env:
job-core	Checkout repository	2025-05-13T08:22:50.5790907Z   KAOS_CODE: 14991776999
job-core	Checkout repository	2025-05-13T08:22:50.5791260Z   KAOS_EVENT_NAME: workflow_dispatch
job-core	Checkout repository	2025-05-13T08:22:50.5791641Z   KAOS_ACTION: 
job-core	Checkout repository	2025-05-13T08:22:50.5791947Z   KAOS_REF: refs/heads/main
job-core	Checkout repository	2025-05-13T08:22:50.5792314Z   KAOS_MODULE: [Ka0S] Deploy Web Structure
job-core	Checkout repository	2025-05-13T08:22:50.5792819Z   KAOS_JSON_WEB: core/config/webs/webs.json
job-core	Checkout repository	2025-05-13T08:22:50.5793300Z   KAOS_JSON_RESUME: core/outputs/webs/
job-core	Checkout repository	2025-05-13T08:22:50.5793710Z   KAOS_JSON_DATA: core/web/data/data.json
job-core	Checkout repository	2025-05-13T08:22:50.5794153Z   KAOS_WEB_STRUCTURE: core/results/webs/
job-core	Checkout repository	2025-05-13T08:22:50.5794566Z   KAOS_TEST_STRUCTURE: core/results/test/
job-core	Checkout repository	2025-05-13T08:22:50.5794965Z   KAOS_ACTOR: AlejandroPB5
job-core	Checkout repository	2025-05-13T08:22:50.5795344Z   KAOS_TEST_JSON_WEB: core/testweb/data/webs.json
job-core	Checkout repository	2025-05-13T08:22:50.5795813Z   KAOS_TEST_JSON_DATA: core/testweb/data/data.json
job-core	Checkout repository	2025-05-13T08:22:50.5796231Z ##[endgroup]
job-core	Checkout repository	2025-05-13T08:22:50.6337944Z Syncing repository: Ka0s-Klaus/ka0s
job-core	Checkout repository	2025-05-13T08:22:50.6339286Z ##[group]Getting Git version info
job-core	Checkout repository	2025-05-13T08:22:50.6339774Z Working directory is '/actions-runner/_work/ka0s/ka0s'
job-core	Checkout repository	2025-05-13T08:22:50.6340462Z [command]/usr/bin/git version
job-core	Checkout repository	2025-05-13T08:22:50.6340913Z git version 2.43.0
job-core	Checkout repository	2025-05-13T08:22:50.6368563Z ##[endgroup]
job-core	Checkout repository	2025-05-13T08:22:50.6381252Z Copying '/home/kaos/.gitconfig' to '/actions-runner/_work/_temp/6914e496-bc13-4808-8968-e5af3a66a7d1/.gitconfig'
job-core	Checkout repository	2025-05-13T08:22:50.6395966Z Temporarily overriding HOME='/actions-runner/_work/_temp/6914e496-bc13-4808-8968-e5af3a66a7d1' before making global git config changes
job-core	Checkout repository	2025-05-13T08:22:50.6397292Z Adding repository directory to the temporary git global config as a safe directory
job-core	Checkout repository	2025-05-13T08:22:50.6398265Z [command]/usr/bin/git config --global --add safe.directory /actions-runner/_work/ka0s/ka0s
job-core	Checkout repository	2025-05-13T08:22:50.6425867Z [command]/usr/bin/git config --local --get remote.origin.url
job-core	Checkout repository	2025-05-13T08:22:50.6444243Z https://github.com/Ka0s-Klaus/ka0s
job-core	Checkout repository	2025-05-13T08:22:50.6466984Z ##[group]Removing previously created refs, to avoid conflicts
job-core	Checkout repository	2025-05-13T08:22:50.6469795Z [command]/usr/bin/git rev-parse --symbolic-full-name --verify --quiet HEAD
job-core	Checkout repository	2025-05-13T08:22:50.6491020Z HEAD
job-core	Checkout repository	2025-05-13T08:22:50.6560315Z ##[endgroup]
job-core	Checkout repository	2025-05-13T08:22:50.6561145Z [command]/usr/bin/git submodule status
job-core	Checkout repository	2025-05-13T08:22:50.6859074Z ##[group]Cleaning the repository
job-core	Checkout repository	2025-05-13T08:22:50.6860687Z [command]/usr/bin/git clean -ffdx
job-core	Checkout repository	2025-05-13T08:22:50.6942847Z [command]/usr/bin/git reset --hard HEAD
job-core	Checkout repository	2025-05-13T08:22:50.7177408Z HEAD is now at 281183e7 Merge 3b40999cd1469e8b02346abdb0e2897ec67a84fb into 38323e6def4d065f1860abd3df11a1a2558f9486
job-core	Checkout repository	2025-05-13T08:22:50.7180777Z ##[endgroup]
job-core	Checkout repository	2025-05-13T08:22:50.7181793Z ##[group]Disabling automatic garbage collection
job-core	Checkout repository	2025-05-13T08:22:50.7182698Z [command]/usr/bin/git config --local gc.auto 0
job-core	Checkout repository	2025-05-13T08:22:50.7206892Z ##[endgroup]
job-core	Checkout repository	2025-05-13T08:22:50.7207946Z ##[group]Setting up auth
job-core	Checkout repository	2025-05-13T08:22:50.7208964Z [command]/usr/bin/git config --local --name-only --get-regexp core\.sshCommand
job-core	Checkout repository	2025-05-13T08:22:50.7229863Z [command]/usr/bin/git submodule foreach --recursive sh -c "git config --local --name-only --get-regexp 'core\.sshCommand' && git config --local --unset-all 'core.sshCommand' || :"
job-core	Checkout repository	2025-05-13T08:22:50.7587423Z [command]/usr/bin/git config --local --name-only --get-regexp http\.https\:\/\/github\.com\/\.extraheader
job-core	Checkout repository	2025-05-13T08:22:50.7627182Z [command]/usr/bin/git submodule foreach --recursive sh -c "git config --local --name-only --get-regexp 'http\.https\:\/\/github\.com\/\.extraheader' && git config --local --unset-all 'http.https://github.com/.extraheader' || :"
job-core	Checkout repository	2025-05-13T08:22:50.8066016Z [command]/usr/bin/git config --local http.https://github.com/.extraheader AUTHORIZATION: basic ***
job-core	Checkout repository	2025-05-13T08:22:50.8126055Z ##[endgroup]
job-core	Checkout repository	2025-05-13T08:22:50.8128024Z ##[group]Fetching the repository
job-core	Checkout repository	2025-05-13T08:22:50.8136699Z [command]/usr/bin/git -c protocol.version=2 fetch --prune --progress --no-recurse-submodules origin +refs/heads/*:refs/remotes/origin/* +refs/tags/*:refs/tags/*
job-core	Checkout repository	2025-05-13T08:22:51.5487326Z remote: Enumerating objects: 17, done.        
job-core	Checkout repository	2025-05-13T08:22:51.5490542Z remote: Counting objects:   5% (1/17)        
job-core	Checkout repository	2025-05-13T08:22:51.5493460Z remote: Counting objects:  11% (2/17)        
job-core	Checkout repository	2025-05-13T08:22:51.5496291Z remote: Counting objects:  17% (3/17)        
job-core	Checkout repository	2025-05-13T08:22:51.5499118Z remote: Counting objects:  23% (4/17)        
job-core	Checkout repository	2025-05-13T08:22:51.5502072Z remote: Counting objects:  29% (5/17)        
job-core	Checkout repository	2025-05-13T08:22:51.5505542Z remote: Counting objects:  35% (6/17)        
job-core	Checkout repository	2025-05-13T08:22:51.5508541Z remote: Counting objects:  41% (7/17)        
job-core	Checkout repository	2025-05-13T08:22:51.5511414Z remote: Counting objects:  47% (8/17)        
job-core	Checkout repository	2025-05-13T08:22:51.5514383Z remote: Counting objects:  52% (9/17)        
job-core	Checkout repository	2025-05-13T08:22:51.5517381Z remote: Counting objects:  58% (10/17)        
job-core	Checkout repository	2025-05-13T08:22:51.5520546Z remote: Counting objects:  64% (11/17)        
job-core	Checkout repository	2025-05-13T08:22:51.5523821Z remote: Counting objects:  70% (12/17)        
job-core	Checkout repository	2025-05-13T08:22:51.5526956Z remote: Counting objects:  76% (13/17)        
job-core	Checkout repository	2025-05-13T08:22:51.5530140Z remote: Counting objects:  82% (14/17)        
job-core	Checkout repository	2025-05-13T08:22:51.5533664Z remote: Counting objects:  88% (15/17)        
job-core	Checkout repository	2025-05-13T08:22:51.5536642Z remote: Counting objects:  94% (16/17)        
job-core	Checkout repository	2025-05-13T08:22:51.5537877Z remote: Counting objects: 100% (17/17)        
job-core	Checkout repository	2025-05-13T08:22:51.5539157Z remote: Counting objects: 100% (17/17), done.        
job-core	Checkout repository	2025-05-13T08:22:51.5540494Z remote: Compressing objects:   7% (1/13)        
job-core	Checkout repository	2025-05-13T08:22:51.5541883Z remote: Compressing objects:  15% (2/13)        
job-core	Checkout repository	2025-05-13T08:22:51.5543469Z remote: Compressing objects:  23% (3/13)        
job-core	Checkout repository	2025-05-13T08:22:51.5545079Z remote: Compressing objects:  30% (4/13)        
job-core	Checkout repository	2025-05-13T08:22:51.5546658Z remote: Compressing objects:  38% (5/13)        
job-core	Checkout repository	2025-05-13T08:22:51.5548285Z remote: Compressing objects:  46% (6/13)        
job-core	Checkout repository	2025-05-13T08:22:51.5549900Z remote: Compressing objects:  53% (7/13)        
job-core	Checkout repository	2025-05-13T08:22:51.5551553Z remote: Compressing objects:  61% (8/13)        
job-core	Checkout repository	2025-05-13T08:22:51.5553346Z remote: Compressing objects:  69% (9/13)        
job-core	Checkout repository	2025-05-13T08:22:51.5555035Z remote: Compressing objects:  76% (10/13)        
job-core	Checkout repository	2025-05-13T08:22:51.5556781Z remote: Compressing objects:  84% (11/13)        
job-core	Checkout repository	2025-05-13T08:22:51.5558502Z remote: Compressing objects:  92% (12/13)        
job-core	Checkout repository	2025-05-13T08:22:51.5560235Z remote: Compressing objects: 100% (13/13)        
job-core	Checkout repository	2025-05-13T08:22:51.5562071Z remote: Compressing objects: 100% (13/13), done.        
job-core	Checkout repository	2025-05-13T08:22:51.6121140Z remote: Total 17 (delta 7), reused 11 (delta 4), pack-reused 0 (from 0)        
job-core	Checkout repository	2025-05-13T08:22:51.6468503Z From https://github.com/Ka0s-Klaus/ka0s
job-core	Checkout repository	2025-05-13T08:22:51.6470284Z    38323e6d..fc64da80  main       -> origin/main
job-core	Checkout repository	2025-05-13T08:22:51.6505623Z [command]/usr/bin/git branch --list --remote origin/main
job-core	Checkout repository	2025-05-13T08:22:51.6533018Z   origin/main
job-core	Checkout repository	2025-05-13T08:22:51.6541321Z [command]/usr/bin/git rev-parse refs/remotes/origin/main
job-core	Checkout repository	2025-05-13T08:22:51.6565478Z fc64da80c696a6d0ca027e83b326800858f5ccc2
job-core	Checkout repository	2025-05-13T08:22:51.6572116Z ##[endgroup]
job-core	Checkout repository	2025-05-13T08:22:51.6573974Z ##[group]Determining the checkout info
job-core	Checkout repository	2025-05-13T08:22:51.6576115Z ##[endgroup]
job-core	Checkout repository	2025-05-13T08:22:51.6577934Z ##[group]Checking out the ref
job-core	Checkout repository	2025-05-13T08:22:51.6580007Z [command]/usr/bin/git checkout --progress --force -B main refs/remotes/origin/main
job-core	Checkout repository	2025-05-13T08:22:51.6862520Z Previous HEAD position was 281183e7 Merge 3b40999cd1469e8b02346abdb0e2897ec67a84fb into 38323e6def4d065f1860abd3df11a1a2558f9486
job-core	Checkout repository	2025-05-13T08:22:51.6865454Z Switched to a new branch 'main'
job-core	Checkout repository	2025-05-13T08:22:51.6866384Z branch 'main' set up to track 'origin/main'.
job-core	Checkout repository	2025-05-13T08:22:51.6869913Z ##[endgroup]
job-core	Checkout repository	2025-05-13T08:22:51.6913851Z [command]/usr/bin/git log -1 --format='%H'
job-core	Checkout repository	2025-05-13T08:22:51.6949074Z 'fc64da80c696a6d0ca027e83b326800858f5ccc2'
job-core	Copy web folder structure	Ôªø2025-05-13T08:22:51.7157217Z ##[group]Run # Tenemos que a√±adir al proceso que sea capaz de leer + de un json de creaci√≥n de webs
job-core	Copy web folder structure	2025-05-13T08:22:51.7159810Z [36;1m# Tenemos que a√±adir al proceso que sea capaz de leer + de un json de creaci√≥n de webs[0m
job-core	Copy web folder structure	2025-05-13T08:22:51.7161385Z [36;1m# si web esta creada la actualiza, sino la crea desde cero[0m
job-core	Copy web folder structure	2025-05-13T08:22:51.7162624Z [36;1m[0m
job-core	Copy web folder structure	2025-05-13T08:22:51.7163522Z [36;1m# Read the structure.json file to get folder names[0m
job-core	Copy web folder structure	2025-05-13T08:22:51.7164718Z [36;1mecho "0 - Reading structure.json file..."[0m
job-core	Copy web folder structure	2025-05-13T08:22:51.7165767Z [36;1mSTRUCTURE_FILE="core/config/webs/webs.json"[0m
job-core	Copy web folder structure	2025-05-13T08:22:51.7166690Z [36;1m[0m
job-core	Copy web folder structure	2025-05-13T08:22:51.7167327Z [36;1m# Extract title for main folder name[0m
job-core	Copy web folder structure	2025-05-13T08:22:51.7168323Z [36;1mTITLE=$(cat $STRUCTURE_FILE | jq -r '.title')[0m
job-core	Copy web folder structure	2025-05-13T08:22:51.7169406Z [36;1mecho "I - Main folder will be named: $TITLE"[0m
job-core	Copy web folder structure	2025-05-13T08:22:51.7170305Z [36;1m[0m
job-core	Copy web folder structure	2025-05-13T08:22:51.7170886Z [36;1m# Create main directory[0m
job-core	Copy web folder structure	2025-05-13T08:22:51.7171787Z [36;1mmkdir -p "core/results/webs/$TITLE"[0m
job-core	Copy web folder structure	2025-05-13T08:22:51.7172831Z [36;1mtouch core/results/webs/$TITLE/$TITLE".html"[0m
job-core	Copy web folder structure	2025-05-13T08:22:51.7173849Z [36;1mmkdir -p "core/outputs/webs/$TITLE"[0m
job-core	Copy web folder structure	2025-05-13T08:22:51.7175002Z [36;1mtouch core/outputs/webs/$TITLE/readme.txt[0m
job-core	Copy web folder structure	2025-05-13T08:22:51.7175887Z [36;1m[0m
job-core	Copy web folder structure	2025-05-13T08:22:51.7176583Z [36;1m# Copy the directory structure (without files)[0m
job-core	Copy web folder structure	2025-05-13T08:22:51.7177626Z [36;1mfind core/web -type d | while read dir; do[0m
job-core	Copy web folder structure	2025-05-13T08:22:51.7178585Z [36;1m  if [ "$dir" != "core/web" ]; then[0m
job-core	Copy web folder structure	2025-05-13T08:22:51.7179545Z [36;1m    # Remove core/web prefix from directory path[0m
job-core	Copy web folder structure	2025-05-13T08:22:51.7180531Z [36;1m    clean_dir=${dir#core/web/}[0m
job-core	Copy web folder structure	2025-05-13T08:22:51.7181444Z [36;1m    echo "II - Created directory: $clean_dir"[0m
job-core	Copy web folder structure	2025-05-13T08:22:51.7182506Z [36;1m    target_dir="core/results/webs/$TITLE/$clean_dir"[0m
job-core	Copy web folder structure	2025-05-13T08:22:51.7183497Z [36;1m    mkdir -p "$target_dir"[0m
job-core	Copy web folder structure	2025-05-13T08:22:51.7184350Z [36;1m    touch $target_dir/$clean_dir".html"[0m
job-core	Copy web folder structure	2025-05-13T08:22:51.7185327Z [36;1m    echo "II - Created directory: $target_dir"[0m
job-core	Copy web folder structure	2025-05-13T08:22:51.7186207Z [36;1m  fi[0m
job-core	Copy web folder structure	2025-05-13T08:22:51.7186780Z [36;1mdone[0m
job-core	Copy web folder structure	2025-05-13T08:22:51.7187348Z [36;1m[0m
job-core	Copy web folder structure	2025-05-13T08:22:51.7188080Z [36;1m# Extract section information and create subfolders[0m
job-core	Copy web folder structure	2025-05-13T08:22:51.7190540Z [36;1mjq -r 'to_entries | .[] | select(.key | startswith("section")) | [.key, .value.title, .value.icon, .value.data] | @tsv' $STRUCTURE_FILE | while IFS=$'\t' read -r section_key section_title section_icon section_data; do[0m
job-core	Copy web folder structure	2025-05-13T08:22:51.7193366Z [36;1m  echo "III - Creating subfolder for section: $section_key - $section_title"[0m
job-core	Copy web folder structure	2025-05-13T08:22:51.7194802Z [36;1m  mkdir -p "core/results/webs/$TITLE/structure/$section_title"[0m
job-core	Copy web folder structure	2025-05-13T08:22:51.7196424Z [36;1m  touch core/results/webs/$TITLE/structure/$section_title/$section_title".html"[0m
job-core	Copy web folder structure	2025-05-13T08:22:51.7197631Z [36;1m  [0m
job-core	Copy web folder structure	2025-05-13T08:22:51.7198441Z [36;1m  # Guardar la ruta del archivo JSON de datos para esta secci√≥n[0m
job-core	Copy web folder structure	2025-05-13T08:22:51.7199514Z [36;1m  if [ ! -z "$section_data" ]; then[0m
job-core	Copy web folder structure	2025-05-13T08:22:51.7200582Z [36;1m    # Copiar el contenido del archivo JSON en lugar de solo la ruta[0m
job-core	Copy web folder structure	2025-05-13T08:22:51.7201672Z [36;1m    if [ -f "$section_data" ]; then[0m
job-core	Copy web folder structure	2025-05-13T08:22:51.7202992Z [36;1m      cp "$section_data" "core/results/webs/$TITLE/structure/$section_title/$section_title.json"[0m
job-core	Copy web folder structure	2025-05-13T08:22:51.7204415Z [36;1m      echo "    Data source: $section_data (copiado)"[0m
job-core	Copy web folder structure	2025-05-13T08:22:51.7205326Z [36;1m    else[0m
job-core	Copy web folder structure	2025-05-13T08:22:51.7206228Z [36;1m      # Si el archivo no existe, guardar al menos la ruta como referencia[0m
job-core	Copy web folder structure	2025-05-13T08:22:51.7207850Z [36;1m      echo "$section_data" > "core/results/webs/$TITLE/structure/$section_title/$section_title.json"[0m
job-core	Copy web folder structure	2025-05-13T08:22:51.7209555Z [36;1m      echo "    Data source: $section_data (ruta guardada, archivo no encontrado)"[0m
job-core	Copy web folder structure	2025-05-13T08:22:51.7210811Z [36;1m    fi[0m
job-core	Copy web folder structure	2025-05-13T08:22:51.7211383Z [36;1m  fi[0m
job-core	Copy web folder structure	2025-05-13T08:22:51.7211949Z [36;1mdone[0m
job-core	Copy web folder structure	2025-05-13T08:22:51.7212492Z [36;1m[0m
job-core	Copy web folder structure	2025-05-13T08:22:51.7213288Z [36;1m# Create a JSON file with the structure information[0m
job-core	Copy web folder structure	2025-05-13T08:22:51.7214381Z [36;1mecho "[" > core/outputs/webs/$TITLE/$TITLE"_resume.json"[0m
job-core	Copy web folder structure	2025-05-13T08:22:51.7215370Z [36;1m# Find all files and directories[0m
job-core	Copy web folder structure	2025-05-13T08:22:51.7216501Z [36;1mfind core/results/webs/ -type f -o -type d | sort | while read path; do[0m
job-core	Copy web folder structure	2025-05-13T08:22:51.7217692Z [36;1m  if [ "$path" != "core/results/webs/" ]; then[0m
job-core	Copy web folder structure	2025-05-13T08:22:51.7218587Z [36;1m    # Get the type (file or directory)[0m
job-core	Copy web folder structure	2025-05-13T08:22:51.7219401Z [36;1m    if [ -d "$path" ]; then[0m
job-core	Copy web folder structure	2025-05-13T08:22:51.7220160Z [36;1m      TYPE="directory"[0m
job-core	Copy web folder structure	2025-05-13T08:22:51.7220860Z [36;1m    else[0m
job-core	Copy web folder structure	2025-05-13T08:22:51.7221458Z [36;1m      TYPE="file"[0m
job-core	Copy web folder structure	2025-05-13T08:22:51.7222114Z [36;1m    fi[0m
job-core	Copy web folder structure	2025-05-13T08:22:51.7222987Z [36;1m    # Get the name of the item (last part of path)[0m
job-core	Copy web folder structure	2025-05-13T08:22:51.7223901Z [36;1m    NAME=$(basename "$path")[0m
job-core	Copy web folder structure	2025-05-13T08:22:51.7224691Z [36;1m    # Create the JSON entry[0m
job-core	Copy web folder structure	2025-05-13T08:22:51.7225963Z [36;1m    echo "  {\"path\": \"$path\", \"name\": \"$NAME\", \"type\": \"$TYPE\"}," >> core/outputs/webs/$TITLE/$TITLE"_resume.json"[0m
job-core	Copy web folder structure	2025-05-13T08:22:51.7227204Z [36;1m  fi[0m
job-core	Copy web folder structure	2025-05-13T08:22:51.7227760Z [36;1mdone[0m
job-core	Copy web folder structure	2025-05-13T08:22:51.7228452Z [36;1m# Remove the last comma and close the JSON array[0m
job-core	Copy web folder structure	2025-05-13T08:22:51.7229528Z [36;1msed -i '$ s/,$//' core/outputs/webs/$TITLE/$TITLE"_resume.json"[0m
job-core	Copy web folder structure	2025-05-13T08:22:51.7230672Z [36;1mecho "]" >> core/outputs/webs/$TITLE/$TITLE"_resume.json"[0m
job-core	Copy web folder structure	2025-05-13T08:22:51.7231799Z [36;1mecho "IV - Web folder structure copied successfully!"[0m
job-core	Copy web folder structure	2025-05-13T08:22:51.7232828Z [36;1m[0m
job-core	Copy web folder structure	2025-05-13T08:22:51.7233549Z [36;1m# NUEVA SECCI√ìN: Copiar estructura de testweb[0m
job-core	Copy web folder structure	2025-05-13T08:22:51.7234625Z [36;1mecho "V - Creating test structure from testweb folder..."[0m
job-core	Copy web folder structure	2025-05-13T08:22:51.7235794Z [36;1m# Crear directorio principal para test[0m
job-core	Copy web folder structure	2025-05-13T08:22:51.7236678Z [36;1mmkdir -p "core/results/test/"[0m
job-core	Copy web folder structure	2025-05-13T08:22:51.7237528Z [36;1mmkdir -p "core/outputs/webs/test"[0m
job-core	Copy web folder structure	2025-05-13T08:22:51.7238409Z [36;1mtouch core/outputs/webs/test/readme.txt[0m
job-core	Copy web folder structure	2025-05-13T08:22:51.7239247Z [36;1m[0m
job-core	Copy web folder structure	2025-05-13T08:22:51.7240056Z [36;1m# Copiar la estructura de directorios de testweb (sin archivos)[0m
job-core	Copy web folder structure	2025-05-13T08:22:51.7241223Z [36;1mfind core/testweb -type d | while read dir; do[0m
job-core	Copy web folder structure	2025-05-13T08:22:51.7242157Z [36;1m  if [ "$dir" != "core/testweb" ]; then[0m
job-core	Copy web folder structure	2025-05-13T08:22:51.7243234Z [36;1m    # Eliminar el prefijo core/testweb de la ruta del directorio[0m
job-core	Copy web folder structure	2025-05-13T08:22:51.7244311Z [36;1m    clean_dir=${dir#core/testweb/}[0m
job-core	Copy web folder structure	2025-05-13T08:22:51.7245389Z [36;1m    echo "VI - Created test directory: $clean_dir"[0m
job-core	Copy web folder structure	2025-05-13T08:22:51.7246380Z [36;1m    target_dir="core/results/test/$clean_dir"[0m
job-core	Copy web folder structure	2025-05-13T08:22:51.7247284Z [36;1m    mkdir -p "$target_dir"[0m
job-core	Copy web folder structure	2025-05-13T08:22:51.7248102Z [36;1m    touch $target_dir/$clean_dir".html"[0m
job-core	Copy web folder structure	2025-05-13T08:22:51.7249058Z [36;1m    echo "VI - Created test directory: $target_dir"[0m
job-core	Copy web folder structure	2025-05-13T08:22:51.7249932Z [36;1m  fi[0m
job-core	Copy web folder structure	2025-05-13T08:22:51.7250491Z [36;1mdone[0m
job-core	Copy web folder structure	2025-05-13T08:22:51.7251039Z [36;1m[0m
job-core	Copy web folder structure	2025-05-13T08:22:51.7251824Z [36;1m# Copiar todos los archivos de testweb a la estructura de test[0m
job-core	Copy web folder structure	2025-05-13T08:22:51.7252992Z [36;1mfind core/testweb -type f | while read file; do[0m
job-core	Copy web folder structure	2025-05-13T08:22:51.7254307Z [36;1m  # Eliminar el prefijo core/testweb de la ruta del archivo[0m
job-core	Copy web folder structure	2025-05-13T08:22:51.7255432Z [36;1m  clean_file=${file#core/testweb/}[0m
job-core	Copy web folder structure	2025-05-13T08:22:51.7256360Z [36;1m  target_file="core/results/test/$clean_file"[0m
job-core	Copy web folder structure	2025-05-13T08:22:51.7257403Z [36;1m  # Asegurarse de que el directorio de destino existe[0m
job-core	Copy web folder structure	2025-05-13T08:22:51.7258403Z [36;1m  mkdir -p "$(dirname "$target_file")"[0m
job-core	Copy web folder structure	2025-05-13T08:22:51.7259237Z [36;1m  # Copiar el archivo[0m
job-core	Copy web folder structure	2025-05-13T08:22:51.7260029Z [36;1m  cp "$file" "$target_file"[0m
job-core	Copy web folder structure	2025-05-13T08:22:51.7260893Z [36;1m  echo "VII - Copied file: $file to $target_file"[0m
job-core	Copy web folder structure	2025-05-13T08:22:51.7261753Z [36;1mdone[0m
job-core	Copy web folder structure	2025-05-13T08:22:51.7262291Z [36;1m[0m
job-core	Copy web folder structure	2025-05-13T08:22:51.7263129Z [36;1m# Crear un archivo JSON con la informaci√≥n de la estructura de test[0m
job-core	Copy web folder structure	2025-05-13T08:22:51.7264518Z [36;1mecho "[" > core/outputs/webs/test/test_resume.json[0m
job-core	Copy web folder structure	2025-05-13T08:22:51.7265709Z [36;1m# Encontrar todos los archivos y directorios[0m
job-core	Copy web folder structure	2025-05-13T08:22:51.7267137Z [36;1mfind core/results/test/ -type f -o -type d | sort | while read path; do[0m
job-core	Copy web folder structure	2025-05-13T08:22:51.7268336Z [36;1m  if [ "$path" != "core/results/test/" ]; then[0m
job-core	Copy web folder structure	2025-05-13T08:22:51.7269247Z [36;1m    # Obtener el tipo (archivo o directorio)[0m
job-core	Copy web folder structure	2025-05-13T08:22:51.7270103Z [36;1m    if [ -d "$path" ]; then[0m
job-core	Copy web folder structure	2025-05-13T08:22:51.7270832Z [36;1m      TYPE="directory"[0m
job-core	Copy web folder structure	2025-05-13T08:22:51.7271513Z [36;1m    else[0m
job-core	Copy web folder structure	2025-05-13T08:22:51.7272354Z [36;1m      TYPE="file"[0m
job-core	Copy web folder structure	2025-05-13T08:22:51.7273128Z [36;1m    fi[0m
job-core	Copy web folder structure	2025-05-13T08:22:51.7274115Z [36;1m    # Obtener el nombre del elemento (√∫ltima parte de la ruta)[0m
job-core	Copy web folder structure	2025-05-13T08:22:51.7275283Z [36;1m    NAME=$(basename "$path")[0m
job-core	Copy web folder structure	2025-05-13T08:22:51.7276135Z [36;1m    # Crear la entrada JSON[0m
job-core	Copy web folder structure	2025-05-13T08:22:51.7277502Z [36;1m    echo "  {\"path\": \"$path\", \"name\": \"$NAME\", \"type\": \"$TYPE\"}," >> core/outputs/webs/test/test_resume.json[0m
job-core	Copy web folder structure	2025-05-13T08:22:51.7278883Z [36;1m  fi[0m
job-core	Copy web folder structure	2025-05-13T08:22:51.7279509Z [36;1mdone[0m
job-core	Copy web folder structure	2025-05-13T08:22:51.7280314Z [36;1m# Eliminar la √∫ltima coma y cerrar el array JSON[0m
job-core	Copy web folder structure	2025-05-13T08:22:51.7281523Z [36;1msed -i '$ s/,$//' core/outputs/webs/test/test_resume.json[0m
job-core	Copy web folder structure	2025-05-13T08:22:51.7282778Z [36;1mecho "]" >> core/outputs/webs/test/test_resume.json[0m
job-core	Copy web folder structure	2025-05-13T08:22:51.7284066Z [36;1mecho "VII - Test folder structure copied successfully!"[0m
job-core	Copy web folder structure	2025-05-13T08:22:51.7285078Z [36;1m[0m
job-core	Copy web folder structure	2025-05-13T08:22:51.7285883Z [36;1m# NUEVA SECCI√ìN: Crear dashboard de test en la estructura de webs[0m
job-core	Copy web folder structure	2025-05-13T08:22:51.7287083Z [36;1mecho "VIII - Creating test dashboard in webs structure..."[0m
job-core	Copy web folder structure	2025-05-13T08:22:51.7288092Z [36;1m# Leer el archivo webs.json de testweb[0m
job-core	Copy web folder structure	2025-05-13T08:22:51.7289023Z [36;1mTEST_STRUCTURE_FILE="core/testweb/data/webs.json"[0m
job-core	Copy web folder structure	2025-05-13T08:22:51.7289885Z [36;1m[0m
job-core	Copy web folder structure	2025-05-13T08:22:51.7290586Z [36;1m# Extraer t√≠tulo para el nombre de la carpeta principal[0m
job-core	Copy web folder structure	2025-05-13T08:22:51.7291498Z [36;1mTEST_TITLE="test"[0m
job-core	Copy web folder structure	2025-05-13T08:22:51.7292298Z [36;1mecho "IX - Test dashboard will be named: $TEST_TITLE"[0m
job-core	Copy web folder structure	2025-05-13T08:22:51.7293174Z [36;1m[0m
job-core	Copy web folder structure	2025-05-13T08:22:51.7294071Z [36;1m# Crear directorio principal para el dashboard de test[0m
job-core	Copy web folder structure	2025-05-13T08:22:51.7295192Z [36;1mmkdir -p "core/results/webs/$TEST_TITLE"[0m
job-core	Copy web folder structure	2025-05-13T08:22:51.7296018Z [36;1m[0m
job-core	Copy web folder structure	2025-05-13T08:22:51.7296846Z [36;1m# En lugar de solo crear un archivo vac√≠o, crear un archivo HTML b√°sico[0m
job-core	Copy web folder structure	2025-05-13T08:22:51.7298219Z [36;1mcat > core/results/webs/$TEST_TITLE/$TEST_TITLE".html" << 'EOL'[0m
job-core	Copy web folder structure	2025-05-13T08:22:51.7299231Z [36;1m<!DOCTYPE html>[0m
job-core	Copy web folder structure	2025-05-13T08:22:51.7299883Z [36;1m<html lang="es">[0m
job-core	Copy web folder structure	2025-05-13T08:22:51.7300519Z [36;1m<head>[0m
job-core	Copy web folder structure	2025-05-13T08:22:51.7301115Z [36;1m    <meta charset="UTF-8">[0m
job-core	Copy web folder structure	2025-05-13T08:22:51.7302164Z [36;1m    <meta name="viewport" content="width=device-width, initial-scale=1.0">[0m
job-core	Copy web folder structure	2025-05-13T08:22:51.7303528Z [36;1m    <title>Secci√≥n Ka0s</title>[0m
job-core	Copy web folder structure	2025-05-13T08:22:51.7304919Z [36;1m    <script src="https://cdn.jsdelivr.net/npm/@tailwindcss/browser@4"></script>[0m
job-core	Copy web folder structure	2025-05-13T08:22:51.7306655Z [36;1m    <link rel="stylesheet" href="https://cdnjs.cloudflare.com/ajax/libs/font-awesome/5.15.4/css/all.min.css">[0m
job-core	Copy web folder structure	2025-05-13T08:22:51.7308298Z [36;1m    <script src="https://cdn.jsdelivr.net/npm/chart.js"></script>[0m
job-core	Copy web folder structure	2025-05-13T08:22:51.7309279Z [36;1m</head>[0m
job-core	Copy web folder structure	2025-05-13T08:22:51.7309928Z [36;1m<body class="bg-gray-100 min-h-screen">[0m
job-core	Copy web folder structure	2025-05-13T08:22:51.7310821Z [36;1m    <div class="flex">[0m
job-core	Copy web folder structure	2025-05-13T08:22:51.7311553Z [36;1m        <!-- Incluir el navbar -->[0m
job-core	Copy web folder structure	2025-05-13T08:22:51.7312426Z [36;1m        <div id="navbar-container"></div>[0m
job-core	Copy web folder structure	2025-05-13T08:22:51.7313459Z [36;1m[0m
job-core	Copy web folder structure	2025-05-13T08:22:51.7314212Z [36;1m        <!-- Contenido principal -->[0m
job-core	Copy web folder structure	2025-05-13T08:22:51.7315413Z [36;1m        <div class="ml-[250px] w-full transition-all duration-300 p-6" id="main-content">[0m
job-core	Copy web folder structure	2025-05-13T08:22:51.7316573Z [36;1m            <header class="mb-8">[0m
job-core	Copy web folder structure	2025-05-13T08:22:51.7317784Z [36;1m                <h1 class="text-3xl font-bold text-gray-800" id="section-title">SECTION_TITLE_PLACEHOLDER</h1>[0m
job-core	Copy web folder structure	2025-05-13T08:22:51.7319463Z [36;1m                <p class="text-gray-600 mt-2" id="section-description">SECTION_DESCRIPTION_PLACEHOLDER</p>[0m
job-core	Copy web folder structure	2025-05-13T08:22:51.7320678Z [36;1m            </header>[0m
job-core	Copy web folder structure	2025-05-13T08:22:51.7321321Z [36;1m[0m
job-core	Copy web folder structure	2025-05-13T08:22:51.7322068Z [36;1m            <!-- Contenedor de m√©tricas - se generar√° din√°micamente -->[0m
job-core	Copy web folder structure	2025-05-13T08:22:51.7323672Z [36;1m            <div id="metrics-container" class="grid grid-cols-1 md:grid-cols-4 gap-4 mb-8">[0m
job-core	Copy web folder structure	2025-05-13T08:22:51.7325150Z [36;1m                <!-- Las m√©tricas se generar√°n din√°micamente seg√∫n el JSON -->[0m
job-core	Copy web folder structure	2025-05-13T08:22:51.7326105Z [36;1m            </div>[0m
job-core	Copy web folder structure	2025-05-13T08:22:51.7326736Z [36;1m[0m
job-core	Copy web folder structure	2025-05-13T08:22:51.7327506Z [36;1m            <!-- Contenedor de plantillas - se generar√° din√°micamente -->[0m
job-core	Copy web folder structure	2025-05-13T08:22:51.7328552Z [36;1m            <div id="templates-container">[0m
job-core	Copy web folder structure	2025-05-13T08:22:51.7329736Z [36;1m                <!-- Las plantillas (gr√°ficos, listas, etc.) se generar√°n din√°micamente seg√∫n el JSON -->[0m
job-core	Copy web folder structure	2025-05-13T08:22:51.7331136Z [36;1m                <div id="data-list" class="bg-white shadow-sm rounded-lg p-6 mb-6">[0m
job-core	Copy web folder structure	2025-05-13T08:22:51.7332273Z [36;1m                    <!-- Aqu√≠ se mostrar√° la lista de datos -->[0m
job-core	Copy web folder structure	2025-05-13T08:22:51.7333532Z [36;1m                </div>[0m
job-core	Copy web folder structure	2025-05-13T08:22:51.7334495Z [36;1m                <div id="pagination" class="mt-4">[0m
job-core	Copy web folder structure	2025-05-13T08:22:51.7335429Z [36;1m                    <!-- Aqu√≠ se mostrar√° la paginaci√≥n -->[0m
job-core	Copy web folder structure	2025-05-13T08:22:51.7336264Z [36;1m                </div>[0m
job-core	Copy web folder structure	2025-05-13T08:22:51.7336937Z [36;1m            </div>[0m
job-core	Copy web folder structure	2025-05-13T08:22:51.7337584Z [36;1m        </div>[0m
job-core	Copy web folder structure	2025-05-13T08:22:51.7338198Z [36;1m    </div>[0m
job-core	Copy web folder structure	2025-05-13T08:22:51.7338771Z [36;1m[0m
job-core	Copy web folder structure	2025-05-13T08:22:51.7339304Z [36;1m    <!-- Scripts -->[0m
job-core	Copy web folder structure	2025-05-13T08:22:51.7340072Z [36;1m    <script src="js/orchestrator.js"></script>[0m
job-core	Copy web folder structure	2025-05-13T08:22:51.7340885Z [36;1m</body>[0m
job-core	Copy web folder structure	2025-05-13T08:22:51.7341452Z [36;1m</html>[0m
job-core	Copy web folder structure	2025-05-13T08:22:51.7342007Z [36;1mEOL[0m
job-core	Copy web folder structure	2025-05-13T08:22:51.7342534Z [36;1m[0m
job-core	Copy web folder structure	2025-05-13T08:22:51.7343313Z [36;1mmkdir -p "core/outputs/webs/$TEST_TITLE"[0m
job-core	Copy web folder structure	2025-05-13T08:22:51.7344578Z [36;1mtouch core/outputs/webs/$TEST_TITLE/readme.txt[0m
job-core	Copy web folder structure	2025-05-13T08:22:51.7345403Z [36;1m[0m
job-core	Copy web folder structure	2025-05-13T08:22:51.7346237Z [36;1m# Copiar la estructura de directorios de testweb a la estructura de webs[0m
job-core	Copy web folder structure	2025-05-13T08:22:51.7347432Z [36;1mfind core/testweb -type d | while read dir; do[0m
job-core	Copy web folder structure	2025-05-13T08:22:51.7348328Z [36;1m  if [ "$dir" != "core/testweb" ]; then[0m
job-core	Copy web folder structure	2025-05-13T08:22:51.7349325Z [36;1m    # Eliminar el prefijo core/testweb de la ruta del directorio[0m
job-core	Copy web folder structure	2025-05-13T08:22:51.7350323Z [36;1m    clean_dir=${dir#core/testweb/}[0m
job-core	Copy web folder structure	2025-05-13T08:22:51.7351200Z [36;1m    echo "X - Created test web directory: $clean_dir"[0m
job-core	Copy web folder structure	2025-05-13T08:22:51.7352214Z [36;1m    target_dir="core/results/webs/$TEST_TITLE/$clean_dir"[0m
job-core	Copy web folder structure	2025-05-13T08:22:51.7353343Z [36;1m    mkdir -p "$target_dir"[0m
job-core	Copy web folder structure	2025-05-13T08:22:51.7354280Z [36;1m    touch $target_dir/$clean_dir".html"[0m
job-core	Copy web folder structure	2025-05-13T08:22:51.7355209Z [36;1m    echo "X - Created test web directory: $target_dir"[0m
job-core	Copy web folder structure	2025-05-13T08:22:51.7356073Z [36;1m  fi[0m
job-core	Copy web folder structure	2025-05-13T08:22:51.7356606Z [36;1mdone[0m
job-core	Copy web folder structure	2025-05-13T08:22:51.7357140Z [36;1m[0m
job-core	Copy web folder structure	2025-05-13T08:22:51.7357906Z [36;1m# NUEVA SECCI√ìN: Copiar archivos JS y Templates espec√≠ficamente[0m
job-core	Copy web folder structure	2025-05-13T08:22:51.7359168Z [36;1mecho "X.1 - Copying JS and Template files to test web structure..."[0m
job-core	Copy web folder structure	2025-05-13T08:22:51.7360145Z [36;1m[0m
job-core	Copy web folder structure	2025-05-13T08:22:51.7360696Z [36;1m# Copiar archivos JS[0m
job-core	Copy web folder structure	2025-05-13T08:22:51.7361401Z [36;1mif [ -d "core/testweb/js" ]; then[0m
job-core	Copy web folder structure	2025-05-13T08:22:51.7362197Z [36;1m  echo "X.2 - Copying JS files..."[0m
job-core	Copy web folder structure	2025-05-13T08:22:51.7363193Z [36;1m  mkdir -p "core/results/webs/$TEST_TITLE/js"[0m
job-core	Copy web folder structure	2025-05-13T08:22:51.7364440Z [36;1m  find core/testweb/js -type f -name "*.js" | while read js_file; do[0m
job-core	Copy web folder structure	2025-05-13T08:22:51.7365486Z [36;1m    JS_FILENAME=$(basename "$js_file")[0m
job-core	Copy web folder structure	2025-05-13T08:22:51.7366581Z [36;1m    echo "Copying JS file: $js_file to core/results/webs/$TEST_TITLE/js/$JS_FILENAME"[0m
job-core	Copy web folder structure	2025-05-13T08:22:51.7367858Z [36;1m    cp "$js_file" "core/results/webs/$TEST_TITLE/js/$JS_FILENAME"[0m
job-core	Copy web folder structure	2025-05-13T08:22:51.7368760Z [36;1m  done[0m
job-core	Copy web folder structure	2025-05-13T08:22:51.7369391Z [36;1m  echo "JS files copied successfully!"[0m
job-core	Copy web folder structure	2025-05-13T08:22:51.7370178Z [36;1melse[0m
job-core	Copy web folder structure	2025-05-13T08:22:51.7370918Z [36;1m  echo "Warning: JS directory not found at core/testweb/js"[0m
job-core	Copy web folder structure	2025-05-13T08:22:51.7371808Z [36;1mfi[0m
job-core	Copy web folder structure	2025-05-13T08:22:51.7372328Z [36;1m[0m
job-core	Copy web folder structure	2025-05-13T08:22:51.7373102Z [36;1m# A√ëADIR AQU√ç: Copiar archivos JS desde core/web/js[0m
job-core	Copy web folder structure	2025-05-13T08:22:51.7374284Z [36;1mif [ -d "core/web/js" ]; then[0m
job-core	Copy web folder structure	2025-05-13T08:22:51.7375141Z [36;1m  echo "X.2.1 - Copying JS files from core/web/js..."[0m
job-core	Copy web folder structure	2025-05-13T08:22:51.7376080Z [36;1m  mkdir -p "core/results/webs/$TITLE/js"[0m
job-core	Copy web folder structure	2025-05-13T08:22:51.7377089Z [36;1m  find core/web/js -type f -name "*.js" | while read js_file; do[0m
job-core	Copy web folder structure	2025-05-13T08:22:51.7378118Z [36;1m    JS_FILENAME=$(basename "$js_file")[0m
job-core	Copy web folder structure	2025-05-13T08:22:51.7387676Z [36;1m    echo "Copying JS file: $js_file to core/results/webs/$TITLE/js/$JS_FILENAME"[0m
job-core	Copy web folder structure	2025-05-13T08:22:51.7388906Z [36;1m    cp "$js_file" "core/results/webs/$TITLE/js/$JS_FILENAME"[0m
job-core	Copy web folder structure	2025-05-13T08:22:51.7389791Z [36;1m  done[0m
job-core	Copy web folder structure	2025-05-13T08:22:51.7390482Z [36;1m  echo "Web JS files copied successfully!"[0m
job-core	Copy web folder structure	2025-05-13T08:22:51.7391276Z [36;1melse[0m
job-core	Copy web folder structure	2025-05-13T08:22:51.7392002Z [36;1m  echo "Warning: JS directory not found at core/web/js"[0m
job-core	Copy web folder structure	2025-05-13T08:22:51.7393054Z [36;1mfi[0m
job-core	Copy web folder structure	2025-05-13T08:22:51.7393711Z [36;1m[0m
job-core	Copy web folder structure	2025-05-13T08:22:51.7394442Z [36;1m# Copiar archivos de Templates[0m
job-core	Copy web folder structure	2025-05-13T08:22:51.7395274Z [36;1mif [ -d "core/testweb/templates" ]; then[0m
job-core	Copy web folder structure	2025-05-13T08:22:51.7396136Z [36;1m  echo "X.3 - Copying Template files..."[0m
job-core	Copy web folder structure	2025-05-13T08:22:51.7397074Z [36;1m  mkdir -p "core/results/webs/$TEST_TITLE/templates"[0m
job-core	Copy web folder structure	2025-05-13T08:22:51.7398231Z [36;1m  find core/testweb/templates -type f | while read template_file; do[0m
job-core	Copy web folder structure	2025-05-13T08:22:51.7399377Z [36;1m    TEMPLATE_FILENAME=$(basename "$template_file")[0m
job-core	Copy web folder structure	2025-05-13T08:22:51.7400943Z [36;1m    echo "Copying Template file: $template_file to core/results/webs/$TEST_TITLE/templates/$TEMPLATE_FILENAME"[0m
job-core	Copy web folder structure	2025-05-13T08:22:51.7402634Z [36;1m    cp "$template_file" "core/results/webs/$TEST_TITLE/templates/$TEMPLATE_FILENAME"[0m
job-core	Copy web folder structure	2025-05-13T08:22:51.7403956Z [36;1m  done[0m
job-core	Copy web folder structure	2025-05-13T08:22:51.7404766Z [36;1m  echo "Template files copied successfully!"[0m
job-core	Copy web folder structure	2025-05-13T08:22:51.7405592Z [36;1melse[0m
job-core	Copy web folder structure	2025-05-13T08:22:51.7406437Z [36;1m  echo "Warning: Templates directory not found at core/testweb/templates"[0m
job-core	Copy web folder structure	2025-05-13T08:22:51.7407445Z [36;1mfi[0m
job-core	Copy web folder structure	2025-05-13T08:22:51.7407963Z [36;1m[0m
job-core	Copy web folder structure	2025-05-13T08:22:51.7408676Z [36;1m# Extraer informaci√≥n de secciones y crear subcarpetas[0m
job-core	Copy web folder structure	2025-05-13T08:22:51.7409616Z [36;1mif [ -f "$TEST_STRUCTURE_FILE" ]; then[0m
job-core	Copy web folder structure	2025-05-13T08:22:51.7411020Z [36;1m  jq -r '.sections[] | [.title, .icon, .data] | @tsv' $TEST_STRUCTURE_FILE | while IFS=$'\t' read -r section_title section_icon section_data; do[0m
job-core	Copy web folder structure	2025-05-13T08:22:51.7412612Z [36;1m    echo "XI - Creating subfolder for test section: $section_title"[0m
job-core	Copy web folder structure	2025-05-13T08:22:51.7414095Z [36;1m    mkdir -p "core/results/webs/$TEST_TITLE/structure/$section_title"[0m
job-core	Copy web folder structure	2025-05-13T08:22:51.7415603Z [36;1m    touch core/results/webs/$TEST_TITLE/structure/$section_title/$section_title".html"[0m
job-core	Copy web folder structure	2025-05-13T08:22:51.7416702Z [36;1m    [0m
job-core	Copy web folder structure	2025-05-13T08:22:51.7417445Z [36;1m    # Guardar la ruta del archivo JSON de datos para esta secci√≥n[0m
job-core	Copy web folder structure	2025-05-13T08:22:51.7418396Z [36;1m    if [ ! -z "$section_data" ]; then[0m
job-core	Copy web folder structure	2025-05-13T08:22:51.7419225Z [36;1m      # Si section_data es un array, procesarlo[0m
job-core	Copy web folder structure	2025-05-13T08:22:51.7420056Z [36;1m      if [[ "$section_data" == "["* ]]; then[0m
job-core	Copy web folder structure	2025-05-13T08:22:51.7421288Z [36;1m        echo "$section_data" > "core/results/webs/$TEST_TITLE/structure/$section_title/$section_title.json"[0m
job-core	Copy web folder structure	2025-05-13T08:22:51.7422601Z [36;1m        echo "    Data source: Array data (guardado)"[0m
job-core	Copy web folder structure	2025-05-13T08:22:51.7423649Z [36;1m      else[0m
job-core	Copy web folder structure	2025-05-13T08:22:51.7424635Z [36;1m        # Copiar el contenido del archivo JSON en lugar de solo la ruta[0m
job-core	Copy web folder structure	2025-05-13T08:22:51.7425614Z [36;1m        if [ -f "$section_data" ]; then[0m
job-core	Copy web folder structure	2025-05-13T08:22:51.7426850Z [36;1m          cp "$section_data" "core/results/webs/$TEST_TITLE/structure/$section_title/$section_title.json"[0m
job-core	Copy web folder structure	2025-05-13T08:22:51.7428148Z [36;1m          echo "    Data source: $section_data (copiado)"[0m
job-core	Copy web folder structure	2025-05-13T08:22:51.7428957Z [36;1m        else[0m
job-core	Copy web folder structure	2025-05-13T08:22:51.7429763Z [36;1m          # Si el archivo no existe, guardar al menos la ruta como referencia[0m
job-core	Copy web folder structure	2025-05-13T08:22:51.7431206Z [36;1m          echo "$section_data" > "core/results/webs/$TEST_TITLE/structure/$section_title/$section_title.json"[0m
job-core	Copy web folder structure	2025-05-13T08:22:51.7432710Z [36;1m          echo "    Data source: $section_data (ruta guardada, archivo no encontrado)"[0m
job-core	Copy web folder structure	2025-05-13T08:22:51.7434179Z [36;1m        fi[0m
job-core	Copy web folder structure	2025-05-13T08:22:51.7434869Z [36;1m      fi[0m
job-core	Copy web folder structure	2025-05-13T08:22:51.7435434Z [36;1m    fi[0m
job-core	Copy web folder structure	2025-05-13T08:22:51.7435979Z [36;1m  done[0m
job-core	Copy web folder structure	2025-05-13T08:22:51.7436523Z [36;1melse[0m
job-core	Copy web folder structure	2025-05-13T08:22:51.7437337Z [36;1m  echo "Warning: Test webs.json file not found at $TEST_STRUCTURE_FILE"[0m
job-core	Copy web folder structure	2025-05-13T08:22:51.7438320Z [36;1mfi[0m
job-core	Copy web folder structure	2025-05-13T08:22:51.7438848Z [36;1m[0m
job-core	Copy web folder structure	2025-05-13T08:22:51.7439573Z [36;1m# Crear un archivo JSON con la informaci√≥n de la estructura[0m
job-core	Copy web folder structure	2025-05-13T08:22:51.7440711Z [36;1mecho "[" > core/outputs/webs/$TEST_TITLE/$TEST_TITLE"_resume.json"[0m
job-core	Copy web folder structure	2025-05-13T08:22:51.7441759Z [36;1m# Encontrar todos los archivos y directorios[0m
job-core	Copy web folder structure	2025-05-13T08:22:51.7443156Z [36;1mfind core/results/webs/$TEST_TITLE -type f -o -type d | sort | while read path; do[0m
job-core	Copy web folder structure	2025-05-13T08:22:51.7444669Z [36;1m  if [ "$path" != "core/results/webs/$TEST_TITLE" ]; then[0m
job-core	Copy web folder structure	2025-05-13T08:22:51.7445575Z [36;1m    # Obtener el tipo (archivo o directorio)[0m
job-core	Copy web folder structure	2025-05-13T08:22:51.7446362Z [36;1m    if [ -d "$path" ]; then[0m
job-core	Copy web folder structure	2025-05-13T08:22:51.7447141Z [36;1m      TYPE="directory"[0m
job-core	Copy web folder structure	2025-05-13T08:22:51.7447793Z [36;1m    else[0m
job-core	Copy web folder structure	2025-05-13T08:22:51.7448354Z [36;1m      TYPE="file"[0m
job-core	Copy web folder structure	2025-05-13T08:22:51.7448962Z [36;1m    fi[0m
job-core	Copy web folder structure	2025-05-13T08:22:51.7449721Z [36;1m    # Obtener el nombre del elemento (√∫ltima parte de la ruta)[0m
job-core	Copy web folder structure	2025-05-13T08:22:51.7450640Z [36;1m    NAME=$(basename "$path")[0m
job-core	Copy web folder structure	2025-05-13T08:22:51.7451351Z [36;1m    # Crear la entrada JSON[0m
job-core	Copy web folder structure	2025-05-13T08:22:51.7452537Z [36;1m    echo "  {\"path\": \"$path\", \"name\": \"$NAME\", \"type\": \"$TYPE\"}," >> core/outputs/webs/$TEST_TITLE/$TEST_TITLE"_resume.json"[0m
job-core	Copy web folder structure	2025-05-13T08:22:51.7453941Z [36;1m  fi[0m
job-core	Copy web folder structure	2025-05-13T08:22:51.7454591Z [36;1mdone[0m
job-core	Copy web folder structure	2025-05-13T08:22:51.7455291Z [36;1m# Eliminar la √∫ltima coma y cerrar el array JSON[0m
job-core	Copy web folder structure	2025-05-13T08:22:51.7456340Z [36;1msed -i '$ s/,$//' core/outputs/webs/$TEST_TITLE/$TEST_TITLE"_resume.json"[0m
job-core	Copy web folder structure	2025-05-13T08:22:51.7457535Z [36;1mecho "]" >> core/outputs/webs/$TEST_TITLE/$TEST_TITLE"_resume.json"[0m
job-core	Copy web folder structure	2025-05-13T08:22:51.7458688Z [36;1mecho "XII - Test web folder structure created successfully!"[0m
job-core	Copy web folder structure	2025-05-13T08:22:51.7467592Z shell: /usr/bin/bash -e {0}
job-core	Copy web folder structure	2025-05-13T08:22:51.7468273Z env:
job-core	Copy web folder structure	2025-05-13T08:22:51.7468799Z   KAOS_CODE: 14991776999
job-core	Copy web folder structure	2025-05-13T08:22:51.7469540Z   KAOS_EVENT_NAME: workflow_dispatch
job-core	Copy web folder structure	2025-05-13T08:22:51.7470233Z   KAOS_ACTION: 
job-core	Copy web folder structure	2025-05-13T08:22:51.7470793Z   KAOS_REF: refs/heads/main
job-core	Copy web folder structure	2025-05-13T08:22:51.7471464Z   KAOS_MODULE: [Ka0S] Deploy Web Structure
job-core	Copy web folder structure	2025-05-13T08:22:51.7472250Z   KAOS_JSON_WEB: core/config/webs/webs.json
job-core	Copy web folder structure	2025-05-13T08:22:51.7473062Z   KAOS_JSON_RESUME: core/outputs/webs/
job-core	Copy web folder structure	2025-05-13T08:22:51.7473925Z   KAOS_JSON_DATA: core/web/data/data.json
job-core	Copy web folder structure	2025-05-13T08:22:51.7474809Z   KAOS_WEB_STRUCTURE: core/results/webs/
job-core	Copy web folder structure	2025-05-13T08:22:51.7475573Z   KAOS_TEST_STRUCTURE: core/results/test/
job-core	Copy web folder structure	2025-05-13T08:22:51.7476308Z   KAOS_ACTOR: AlejandroPB5
job-core	Copy web folder structure	2025-05-13T08:22:51.7477011Z   KAOS_TEST_JSON_WEB: core/testweb/data/webs.json
job-core	Copy web folder structure	2025-05-13T08:22:51.7477849Z   KAOS_TEST_JSON_DATA: core/testweb/data/data.json
job-core	Copy web folder structure	2025-05-13T08:22:51.7478624Z ##[endgroup]
job-core	Copy web folder structure	2025-05-13T08:22:51.7522331Z 0 - Reading structure.json file...
job-core	Copy web folder structure	2025-05-13T08:22:51.7553817Z I - Main folder will be named: dashboard
job-core	Copy web folder structure	2025-05-13T08:22:51.7611711Z II - Created directory: data
job-core	Copy web folder structure	2025-05-13T08:22:51.7632164Z II - Created directory: core/results/webs/dashboard/data
job-core	Copy web folder structure	2025-05-13T08:22:51.7633550Z II - Created directory: templates
job-core	Copy web folder structure	2025-05-13T08:22:51.7651981Z II - Created directory: core/results/webs/dashboard/templates
job-core	Copy web folder structure	2025-05-13T08:22:51.7653007Z II - Created directory: js
job-core	Copy web folder structure	2025-05-13T08:22:51.7672619Z II - Created directory: core/results/webs/dashboard/js
job-core	Copy web folder structure	2025-05-13T08:22:51.7698109Z jq: error (at core/config/webs/webs.json:39): Cannot index array with string "title"
job-core	Copy web folder structure	2025-05-13T08:22:51.9051009Z IV - Web folder structure copied successfully!
job-core	Copy web folder structure	2025-05-13T08:22:51.9053447Z V - Creating test structure from testweb folder...
job-core	Copy web folder structure	2025-05-13T08:22:51.9139020Z VI - Created test directory: data
job-core	Copy web folder structure	2025-05-13T08:22:51.9174917Z VI - Created test directory: core/results/test/data
job-core	Copy web folder structure	2025-05-13T08:22:51.9177359Z VI - Created test directory: data/sections
job-core	Copy web folder structure	2025-05-13T08:22:51.9211064Z touch: cannot touch 'core/results/test/data/sections/data/sections.html': No such file or directory
job-core	Copy web folder structure	2025-05-13T08:22:51.9250228Z ##[error]Process completed with exit code 1.
job-core	Post Checkout repository	Ôªø2025-05-13T08:22:51.9423248Z Post job cleanup.
job-core	Post Checkout repository	2025-05-13T08:22:51.9887080Z [command]/usr/bin/git version
job-core	Post Checkout repository	2025-05-13T08:22:51.9916612Z git version 2.43.0
job-core	Post Checkout repository	2025-05-13T08:22:51.9970044Z Copying '/home/kaos/.gitconfig' to '/actions-runner/_work/_temp/ab88816b-b54f-409d-9113-44cc9e9b1c46/.gitconfig'
job-core	Post Checkout repository	2025-05-13T08:22:51.9987867Z Temporarily overriding HOME='/actions-runner/_work/_temp/ab88816b-b54f-409d-9113-44cc9e9b1c46' before making global git config changes
job-core	Post Checkout repository	2025-05-13T08:22:51.9990962Z Adding repository directory to the temporary git global config as a safe directory
job-core	Post Checkout repository	2025-05-13T08:22:51.9993566Z [command]/usr/bin/git config --global --add safe.directory /actions-runner/_work/ka0s/ka0s
job-core	Post Checkout repository	2025-05-13T08:22:52.0025408Z [command]/usr/bin/git config --local --name-only --get-regexp core\.sshCommand
job-core	Post Checkout repository	2025-05-13T08:22:52.0054750Z [command]/usr/bin/git submodule foreach --recursive sh -c "git config --local --name-only --get-regexp 'core\.sshCommand' && git config --local --unset-all 'core.sshCommand' || :"
job-core	Post Checkout repository	2025-05-13T08:22:52.0345032Z [command]/usr/bin/git config --local --name-only --get-regexp http\.https\:\/\/github\.com\/\.extraheader
job-core	Post Checkout repository	2025-05-13T08:22:52.0369455Z http.https://github.com/.extraheader
job-core	Post Checkout repository	2025-05-13T08:22:52.0379166Z [command]/usr/bin/git config --local --unset-all http.https://github.com/.extraheader
job-core	Post Checkout repository	2025-05-13T08:22:52.0427128Z [command]/usr/bin/git submodule foreach --recursive sh -c "git config --local --name-only --get-regexp 'http\.https\:\/\/github\.com\/\.extraheader' && git config --local --unset-all 'http.https://github.com/.extraheader' || :"
job-core	Complete job	Ôªø2025-05-13T08:22:52.0976841Z Cleaning up orphan processes
handle_failure	Set up job	Ôªø2025-05-13T08:22:58.4216609Z Current runner version: '2.323.0'
handle_failure	Set up job	2025-05-13T08:22:58.4220523Z Runner name: 'ka0s-7'
handle_failure	Set up job	2025-05-13T08:22:58.4221095Z Machine name: '26a53205c9ac'
handle_failure	Set up job	2025-05-13T08:22:58.4222702Z ##[group]GITHUB_TOKEN Permissions
handle_failure	Set up job	2025-05-13T08:22:58.4224154Z Contents: read
handle_failure	Set up job	2025-05-13T08:22:58.4224462Z Metadata: read
handle_failure	Set up job	2025-05-13T08:22:58.4224757Z Packages: read
handle_failure	Set up job	2025-05-13T08:22:58.4225066Z ##[endgroup]
handle_failure	Set up job	2025-05-13T08:22:58.4226416Z Secret source: Actions
handle_failure	Set up job	2025-05-13T08:22:58.4226797Z Prepare workflow directory
handle_failure	Set up job	2025-05-13T08:22:58.4603474Z Prepare all required actions
handle_failure	Set up job	2025-05-13T08:22:58.4629300Z Getting action download info
handle_failure	Set up job	2025-05-13T08:22:59.0109655Z Download action repository 'actions/checkout@v4' (SHA:11bd71901bbe5b1630ceea73d27597364c9af683)
handle_failure	Set up job	2025-05-13T08:22:59.8074627Z Complete job name: handle_failure
handle_failure	Checkout code	Ôªø2025-05-13T08:22:59.8358976Z ##[group]Run actions/checkout@v4
handle_failure	Checkout code	2025-05-13T08:22:59.8359457Z with:
handle_failure	Checkout code	2025-05-13T08:22:59.8359716Z   fetch-depth: 0
handle_failure	Checkout code	2025-05-13T08:22:59.8360133Z   token: ***
handle_failure	Checkout code	2025-05-13T08:22:59.8360407Z   repository: Ka0s-Klaus/ka0s
handle_failure	Checkout code	2025-05-13T08:22:59.8360746Z   ssh-strict: true
handle_failure	Checkout code	2025-05-13T08:22:59.8361013Z   ssh-user: git
handle_failure	Checkout code	2025-05-13T08:22:59.8361284Z   persist-credentials: true
handle_failure	Checkout code	2025-05-13T08:22:59.8361582Z   clean: true
handle_failure	Checkout code	2025-05-13T08:22:59.8361850Z   sparse-checkout-cone-mode: true
handle_failure	Checkout code	2025-05-13T08:22:59.8362178Z   fetch-tags: false
handle_failure	Checkout code	2025-05-13T08:22:59.8362451Z   show-progress: true
handle_failure	Checkout code	2025-05-13T08:22:59.8362722Z   lfs: false
handle_failure	Checkout code	2025-05-13T08:22:59.8363019Z   submodules: false
handle_failure	Checkout code	2025-05-13T08:22:59.8363302Z   set-safe-directory: true
handle_failure	Checkout code	2025-05-13T08:22:59.8363691Z env:
handle_failure	Checkout code	2025-05-13T08:22:59.8363934Z   KAOS_CODE: 14991776999
handle_failure	Checkout code	2025-05-13T08:22:59.8364226Z   KAOS_EVENT_NAME: workflow_dispatch
handle_failure	Checkout code	2025-05-13T08:22:59.8364553Z   KAOS_ACTION: 
handle_failure	Checkout code	2025-05-13T08:22:59.8364823Z   KAOS_REF: refs/heads/main
handle_failure	Checkout code	2025-05-13T08:22:59.8365142Z   KAOS_MODULE: [Ka0S] Deploy Web Structure
handle_failure	Checkout code	2025-05-13T08:22:59.8365522Z   KAOS_JSON_WEB: core/config/webs/webs.json
handle_failure	Checkout code	2025-05-13T08:22:59.8365882Z   KAOS_JSON_RESUME: core/outputs/webs/
handle_failure	Checkout code	2025-05-13T08:22:59.8366234Z   KAOS_JSON_DATA: core/web/data/data.json
handle_failure	Checkout code	2025-05-13T08:22:59.8366595Z   KAOS_WEB_STRUCTURE: core/results/webs/
handle_failure	Checkout code	2025-05-13T08:22:59.8366958Z   KAOS_TEST_STRUCTURE: core/results/test/
handle_failure	Checkout code	2025-05-13T08:22:59.8367301Z   KAOS_ACTOR: AlejandroPB5
handle_failure	Checkout code	2025-05-13T08:22:59.8367632Z   KAOS_TEST_JSON_WEB: core/testweb/data/webs.json
handle_failure	Checkout code	2025-05-13T08:22:59.8368032Z   KAOS_TEST_JSON_DATA: core/testweb/data/data.json
handle_failure	Checkout code	2025-05-13T08:22:59.8368390Z ##[endgroup]
handle_failure	Checkout code	2025-05-13T08:22:59.9060990Z Syncing repository: Ka0s-Klaus/ka0s
handle_failure	Checkout code	2025-05-13T08:22:59.9062421Z ##[group]Getting Git version info
handle_failure	Checkout code	2025-05-13T08:22:59.9062959Z Working directory is '/actions-runner/_work/ka0s/ka0s'
handle_failure	Checkout code	2025-05-13T08:22:59.9063758Z [command]/usr/bin/git version
handle_failure	Checkout code	2025-05-13T08:22:59.9069568Z git version 2.43.0
handle_failure	Checkout code	2025-05-13T08:22:59.9095317Z ##[endgroup]
handle_failure	Checkout code	2025-05-13T08:22:59.9107862Z Copying '/home/kaos/.gitconfig' to '/actions-runner/_work/_temp/72cd6dd0-c7f2-4b3b-9f39-e5db94c79fa5/.gitconfig'
handle_failure	Checkout code	2025-05-13T08:22:59.9123742Z Temporarily overriding HOME='/actions-runner/_work/_temp/72cd6dd0-c7f2-4b3b-9f39-e5db94c79fa5' before making global git config changes
handle_failure	Checkout code	2025-05-13T08:22:59.9124925Z Adding repository directory to the temporary git global config as a safe directory
handle_failure	Checkout code	2025-05-13T08:22:59.9126900Z [command]/usr/bin/git config --global --add safe.directory /actions-runner/_work/ka0s/ka0s
handle_failure	Checkout code	2025-05-13T08:22:59.9164498Z [command]/usr/bin/git config --local --get remote.origin.url
handle_failure	Checkout code	2025-05-13T08:22:59.9183385Z https://github.com/Ka0s-Klaus/ka0s
handle_failure	Checkout code	2025-05-13T08:22:59.9201056Z ##[group]Removing previously created refs, to avoid conflicts
handle_failure	Checkout code	2025-05-13T08:22:59.9204964Z [command]/usr/bin/git rev-parse --symbolic-full-name --verify --quiet HEAD
handle_failure	Checkout code	2025-05-13T08:22:59.9231286Z refs/heads/H1149-desarrollo-de-orchestrator
handle_failure	Checkout code	2025-05-13T08:22:59.9237901Z [command]/usr/bin/git checkout --detach
handle_failure	Checkout code	2025-05-13T08:22:59.9361575Z HEAD is now at e692dab9 cambio en orchestrator
handle_failure	Checkout code	2025-05-13T08:22:59.9399291Z [command]/usr/bin/git branch --delete --force H1149-desarrollo-de-orchestrator
handle_failure	Checkout code	2025-05-13T08:22:59.9445993Z Deleted branch H1149-desarrollo-de-orchestrator (was e692dab9).
handle_failure	Checkout code	2025-05-13T08:22:59.9499399Z ##[endgroup]
handle_failure	Checkout code	2025-05-13T08:22:59.9500008Z [command]/usr/bin/git submodule status
handle_failure	Checkout code	2025-05-13T08:22:59.9876447Z ##[group]Cleaning the repository
handle_failure	Checkout code	2025-05-13T08:22:59.9877824Z [command]/usr/bin/git clean -ffdx
handle_failure	Checkout code	2025-05-13T08:22:59.9966499Z [command]/usr/bin/git reset --hard HEAD
handle_failure	Checkout code	2025-05-13T08:23:00.0126821Z HEAD is now at e692dab9 cambio en orchestrator
handle_failure	Checkout code	2025-05-13T08:23:00.0129150Z ##[endgroup]
handle_failure	Checkout code	2025-05-13T08:23:00.0130177Z ##[group]Disabling automatic garbage collection
handle_failure	Checkout code	2025-05-13T08:23:00.0134705Z [command]/usr/bin/git config --local gc.auto 0
handle_failure	Checkout code	2025-05-13T08:23:00.0160205Z ##[endgroup]
handle_failure	Checkout code	2025-05-13T08:23:00.0160851Z ##[group]Setting up auth
handle_failure	Checkout code	2025-05-13T08:23:00.0171589Z [command]/usr/bin/git config --local --name-only --get-regexp core\.sshCommand
handle_failure	Checkout code	2025-05-13T08:23:00.0196543Z [command]/usr/bin/git submodule foreach --recursive sh -c "git config --local --name-only --get-regexp 'core\.sshCommand' && git config --local --unset-all 'core.sshCommand' || :"
handle_failure	Checkout code	2025-05-13T08:23:00.0494541Z [command]/usr/bin/git config --local --name-only --get-regexp http\.https\:\/\/github\.com\/\.extraheader
handle_failure	Checkout code	2025-05-13T08:23:00.0537694Z [command]/usr/bin/git submodule foreach --recursive sh -c "git config --local --name-only --get-regexp 'http\.https\:\/\/github\.com\/\.extraheader' && git config --local --unset-all 'http.https://github.com/.extraheader' || :"
handle_failure	Checkout code	2025-05-13T08:23:00.0971394Z [command]/usr/bin/git config --local http.https://github.com/.extraheader AUTHORIZATION: basic ***
handle_failure	Checkout code	2025-05-13T08:23:00.1044431Z ##[endgroup]
handle_failure	Checkout code	2025-05-13T08:23:00.1046243Z ##[group]Fetching the repository
handle_failure	Checkout code	2025-05-13T08:23:00.1058432Z [command]/usr/bin/git -c protocol.version=2 fetch --prune --no-recurse-submodules origin +refs/heads/*:refs/remotes/origin/* +refs/tags/*:refs/tags/*
handle_failure	Checkout code	2025-05-13T08:23:01.0301151Z From https://github.com/Ka0s-Klaus/ka0s
handle_failure	Checkout code	2025-05-13T08:23:01.0302966Z    e692dab9..86b9b03c  H1149-desarrollo-de-orchestrator -> origin/H1149-desarrollo-de-orchestrator
handle_failure	Checkout code	2025-05-13T08:23:01.0304526Z    81b11023..fc64da80  main       -> origin/main
handle_failure	Checkout code	2025-05-13T08:23:01.0305459Z  * [new tag]           0.0.134    -> 0.0.134
handle_failure	Checkout code	2025-05-13T08:23:01.0347817Z [command]/usr/bin/git branch --list --remote origin/main
handle_failure	Checkout code	2025-05-13T08:23:01.0374442Z   origin/main
handle_failure	Checkout code	2025-05-13T08:23:01.0381096Z [command]/usr/bin/git rev-parse refs/remotes/origin/main
handle_failure	Checkout code	2025-05-13T08:23:01.0402367Z fc64da80c696a6d0ca027e83b326800858f5ccc2
handle_failure	Checkout code	2025-05-13T08:23:01.0408080Z ##[endgroup]
handle_failure	Checkout code	2025-05-13T08:23:01.0409363Z ##[group]Determining the checkout info
handle_failure	Checkout code	2025-05-13T08:23:01.0410767Z ##[endgroup]
handle_failure	Checkout code	2025-05-13T08:23:01.0415028Z [command]/usr/bin/git sparse-checkout disable
handle_failure	Checkout code	2025-05-13T08:23:01.0500792Z [command]/usr/bin/git config --local --unset-all extensions.worktreeConfig
handle_failure	Checkout code	2025-05-13T08:23:01.0525818Z ##[group]Checking out the ref
handle_failure	Checkout code	2025-05-13T08:23:01.0527979Z [command]/usr/bin/git checkout --progress --force -B main refs/remotes/origin/main
handle_failure	Checkout code	2025-05-13T08:23:01.0812585Z Previous HEAD position was e692dab9 cambio en orchestrator
handle_failure	Checkout code	2025-05-13T08:23:01.0814252Z Switched to a new branch 'main'
handle_failure	Checkout code	2025-05-13T08:23:01.0815338Z branch 'main' set up to track 'origin/main'.
handle_failure	Checkout code	2025-05-13T08:23:01.0821217Z ##[endgroup]
handle_failure	Checkout code	2025-05-13T08:23:01.0860843Z [command]/usr/bin/git log -1 --format=%H
handle_failure	Checkout code	2025-05-13T08:23:01.0895960Z fc64da80c696a6d0ca027e83b326800858f5ccc2
handle_failure	handle-failure-execution	Ôªø2025-05-13T08:23:01.1092933Z ##[group]Run echo "Error detected in process"
handle_failure	handle-failure-execution	2025-05-13T08:23:01.1094461Z [36;1mecho "Error detected in process"[0m
handle_failure	handle-failure-execution	2025-05-13T08:23:01.1095695Z [36;1m# RNNUMBER=$(echo "refs/heads/main" | grep -o '[0-9]*')[0m
handle_failure	handle-failure-execution	2025-05-13T08:23:01.1096864Z [36;1mRNNUMBER=220[0m
handle_failure	handle-failure-execution	2025-05-13T08:23:01.1099045Z [36;1m#gh issue comment $RNNUMBER --body "El proceso no ha finalizado correctamente 14991776999. El resultado est√° en el fichero core/results/event_data14991776999.log"[0m
handle_failure	handle-failure-execution	2025-05-13T08:23:01.1108647Z shell: /usr/bin/bash -e {0}
handle_failure	handle-failure-execution	2025-05-13T08:23:01.1109472Z env:
handle_failure	handle-failure-execution	2025-05-13T08:23:01.1110107Z   KAOS_CODE: 14991776999
handle_failure	handle-failure-execution	2025-05-13T08:23:01.1110926Z   KAOS_EVENT_NAME: workflow_dispatch
handle_failure	handle-failure-execution	2025-05-13T08:23:01.1111968Z   KAOS_ACTION: 
handle_failure	handle-failure-execution	2025-05-13T08:23:01.1112781Z   KAOS_REF: refs/heads/main
handle_failure	handle-failure-execution	2025-05-13T08:23:01.1113878Z   KAOS_MODULE: [Ka0S] Deploy Web Structure
handle_failure	handle-failure-execution	2025-05-13T08:23:01.1115157Z   KAOS_JSON_WEB: core/config/webs/webs.json
handle_failure	handle-failure-execution	2025-05-13T08:23:01.1116355Z   KAOS_JSON_RESUME: core/outputs/webs/
handle_failure	handle-failure-execution	2025-05-13T08:23:01.1117328Z   KAOS_JSON_DATA: core/web/data/data.json
handle_failure	handle-failure-execution	2025-05-13T08:23:01.1118285Z   KAOS_WEB_STRUCTURE: core/results/webs/
handle_failure	handle-failure-execution	2025-05-13T08:23:01.1119271Z   KAOS_TEST_STRUCTURE: core/results/test/
handle_failure	handle-failure-execution	2025-05-13T08:23:01.1120524Z   KAOS_ACTOR: AlejandroPB5
handle_failure	handle-failure-execution	2025-05-13T08:23:01.1121665Z   KAOS_TEST_JSON_WEB: core/testweb/data/webs.json
handle_failure	handle-failure-execution	2025-05-13T08:23:01.1123179Z   KAOS_TEST_JSON_DATA: core/testweb/data/data.json
handle_failure	handle-failure-execution	2025-05-13T08:23:01.1124754Z   GH_TOKEN: ***
handle_failure	handle-failure-execution	2025-05-13T08:23:01.1125437Z ##[endgroup]
handle_failure	handle-failure-execution	2025-05-13T08:23:01.1173383Z Error detected in process
handle_failure	Revert changes made by workflow	Ôªø2025-05-13T08:23:01.1218349Z ##[group]Run echo "Reverting changes made by the workflow..."
handle_failure	Revert changes made by workflow	2025-05-13T08:23:01.1219641Z [36;1mecho "Reverting changes made by the workflow..."[0m
handle_failure	Revert changes made by workflow	2025-05-13T08:23:01.1220651Z [36;1m[0m
handle_failure	Revert changes made by workflow	2025-05-13T08:23:01.1221383Z [36;1m# Extract title to know which folders to remove[0m
handle_failure	Revert changes made by workflow	2025-05-13T08:23:01.1222484Z [36;1mSTRUCTURE_FILE="core/config/webs/webs.json"[0m
handle_failure	Revert changes made by workflow	2025-05-13T08:23:01.1223784Z [36;1mif [ -f "$STRUCTURE_FILE" ]; then[0m
handle_failure	Revert changes made by workflow	2025-05-13T08:23:01.1225055Z [36;1m  TITLE=$(cat $STRUCTURE_FILE | grep -o '"title": *"[^"]*"' | cut -d'"' -f4)[0m
handle_failure	Revert changes made by workflow	2025-05-13T08:23:01.1226253Z [36;1m  if [ -z "$TITLE" ]; then[0m
handle_failure	Revert changes made by workflow	2025-05-13T08:23:01.1227054Z [36;1m    TITLE="dashboard"[0m
handle_failure	Revert changes made by workflow	2025-05-13T08:23:01.1228036Z [36;1m    echo "Title not found in JSON file, using default: $TITLE"[0m
handle_failure	Revert changes made by workflow	2025-05-13T08:23:01.1229077Z [36;1m  else[0m
handle_failure	Revert changes made by workflow	2025-05-13T08:23:01.1229776Z [36;1m    echo "Reverting changes for: $TITLE"[0m
handle_failure	Revert changes made by workflow	2025-05-13T08:23:01.1230641Z [36;1m  fi[0m
handle_failure	Revert changes made by workflow	2025-05-13T08:23:01.1231224Z [36;1m  [0m
handle_failure	Revert changes made by workflow	2025-05-13T08:23:01.1231933Z [36;1m  # Remove created directories and files[0m
handle_failure	Revert changes made by workflow	2025-05-13T08:23:01.1232929Z [36;1m  if [ -d "core/results/webs/$TITLE" ]; then[0m
handle_failure	Revert changes made by workflow	2025-05-13T08:23:01.1234362Z [36;1m    echo "Removing web structure directory: core/results/webs/$TITLE"[0m
handle_failure	Revert changes made by workflow	2025-05-13T08:23:01.1235657Z [36;1m    rm -rf "core/results/webs/$TITLE"[0m
handle_failure	Revert changes made by workflow	2025-05-13T08:23:01.1236495Z [36;1m  fi[0m
handle_failure	Revert changes made by workflow	2025-05-13T08:23:01.1237076Z [36;1m  [0m
handle_failure	Revert changes made by workflow	2025-05-13T08:23:01.1237774Z [36;1m  if [ -d "core/outputs/webs/$TITLE" ]; then[0m
handle_failure	Revert changes made by workflow	2025-05-13T08:23:01.1238914Z [36;1m    echo "Removing resume directory: core/outputs/webs/$TITLE"[0m
handle_failure	Revert changes made by workflow	2025-05-13T08:23:01.1240046Z [36;1m    rm -rf "core/outputs/webs/$TITLE"[0m
handle_failure	Revert changes made by workflow	2025-05-13T08:23:01.1240891Z [36;1m  fi[0m
handle_failure	Revert changes made by workflow	2025-05-13T08:23:01.1241475Z [36;1m  [0m
handle_failure	Revert changes made by workflow	2025-05-13T08:23:01.1242081Z [36;1m  # Commit the removal[0m
handle_failure	Revert changes made by workflow	2025-05-13T08:23:01.1243055Z [36;1m  git config --global user.name "***"[0m
handle_failure	Revert changes made by workflow	2025-05-13T08:23:01.1244079Z [36;1m  git config --global user.email "***"[0m
handle_failure	Revert changes made by workflow	2025-05-13T08:23:01.1244954Z [36;1m  git pull[0m
handle_failure	Revert changes made by workflow	2025-05-13T08:23:01.1245653Z [36;1m  git add "core/results/webs/"[0m
handle_failure	Revert changes made by workflow	2025-05-13T08:23:01.1246532Z [36;1m  git add "core/outputs/webs/"[0m
handle_failure	Revert changes made by workflow	2025-05-13T08:23:01.1247338Z [36;1m  [0m
handle_failure	Revert changes made by workflow	2025-05-13T08:23:01.1248014Z [36;1m  # Check if there are changes to commit[0m
handle_failure	Revert changes made by workflow	2025-05-13T08:23:01.1248949Z [36;1m  if git diff --staged --quiet; then[0m
handle_failure	Revert changes made by workflow	2025-05-13T08:23:01.1249840Z [36;1m    echo "No changes to revert"[0m
handle_failure	Revert changes made by workflow	2025-05-13T08:23:01.1250640Z [36;1m  else[0m
handle_failure	Revert changes made by workflow	2025-05-13T08:23:01.1251527Z [36;1m    git commit -m "[Ka0S] Reverting changes due to workflow failure"[0m
handle_failure	Revert changes made by workflow	2025-05-13T08:23:01.1252690Z [36;1m    git push origin refs/heads/main[0m
handle_failure	Revert changes made by workflow	2025-05-13T08:23:01.1253650Z [36;1m    echo "Changes successfully reverted"[0m
handle_failure	Revert changes made by workflow	2025-05-13T08:23:01.1254533Z [36;1m  fi[0m
handle_failure	Revert changes made by workflow	2025-05-13T08:23:01.1255140Z [36;1melse[0m
handle_failure	Revert changes made by workflow	2025-05-13T08:23:01.1256053Z [36;1m  echo "Structure file not found, cannot determine what to revert"[0m
handle_failure	Revert changes made by workflow	2025-05-13T08:23:01.1257213Z [36;1mfi[0m
handle_failure	Revert changes made by workflow	2025-05-13T08:23:01.1262013Z shell: /usr/bin/bash -e {0}
handle_failure	Revert changes made by workflow	2025-05-13T08:23:01.1262728Z env:
handle_failure	Revert changes made by workflow	2025-05-13T08:23:01.1263306Z   KAOS_CODE: 14991776999
handle_failure	Revert changes made by workflow	2025-05-13T08:23:01.1264119Z   KAOS_EVENT_NAME: workflow_dispatch
handle_failure	Revert changes made by workflow	2025-05-13T08:23:01.1264906Z   KAOS_ACTION: 
handle_failure	Revert changes made by workflow	2025-05-13T08:23:01.1265523Z   KAOS_REF: refs/heads/main
handle_failure	Revert changes made by workflow	2025-05-13T08:23:01.1266274Z   KAOS_MODULE: [Ka0S] Deploy Web Structure
handle_failure	Revert changes made by workflow	2025-05-13T08:23:01.1267157Z   KAOS_JSON_WEB: core/config/webs/webs.json
handle_failure	Revert changes made by workflow	2025-05-13T08:23:01.1268033Z   KAOS_JSON_RESUME: core/outputs/webs/
handle_failure	Revert changes made by workflow	2025-05-13T08:23:01.1268881Z   KAOS_JSON_DATA: core/web/data/data.json
handle_failure	Revert changes made by workflow	2025-05-13T08:23:01.1269744Z   KAOS_WEB_STRUCTURE: core/results/webs/
handle_failure	Revert changes made by workflow	2025-05-13T08:23:01.1270600Z   KAOS_TEST_STRUCTURE: core/results/test/
handle_failure	Revert changes made by workflow	2025-05-13T08:23:01.1271435Z   KAOS_ACTOR: AlejandroPB5
handle_failure	Revert changes made by workflow	2025-05-13T08:23:01.1272222Z   KAOS_TEST_JSON_WEB: core/testweb/data/webs.json
handle_failure	Revert changes made by workflow	2025-05-13T08:23:01.1273253Z   KAOS_TEST_JSON_DATA: core/testweb/data/data.json
handle_failure	Revert changes made by workflow	2025-05-13T08:23:01.1274131Z ##[endgroup]
handle_failure	Revert changes made by workflow	2025-05-13T08:23:01.1302362Z Reverting changes made by the workflow...
handle_failure	Revert changes made by workflow	2025-05-13T08:23:01.1324759Z Reverting changes for: dashboard
handle_failure	Revert changes made by workflow	2025-05-13T08:23:01.1325662Z inicio
handle_failure	Revert changes made by workflow	2025-05-13T08:23:01.1326328Z backLogs
handle_failure	Revert changes made by workflow	2025-05-13T08:23:01.1326856Z leadTime
handle_failure	Revert changes made by workflow	2025-05-13T08:23:01.1327414Z actionsPerformance
handle_failure	Revert changes made by workflow	2025-05-13T08:23:01.1328023Z handlerFailure
handle_failure	Revert changes made by workflow	2025-05-13T08:23:01.1328595Z handlerSuccess
handle_failure	Revert changes made by workflow	2025-05-13T08:23:01.1329162Z endWorkflow
handle_failure	Revert changes made by workflow	2025-05-13T08:23:01.6686210Z Already up to date.
handle_failure	Revert changes made by workflow	2025-05-13T08:23:01.6909974Z No changes to revert
handle_failure	Post Checkout code	Ôªø2025-05-13T08:23:01.6977044Z Post job cleanup.
handle_failure	Post Checkout code	2025-05-13T08:23:01.7570943Z [command]/usr/bin/git version
handle_failure	Post Checkout code	2025-05-13T08:23:01.7598189Z git version 2.43.0
handle_failure	Post Checkout code	2025-05-13T08:23:01.7640501Z Copying '/home/kaos/.gitconfig' to '/actions-runner/_work/_temp/f8395624-20e1-43a3-9f50-527250f6fb33/.gitconfig'
handle_failure	Post Checkout code	2025-05-13T08:23:01.7652495Z Temporarily overriding HOME='/actions-runner/_work/_temp/f8395624-20e1-43a3-9f50-527250f6fb33' before making global git config changes
handle_failure	Post Checkout code	2025-05-13T08:23:01.7653229Z Adding repository directory to the temporary git global config as a safe directory
handle_failure	Post Checkout code	2025-05-13T08:23:01.7659216Z [command]/usr/bin/git config --global --add safe.directory /actions-runner/_work/ka0s/ka0s
handle_failure	Post Checkout code	2025-05-13T08:23:01.7701326Z [command]/usr/bin/git config --local --name-only --get-regexp core\.sshCommand
handle_failure	Post Checkout code	2025-05-13T08:23:01.7731210Z [command]/usr/bin/git submodule foreach --recursive sh -c "git config --local --name-only --get-regexp 'core\.sshCommand' && git config --local --unset-all 'core.sshCommand' || :"
handle_failure	Post Checkout code	2025-05-13T08:23:01.8041819Z [command]/usr/bin/git config --local --name-only --get-regexp http\.https\:\/\/github\.com\/\.extraheader
handle_failure	Post Checkout code	2025-05-13T08:23:01.8077338Z http.https://github.com/.extraheader
handle_failure	Post Checkout code	2025-05-13T08:23:01.8098033Z [command]/usr/bin/git config --local --unset-all http.https://github.com/.extraheader
handle_failure	Post Checkout code	2025-05-13T08:23:01.8157174Z [command]/usr/bin/git submodule foreach --recursive sh -c "git config --local --name-only --get-regexp 'http\.https\:\/\/github\.com\/\.extraheader' && git config --local --unset-all 'http.https://github.com/.extraheader' || :"
handle_failure	Complete job	Ôªø2025-05-13T08:23:01.8735389Z Cleaning up orphan processes
end-workflow	Set up job	Ôªø2025-05-13T08:23:08.0380157Z Current runner version: '2.323.0'
end-workflow	Set up job	2025-05-13T08:23:08.0384374Z Runner name: 'ka0s-8'
end-workflow	Set up job	2025-05-13T08:23:08.0384962Z Machine name: '26a53205c9ac'
end-workflow	Set up job	2025-05-13T08:23:08.0386320Z ##[group]GITHUB_TOKEN Permissions
end-workflow	Set up job	2025-05-13T08:23:08.0387707Z Contents: read
end-workflow	Set up job	2025-05-13T08:23:08.0388021Z Metadata: read
end-workflow	Set up job	2025-05-13T08:23:08.0388310Z Packages: read
end-workflow	Set up job	2025-05-13T08:23:08.0388585Z ##[endgroup]
end-workflow	Set up job	2025-05-13T08:23:08.0389802Z Secret source: Actions
end-workflow	Set up job	2025-05-13T08:23:08.0390165Z Prepare workflow directory
end-workflow	Set up job	2025-05-13T08:23:08.0775223Z Prepare all required actions
end-workflow	Set up job	2025-05-13T08:23:08.0826761Z Getting action download info
end-workflow	Set up job	2025-05-13T08:23:08.6276917Z Download action repository 'actions/checkout@v4' (SHA:11bd71901bbe5b1630ceea73d27597364c9af683)
end-workflow	Set up job	2025-05-13T08:23:09.3553858Z Complete job name: end-workflow
end-workflow	Checkout code	Ôªø2025-05-13T08:23:09.3850275Z ##[group]Run actions/checkout@v4
end-workflow	Checkout code	2025-05-13T08:23:09.3850766Z with:
end-workflow	Checkout code	2025-05-13T08:23:09.3851020Z   fetch-depth: 0
end-workflow	Checkout code	2025-05-13T08:23:09.3851446Z   token: ***
end-workflow	Checkout code	2025-05-13T08:23:09.3851708Z   repository: Ka0s-Klaus/ka0s
end-workflow	Checkout code	2025-05-13T08:23:09.3852059Z   ssh-strict: true
end-workflow	Checkout code	2025-05-13T08:23:09.3852321Z   ssh-user: git
end-workflow	Checkout code	2025-05-13T08:23:09.3852593Z   persist-credentials: true
end-workflow	Checkout code	2025-05-13T08:23:09.3852886Z   clean: true
end-workflow	Checkout code	2025-05-13T08:23:09.3853215Z   sparse-checkout-cone-mode: true
end-workflow	Checkout code	2025-05-13T08:23:09.3853538Z   fetch-tags: false
end-workflow	Checkout code	2025-05-13T08:23:09.3853805Z   show-progress: true
end-workflow	Checkout code	2025-05-13T08:23:09.3854078Z   lfs: false
end-workflow	Checkout code	2025-05-13T08:23:09.3854326Z   submodules: false
end-workflow	Checkout code	2025-05-13T08:23:09.3854610Z   set-safe-directory: true
end-workflow	Checkout code	2025-05-13T08:23:09.3854987Z env:
end-workflow	Checkout code	2025-05-13T08:23:09.3855230Z   KAOS_CODE: 14991776999
end-workflow	Checkout code	2025-05-13T08:23:09.3855526Z   KAOS_EVENT_NAME: workflow_dispatch
end-workflow	Checkout code	2025-05-13T08:23:09.3855852Z   KAOS_ACTION: 
end-workflow	Checkout code	2025-05-13T08:23:09.3856119Z   KAOS_REF: refs/heads/main
end-workflow	Checkout code	2025-05-13T08:23:09.3856434Z   KAOS_MODULE: [Ka0S] Deploy Web Structure
end-workflow	Checkout code	2025-05-13T08:23:09.3856826Z   KAOS_JSON_WEB: core/config/webs/webs.json
end-workflow	Checkout code	2025-05-13T08:23:09.3857188Z   KAOS_JSON_RESUME: core/outputs/webs/
end-workflow	Checkout code	2025-05-13T08:23:09.3857536Z   KAOS_JSON_DATA: core/web/data/data.json
end-workflow	Checkout code	2025-05-13T08:23:09.3857894Z   KAOS_WEB_STRUCTURE: core/results/webs/
end-workflow	Checkout code	2025-05-13T08:23:09.3858249Z   KAOS_TEST_STRUCTURE: core/results/test/
end-workflow	Checkout code	2025-05-13T08:23:09.3858594Z   KAOS_ACTOR: AlejandroPB5
end-workflow	Checkout code	2025-05-13T08:23:09.3858922Z   KAOS_TEST_JSON_WEB: core/testweb/data/webs.json
end-workflow	Checkout code	2025-05-13T08:23:09.3859328Z   KAOS_TEST_JSON_DATA: core/testweb/data/data.json
end-workflow	Checkout code	2025-05-13T08:23:09.3859791Z   GH_TOKEN: ***
end-workflow	Checkout code	2025-05-13T08:23:09.3860046Z ##[endgroup]
end-workflow	Checkout code	2025-05-13T08:23:09.4568370Z Syncing repository: Ka0s-Klaus/ka0s
end-workflow	Checkout code	2025-05-13T08:23:09.4569710Z ##[group]Getting Git version info
end-workflow	Checkout code	2025-05-13T08:23:09.4570135Z Working directory is '/actions-runner/_work/ka0s/ka0s'
end-workflow	Checkout code	2025-05-13T08:23:09.4570740Z [command]/usr/bin/git version
end-workflow	Checkout code	2025-05-13T08:23:09.4572623Z git version 2.43.0
end-workflow	Checkout code	2025-05-13T08:23:09.4595874Z ##[endgroup]
end-workflow	Checkout code	2025-05-13T08:23:09.4603611Z Copying '/home/kaos/.gitconfig' to '/actions-runner/_work/_temp/750f8bd1-9065-4912-8c5a-70d4d73bada7/.gitconfig'
end-workflow	Checkout code	2025-05-13T08:23:09.4614555Z Temporarily overriding HOME='/actions-runner/_work/_temp/750f8bd1-9065-4912-8c5a-70d4d73bada7' before making global git config changes
end-workflow	Checkout code	2025-05-13T08:23:09.4615789Z Adding repository directory to the temporary git global config as a safe directory
end-workflow	Checkout code	2025-05-13T08:23:09.4616699Z [command]/usr/bin/git config --global --add safe.directory /actions-runner/_work/ka0s/ka0s
end-workflow	Checkout code	2025-05-13T08:23:09.4650430Z [command]/usr/bin/git config --local --get remote.origin.url
end-workflow	Checkout code	2025-05-13T08:23:09.4668668Z https://github.com/Ka0s-Klaus/ka0s
end-workflow	Checkout code	2025-05-13T08:23:09.4690687Z ##[group]Removing previously created refs, to avoid conflicts
end-workflow	Checkout code	2025-05-13T08:23:09.4696143Z [command]/usr/bin/git rev-parse --symbolic-full-name --verify --quiet HEAD
end-workflow	Checkout code	2025-05-13T08:23:09.4717372Z HEAD
end-workflow	Checkout code	2025-05-13T08:23:09.4797961Z ##[endgroup]
end-workflow	Checkout code	2025-05-13T08:23:09.4798406Z [command]/usr/bin/git submodule status
end-workflow	Checkout code	2025-05-13T08:23:09.5173415Z ##[group]Cleaning the repository
end-workflow	Checkout code	2025-05-13T08:23:09.5178620Z [command]/usr/bin/git clean -ffdx
end-workflow	Checkout code	2025-05-13T08:23:09.5280255Z [command]/usr/bin/git reset --hard HEAD
end-workflow	Checkout code	2025-05-13T08:23:09.5468364Z HEAD is now at 281183e7 Merge 3b40999cd1469e8b02346abdb0e2897ec67a84fb into 38323e6def4d065f1860abd3df11a1a2558f9486
end-workflow	Checkout code	2025-05-13T08:23:09.5471011Z ##[endgroup]
end-workflow	Checkout code	2025-05-13T08:23:09.5472205Z ##[group]Disabling automatic garbage collection
end-workflow	Checkout code	2025-05-13T08:23:09.5477117Z [command]/usr/bin/git config --local gc.auto 0
end-workflow	Checkout code	2025-05-13T08:23:09.5496819Z ##[endgroup]
end-workflow	Checkout code	2025-05-13T08:23:09.5497389Z ##[group]Setting up auth
end-workflow	Checkout code	2025-05-13T08:23:09.5502276Z [command]/usr/bin/git config --local --name-only --get-regexp core\.sshCommand
end-workflow	Checkout code	2025-05-13T08:23:09.5526779Z [command]/usr/bin/git submodule foreach --recursive sh -c "git config --local --name-only --get-regexp 'core\.sshCommand' && git config --local --unset-all 'core.sshCommand' || :"
end-workflow	Checkout code	2025-05-13T08:23:09.5916334Z [command]/usr/bin/git config --local --name-only --get-regexp http\.https\:\/\/github\.com\/\.extraheader
end-workflow	Checkout code	2025-05-13T08:23:09.5968567Z [command]/usr/bin/git submodule foreach --recursive sh -c "git config --local --name-only --get-regexp 'http\.https\:\/\/github\.com\/\.extraheader' && git config --local --unset-all 'http.https://github.com/.extraheader' || :"
end-workflow	Checkout code	2025-05-13T08:23:09.6287785Z [command]/usr/bin/git config --local http.https://github.com/.extraheader AUTHORIZATION: basic ***
end-workflow	Checkout code	2025-05-13T08:23:09.6326203Z ##[endgroup]
end-workflow	Checkout code	2025-05-13T08:23:09.6327033Z ##[group]Fetching the repository
end-workflow	Checkout code	2025-05-13T08:23:09.6330424Z [command]/usr/bin/git -c protocol.version=2 fetch --prune --no-recurse-submodules origin +refs/heads/*:refs/remotes/origin/* +refs/tags/*:refs/tags/*
end-workflow	Checkout code	2025-05-13T08:23:10.4950630Z From https://github.com/Ka0s-Klaus/ka0s
end-workflow	Checkout code	2025-05-13T08:23:10.4951823Z    38323e6d..fc64da80  main       -> origin/main
end-workflow	Checkout code	2025-05-13T08:23:10.4984182Z [command]/usr/bin/git branch --list --remote origin/main
end-workflow	Checkout code	2025-05-13T08:23:10.5013911Z   origin/main
end-workflow	Checkout code	2025-05-13T08:23:10.5019202Z [command]/usr/bin/git rev-parse refs/remotes/origin/main
end-workflow	Checkout code	2025-05-13T08:23:10.5042620Z fc64da80c696a6d0ca027e83b326800858f5ccc2
end-workflow	Checkout code	2025-05-13T08:23:10.5045560Z ##[endgroup]
end-workflow	Checkout code	2025-05-13T08:23:10.5046829Z ##[group]Determining the checkout info
end-workflow	Checkout code	2025-05-13T08:23:10.5048307Z ##[endgroup]
end-workflow	Checkout code	2025-05-13T08:23:10.5049217Z [command]/usr/bin/git sparse-checkout disable
end-workflow	Checkout code	2025-05-13T08:23:10.5107401Z [command]/usr/bin/git config --local --unset-all extensions.worktreeConfig
end-workflow	Checkout code	2025-05-13T08:23:10.5143529Z ##[group]Checking out the ref
end-workflow	Checkout code	2025-05-13T08:23:10.5145627Z [command]/usr/bin/git checkout --progress --force -B main refs/remotes/origin/main
end-workflow	Checkout code	2025-05-13T08:23:10.5355159Z Previous HEAD position was 281183e7 Merge 3b40999cd1469e8b02346abdb0e2897ec67a84fb into 38323e6def4d065f1860abd3df11a1a2558f9486
end-workflow	Checkout code	2025-05-13T08:23:10.5358014Z Switched to a new branch 'main'
end-workflow	Checkout code	2025-05-13T08:23:10.5359300Z branch 'main' set up to track 'origin/main'.
end-workflow	Checkout code	2025-05-13T08:23:10.5362631Z ##[endgroup]
end-workflow	Checkout code	2025-05-13T08:23:10.5394758Z [command]/usr/bin/git log -1 --format=%H
end-workflow	Checkout code	2025-05-13T08:23:10.5424339Z fc64da80c696a6d0ca027e83b326800858f5ccc2
end-workflow	Finaliza el workflow	Ôªø2025-05-13T08:23:10.5636448Z ##[group]Run echo "End process"
end-workflow	Finaliza el workflow	2025-05-13T08:23:10.5637446Z [36;1mecho "End process"[0m
end-workflow	Finaliza el workflow	2025-05-13T08:23:10.5638481Z [36;1m# RNNUMBER=$(echo "refs/heads/main" | grep -o '[0-9]*')[0m
end-workflow	Finaliza el workflow	2025-05-13T08:23:10.5639566Z [36;1mRNNUMBER=220[0m
end-workflow	Finaliza el workflow	2025-05-13T08:23:10.5640560Z [36;1m#gh issue comment $RNNUMBER --body "Se finaliza Ka0s 14991776999"[0m
end-workflow	Finaliza el workflow	2025-05-13T08:23:10.5642650Z [36;1mgh workflow run inspector.yml --ref 'main' -f kaos-issue-id=$RNNUMBER -f kaos-workflow-id="14991776999" -f kaos-user-start=""[0m
end-workflow	Finaliza el workflow	2025-05-13T08:23:10.5651962Z shell: /usr/bin/bash -e {0}
end-workflow	Finaliza el workflow	2025-05-13T08:23:10.5652859Z env:
end-workflow	Finaliza el workflow	2025-05-13T08:23:10.5653791Z   KAOS_CODE: 14991776999
end-workflow	Finaliza el workflow	2025-05-13T08:23:10.5654696Z   KAOS_EVENT_NAME: workflow_dispatch
end-workflow	Finaliza el workflow	2025-05-13T08:23:10.5655561Z   KAOS_ACTION: 
end-workflow	Finaliza el workflow	2025-05-13T08:23:10.5656213Z   KAOS_REF: refs/heads/main
end-workflow	Finaliza el workflow	2025-05-13T08:23:10.5657015Z   KAOS_MODULE: [Ka0S] Deploy Web Structure
end-workflow	Finaliza el workflow	2025-05-13T08:23:10.5657953Z   KAOS_JSON_WEB: core/config/webs/webs.json
end-workflow	Finaliza el workflow	2025-05-13T08:23:10.5658878Z   KAOS_JSON_RESUME: core/outputs/webs/
end-workflow	Finaliza el workflow	2025-05-13T08:23:10.5659814Z   KAOS_JSON_DATA: core/web/data/data.json
end-workflow	Finaliza el workflow	2025-05-13T08:23:10.5660906Z   KAOS_WEB_STRUCTURE: core/results/webs/
end-workflow	Finaliza el workflow	2025-05-13T08:23:10.5661837Z   KAOS_TEST_STRUCTURE: core/results/test/
end-workflow	Finaliza el workflow	2025-05-13T08:23:10.5662735Z   KAOS_ACTOR: AlejandroPB5
end-workflow	Finaliza el workflow	2025-05-13T08:23:10.5664048Z   KAOS_TEST_JSON_WEB: core/testweb/data/webs.json
end-workflow	Finaliza el workflow	2025-05-13T08:23:10.5665280Z   KAOS_TEST_JSON_DATA: core/testweb/data/data.json
end-workflow	Finaliza el workflow	2025-05-13T08:23:10.5666554Z   GH_TOKEN: ***
end-workflow	Finaliza el workflow	2025-05-13T08:23:10.5667191Z ##[endgroup]
end-workflow	Finaliza el workflow	2025-05-13T08:23:10.5711839Z End process
end-workflow	Post Checkout code	Ôªø2025-05-13T08:23:11.2509337Z Post job cleanup.
end-workflow	Post Checkout code	2025-05-13T08:23:11.3144733Z [command]/usr/bin/git version
end-workflow	Post Checkout code	2025-05-13T08:23:11.3176512Z git version 2.43.0
end-workflow	Post Checkout code	2025-05-13T08:23:11.3200814Z Copying '/home/kaos/.gitconfig' to '/actions-runner/_work/_temp/61a2c6d2-6e7c-4535-9a3d-358a8ffdc8bc/.gitconfig'
end-workflow	Post Checkout code	2025-05-13T08:23:11.3210437Z Temporarily overriding HOME='/actions-runner/_work/_temp/61a2c6d2-6e7c-4535-9a3d-358a8ffdc8bc' before making global git config changes
end-workflow	Post Checkout code	2025-05-13T08:23:11.3211435Z Adding repository directory to the temporary git global config as a safe directory
end-workflow	Post Checkout code	2025-05-13T08:23:11.3212308Z [command]/usr/bin/git config --global --add safe.directory /actions-runner/_work/ka0s/ka0s
end-workflow	Post Checkout code	2025-05-13T08:23:11.3249381Z [command]/usr/bin/git config --local --name-only --get-regexp core\.sshCommand
end-workflow	Post Checkout code	2025-05-13T08:23:11.3275504Z [command]/usr/bin/git submodule foreach --recursive sh -c "git config --local --name-only --get-regexp 'core\.sshCommand' && git config --local --unset-all 'core.sshCommand' || :"
end-workflow	Post Checkout code	2025-05-13T08:23:11.3532420Z [command]/usr/bin/git config --local --name-only --get-regexp http\.https\:\/\/github\.com\/\.extraheader
end-workflow	Post Checkout code	2025-05-13T08:23:11.3558041Z http.https://github.com/.extraheader
end-workflow	Post Checkout code	2025-05-13T08:23:11.3578353Z [command]/usr/bin/git config --local --unset-all http.https://github.com/.extraheader
end-workflow	Post Checkout code	2025-05-13T08:23:11.3619870Z [command]/usr/bin/git submodule foreach --recursive sh -c "git config --local --name-only --get-regexp 'http\.https\:\/\/github\.com\/\.extraheader' && git config --local --unset-all 'http.https://github.com/.extraheader' || :"
end-workflow	Complete job	Ôªø2025-05-13T08:23:11.4194769Z Cleaning up orphan processes
