job-core	Set up job	ï»¿2025-05-21T01:21:04.9487359Z Current runner version: '2.324.0'
job-core	Set up job	2025-05-21T01:21:04.9494308Z Runner name: 'ka0s-ka0s-5'
job-core	Set up job	2025-05-21T01:21:04.9495421Z Machine name: '85bf26d22df3'
job-core	Set up job	2025-05-21T01:21:04.9498146Z ##[group]GITHUB_TOKEN Permissions
job-core	Set up job	2025-05-21T01:21:04.9500370Z Contents: read
job-core	Set up job	2025-05-21T01:21:04.9501075Z Metadata: read
job-core	Set up job	2025-05-21T01:21:04.9501655Z Packages: read
job-core	Set up job	2025-05-21T01:21:04.9502213Z ##[endgroup]
job-core	Set up job	2025-05-21T01:21:04.9504501Z Secret source: Actions
job-core	Set up job	2025-05-21T01:21:04.9505261Z Prepare workflow directory
job-core	Set up job	2025-05-21T01:21:05.0115284Z Prepare all required actions
job-core	Set up job	2025-05-21T01:21:05.0155189Z Getting action download info
job-core	Set up job	2025-05-21T01:21:05.5310360Z Download action repository 'actions/checkout@v4' (SHA:11bd71901bbe5b1630ceea73d27597364c9af683)
job-core	Set up job	2025-05-21T01:21:06.3487403Z Complete job name: job-core
job-core	Checkout repository	ï»¿2025-05-21T01:21:06.4006942Z ##[group]Run actions/checkout@v4
job-core	Checkout repository	2025-05-21T01:21:06.4007888Z with:
job-core	Checkout repository	2025-05-21T01:21:06.4008349Z   fetch-depth: 0
job-core	Checkout repository	2025-05-21T01:21:06.4009347Z   token: ***
job-core	Checkout repository	2025-05-21T01:21:06.4009836Z   repository: Ka0s-Klaus/ka0s
job-core	Checkout repository	2025-05-21T01:21:06.4010547Z   ssh-strict: true
job-core	Checkout repository	2025-05-21T01:21:06.4011021Z   ssh-user: git
job-core	Checkout repository	2025-05-21T01:21:06.4011496Z   persist-credentials: true
job-core	Checkout repository	2025-05-21T01:21:06.4012015Z   clean: true
job-core	Checkout repository	2025-05-21T01:21:06.4012601Z   sparse-checkout-cone-mode: true
job-core	Checkout repository	2025-05-21T01:21:06.4013167Z   fetch-tags: false
job-core	Checkout repository	2025-05-21T01:21:06.4013644Z   show-progress: true
job-core	Checkout repository	2025-05-21T01:21:06.4014113Z   lfs: false
job-core	Checkout repository	2025-05-21T01:21:06.4014535Z   submodules: false
job-core	Checkout repository	2025-05-21T01:21:06.4015022Z   set-safe-directory: true
job-core	Checkout repository	2025-05-21T01:21:06.4015774Z env:
job-core	Checkout repository	2025-05-21T01:21:06.4016218Z   KAOS_CODE: 15151333236
job-core	Checkout repository	2025-05-21T01:21:06.4016716Z   KAOS_EVENT_NAME: schedule
job-core	Checkout repository	2025-05-21T01:21:06.4017217Z   KAOS_ACTION: 
job-core	Checkout repository	2025-05-21T01:21:06.4017681Z   KAOS_REF: refs/heads/main
job-core	Checkout repository	2025-05-21T01:21:06.4018259Z   KAOS_MODULE: [Ka0S] Workflow Statistics Summary
job-core	Checkout repository	2025-05-21T01:21:06.4019106Z   KAOS_PATH_RESUME: core/outputs/w/
job-core	Checkout repository	2025-05-21T01:21:06.4019692Z   KAOS_JSON: core/results/event_data_
job-core	Checkout repository	2025-05-21T01:21:06.4020315Z   KAOS_ACTOR: ***
job-core	Checkout repository	2025-05-21T01:21:06.4020811Z   GH_REPO: github.com/Ka0s-Klaus/ka0s
job-core	Checkout repository	2025-05-21T01:21:06.4021365Z ##[endgroup]
job-core	Checkout repository	2025-05-21T01:21:06.5169573Z Syncing repository: Ka0s-Klaus/ka0s
job-core	Checkout repository	2025-05-21T01:21:06.5172031Z ##[group]Getting Git version info
job-core	Checkout repository	2025-05-21T01:21:06.5172888Z Working directory is '/actions-runner/_work/ka0s/ka0s'
job-core	Checkout repository	2025-05-21T01:21:06.5174079Z [command]/usr/bin/git version
job-core	Checkout repository	2025-05-21T01:21:06.5174695Z git version 2.43.0
job-core	Checkout repository	2025-05-21T01:21:06.5191797Z ##[endgroup]
job-core	Checkout repository	2025-05-21T01:21:06.5210988Z Temporarily overriding HOME='/actions-runner/_work/_temp/aa6bdf7d-8bd8-4632-9b7e-1896029a12ab' before making global git config changes
job-core	Checkout repository	2025-05-21T01:21:06.5212807Z Adding repository directory to the temporary git global config as a safe directory
job-core	Checkout repository	2025-05-21T01:21:06.5216723Z [command]/usr/bin/git config --global --add safe.directory /actions-runner/_work/ka0s/ka0s
job-core	Checkout repository	2025-05-21T01:21:06.5261622Z [command]/usr/bin/git config --local --get remote.origin.url
job-core	Checkout repository	2025-05-21T01:21:06.5294817Z https://github.com/Ka0s-Klaus/ka0s
job-core	Checkout repository	2025-05-21T01:21:06.5313556Z ##[group]Removing previously created refs, to avoid conflicts
job-core	Checkout repository	2025-05-21T01:21:06.5318522Z [command]/usr/bin/git rev-parse --symbolic-full-name --verify --quiet HEAD
job-core	Checkout repository	2025-05-21T01:21:06.5342422Z refs/heads/main
job-core	Checkout repository	2025-05-21T01:21:06.5352818Z [command]/usr/bin/git checkout --detach
job-core	Checkout repository	2025-05-21T01:21:06.5504781Z HEAD is now at 450ac104 crear varis listas con un json
job-core	Checkout repository	2025-05-21T01:21:06.5549724Z [command]/usr/bin/git branch --delete --force main
job-core	Checkout repository	2025-05-21T01:21:06.5583654Z Deleted branch main (was 450ac104).
job-core	Checkout repository	2025-05-21T01:21:06.5656475Z ##[endgroup]
job-core	Checkout repository	2025-05-21T01:21:06.5657182Z [command]/usr/bin/git submodule status
job-core	Checkout repository	2025-05-21T01:21:06.5907707Z ##[group]Cleaning the repository
job-core	Checkout repository	2025-05-21T01:21:06.5911450Z [command]/usr/bin/git clean -ffdx
job-core	Checkout repository	2025-05-21T01:21:06.5986653Z [command]/usr/bin/git reset --hard HEAD
job-core	Checkout repository	2025-05-21T01:21:06.6249754Z HEAD is now at 450ac104 crear varis listas con un json
job-core	Checkout repository	2025-05-21T01:21:06.6255836Z ##[endgroup]
job-core	Checkout repository	2025-05-21T01:21:06.6257421Z ##[group]Disabling automatic garbage collection
job-core	Checkout repository	2025-05-21T01:21:06.6263641Z [command]/usr/bin/git config --local gc.auto 0
job-core	Checkout repository	2025-05-21T01:21:06.6294691Z ##[endgroup]
job-core	Checkout repository	2025-05-21T01:21:06.6295586Z ##[group]Setting up auth
job-core	Checkout repository	2025-05-21T01:21:06.6301675Z [command]/usr/bin/git config --local --name-only --get-regexp core\.sshCommand
job-core	Checkout repository	2025-05-21T01:21:06.6339400Z [command]/usr/bin/git submodule foreach --recursive sh -c "git config --local --name-only --get-regexp 'core\.sshCommand' && git config --local --unset-all 'core.sshCommand' || :"
job-core	Checkout repository	2025-05-21T01:21:06.6608842Z [command]/usr/bin/git config --local --name-only --get-regexp http\.https\:\/\/github\.com\/\.extraheader
job-core	Checkout repository	2025-05-21T01:21:06.6647328Z [command]/usr/bin/git submodule foreach --recursive sh -c "git config --local --name-only --get-regexp 'http\.https\:\/\/github\.com\/\.extraheader' && git config --local --unset-all 'http.https://github.com/.extraheader' || :"
job-core	Checkout repository	2025-05-21T01:21:06.6954082Z [command]/usr/bin/git config --local http.https://github.com/.extraheader AUTHORIZATION: basic ***
job-core	Checkout repository	2025-05-21T01:21:06.6994567Z ##[endgroup]
job-core	Checkout repository	2025-05-21T01:21:06.6995613Z ##[group]Fetching the repository
job-core	Checkout repository	2025-05-21T01:21:06.7004388Z [command]/usr/bin/git -c protocol.version=2 fetch --prune --no-recurse-submodules origin +refs/heads/*:refs/remotes/origin/* +refs/tags/*:refs/tags/*
job-core	Checkout repository	2025-05-21T01:21:07.5956629Z From https://github.com/Ka0s-Klaus/ka0s
job-core	Checkout repository	2025-05-21T01:21:07.5958244Z    450ac104..849ff2ca  main       -> origin/main
job-core	Checkout repository	2025-05-21T01:21:07.6013082Z [command]/usr/bin/git branch --list --remote origin/main
job-core	Checkout repository	2025-05-21T01:21:07.6041883Z   origin/main
job-core	Checkout repository	2025-05-21T01:21:07.6050988Z [command]/usr/bin/git rev-parse refs/remotes/origin/main
job-core	Checkout repository	2025-05-21T01:21:07.6073700Z 849ff2ca8108a38093dada070cb9fbe052f504f6
job-core	Checkout repository	2025-05-21T01:21:07.6079832Z ##[endgroup]
job-core	Checkout repository	2025-05-21T01:21:07.6081298Z ##[group]Determining the checkout info
job-core	Checkout repository	2025-05-21T01:21:07.6083727Z ##[endgroup]
job-core	Checkout repository	2025-05-21T01:21:07.6085669Z [command]/usr/bin/git sparse-checkout disable
job-core	Checkout repository	2025-05-21T01:21:07.6165984Z [command]/usr/bin/git config --local --unset-all extensions.worktreeConfig
job-core	Checkout repository	2025-05-21T01:21:07.6197924Z ##[group]Checking out the ref
job-core	Checkout repository	2025-05-21T01:21:07.6201131Z [command]/usr/bin/git checkout --progress --force -B main refs/remotes/origin/main
job-core	Checkout repository	2025-05-21T01:21:07.6428310Z Previous HEAD position was 450ac104 crear varis listas con un json
job-core	Checkout repository	2025-05-21T01:21:07.6441921Z Switched to a new branch 'main'
job-core	Checkout repository	2025-05-21T01:21:07.6443385Z branch 'main' set up to track 'origin/main'.
job-core	Checkout repository	2025-05-21T01:21:07.6455903Z ##[endgroup]
job-core	Checkout repository	2025-05-21T01:21:07.6491663Z [command]/usr/bin/git log -1 --format=%H
job-core	Checkout repository	2025-05-21T01:21:07.6518791Z 849ff2ca8108a38093dada070cb9fbe052f504f6
job-core	Collect workflow statistics	ï»¿2025-05-21T01:21:07.6770953Z ##[group]Run # Generate file with available workflows in repo with proper formatting
job-core	Collect workflow statistics	2025-05-21T01:21:07.6774111Z [36;1m# Generate file with available workflows in repo with proper formatting[0m
job-core	Collect workflow statistics	2025-05-21T01:21:07.6776349Z [36;1mgh workflow list --all --limit 999 --json id,name,path,state | \[0m
job-core	Collect workflow statistics	2025-05-21T01:21:07.6778264Z [36;1m  jq -r '[ .[] | {id,name,path,state} ] | sort_by(.name)' > \[0m
job-core	Collect workflow statistics	2025-05-21T01:21:07.6780414Z [36;1m  core/outputs/w/workflows-available-15151333236.json[0m
job-core	Collect workflow statistics	2025-05-21T01:21:07.6781920Z [36;1m[0m
job-core	Collect workflow statistics	2025-05-21T01:21:07.6783099Z [36;1m# Create the final formatted workflows file[0m
job-core	Collect workflow statistics	2025-05-21T01:21:07.6785020Z [36;1mjq '.' core/outputs/w/workflows-available-15151333236.json > \[0m
job-core	Collect workflow statistics	2025-05-21T01:21:07.6786896Z [36;1m  core/outputs/w/kaos-workflows-available.json[0m
job-core	Collect workflow statistics	2025-05-21T01:21:07.6788297Z [36;1m[0m
job-core	Collect workflow statistics	2025-05-21T01:21:07.6789763Z [36;1m# Create a temporary file for workflow runs[0m
job-core	Collect workflow statistics	2025-05-21T01:21:07.6791450Z [36;1mtouch core/outputs/w/workflows-runs-15151333236.json[0m
job-core	Collect workflow statistics	2025-05-21T01:21:07.6793153Z [36;1m[0m
job-core	Collect workflow statistics	2025-05-21T01:21:07.6794175Z [36;1m# Get workflows and process their runs[0m
job-core	Collect workflow statistics	2025-05-21T01:21:07.6796055Z [36;1mworkflows=$(jq -r '.[].id' core/outputs/w/kaos-workflows-available.json)[0m
job-core	Collect workflow statistics	2025-05-21T01:21:07.6797811Z [36;1m[0m
job-core	Collect workflow statistics	2025-05-21T01:21:07.6799006Z [36;1m# Initialize an empty array in the temporary file[0m
job-core	Collect workflow statistics	2025-05-21T01:21:07.6801201Z [36;1mecho '[]' > core/outputs/w/workflows-runs-15151333236.json[0m
job-core	Collect workflow statistics	2025-05-21T01:21:07.6802749Z [36;1m[0m
job-core	Collect workflow statistics	2025-05-21T01:21:07.6804103Z [36;1m# Iterate over each workflow and get runs with proper formatting[0m
job-core	Collect workflow statistics	2025-05-21T01:21:07.6805927Z [36;1mfor workflow_id in $workflows; do[0m
job-core	Collect workflow statistics	2025-05-21T01:21:07.6807877Z [36;1m  gh api repos/:owner/:repo/actions/workflows/$workflow_id/runs --paginate | \[0m
job-core	Collect workflow statistics	2025-05-21T01:21:07.6810369Z [36;1m    jq '.workflow_runs[] | select(.id != null)' | \[0m
job-core	Collect workflow statistics	2025-05-21T01:21:07.6811831Z [36;1m    jq -s '[ .[] | {[0m
job-core	Collect workflow statistics	2025-05-21T01:21:07.6813033Z [36;1m      id,[0m
job-core	Collect workflow statistics	2025-05-21T01:21:07.6814148Z [36;1m      name,[0m
job-core	Collect workflow statistics	2025-05-21T01:21:07.6815284Z [36;1m      head_branch,[0m
job-core	Collect workflow statistics	2025-05-21T01:21:07.6816399Z [36;1m      head_sha,[0m
job-core	Collect workflow statistics	2025-05-21T01:21:07.6817452Z [36;1m      run_number,[0m
job-core	Collect workflow statistics	2025-05-21T01:21:07.6818692Z [36;1m      event,[0m
job-core	Collect workflow statistics	2025-05-21T01:21:07.6819866Z [36;1m      status,[0m
job-core	Collect workflow statistics	2025-05-21T01:21:07.6820908Z [36;1m      conclusion,[0m
job-core	Collect workflow statistics	2025-05-21T01:21:07.6822008Z [36;1m      workflow_id,[0m
job-core	Collect workflow statistics	2025-05-21T01:21:07.6823049Z [36;1m      url,[0m
job-core	Collect workflow statistics	2025-05-21T01:21:07.6824005Z [36;1m      created_at,[0m
job-core	Collect workflow statistics	2025-05-21T01:21:07.6825041Z [36;1m      updated_at,[0m
job-core	Collect workflow statistics	2025-05-21T01:21:07.6826348Z [36;1m      run_started_at[0m
job-core	Collect workflow statistics	2025-05-21T01:21:07.6827699Z [36;1m    }]' >> core/outputs/w/workflows-runs-temp-15151333236.json[0m
job-core	Collect workflow statistics	2025-05-21T01:21:07.6829458Z [36;1m  [0m
job-core	Collect workflow statistics	2025-05-21T01:21:07.6830511Z [36;1m  # Merge the temporary results into the main file[0m
job-core	Collect workflow statistics	2025-05-21T01:21:07.6831878Z [36;1m  jq -s 'add' \[0m
job-core	Collect workflow statistics	2025-05-21T01:21:07.6833117Z [36;1m    core/outputs/w/workflows-runs-15151333236.json \[0m
job-core	Collect workflow statistics	2025-05-21T01:21:07.6834897Z [36;1m    core/outputs/w/workflows-runs-temp-15151333236.json > \[0m
job-core	Collect workflow statistics	2025-05-21T01:21:07.6850070Z [36;1m    core/outputs/w/workflows-runs-merged-15151333236.json[0m
job-core	Collect workflow statistics	2025-05-21T01:21:07.6851697Z [36;1m  [0m
job-core	Collect workflow statistics	2025-05-21T01:21:07.6852949Z [36;1m  mv core/outputs/w/workflows-runs-merged-15151333236.json \[0m
job-core	Collect workflow statistics	2025-05-21T01:21:07.6854855Z [36;1m     core/outputs/w/workflows-runs-15151333236.json[0m
job-core	Collect workflow statistics	2025-05-21T01:21:07.6856570Z [36;1m  rm -f core/outputs/w/workflows-runs-temp-15151333236.json[0m
job-core	Collect workflow statistics	2025-05-21T01:21:07.6858045Z [36;1mdone[0m
job-core	Collect workflow statistics	2025-05-21T01:21:07.6859062Z [36;1m[0m
job-core	Collect workflow statistics	2025-05-21T01:21:07.6860279Z [36;1m# Format the final runs file as a proper JSON array[0m
job-core	Collect workflow statistics	2025-05-21T01:21:07.6861946Z [36;1mjq 'sort_by(.created_at) | reverse' \[0m
job-core	Collect workflow statistics	2025-05-21T01:21:07.6863406Z [36;1m  core/outputs/w/workflows-runs-15151333236.json > \[0m
job-core	Collect workflow statistics	2025-05-21T01:21:07.6865175Z [36;1m  core/outputs/w/kaos-workflows-runs.json[0m
job-core	Collect workflow statistics	2025-05-21T01:21:07.6878097Z shell: /usr/bin/bash -e {0}
job-core	Collect workflow statistics	2025-05-21T01:21:07.6879750Z env:
job-core	Collect workflow statistics	2025-05-21T01:21:07.6880558Z   KAOS_CODE: 15151333236
job-core	Collect workflow statistics	2025-05-21T01:21:07.6881658Z   KAOS_EVENT_NAME: schedule
job-core	Collect workflow statistics	2025-05-21T01:21:07.6882637Z   KAOS_ACTION: 
job-core	Collect workflow statistics	2025-05-21T01:21:07.6883507Z   KAOS_REF: refs/heads/main
job-core	Collect workflow statistics	2025-05-21T01:21:07.6884619Z   KAOS_MODULE: [Ka0S] Workflow Statistics Summary
job-core	Collect workflow statistics	2025-05-21T01:21:07.6885917Z   KAOS_PATH_RESUME: core/outputs/w/
job-core	Collect workflow statistics	2025-05-21T01:21:07.6887377Z   KAOS_JSON: core/results/event_data_
job-core	Collect workflow statistics	2025-05-21T01:21:07.6889210Z   KAOS_ACTOR: ***
job-core	Collect workflow statistics	2025-05-21T01:21:07.6890264Z   GH_REPO: github.com/Ka0s-Klaus/ka0s
job-core	Collect workflow statistics	2025-05-21T01:21:07.6891795Z   GH_TOKEN: ***
job-core	Collect workflow statistics	2025-05-21T01:21:07.6892923Z ##[endgroup]
job-core	Commit and push changes	ï»¿2025-05-21T01:26:07.5687167Z ##[group]Run git config --global user.name "***"
job-core	Commit and push changes	2025-05-21T01:26:07.5687875Z [36;1mgit config --global user.name "***"[0m
job-core	Commit and push changes	2025-05-21T01:26:07.5688435Z [36;1mgit config --global user.email "***"[0m
job-core	Commit and push changes	2025-05-21T01:26:07.5688988Z [36;1mgit add core/outputs/w/*.json[0m
job-core	Commit and push changes	2025-05-21T01:26:07.5689532Z [36;1mgit commit -m "[Ka0S] Update workflow resume files" || exit 0[0m
job-core	Commit and push changes	2025-05-21T01:26:07.5690073Z [36;1mgit push[0m
job-core	Commit and push changes	2025-05-21T01:26:07.5698433Z shell: /usr/bin/bash -e {0}
job-core	Commit and push changes	2025-05-21T01:26:07.5698883Z env:
job-core	Commit and push changes	2025-05-21T01:26:07.5699166Z   KAOS_CODE: 15151333236
job-core	Commit and push changes	2025-05-21T01:26:07.5699521Z   KAOS_EVENT_NAME: schedule
job-core	Commit and push changes	2025-05-21T01:26:07.5699871Z   KAOS_ACTION: 
job-core	Commit and push changes	2025-05-21T01:26:07.5700175Z   KAOS_REF: refs/heads/main
job-core	Commit and push changes	2025-05-21T01:26:07.5700839Z   KAOS_MODULE: [Ka0S] Workflow Statistics Summary
job-core	Commit and push changes	2025-05-21T01:26:07.5701317Z   KAOS_PATH_RESUME: core/outputs/w/
job-core	Commit and push changes	2025-05-21T01:26:07.5701729Z   KAOS_JSON: core/results/event_data_
job-core	Commit and push changes	2025-05-21T01:26:07.5702217Z   KAOS_ACTOR: ***
job-core	Commit and push changes	2025-05-21T01:26:07.5702559Z   GH_REPO: github.com/Ka0s-Klaus/ka0s
job-core	Commit and push changes	2025-05-21T01:26:07.5702984Z ##[endgroup]
job-core	Commit and push changes	2025-05-21T01:26:07.8346010Z [main 9ca22953] [Ka0S] Update workflow resume files
job-core	Commit and push changes	2025-05-21T01:26:07.8346760Z  3 files changed, 146674 insertions(+), 3 deletions(-)
job-core	Commit and push changes	2025-05-21T01:26:07.8347198Z  create mode 100644 core/outputs/w/workflows-available-15151333236.json
job-core	Commit and push changes	2025-05-21T01:26:07.8347680Z  create mode 100644 core/outputs/w/workflows-runs-15151333236.json
job-core	Commit and push changes	2025-05-21T01:26:09.5250329Z To https://github.com/Ka0s-Klaus/ka0s
job-core	Commit and push changes	2025-05-21T01:26:09.5251863Z    849ff2ca..9ca22953  main -> main
job-core	Post Checkout repository	ï»¿2025-05-21T01:26:09.5659614Z Post job cleanup.
job-core	Post Checkout repository	2025-05-21T01:26:09.6789523Z [command]/usr/bin/git version
job-core	Post Checkout repository	2025-05-21T01:26:09.6832919Z git version 2.43.0
job-core	Post Checkout repository	2025-05-21T01:26:09.6876635Z Copying '/home/kaos/.gitconfig' to '/actions-runner/_work/_temp/f32de701-c38e-4c8e-8797-210d669310e3/.gitconfig'
job-core	Post Checkout repository	2025-05-21T01:26:09.6888879Z Temporarily overriding HOME='/actions-runner/_work/_temp/f32de701-c38e-4c8e-8797-210d669310e3' before making global git config changes
job-core	Post Checkout repository	2025-05-21T01:26:09.6890961Z Adding repository directory to the temporary git global config as a safe directory
job-core	Post Checkout repository	2025-05-21T01:26:09.6895487Z [command]/usr/bin/git config --global --add safe.directory /actions-runner/_work/ka0s/ka0s
job-core	Post Checkout repository	2025-05-21T01:26:09.6945120Z [command]/usr/bin/git config --local --name-only --get-regexp core\.sshCommand
job-core	Post Checkout repository	2025-05-21T01:26:09.6986790Z [command]/usr/bin/git submodule foreach --recursive sh -c "git config --local --name-only --get-regexp 'core\.sshCommand' && git config --local --unset-all 'core.sshCommand' || :"
job-core	Post Checkout repository	2025-05-21T01:26:09.7243059Z [command]/usr/bin/git config --local --name-only --get-regexp http\.https\:\/\/github\.com\/\.extraheader
job-core	Post Checkout repository	2025-05-21T01:26:09.7266762Z http.https://github.com/.extraheader
job-core	Post Checkout repository	2025-05-21T01:26:09.7278247Z [command]/usr/bin/git config --local --unset-all http.https://github.com/.extraheader
job-core	Post Checkout repository	2025-05-21T01:26:09.7313357Z [command]/usr/bin/git submodule foreach --recursive sh -c "git config --local --name-only --get-regexp 'http\.https\:\/\/github\.com\/\.extraheader' && git config --local --unset-all 'http.https://github.com/.extraheader' || :"
job-core	Complete job	ï»¿2025-05-21T01:26:09.7676492Z Cleaning up orphan processes
job-stats	Set up job	ï»¿2025-05-21T01:26:14.7100529Z Current runner version: '2.324.0'
job-stats	Set up job	2025-05-21T01:26:14.7107283Z Runner name: 'ka0s-ka0s-2'
job-stats	Set up job	2025-05-21T01:26:14.7108349Z Machine name: 'fcda5b4a84db'
job-stats	Set up job	2025-05-21T01:26:14.7111462Z ##[group]GITHUB_TOKEN Permissions
job-stats	Set up job	2025-05-21T01:26:14.7113722Z Contents: read
job-stats	Set up job	2025-05-21T01:26:14.7114343Z Metadata: read
job-stats	Set up job	2025-05-21T01:26:14.7114905Z Packages: read
job-stats	Set up job	2025-05-21T01:26:14.7115491Z ##[endgroup]
job-stats	Set up job	2025-05-21T01:26:14.7117685Z Secret source: Actions
job-stats	Set up job	2025-05-21T01:26:14.7118476Z Prepare workflow directory
job-stats	Set up job	2025-05-21T01:26:14.7762726Z Prepare all required actions
job-stats	Set up job	2025-05-21T01:26:14.7802857Z Getting action download info
job-stats	Set up job	2025-05-21T01:26:15.3897585Z Download action repository 'actions/checkout@v4' (SHA:11bd71901bbe5b1630ceea73d27597364c9af683)
job-stats	Set up job	2025-05-21T01:26:16.2520998Z Complete job name: job-stats
job-stats	Checkout repository	ï»¿2025-05-21T01:26:16.3064451Z ##[group]Run actions/checkout@v4
job-stats	Checkout repository	2025-05-21T01:26:16.3065350Z with:
job-stats	Checkout repository	2025-05-21T01:26:16.3065763Z   fetch-depth: 0
job-stats	Checkout repository	2025-05-21T01:26:16.3066430Z   token: ***
job-stats	Checkout repository	2025-05-21T01:26:16.3066863Z   repository: Ka0s-Klaus/ka0s
job-stats	Checkout repository	2025-05-21T01:26:16.3067401Z   ssh-strict: true
job-stats	Checkout repository	2025-05-21T01:26:16.3067820Z   ssh-user: git
job-stats	Checkout repository	2025-05-21T01:26:16.3068249Z   persist-credentials: true
job-stats	Checkout repository	2025-05-21T01:26:16.3068826Z   clean: true
job-stats	Checkout repository	2025-05-21T01:26:16.3069267Z   sparse-checkout-cone-mode: true
job-stats	Checkout repository	2025-05-21T01:26:16.3069783Z   fetch-tags: false
job-stats	Checkout repository	2025-05-21T01:26:16.3070216Z   show-progress: true
job-stats	Checkout repository	2025-05-21T01:26:16.3070651Z   lfs: false
job-stats	Checkout repository	2025-05-21T01:26:16.3071048Z   submodules: false
job-stats	Checkout repository	2025-05-21T01:26:16.3071487Z   set-safe-directory: true
job-stats	Checkout repository	2025-05-21T01:26:16.3072211Z env:
job-stats	Checkout repository	2025-05-21T01:26:16.3072615Z   KAOS_CODE: 15151333236
job-stats	Checkout repository	2025-05-21T01:26:16.3073079Z   KAOS_EVENT_NAME: schedule
job-stats	Checkout repository	2025-05-21T01:26:16.3073544Z   KAOS_ACTION: 
job-stats	Checkout repository	2025-05-21T01:26:16.3073961Z   KAOS_REF: refs/heads/main
job-stats	Checkout repository	2025-05-21T01:26:16.3074493Z   KAOS_MODULE: [Ka0S] Workflow Statistics Summary
job-stats	Checkout repository	2025-05-21T01:26:16.3075128Z   KAOS_PATH_RESUME: core/outputs/w/
job-stats	Checkout repository	2025-05-21T01:26:16.3075663Z   KAOS_JSON: core/results/event_data_
job-stats	Checkout repository	2025-05-21T01:26:16.3076240Z   KAOS_ACTOR: ***
job-stats	Checkout repository	2025-05-21T01:26:16.3076697Z   GH_REPO: github.com/Ka0s-Klaus/ka0s
job-stats	Checkout repository	2025-05-21T01:26:16.3077222Z ##[endgroup]
job-stats	Checkout repository	2025-05-21T01:26:16.4319928Z Syncing repository: Ka0s-Klaus/ka0s
job-stats	Checkout repository	2025-05-21T01:26:16.4321894Z ##[group]Getting Git version info
job-stats	Checkout repository	2025-05-21T01:26:16.4322581Z Working directory is '/actions-runner/_work/ka0s/ka0s'
job-stats	Checkout repository	2025-05-21T01:26:16.4323608Z [command]/usr/bin/git version
job-stats	Checkout repository	2025-05-21T01:26:16.4324091Z git version 2.43.0
job-stats	Checkout repository	2025-05-21T01:26:16.4325636Z ##[endgroup]
job-stats	Checkout repository	2025-05-21T01:26:16.4331815Z Copying '/home/kaos/.gitconfig' to '/actions-runner/_work/_temp/20e294a7-03fb-4d51-bc75-71eff555ec67/.gitconfig'
job-stats	Checkout repository	2025-05-21T01:26:16.4333604Z Temporarily overriding HOME='/actions-runner/_work/_temp/20e294a7-03fb-4d51-bc75-71eff555ec67' before making global git config changes
job-stats	Checkout repository	2025-05-21T01:26:16.4335161Z Adding repository directory to the temporary git global config as a safe directory
job-stats	Checkout repository	2025-05-21T01:26:16.4336289Z [command]/usr/bin/git config --global --add safe.directory /actions-runner/_work/ka0s/ka0s
job-stats	Checkout repository	2025-05-21T01:26:16.4381527Z [command]/usr/bin/git config --local --get remote.origin.url
job-stats	Checkout repository	2025-05-21T01:26:16.4405432Z https://github.com/Ka0s-Klaus/ka0s
job-stats	Checkout repository	2025-05-21T01:26:16.4424791Z ##[group]Removing previously created refs, to avoid conflicts
job-stats	Checkout repository	2025-05-21T01:26:16.4429445Z [command]/usr/bin/git rev-parse --symbolic-full-name --verify --quiet HEAD
job-stats	Checkout repository	2025-05-21T01:26:16.4454224Z refs/heads/main
job-stats	Checkout repository	2025-05-21T01:26:16.4464367Z [command]/usr/bin/git checkout --detach
job-stats	Checkout repository	2025-05-21T01:26:16.4723614Z HEAD is now at 450ac104 crear varis listas con un json
job-stats	Checkout repository	2025-05-21T01:26:16.4779100Z [command]/usr/bin/git branch --delete --force main
job-stats	Checkout repository	2025-05-21T01:26:16.4814702Z Deleted branch main (was 450ac104).
job-stats	Checkout repository	2025-05-21T01:26:16.4900088Z ##[endgroup]
job-stats	Checkout repository	2025-05-21T01:26:16.4909575Z [command]/usr/bin/git submodule status
job-stats	Checkout repository	2025-05-21T01:26:16.5192058Z ##[group]Cleaning the repository
job-stats	Checkout repository	2025-05-21T01:26:16.5195826Z [command]/usr/bin/git clean -ffdx
job-stats	Checkout repository	2025-05-21T01:26:16.5266685Z Removing core/results/webs/dashboard/15142529170-dashboard-ftp-deploy-sync-state.json
job-stats	Checkout repository	2025-05-21T01:26:16.5276258Z [command]/usr/bin/git reset --hard HEAD
job-stats	Checkout repository	2025-05-21T01:26:16.5573665Z HEAD is now at 450ac104 crear varis listas con un json
job-stats	Checkout repository	2025-05-21T01:26:16.5586743Z ##[endgroup]
job-stats	Checkout repository	2025-05-21T01:26:16.5587712Z ##[group]Disabling automatic garbage collection
job-stats	Checkout repository	2025-05-21T01:26:16.5592778Z [command]/usr/bin/git config --local gc.auto 0
job-stats	Checkout repository	2025-05-21T01:26:16.5633065Z ##[endgroup]
job-stats	Checkout repository	2025-05-21T01:26:16.5633823Z ##[group]Setting up auth
job-stats	Checkout repository	2025-05-21T01:26:16.5663185Z [command]/usr/bin/git config --local --name-only --get-regexp core\.sshCommand
job-stats	Checkout repository	2025-05-21T01:26:16.5691237Z [command]/usr/bin/git submodule foreach --recursive sh -c "git config --local --name-only --get-regexp 'core\.sshCommand' && git config --local --unset-all 'core.sshCommand' || :"
job-stats	Checkout repository	2025-05-21T01:26:16.5959664Z [command]/usr/bin/git config --local --name-only --get-regexp http\.https\:\/\/github\.com\/\.extraheader
job-stats	Checkout repository	2025-05-21T01:26:16.5992045Z [command]/usr/bin/git submodule foreach --recursive sh -c "git config --local --name-only --get-regexp 'http\.https\:\/\/github\.com\/\.extraheader' && git config --local --unset-all 'http.https://github.com/.extraheader' || :"
job-stats	Checkout repository	2025-05-21T01:26:16.6274390Z [command]/usr/bin/git config --local http.https://github.com/.extraheader AUTHORIZATION: basic ***
job-stats	Checkout repository	2025-05-21T01:26:16.6304509Z ##[endgroup]
job-stats	Checkout repository	2025-05-21T01:26:16.6305502Z ##[group]Fetching the repository
job-stats	Checkout repository	2025-05-21T01:26:16.6314090Z [command]/usr/bin/git -c protocol.version=2 fetch --prune --no-recurse-submodules origin +refs/heads/*:refs/remotes/origin/* +refs/tags/*:refs/tags/*
job-stats	Checkout repository	2025-05-21T01:26:17.6551586Z From https://github.com/Ka0s-Klaus/ka0s
job-stats	Checkout repository	2025-05-21T01:26:17.6554362Z    450ac104..9ca22953  main       -> origin/main
job-stats	Checkout repository	2025-05-21T01:26:17.6610588Z [command]/usr/bin/git branch --list --remote origin/main
job-stats	Checkout repository	2025-05-21T01:26:17.6637840Z   origin/main
job-stats	Checkout repository	2025-05-21T01:26:17.6647650Z [command]/usr/bin/git rev-parse refs/remotes/origin/main
job-stats	Checkout repository	2025-05-21T01:26:17.6674505Z 9ca22953e5539811919ebd94db6a62da25100c4a
job-stats	Checkout repository	2025-05-21T01:26:17.6685780Z [command]/usr/bin/git -c protocol.version=2 fetch --no-tags --prune --no-recurse-submodules origin +849ff2ca8108a38093dada070cb9fbe052f504f6:refs/remotes/origin/main
job-stats	Checkout repository	2025-05-21T01:26:17.6815722Z From https://github.com/Ka0s-Klaus/ka0s
job-stats	Checkout repository	2025-05-21T01:26:17.6817843Z  + 9ca22953...849ff2ca 849ff2ca8108a38093dada070cb9fbe052f504f6 -> origin/main  (forced update)
job-stats	Checkout repository	2025-05-21T01:26:17.6839192Z ##[endgroup]
job-stats	Checkout repository	2025-05-21T01:26:17.6840909Z ##[group]Determining the checkout info
job-stats	Checkout repository	2025-05-21T01:26:17.6842737Z ##[endgroup]
job-stats	Checkout repository	2025-05-21T01:26:17.6843770Z [command]/usr/bin/git sparse-checkout disable
job-stats	Checkout repository	2025-05-21T01:26:17.6925339Z [command]/usr/bin/git config --local --unset-all extensions.worktreeConfig
job-stats	Checkout repository	2025-05-21T01:26:17.6966050Z ##[group]Checking out the ref
job-stats	Checkout repository	2025-05-21T01:26:17.6968067Z [command]/usr/bin/git checkout --progress --force -B main refs/remotes/origin/main
job-stats	Checkout repository	2025-05-21T01:26:17.7184080Z Previous HEAD position was 450ac104 crear varis listas con un json
job-stats	Checkout repository	2025-05-21T01:26:17.7193007Z Switched to a new branch 'main'
job-stats	Checkout repository	2025-05-21T01:26:17.7194868Z branch 'main' set up to track 'origin/main'.
job-stats	Checkout repository	2025-05-21T01:26:17.7203719Z ##[endgroup]
job-stats	Checkout repository	2025-05-21T01:26:17.7245135Z [command]/usr/bin/git log -1 --format=%H
job-stats	Checkout repository	2025-05-21T01:26:17.7273151Z 849ff2ca8108a38093dada070cb9fbe052f504f6
job-stats	Generate workflow names	ï»¿2025-05-21T01:26:17.7507286Z ##[group]Run # Pull the latest changes
job-stats	Generate workflow names	2025-05-21T01:26:17.7508860Z [36;1m# Pull the latest changes[0m
job-stats	Generate workflow names	2025-05-21T01:26:17.7510763Z [36;1mgit config --global user.name "***"[0m
job-stats	Generate workflow names	2025-05-21T01:26:17.7512250Z [36;1mgit config --global user.email "***"[0m
job-stats	Generate workflow names	2025-05-21T01:26:17.7513513Z [36;1mgit pull[0m
job-stats	Generate workflow names	2025-05-21T01:26:17.7514418Z [36;1m[0m
job-stats	Generate workflow names	2025-05-21T01:26:17.7515365Z [36;1m# Get workflows and process their runs[0m
job-stats	Generate workflow names	2025-05-21T01:26:17.7517127Z [36;1mworkflows=$(jq -r '.[].id' core/outputs/w/kaos-workflows-available.json)[0m
job-stats	Generate workflow names	2025-05-21T01:26:17.7518862Z [36;1m[0m
job-stats	Generate workflow names	2025-05-21T01:26:17.7520214Z [36;1m# Generate workflow statistics[0m
job-stats	Generate workflow names	2025-05-21T01:26:17.7521465Z [36;1mfor work_id in $workflows; do[0m
job-stats	Generate workflow names	2025-05-21T01:26:17.7523516Z [36;1m    jq -r '[.[] | select(.run_started_at != null and .updated_at != null and .workflow_id == '$work_id') | {[0m
job-stats	Generate workflow names	2025-05-21T01:26:17.7525850Z [36;1m      name,[0m
job-stats	Generate workflow names	2025-05-21T01:26:17.7526798Z [36;1m      event,[0m
job-stats	Generate workflow names	2025-05-21T01:26:17.7527768Z [36;1m      conclusion,[0m
job-stats	Generate workflow names	2025-05-21T01:26:17.7529472Z [36;1m      duration: (if (.run_started_at != null and .updated_at != null) then[0m
job-stats	Generate workflow names	2025-05-21T01:26:17.7531707Z [36;1m        ((.updated_at | fromdateiso8601) - (.run_started_at | fromdateiso8601))[0m
job-stats	Generate workflow names	2025-05-21T01:26:17.7533385Z [36;1m      else[0m
job-stats	Generate workflow names	2025-05-21T01:26:17.7534325Z [36;1m        0[0m
job-stats	Generate workflow names	2025-05-21T01:26:17.7535237Z [36;1m      end)[0m
job-stats	Generate workflow names	2025-05-21T01:26:17.7536212Z [36;1m    }] | reduce .[] as $run ({[0m
job-stats	Generate workflow names	2025-05-21T01:26:17.7537397Z [36;1m      "total_runs": 0,[0m
job-stats	Generate workflow names	2025-05-21T01:26:17.7538526Z [36;1m      "successful_runs": 0,[0m
job-stats	Generate workflow names	2025-05-21T01:26:17.7539721Z [36;1m      "failed_runs": 0,[0m
job-stats	Generate workflow names	2025-05-21T01:26:17.7540853Z [36;1m      "cancelled_runs": 0,[0m
job-stats	Generate workflow names	2025-05-21T01:26:17.7555669Z [36;1m      "total_duration": 0,[0m
job-stats	Generate workflow names	2025-05-21T01:26:17.7557095Z [36;1m      "success_duration": 0,[0m
job-stats	Generate workflow names	2025-05-21T01:26:17.7558374Z [36;1m      "failed_duration": 0,[0m
job-stats	Generate workflow names	2025-05-21T01:26:17.7560065Z [36;1m      "cancelled_duration": 0,[0m
job-stats	Generate workflow names	2025-05-21T01:26:17.7561339Z [36;1m      "workflow_stats": {},[0m
job-stats	Generate workflow names	2025-05-21T01:26:17.7562530Z [36;1m      "events": {}[0m
job-stats	Generate workflow names	2025-05-21T01:26:17.7563577Z [36;1m    };[0m
job-stats	Generate workflow names	2025-05-21T01:26:17.7564480Z [36;1m      .total_runs += 1[0m
job-stats	Generate workflow names	2025-05-21T01:26:17.7565706Z [36;1m      | .total_duration += $run.duration[0m
job-stats	Generate workflow names	2025-05-21T01:26:17.7567193Z [36;1m      | if $run.conclusion == "success" then[0m
job-stats	Generate workflow names	2025-05-21T01:26:17.7568476Z [36;1m          .successful_runs += 1[0m
job-stats	Generate workflow names	2025-05-21T01:26:17.7570393Z [36;1m          | .success_duration += $run.duration[0m
job-stats	Generate workflow names	2025-05-21T01:26:17.7572001Z [36;1m        elif $run.conclusion == "failure" then[0m
job-stats	Generate workflow names	2025-05-21T01:26:17.7573325Z [36;1m          .failed_runs += 1[0m
job-stats	Generate workflow names	2025-05-21T01:26:17.7574837Z [36;1m          | .failed_duration += $run.duration[0m
job-stats	Generate workflow names	2025-05-21T01:26:17.7576397Z [36;1m        elif $run.conclusion == "cancelled" then[0m
job-stats	Generate workflow names	2025-05-21T01:26:17.7577780Z [36;1m          .cancelled_runs += 1[0m
job-stats	Generate workflow names	2025-05-21T01:26:17.7579278Z [36;1m          | .cancelled_duration += $run.duration[0m
job-stats	Generate workflow names	2025-05-21T01:26:17.7580892Z [36;1m        else . end[0m
job-stats	Generate workflow names	2025-05-21T01:26:17.7582463Z [36;1m      | .workflow_stats[$run.name] += 1[0m
job-stats	Generate workflow names	2025-05-21T01:26:17.7584008Z [36;1m      | .events[$run.event] += 1[0m
job-stats	Generate workflow names	2025-05-21T01:26:17.7585155Z [36;1m    ) | {[0m
job-stats	Generate workflow names	2025-05-21T01:26:17.7586159Z [36;1m      "summary": {[0m
job-stats	Generate workflow names	2025-05-21T01:26:17.7587210Z [36;1m        "total_runs": .total_runs,[0m
job-stats	Generate workflow names	2025-05-21T01:26:17.7588471Z [36;1m        "successful_runs": .successful_runs,[0m
job-stats	Generate workflow names	2025-05-21T01:26:17.7590308Z [36;1m        "failed_runs": .failed_runs,[0m
job-stats	Generate workflow names	2025-05-21T01:26:17.7591583Z [36;1m        "cancelled_runs": .cancelled_runs,[0m
job-stats	Generate workflow names	2025-05-21T01:26:17.7593566Z [36;1m        "success_rate": (if .total_runs > 0 then (.successful_runs / .total_runs) * 100 | floor else 0 end),[0m
job-stats	Generate workflow names	2025-05-21T01:26:17.7596492Z [36;1m        "failure_rate": (if .total_runs > 0 then (.failed_runs / .total_runs) * 100 | floor else 0 end),[0m
job-stats	Generate workflow names	2025-05-21T01:26:17.7599926Z [36;1m        "average_duration": (if .total_runs > 0 then .total_duration / .total_runs else 0 end),[0m
job-stats	Generate workflow names	2025-05-21T01:26:17.7603037Z [36;1m        "average_success_duration": (if .successful_runs > 0 then .success_duration / .successful_runs else 0 end),[0m
job-stats	Generate workflow names	2025-05-21T01:26:17.7605861Z [36;1m        "average_failed_duration": (if .failed_runs > 0 then .failed_duration / .failed_runs else 0 end),[0m
job-stats	Generate workflow names	2025-05-21T01:26:17.7608771Z [36;1m        "average_cancelled_duration": (if .cancelled_runs > 0 then .cancelled_duration / .cancelled_runs else 0 end)[0m
job-stats	Generate workflow names	2025-05-21T01:26:17.7611177Z [36;1m      },[0m
job-stats	Generate workflow names	2025-05-21T01:26:17.7612175Z [36;1m      "workflow_distribution": .workflow_stats,[0m
job-stats	Generate workflow names	2025-05-21T01:26:17.7613507Z [36;1m      "event_distribution": .events[0m
job-stats	Generate workflow names	2025-05-21T01:26:17.7614631Z [36;1m    }[0m
job-stats	Generate workflow names	2025-05-21T01:26:17.7615836Z [36;1m    ' core/outputs/w/kaos-workflows-runs.json > \[0m
job-stats	Generate workflow names	2025-05-21T01:26:17.7617334Z [36;1m    core/outputs/w/kaos-$work_id-statistics.json[0m
job-stats	Generate workflow names	2025-05-21T01:26:17.7618592Z [36;1mdone[0m
job-stats	Generate workflow names	2025-05-21T01:26:17.7631243Z shell: /usr/bin/bash -e {0}
job-stats	Generate workflow names	2025-05-21T01:26:17.7632264Z env:
job-stats	Generate workflow names	2025-05-21T01:26:17.7633020Z   KAOS_CODE: 15151333236
job-stats	Generate workflow names	2025-05-21T01:26:17.7633964Z   KAOS_EVENT_NAME: schedule
job-stats	Generate workflow names	2025-05-21T01:26:17.7634919Z   KAOS_ACTION: 
job-stats	Generate workflow names	2025-05-21T01:26:17.7635759Z   KAOS_REF: refs/heads/main
job-stats	Generate workflow names	2025-05-21T01:26:17.7636851Z   KAOS_MODULE: [Ka0S] Workflow Statistics Summary
job-stats	Generate workflow names	2025-05-21T01:26:17.7638115Z   KAOS_PATH_RESUME: core/outputs/w/
job-stats	Generate workflow names	2025-05-21T01:26:17.7639557Z   KAOS_JSON: core/results/event_data_
job-stats	Generate workflow names	2025-05-21T01:26:17.7640774Z   KAOS_ACTOR: ***
job-stats	Generate workflow names	2025-05-21T01:26:17.7641673Z   GH_REPO: github.com/Ka0s-Klaus/ka0s
job-stats	Generate workflow names	2025-05-21T01:26:17.7642732Z ##[endgroup]
job-stats	Generate workflow names	2025-05-21T01:26:18.3201122Z From https://github.com/Ka0s-Klaus/ka0s
job-stats	Generate workflow names	2025-05-21T01:26:18.3202108Z    849ff2ca..9ca22953  main       -> origin/main
job-stats	Generate workflow names	2025-05-21T01:26:18.3669033Z Updating 849ff2ca..9ca22953
job-stats	Generate workflow names	2025-05-21T01:26:18.3669530Z Fast-forward
job-stats	Generate workflow names	2025-05-21T01:26:18.4404381Z  core/outputs/w/kaos-workflows-runs.json            |    801 +-
job-stats	Generate workflow names	2025-05-21T01:26:18.4405080Z  .../outputs/w/workflows-available-15151333236.json |    104 +
job-stats	Generate workflow names	2025-05-21T01:26:18.4405905Z  core/outputs/w/workflows-runs-15151333236.json     | 145772 ++++++++++++++++++
job-stats	Generate workflow names	2025-05-21T01:26:18.4406485Z  3 files changed, 146674 insertions(+), 3 deletions(-)
job-stats	Generate workflow names	2025-05-21T01:26:18.4407014Z  create mode 100644 core/outputs/w/workflows-available-15151333236.json
job-stats	Generate workflow names	2025-05-21T01:26:18.4407587Z  create mode 100644 core/outputs/w/workflows-runs-15151333236.json
job-stats	Generate repository statistics	ï»¿2025-05-21T01:26:20.7295294Z ##[group]Run # Function to escape JSON strings
job-stats	Generate repository statistics	2025-05-21T01:26:20.7295742Z [36;1m# Function to escape JSON strings[0m
job-stats	Generate repository statistics	2025-05-21T01:26:20.7296040Z [36;1mescape_json() {[0m
job-stats	Generate repository statistics	2025-05-21T01:26:20.7296341Z [36;1m    echo "$1" | sed 's/\\/\\\\/g' | sed 's/"/\\"/g' | sed 's/\n/\\n/g'[0m
job-stats	Generate repository statistics	2025-05-21T01:26:20.7296678Z [36;1m}[0m
job-stats	Generate repository statistics	2025-05-21T01:26:20.7296880Z [36;1m[0m
job-stats	Generate repository statistics	2025-05-21T01:26:20.7297085Z [36;1m# Get total number of commits[0m
job-stats	Generate repository statistics	2025-05-21T01:26:20.7297405Z [36;1mtotal_commits=$(git rev-list --count HEAD)[0m
job-stats	Generate repository statistics	2025-05-21T01:26:20.7297695Z [36;1m[0m
job-stats	Generate repository statistics	2025-05-21T01:26:20.7297891Z [36;1m# Get commits in last 30 days[0m
job-stats	Generate repository statistics	2025-05-21T01:26:20.7298259Z [36;1mrecent_commits=$(git rev-list --count HEAD --since="30 days ago")[0m
job-stats	Generate repository statistics	2025-05-21T01:26:20.7298621Z [36;1m[0m
job-stats	Generate repository statistics	2025-05-21T01:26:20.7299059Z [36;1m# Get author statistics          [0m
job-stats	Generate repository statistics	2025-05-21T01:26:20.7299622Z [36;1mauthor_stats=$(git shortlog -sn --no-merges | while read commits author; do[0m
job-stats	Generate repository statistics	2025-05-21T01:26:20.7300231Z [36;1m  echo "{\"commits\": $commits, \"author\": \"$author\"}"[0m
job-stats	Generate repository statistics	2025-05-21T01:26:20.7300605Z [36;1mdone | paste -sd "," -)[0m
job-stats	Generate repository statistics	2025-05-21T01:26:20.7300894Z [36;1mecho "Author statistics: $author_stats"[0m
job-stats	Generate repository statistics	2025-05-21T01:26:20.7301172Z [36;1m[0m
job-stats	Generate repository statistics	2025-05-21T01:26:20.7301399Z [36;1m# Save author statistics to separate file[0m
job-stats	Generate repository statistics	2025-05-21T01:26:20.7301849Z [36;1mcat << EOF > core/outputs/w/kaos-repository-author-statistics.json[0m
job-stats	Generate repository statistics	2025-05-21T01:26:20.7302271Z [36;1m$author_stats[0m
job-stats	Generate repository statistics	2025-05-21T01:26:20.7302493Z [36;1mEOF[0m
job-stats	Generate repository statistics	2025-05-21T01:26:20.7302672Z [36;1m[0m
job-stats	Generate repository statistics	2025-05-21T01:26:20.7302866Z [36;1m# Generate JSON output[0m
job-stats	Generate repository statistics	2025-05-21T01:26:20.7303240Z [36;1mcat << EOF > core/outputs/w/kaos-repository-global-statistics.json[0m
job-stats	Generate repository statistics	2025-05-21T01:26:20.7303615Z [36;1m{[0m
job-stats	Generate repository statistics	2025-05-21T01:26:20.7303865Z [36;1m  "generated_at": "$(date -u +"%Y-%m-%dT%H:%M:%SZ")",[0m
job-stats	Generate repository statistics	2025-05-21T01:26:20.7304254Z [36;1m  "repository": "$(git config --get remote.origin.url)",[0m
job-stats	Generate repository statistics	2025-05-21T01:26:20.7304590Z [36;1m  "statistics": {[0m
job-stats	Generate repository statistics	2025-05-21T01:26:20.7304854Z [36;1m    "total_commits": $total_commits,[0m
job-stats	Generate repository statistics	2025-05-21T01:26:20.7305162Z [36;1m    "recent_commits": $recent_commits[0m
job-stats	Generate repository statistics	2025-05-21T01:26:20.7305431Z [36;1m  }[0m
job-stats	Generate repository statistics	2025-05-21T01:26:20.7305615Z [36;1m}[0m
job-stats	Generate repository statistics	2025-05-21T01:26:20.7305791Z [36;1mEOF[0m
job-stats	Generate repository statistics	2025-05-21T01:26:20.7312639Z shell: /usr/bin/bash -e {0}
job-stats	Generate repository statistics	2025-05-21T01:26:20.7312897Z env:
job-stats	Generate repository statistics	2025-05-21T01:26:20.7313092Z   KAOS_CODE: 15151333236
job-stats	Generate repository statistics	2025-05-21T01:26:20.7313325Z   KAOS_EVENT_NAME: schedule
job-stats	Generate repository statistics	2025-05-21T01:26:20.7313555Z   KAOS_ACTION: 
job-stats	Generate repository statistics	2025-05-21T01:26:20.7313759Z   KAOS_REF: refs/heads/main
job-stats	Generate repository statistics	2025-05-21T01:26:20.7314025Z   KAOS_MODULE: [Ka0S] Workflow Statistics Summary
job-stats	Generate repository statistics	2025-05-21T01:26:20.7314329Z   KAOS_PATH_RESUME: core/outputs/w/
job-stats	Generate repository statistics	2025-05-21T01:26:20.7314601Z   KAOS_JSON: core/results/event_data_
job-stats	Generate repository statistics	2025-05-21T01:26:20.7315023Z   KAOS_ACTOR: ***
job-stats	Generate repository statistics	2025-05-21T01:26:20.7315251Z   GH_REPO: github.com/Ka0s-Klaus/ka0s
job-stats	Generate repository statistics	2025-05-21T01:26:20.7315511Z ##[endgroup]
job-stats	Generate repository statistics	2025-05-21T01:26:20.8285968Z Author statistics: 
job-stats	Generate Issues Summary	ï»¿2025-05-21T01:26:20.8863529Z ##[group]Run #  Extraemos toda la informaciÃ³n de las issues hasta el momento
job-stats	Generate Issues Summary	2025-05-21T01:26:20.8864133Z [36;1m#  Extraemos toda la informaciÃ³n de las issues hasta el momento[0m
job-stats	Generate Issues Summary	2025-05-21T01:26:20.8864570Z [36;1mtouch core/outputs/w/issue-log-15151333236.json[0m
job-stats	Generate Issues Summary	2025-05-21T01:26:20.8865994Z [36;1mgh issue list --repo github.com/Ka0s-Klaus/ka0s --state all --limit 999 --json assignees,author,body,closed,closedAt,comments,createdAt,id,labels,milestone,number,projectCards,projectItems,reactionGroups,state,title,updatedAt,url > core/outputs/w/issue-log-15151333236.json[0m
job-stats	Generate Issues Summary	2025-05-21T01:26:20.8867354Z [36;1m# Formatear el archivo JSON final[0m
job-stats	Generate Issues Summary	2025-05-21T01:26:20.8867836Z [36;1mcat core/outputs/w/issue-log-15151333236.json | jq -s '.' > core/outputs/w/kaos-issue.json[0m
job-stats	Generate Issues Summary	2025-05-21T01:26:20.8874815Z shell: /usr/bin/bash -e {0}
job-stats	Generate Issues Summary	2025-05-21T01:26:20.8875071Z env:
job-stats	Generate Issues Summary	2025-05-21T01:26:20.8875256Z   KAOS_CODE: 15151333236
job-stats	Generate Issues Summary	2025-05-21T01:26:20.8875490Z   KAOS_EVENT_NAME: schedule
job-stats	Generate Issues Summary	2025-05-21T01:26:20.8875722Z   KAOS_ACTION: 
job-stats	Generate Issues Summary	2025-05-21T01:26:20.8875985Z   KAOS_REF: refs/heads/main
job-stats	Generate Issues Summary	2025-05-21T01:26:20.8876244Z   KAOS_MODULE: [Ka0S] Workflow Statistics Summary
job-stats	Generate Issues Summary	2025-05-21T01:26:20.8876548Z   KAOS_PATH_RESUME: core/outputs/w/
job-stats	Generate Issues Summary	2025-05-21T01:26:20.8876822Z   KAOS_JSON: core/results/event_data_
job-stats	Generate Issues Summary	2025-05-21T01:26:20.8877176Z   KAOS_ACTOR: ***
job-stats	Generate Issues Summary	2025-05-21T01:26:20.8877400Z   GH_REPO: github.com/Ka0s-Klaus/ka0s
job-stats	Generate Issues Summary	2025-05-21T01:26:20.8877841Z   GH_TOKEN: ***
job-stats	Generate Issues Summary	2025-05-21T01:26:20.8878039Z ##[endgroup]
job-stats	Commit statistics	ï»¿2025-05-21T01:26:44.3906698Z ##[group]Run git config --global user.name "***"
job-stats	Commit statistics	2025-05-21T01:26:44.3907313Z [36;1mgit config --global user.name "***"[0m
job-stats	Commit statistics	2025-05-21T01:26:44.3907671Z [36;1mgit config --global user.email "***"[0m
job-stats	Commit statistics	2025-05-21T01:26:44.3907993Z [36;1mgit add core/outputs/w/kaos-*.json[0m
job-stats	Commit statistics	2025-05-21T01:26:44.3908368Z [36;1mgit commit -m "[Ka0S] Update workflow statistics" || exit 0[0m
job-stats	Commit statistics	2025-05-21T01:26:44.3908815Z [36;1mgit push[0m
job-stats	Commit statistics	2025-05-21T01:26:44.3915599Z shell: /usr/bin/bash -e {0}
job-stats	Commit statistics	2025-05-21T01:26:44.3915861Z env:
job-stats	Commit statistics	2025-05-21T01:26:44.3916070Z   KAOS_CODE: 15151333236
job-stats	Commit statistics	2025-05-21T01:26:44.3916310Z   KAOS_EVENT_NAME: schedule
job-stats	Commit statistics	2025-05-21T01:26:44.3916535Z   KAOS_ACTION: 
job-stats	Commit statistics	2025-05-21T01:26:44.3916746Z   KAOS_REF: refs/heads/main
job-stats	Commit statistics	2025-05-21T01:26:44.3917945Z   KAOS_MODULE: [Ka0S] Workflow Statistics Summary
job-stats	Commit statistics	2025-05-21T01:26:44.3918298Z   KAOS_PATH_RESUME: core/outputs/w/
job-stats	Commit statistics	2025-05-21T01:26:44.3918574Z   KAOS_JSON: core/results/event_data_
job-stats	Commit statistics	2025-05-21T01:26:44.3919154Z   KAOS_ACTOR: ***
job-stats	Commit statistics	2025-05-21T01:26:44.3919395Z   GH_REPO: github.com/Ka0s-Klaus/ka0s
job-stats	Commit statistics	2025-05-21T01:26:44.3919727Z ##[endgroup]
job-stats	Commit statistics	2025-05-21T01:26:44.5094908Z [main 6c6723dd] [Ka0S] Update workflow statistics
job-stats	Commit statistics	2025-05-21T01:26:44.5096809Z  7 files changed, 117 insertions(+), 57 deletions(-)
job-stats	Commit statistics	2025-05-21T01:26:45.5554938Z To https://github.com/Ka0s-Klaus/ka0s
job-stats	Commit statistics	2025-05-21T01:26:45.5556546Z    9ca22953..6c6723dd  main -> main
job-stats	Post Checkout repository	ï»¿2025-05-21T01:26:45.6054313Z Post job cleanup.
job-stats	Post Checkout repository	2025-05-21T01:26:45.7235450Z [command]/usr/bin/git version
job-stats	Post Checkout repository	2025-05-21T01:26:45.7274374Z git version 2.43.0
job-stats	Post Checkout repository	2025-05-21T01:26:45.7316685Z Copying '/home/kaos/.gitconfig' to '/actions-runner/_work/_temp/d6596bc1-d0f8-46c6-a40e-049f3ab42f99/.gitconfig'
job-stats	Post Checkout repository	2025-05-21T01:26:45.7329125Z Temporarily overriding HOME='/actions-runner/_work/_temp/d6596bc1-d0f8-46c6-a40e-049f3ab42f99' before making global git config changes
job-stats	Post Checkout repository	2025-05-21T01:26:45.7330623Z Adding repository directory to the temporary git global config as a safe directory
job-stats	Post Checkout repository	2025-05-21T01:26:45.7337599Z [command]/usr/bin/git config --global --add safe.directory /actions-runner/_work/ka0s/ka0s
job-stats	Post Checkout repository	2025-05-21T01:26:45.7375376Z [command]/usr/bin/git config --local --name-only --get-regexp core\.sshCommand
job-stats	Post Checkout repository	2025-05-21T01:26:45.7418468Z [command]/usr/bin/git submodule foreach --recursive sh -c "git config --local --name-only --get-regexp 'core\.sshCommand' && git config --local --unset-all 'core.sshCommand' || :"
job-stats	Post Checkout repository	2025-05-21T01:26:45.7678625Z [command]/usr/bin/git config --local --name-only --get-regexp http\.https\:\/\/github\.com\/\.extraheader
job-stats	Post Checkout repository	2025-05-21T01:26:45.7703260Z http.https://github.com/.extraheader
job-stats	Post Checkout repository	2025-05-21T01:26:45.7715972Z [command]/usr/bin/git config --local --unset-all http.https://github.com/.extraheader
job-stats	Post Checkout repository	2025-05-21T01:26:45.7753053Z [command]/usr/bin/git submodule foreach --recursive sh -c "git config --local --name-only --get-regexp 'http\.https\:\/\/github\.com\/\.extraheader' && git config --local --unset-all 'http.https://github.com/.extraheader' || :"
job-stats	Complete job	ï»¿2025-05-21T01:26:45.8144965Z Cleaning up orphan processes
handle-success	Set up job	ï»¿2025-05-21T01:26:51.0116361Z Current runner version: '2.324.0'
handle-success	Set up job	2025-05-21T01:26:51.0124816Z Runner name: 'ka0s-ka0s-2'
handle-success	Set up job	2025-05-21T01:26:51.0126089Z Machine name: 'fcda5b4a84db'
handle-success	Set up job	2025-05-21T01:26:51.0128806Z ##[group]GITHUB_TOKEN Permissions
handle-success	Set up job	2025-05-21T01:26:51.0131729Z Contents: read
handle-success	Set up job	2025-05-21T01:26:51.0132317Z Metadata: read
handle-success	Set up job	2025-05-21T01:26:51.0132987Z Packages: read
handle-success	Set up job	2025-05-21T01:26:51.0133509Z ##[endgroup]
handle-success	Set up job	2025-05-21T01:26:51.0135788Z Secret source: Actions
handle-success	Set up job	2025-05-21T01:26:51.0136629Z Prepare workflow directory
handle-success	Set up job	2025-05-21T01:26:51.0776625Z Prepare all required actions
handle-success	Set up job	2025-05-21T01:26:51.0817245Z Getting action download info
handle-success	Set up job	2025-05-21T01:26:51.6065017Z Download action repository 'actions/checkout@v4' (SHA:11bd71901bbe5b1630ceea73d27597364c9af683)
handle-success	Set up job	2025-05-21T01:26:52.3774477Z Complete job name: handle-success
handle-success	Checkout code	ï»¿2025-05-21T01:26:52.4222280Z ##[group]Run actions/checkout@v4
handle-success	Checkout code	2025-05-21T01:26:52.4223098Z with:
handle-success	Checkout code	2025-05-21T01:26:52.4223473Z   fetch-depth: 0
handle-success	Checkout code	2025-05-21T01:26:52.4224047Z   token: ***
handle-success	Checkout code	2025-05-21T01:26:52.4224430Z   repository: Ka0s-Klaus/ka0s
handle-success	Checkout code	2025-05-21T01:26:52.4224903Z   ssh-strict: true
handle-success	Checkout code	2025-05-21T01:26:52.4225275Z   ssh-user: git
handle-success	Checkout code	2025-05-21T01:26:52.4225658Z   persist-credentials: true
handle-success	Checkout code	2025-05-21T01:26:52.4226075Z   clean: true
handle-success	Checkout code	2025-05-21T01:26:52.4226457Z   sparse-checkout-cone-mode: true
handle-success	Checkout code	2025-05-21T01:26:52.4226917Z   fetch-tags: false
handle-success	Checkout code	2025-05-21T01:26:52.4227305Z   show-progress: true
handle-success	Checkout code	2025-05-21T01:26:52.4227695Z   lfs: false
handle-success	Checkout code	2025-05-21T01:26:52.4228039Z   submodules: false
handle-success	Checkout code	2025-05-21T01:26:52.4228428Z   set-safe-directory: true
handle-success	Checkout code	2025-05-21T01:26:52.4229700Z env:
handle-success	Checkout code	2025-05-21T01:26:52.4230184Z   KAOS_CODE: 15151333236
handle-success	Checkout code	2025-05-21T01:26:52.4230598Z   KAOS_EVENT_NAME: schedule
handle-success	Checkout code	2025-05-21T01:26:52.4231011Z   KAOS_ACTION: 
handle-success	Checkout code	2025-05-21T01:26:52.4231383Z   KAOS_REF: refs/heads/main
handle-success	Checkout code	2025-05-21T01:26:52.4231852Z   KAOS_MODULE: [Ka0S] Workflow Statistics Summary
handle-success	Checkout code	2025-05-21T01:26:52.4232426Z   KAOS_PATH_RESUME: core/outputs/w/
handle-success	Checkout code	2025-05-21T01:26:52.4232909Z   KAOS_JSON: core/results/event_data_
handle-success	Checkout code	2025-05-21T01:26:52.4233380Z   KAOS_ACTOR: ka0score
handle-success	Checkout code	2025-05-21T01:26:52.4233802Z   GH_REPO: github.com/Ka0s-Klaus/ka0s
handle-success	Checkout code	2025-05-21T01:26:52.4234265Z ##[endgroup]
handle-success	Checkout code	2025-05-21T01:26:52.5429541Z Syncing repository: Ka0s-Klaus/ka0s
handle-success	Checkout code	2025-05-21T01:26:52.5431734Z ##[group]Getting Git version info
handle-success	Checkout code	2025-05-21T01:26:52.5432400Z Working directory is '/actions-runner/_work/ka0s/ka0s'
handle-success	Checkout code	2025-05-21T01:26:52.5433289Z [command]/usr/bin/git version
handle-success	Checkout code	2025-05-21T01:26:52.5433739Z git version 2.43.0
handle-success	Checkout code	2025-05-21T01:26:52.5445144Z ##[endgroup]
handle-success	Checkout code	2025-05-21T01:26:52.5456997Z Copying '/home/kaos/.gitconfig' to '/actions-runner/_work/_temp/f1015b37-37b2-4627-a286-e63358849895/.gitconfig'
handle-success	Checkout code	2025-05-21T01:26:52.5468679Z Temporarily overriding HOME='/actions-runner/_work/_temp/f1015b37-37b2-4627-a286-e63358849895' before making global git config changes
handle-success	Checkout code	2025-05-21T01:26:52.5470397Z Adding repository directory to the temporary git global config as a safe directory
handle-success	Checkout code	2025-05-21T01:26:52.5474580Z [command]/usr/bin/git config --global --add safe.directory /actions-runner/_work/ka0s/ka0s
handle-success	Checkout code	2025-05-21T01:26:52.5521203Z [command]/usr/bin/git config --local --get remote.origin.url
handle-success	Checkout code	2025-05-21T01:26:52.5545018Z https://github.com/Ka0s-Klaus/ka0s
handle-success	Checkout code	2025-05-21T01:26:52.5563363Z ##[group]Removing previously created refs, to avoid conflicts
handle-success	Checkout code	2025-05-21T01:26:52.5567736Z [command]/usr/bin/git rev-parse --symbolic-full-name --verify --quiet HEAD
handle-success	Checkout code	2025-05-21T01:26:52.5592785Z refs/heads/main
handle-success	Checkout code	2025-05-21T01:26:52.5603258Z [command]/usr/bin/git checkout --detach
handle-success	Checkout code	2025-05-21T01:26:52.5819646Z HEAD is now at 6c6723dd [Ka0S] Update workflow statistics
handle-success	Checkout code	2025-05-21T01:26:52.5864801Z [command]/usr/bin/git branch --delete --force main
handle-success	Checkout code	2025-05-21T01:26:52.5898297Z Deleted branch main (was 6c6723dd).
handle-success	Checkout code	2025-05-21T01:26:52.5969197Z ##[endgroup]
handle-success	Checkout code	2025-05-21T01:26:52.5970629Z [command]/usr/bin/git submodule status
handle-success	Checkout code	2025-05-21T01:26:52.6222141Z ##[group]Cleaning the repository
handle-success	Checkout code	2025-05-21T01:26:52.6226250Z [command]/usr/bin/git clean -ffdx
handle-success	Checkout code	2025-05-21T01:26:52.6294883Z Removing core/outputs/w/issue-log-15151333236.json
handle-success	Checkout code	2025-05-21T01:26:52.6305036Z [command]/usr/bin/git reset --hard HEAD
handle-success	Checkout code	2025-05-21T01:26:52.6575700Z HEAD is now at 6c6723dd [Ka0S] Update workflow statistics
handle-success	Checkout code	2025-05-21T01:26:52.6581437Z ##[endgroup]
handle-success	Checkout code	2025-05-21T01:26:52.6582466Z ##[group]Disabling automatic garbage collection
handle-success	Checkout code	2025-05-21T01:26:52.6586006Z [command]/usr/bin/git config --local gc.auto 0
handle-success	Checkout code	2025-05-21T01:26:52.6618999Z ##[endgroup]
handle-success	Checkout code	2025-05-21T01:26:52.6619797Z ##[group]Setting up auth
handle-success	Checkout code	2025-05-21T01:26:52.6636050Z [command]/usr/bin/git config --local --name-only --get-regexp core\.sshCommand
handle-success	Checkout code	2025-05-21T01:26:52.6673433Z [command]/usr/bin/git submodule foreach --recursive sh -c "git config --local --name-only --get-regexp 'core\.sshCommand' && git config --local --unset-all 'core.sshCommand' || :"
handle-success	Checkout code	2025-05-21T01:26:52.6930082Z [command]/usr/bin/git config --local --name-only --get-regexp http\.https\:\/\/github\.com\/\.extraheader
handle-success	Checkout code	2025-05-21T01:26:52.6962424Z [command]/usr/bin/git submodule foreach --recursive sh -c "git config --local --name-only --get-regexp 'http\.https\:\/\/github\.com\/\.extraheader' && git config --local --unset-all 'http.https://github.com/.extraheader' || :"
handle-success	Checkout code	2025-05-21T01:26:52.7223725Z [command]/usr/bin/git config --local http.https://github.com/.extraheader AUTHORIZATION: basic ***
handle-success	Checkout code	2025-05-21T01:26:52.7266181Z ##[endgroup]
handle-success	Checkout code	2025-05-21T01:26:52.7274066Z ##[group]Fetching the repository
handle-success	Checkout code	2025-05-21T01:26:52.7275307Z [command]/usr/bin/git -c protocol.version=2 fetch --prune --no-recurse-submodules origin +refs/heads/*:refs/remotes/origin/* +refs/tags/*:refs/tags/*
handle-success	Checkout code	2025-05-21T01:26:53.4115343Z [command]/usr/bin/git branch --list --remote origin/main
handle-success	Checkout code	2025-05-21T01:26:53.4166851Z   origin/main
handle-success	Checkout code	2025-05-21T01:26:53.4181421Z [command]/usr/bin/git rev-parse refs/remotes/origin/main
handle-success	Checkout code	2025-05-21T01:26:53.4216052Z 6c6723dd88dd81d3f50472c146141757215fa65b
handle-success	Checkout code	2025-05-21T01:26:53.4236015Z [command]/usr/bin/git -c protocol.version=2 fetch --no-tags --prune --no-recurse-submodules origin +849ff2ca8108a38093dada070cb9fbe052f504f6:refs/remotes/origin/main
handle-success	Checkout code	2025-05-21T01:26:53.4384321Z From https://github.com/Ka0s-Klaus/ka0s
handle-success	Checkout code	2025-05-21T01:26:53.4387225Z  + 6c6723dd...849ff2ca 849ff2ca8108a38093dada070cb9fbe052f504f6 -> origin/main  (forced update)
handle-success	Checkout code	2025-05-21T01:26:53.4407962Z ##[endgroup]
handle-success	Checkout code	2025-05-21T01:26:53.4409508Z ##[group]Determining the checkout info
handle-success	Checkout code	2025-05-21T01:26:53.4411134Z ##[endgroup]
handle-success	Checkout code	2025-05-21T01:26:53.4413179Z [command]/usr/bin/git sparse-checkout disable
handle-success	Checkout code	2025-05-21T01:26:53.4511430Z [command]/usr/bin/git config --local --unset-all extensions.worktreeConfig
handle-success	Checkout code	2025-05-21T01:26:53.4528824Z ##[group]Checking out the ref
handle-success	Checkout code	2025-05-21T01:26:53.4533629Z [command]/usr/bin/git checkout --progress --force -B main refs/remotes/origin/main
handle-success	Checkout code	2025-05-21T01:26:53.4976222Z Warning: you are leaving 2 commits behind, not connected to
handle-success	Checkout code	2025-05-21T01:26:53.4979612Z any of your branches:
handle-success	Checkout code	2025-05-21T01:26:53.4980241Z 
handle-success	Checkout code	2025-05-21T01:26:53.4980797Z   6c6723dd [Ka0S] Update workflow statistics
handle-success	Checkout code	2025-05-21T01:26:53.4982114Z   9ca22953 [Ka0S] Update workflow resume files
handle-success	Checkout code	2025-05-21T01:26:53.4983024Z 
handle-success	Checkout code	2025-05-21T01:26:53.4983881Z If you want to keep them by creating a new branch, this may be a good time
handle-success	Checkout code	2025-05-21T01:26:53.4986458Z to do so with:
handle-success	Checkout code	2025-05-21T01:26:53.4986958Z 
handle-success	Checkout code	2025-05-21T01:26:53.4987437Z  git branch <new-branch-name> 6c6723dd
handle-success	Checkout code	2025-05-21T01:26:53.4988358Z 
handle-success	Checkout code	2025-05-21T01:26:53.4988814Z Switched to a new branch 'main'
handle-success	Checkout code	2025-05-21T01:26:53.4990105Z branch 'main' set up to track 'origin/main'.
handle-success	Checkout code	2025-05-21T01:26:53.5000857Z ##[endgroup]
handle-success	Checkout code	2025-05-21T01:26:53.5039204Z [command]/usr/bin/git log -1 --format=%H
handle-success	Checkout code	2025-05-21T01:26:53.5067479Z 849ff2ca8108a38093dada070cb9fbe052f504f6
handle-success	handle-success-execution	ï»¿2025-05-21T01:26:53.5325084Z ##[group]Run # RNNUMBER=$(echo "refs/heads/main" | grep -o '[0-9]*')
handle-success	handle-success-execution	2025-05-21T01:26:53.5326994Z [36;1m# RNNUMBER=$(echo "refs/heads/main" | grep -o '[0-9]*')[0m
handle-success	handle-success-execution	2025-05-21T01:26:53.5330559Z [36;1m# gh issue comment $RNNUMBER --body "El proceso ha finalizado correctamente 15151333236. El resultado estÃ¡ en el fichero core/results/event_data_15151333236.log"[0m
handle-success	handle-success-execution	2025-05-21T01:26:53.5334842Z [36;1mecho "El proceso ha finalizado correctamente 15151333236. El resultado estÃ¡ en el fichero core/results/event_data_15151333236.log"[0m
handle-success	handle-success-execution	2025-05-21T01:26:53.5347243Z shell: /usr/bin/bash -e {0}
handle-success	handle-success-execution	2025-05-21T01:26:53.5348193Z env:
handle-success	handle-success-execution	2025-05-21T01:26:53.5349110Z   KAOS_CODE: 15151333236
handle-success	handle-success-execution	2025-05-21T01:26:53.5350139Z   KAOS_EVENT_NAME: schedule
handle-success	handle-success-execution	2025-05-21T01:26:53.5351034Z   KAOS_ACTION: 
handle-success	handle-success-execution	2025-05-21T01:26:53.5351800Z   KAOS_REF: refs/heads/main
handle-success	handle-success-execution	2025-05-21T01:26:53.5352834Z   KAOS_MODULE: [Ka0S] Workflow Statistics Summary
handle-success	handle-success-execution	2025-05-21T01:26:53.5354031Z   KAOS_PATH_RESUME: core/outputs/w/
handle-success	handle-success-execution	2025-05-21T01:26:53.5355089Z   KAOS_JSON: core/results/event_data_
handle-success	handle-success-execution	2025-05-21T01:26:53.5356176Z   KAOS_ACTOR: ka0score
handle-success	handle-success-execution	2025-05-21T01:26:53.5357071Z   GH_REPO: github.com/Ka0s-Klaus/ka0s
handle-success	handle-success-execution	2025-05-21T01:26:53.5358536Z   GH_TOKEN: ***
handle-success	handle-success-execution	2025-05-21T01:26:53.5362140Z ##[endgroup]
handle-success	handle-success-execution	2025-05-21T01:26:53.5435181Z El proceso ha finalizado correctamente 15151333236. El resultado estÃ¡ en el fichero core/results/event_data_15151333236.log
handle-success	Post Checkout code	ï»¿2025-05-21T01:26:53.5600207Z Post job cleanup.
handle-success	Post Checkout code	2025-05-21T01:26:53.6623034Z [command]/usr/bin/git version
handle-success	Post Checkout code	2025-05-21T01:26:53.6667306Z git version 2.43.0
handle-success	Post Checkout code	2025-05-21T01:26:53.6710417Z Copying '/home/kaos/.gitconfig' to '/actions-runner/_work/_temp/187edac0-0503-47d7-b9f0-e438928dda67/.gitconfig'
handle-success	Post Checkout code	2025-05-21T01:26:53.6727236Z Temporarily overriding HOME='/actions-runner/_work/_temp/187edac0-0503-47d7-b9f0-e438928dda67' before making global git config changes
handle-success	Post Checkout code	2025-05-21T01:26:53.6732238Z Adding repository directory to the temporary git global config as a safe directory
handle-success	Post Checkout code	2025-05-21T01:26:53.6734742Z [command]/usr/bin/git config --global --add safe.directory /actions-runner/_work/ka0s/ka0s
handle-success	Post Checkout code	2025-05-21T01:26:53.6782500Z [command]/usr/bin/git config --local --name-only --get-regexp core\.sshCommand
handle-success	Post Checkout code	2025-05-21T01:26:53.6820680Z [command]/usr/bin/git submodule foreach --recursive sh -c "git config --local --name-only --get-regexp 'core\.sshCommand' && git config --local --unset-all 'core.sshCommand' || :"
handle-success	Post Checkout code	2025-05-21T01:26:53.7079745Z [command]/usr/bin/git config --local --name-only --get-regexp http\.https\:\/\/github\.com\/\.extraheader
handle-success	Post Checkout code	2025-05-21T01:26:53.7103307Z http.https://github.com/.extraheader
handle-success	Post Checkout code	2025-05-21T01:26:53.7116173Z [command]/usr/bin/git config --local --unset-all http.https://github.com/.extraheader
handle-success	Post Checkout code	2025-05-21T01:26:53.7153039Z [command]/usr/bin/git submodule foreach --recursive sh -c "git config --local --name-only --get-regexp 'http\.https\:\/\/github\.com\/\.extraheader' && git config --local --unset-all 'http.https://github.com/.extraheader' || :"
handle-success	Complete job	ï»¿2025-05-21T01:26:53.7533975Z Cleaning up orphan processes
end-workflow	Set up job	ï»¿2025-05-21T01:26:59.5076636Z Current runner version: '2.324.0'
end-workflow	Set up job	2025-05-21T01:26:59.5083751Z Runner name: 'ka0s-ka0s-5'
end-workflow	Set up job	2025-05-21T01:26:59.5084752Z Machine name: '85bf26d22df3'
end-workflow	Set up job	2025-05-21T01:26:59.5087409Z ##[group]GITHUB_TOKEN Permissions
end-workflow	Set up job	2025-05-21T01:26:59.5089943Z Contents: read
end-workflow	Set up job	2025-05-21T01:26:59.5090541Z Metadata: read
end-workflow	Set up job	2025-05-21T01:26:59.5091034Z Packages: read
end-workflow	Set up job	2025-05-21T01:26:59.5091655Z ##[endgroup]
end-workflow	Set up job	2025-05-21T01:26:59.5093849Z Secret source: Actions
end-workflow	Set up job	2025-05-21T01:26:59.5094514Z Prepare workflow directory
end-workflow	Set up job	2025-05-21T01:26:59.5718813Z Prepare all required actions
end-workflow	Set up job	2025-05-21T01:26:59.5763070Z Getting action download info
end-workflow	Set up job	2025-05-21T01:27:00.1555845Z Download action repository 'actions/checkout@v4' (SHA:11bd71901bbe5b1630ceea73d27597364c9af683)
end-workflow	Set up job	2025-05-21T01:27:00.9678641Z Complete job name: end-workflow
end-workflow	Checkout code	ï»¿2025-05-21T01:27:01.0124311Z ##[group]Run actions/checkout@v4
end-workflow	Checkout code	2025-05-21T01:27:01.0125119Z with:
end-workflow	Checkout code	2025-05-21T01:27:01.0125477Z   fetch-depth: 0
end-workflow	Checkout code	2025-05-21T01:27:01.0126068Z   token: ***
end-workflow	Checkout code	2025-05-21T01:27:01.0126449Z   repository: Ka0s-Klaus/ka0s
end-workflow	Checkout code	2025-05-21T01:27:01.0126928Z   ssh-strict: true
end-workflow	Checkout code	2025-05-21T01:27:01.0127302Z   ssh-user: git
end-workflow	Checkout code	2025-05-21T01:27:01.0127682Z   persist-credentials: true
end-workflow	Checkout code	2025-05-21T01:27:01.0128108Z   clean: true
end-workflow	Checkout code	2025-05-21T01:27:01.0128493Z   sparse-checkout-cone-mode: true
end-workflow	Checkout code	2025-05-21T01:27:01.0129155Z   fetch-tags: false
end-workflow	Checkout code	2025-05-21T01:27:01.0129667Z   show-progress: true
end-workflow	Checkout code	2025-05-21T01:27:01.0130054Z   lfs: false
end-workflow	Checkout code	2025-05-21T01:27:01.0130399Z   submodules: false
end-workflow	Checkout code	2025-05-21T01:27:01.0130794Z   set-safe-directory: true
end-workflow	Checkout code	2025-05-21T01:27:01.0131433Z env:
end-workflow	Checkout code	2025-05-21T01:27:01.0131919Z   KAOS_CODE: 15151333236
end-workflow	Checkout code	2025-05-21T01:27:01.0132460Z   KAOS_EVENT_NAME: schedule
end-workflow	Checkout code	2025-05-21T01:27:01.0132878Z   KAOS_ACTION: 
end-workflow	Checkout code	2025-05-21T01:27:01.0133246Z   KAOS_REF: refs/heads/main
end-workflow	Checkout code	2025-05-21T01:27:01.0133724Z   KAOS_MODULE: [Ka0S] Workflow Statistics Summary
end-workflow	Checkout code	2025-05-21T01:27:01.0134347Z   KAOS_PATH_RESUME: core/outputs/w/
end-workflow	Checkout code	2025-05-21T01:27:01.0134829Z   KAOS_JSON: core/results/event_data_
end-workflow	Checkout code	2025-05-21T01:27:01.0135299Z   KAOS_ACTOR: ka0score
end-workflow	Checkout code	2025-05-21T01:27:01.0135720Z   GH_REPO: github.com/Ka0s-Klaus/ka0s
end-workflow	Checkout code	2025-05-21T01:27:01.0136329Z   GH_TOKEN: ***
end-workflow	Checkout code	2025-05-21T01:27:01.0136696Z ##[endgroup]
end-workflow	Checkout code	2025-05-21T01:27:01.1294899Z Syncing repository: Ka0s-Klaus/ka0s
end-workflow	Checkout code	2025-05-21T01:27:01.1297053Z ##[group]Getting Git version info
end-workflow	Checkout code	2025-05-21T01:27:01.1297753Z Working directory is '/actions-runner/_work/ka0s/ka0s'
end-workflow	Checkout code	2025-05-21T01:27:01.1298690Z [command]/usr/bin/git version
end-workflow	Checkout code	2025-05-21T01:27:01.1299544Z git version 2.43.0
end-workflow	Checkout code	2025-05-21T01:27:01.1325040Z ##[endgroup]
end-workflow	Checkout code	2025-05-21T01:27:01.1336665Z Copying '/home/kaos/.gitconfig' to '/actions-runner/_work/_temp/7bdb1efe-6893-4604-b580-d511b7dd006e/.gitconfig'
end-workflow	Checkout code	2025-05-21T01:27:01.1347663Z Temporarily overriding HOME='/actions-runner/_work/_temp/7bdb1efe-6893-4604-b580-d511b7dd006e' before making global git config changes
end-workflow	Checkout code	2025-05-21T01:27:01.1349366Z Adding repository directory to the temporary git global config as a safe directory
end-workflow	Checkout code	2025-05-21T01:27:01.1354551Z [command]/usr/bin/git config --global --add safe.directory /actions-runner/_work/ka0s/ka0s
end-workflow	Checkout code	2025-05-21T01:27:01.1398174Z [command]/usr/bin/git config --local --get remote.origin.url
end-workflow	Checkout code	2025-05-21T01:27:01.1430206Z https://github.com/Ka0s-Klaus/ka0s
end-workflow	Checkout code	2025-05-21T01:27:01.1450125Z ##[group]Removing previously created refs, to avoid conflicts
end-workflow	Checkout code	2025-05-21T01:27:01.1455760Z [command]/usr/bin/git rev-parse --symbolic-full-name --verify --quiet HEAD
end-workflow	Checkout code	2025-05-21T01:27:01.1479629Z refs/heads/main
end-workflow	Checkout code	2025-05-21T01:27:01.1491106Z [command]/usr/bin/git checkout --detach
end-workflow	Checkout code	2025-05-21T01:27:01.1946771Z HEAD is now at 9ca22953 [Ka0S] Update workflow resume files
end-workflow	Checkout code	2025-05-21T01:27:01.1994973Z [command]/usr/bin/git branch --delete --force main
end-workflow	Checkout code	2025-05-21T01:27:01.2029234Z Deleted branch main (was 9ca22953).
end-workflow	Checkout code	2025-05-21T01:27:01.2101867Z ##[endgroup]
end-workflow	Checkout code	2025-05-21T01:27:01.2103437Z [command]/usr/bin/git submodule status
end-workflow	Checkout code	2025-05-21T01:27:01.2359548Z ##[group]Cleaning the repository
end-workflow	Checkout code	2025-05-21T01:27:01.2364709Z [command]/usr/bin/git clean -ffdx
end-workflow	Checkout code	2025-05-21T01:27:01.2440080Z [command]/usr/bin/git reset --hard HEAD
end-workflow	Checkout code	2025-05-21T01:27:01.2702841Z HEAD is now at 9ca22953 [Ka0S] Update workflow resume files
end-workflow	Checkout code	2025-05-21T01:27:01.2708426Z ##[endgroup]
end-workflow	Checkout code	2025-05-21T01:27:01.2709755Z ##[group]Disabling automatic garbage collection
end-workflow	Checkout code	2025-05-21T01:27:01.2714943Z [command]/usr/bin/git config --local gc.auto 0
end-workflow	Checkout code	2025-05-21T01:27:01.2747167Z ##[endgroup]
end-workflow	Checkout code	2025-05-21T01:27:01.2748028Z ##[group]Setting up auth
end-workflow	Checkout code	2025-05-21T01:27:01.2754615Z [command]/usr/bin/git config --local --name-only --get-regexp core\.sshCommand
end-workflow	Checkout code	2025-05-21T01:27:01.2791797Z [command]/usr/bin/git submodule foreach --recursive sh -c "git config --local --name-only --get-regexp 'core\.sshCommand' && git config --local --unset-all 'core.sshCommand' || :"
end-workflow	Checkout code	2025-05-21T01:27:01.3049180Z [command]/usr/bin/git config --local --name-only --get-regexp http\.https\:\/\/github\.com\/\.extraheader
end-workflow	Checkout code	2025-05-21T01:27:01.3079730Z [command]/usr/bin/git submodule foreach --recursive sh -c "git config --local --name-only --get-regexp 'http\.https\:\/\/github\.com\/\.extraheader' && git config --local --unset-all 'http.https://github.com/.extraheader' || :"
end-workflow	Checkout code	2025-05-21T01:27:01.3339703Z [command]/usr/bin/git config --local http.https://github.com/.extraheader AUTHORIZATION: basic ***
end-workflow	Checkout code	2025-05-21T01:27:01.3382524Z ##[endgroup]
end-workflow	Checkout code	2025-05-21T01:27:01.3383381Z ##[group]Fetching the repository
end-workflow	Checkout code	2025-05-21T01:27:01.3390581Z [command]/usr/bin/git -c protocol.version=2 fetch --prune --no-recurse-submodules origin +refs/heads/*:refs/remotes/origin/* +refs/tags/*:refs/tags/*
end-workflow	Checkout code	2025-05-21T01:27:02.3014639Z From https://github.com/Ka0s-Klaus/ka0s
end-workflow	Checkout code	2025-05-21T01:27:02.3015969Z    9ca22953..6c6723dd  main       -> origin/main
end-workflow	Checkout code	2025-05-21T01:27:02.3073961Z [command]/usr/bin/git branch --list --remote origin/main
end-workflow	Checkout code	2025-05-21T01:27:02.3106388Z   origin/main
end-workflow	Checkout code	2025-05-21T01:27:02.3116043Z [command]/usr/bin/git rev-parse refs/remotes/origin/main
end-workflow	Checkout code	2025-05-21T01:27:02.3141325Z 6c6723dd88dd81d3f50472c146141757215fa65b
end-workflow	Checkout code	2025-05-21T01:27:02.3153117Z [command]/usr/bin/git -c protocol.version=2 fetch --no-tags --prune --no-recurse-submodules origin +849ff2ca8108a38093dada070cb9fbe052f504f6:refs/remotes/origin/main
end-workflow	Checkout code	2025-05-21T01:27:02.3279875Z From https://github.com/Ka0s-Klaus/ka0s
end-workflow	Checkout code	2025-05-21T01:27:02.3281463Z  + 6c6723dd...849ff2ca 849ff2ca8108a38093dada070cb9fbe052f504f6 -> origin/main  (forced update)
end-workflow	Checkout code	2025-05-21T01:27:02.3303414Z ##[endgroup]
end-workflow	Checkout code	2025-05-21T01:27:02.3304522Z ##[group]Determining the checkout info
end-workflow	Checkout code	2025-05-21T01:27:02.3305587Z ##[endgroup]
end-workflow	Checkout code	2025-05-21T01:27:02.3308146Z [command]/usr/bin/git sparse-checkout disable
end-workflow	Checkout code	2025-05-21T01:27:02.3388820Z [command]/usr/bin/git config --local --unset-all extensions.worktreeConfig
end-workflow	Checkout code	2025-05-21T01:27:02.3420614Z ##[group]Checking out the ref
end-workflow	Checkout code	2025-05-21T01:27:02.3424758Z [command]/usr/bin/git checkout --progress --force -B main refs/remotes/origin/main
end-workflow	Checkout code	2025-05-21T01:27:02.3798525Z Warning: you are leaving 1 commit behind, not connected to
end-workflow	Checkout code	2025-05-21T01:27:02.3799937Z any of your branches:
end-workflow	Checkout code	2025-05-21T01:27:02.3800294Z 
end-workflow	Checkout code	2025-05-21T01:27:02.3800745Z   9ca22953 [Ka0S] Update workflow resume files
end-workflow	Checkout code	2025-05-21T01:27:02.3801433Z 
end-workflow	Checkout code	2025-05-21T01:27:02.3801894Z If you want to keep it by creating a new branch, this may be a good time
end-workflow	Checkout code	2025-05-21T01:27:02.3802806Z to do so with:
end-workflow	Checkout code	2025-05-21T01:27:02.3803109Z 
end-workflow	Checkout code	2025-05-21T01:27:02.3803533Z  git branch <new-branch-name> 9ca22953
end-workflow	Checkout code	2025-05-21T01:27:02.3804143Z 
end-workflow	Checkout code	2025-05-21T01:27:02.3808094Z Switched to a new branch 'main'
end-workflow	Checkout code	2025-05-21T01:27:02.3808994Z branch 'main' set up to track 'origin/main'.
end-workflow	Checkout code	2025-05-21T01:27:02.3819646Z ##[endgroup]
end-workflow	Checkout code	2025-05-21T01:27:02.3863938Z [command]/usr/bin/git log -1 --format=%H
end-workflow	Checkout code	2025-05-21T01:27:02.3890260Z 849ff2ca8108a38093dada070cb9fbe052f504f6
end-workflow	Finaliza el workflow	ï»¿2025-05-21T01:27:02.4119638Z ##[group]Run echo "End process"
end-workflow	Finaliza el workflow	2025-05-21T01:27:02.4120471Z [36;1mecho "End process"[0m
end-workflow	Finaliza el workflow	2025-05-21T01:27:02.4121294Z [36;1m# RNNUMBER=$(echo "refs/heads/main" | grep -o '[0-9]*')[0m
end-workflow	Finaliza el workflow	2025-05-21T01:27:02.4122460Z [36;1m# gh issue comment $RNNUMBER --body "Se finaliza Ka0s 15151333236"[0m
end-workflow	Finaliza el workflow	2025-05-21T01:27:02.4123457Z [36;1mecho "Se finaliza Ka0s 15151333236"[0m
end-workflow	Finaliza el workflow	2025-05-21T01:27:02.4125193Z [36;1mgh workflow run inspector.yml --ref 'main' -f kaos-issue-id=$RNNUMBER -f kaos-workflow-id="15151333236" -f kaos-user-start=""[0m
end-workflow	Finaliza el workflow	2025-05-21T01:27:02.4136272Z shell: /usr/bin/bash -e {0}
end-workflow	Finaliza el workflow	2025-05-21T01:27:02.4136913Z env:
end-workflow	Finaliza el workflow	2025-05-21T01:27:02.4137373Z   KAOS_CODE: 15151333236
end-workflow	Finaliza el workflow	2025-05-21T01:27:02.4137957Z   KAOS_EVENT_NAME: schedule
end-workflow	Finaliza el workflow	2025-05-21T01:27:02.4138551Z   KAOS_ACTION: 
end-workflow	Finaliza el workflow	2025-05-21T01:27:02.4139126Z   KAOS_REF: refs/heads/main
end-workflow	Finaliza el workflow	2025-05-21T01:27:02.4139802Z   KAOS_MODULE: [Ka0S] Workflow Statistics Summary
end-workflow	Finaliza el workflow	2025-05-21T01:27:02.4140608Z   KAOS_PATH_RESUME: core/outputs/w/
end-workflow	Finaliza el workflow	2025-05-21T01:27:02.4141309Z   KAOS_JSON: core/results/event_data_
end-workflow	Finaliza el workflow	2025-05-21T01:27:02.4142035Z   KAOS_ACTOR: ka0score
end-workflow	Finaliza el workflow	2025-05-21T01:27:02.4142614Z   GH_REPO: github.com/Ka0s-Klaus/ka0s
end-workflow	Finaliza el workflow	2025-05-21T01:27:02.4143562Z   GH_TOKEN: ***
end-workflow	Finaliza el workflow	2025-05-21T01:27:02.4144063Z ##[endgroup]
end-workflow	Finaliza el workflow	2025-05-21T01:27:02.4196420Z End process
end-workflow	Finaliza el workflow	2025-05-21T01:27:02.4197167Z Se finaliza Ka0s 15151333236
end-workflow	Post Checkout code	ï»¿2025-05-21T01:27:03.0827067Z Post job cleanup.
end-workflow	Post Checkout code	2025-05-21T01:27:03.1830262Z [command]/usr/bin/git version
end-workflow	Post Checkout code	2025-05-21T01:27:03.1872512Z git version 2.43.0
end-workflow	Post Checkout code	2025-05-21T01:27:03.1915706Z Copying '/home/kaos/.gitconfig' to '/actions-runner/_work/_temp/5ceffca5-16e5-43d4-8bd0-9e719ed11d45/.gitconfig'
end-workflow	Post Checkout code	2025-05-21T01:27:03.1928366Z Temporarily overriding HOME='/actions-runner/_work/_temp/5ceffca5-16e5-43d4-8bd0-9e719ed11d45' before making global git config changes
end-workflow	Post Checkout code	2025-05-21T01:27:03.1932495Z Adding repository directory to the temporary git global config as a safe directory
end-workflow	Post Checkout code	2025-05-21T01:27:03.1935042Z [command]/usr/bin/git config --global --add safe.directory /actions-runner/_work/ka0s/ka0s
end-workflow	Post Checkout code	2025-05-21T01:27:03.1975675Z [command]/usr/bin/git config --local --name-only --get-regexp core\.sshCommand
end-workflow	Post Checkout code	2025-05-21T01:27:03.2021542Z [command]/usr/bin/git submodule foreach --recursive sh -c "git config --local --name-only --get-regexp 'core\.sshCommand' && git config --local --unset-all 'core.sshCommand' || :"
end-workflow	Post Checkout code	2025-05-21T01:27:03.2282778Z [command]/usr/bin/git config --local --name-only --get-regexp http\.https\:\/\/github\.com\/\.extraheader
end-workflow	Post Checkout code	2025-05-21T01:27:03.2378060Z http.https://github.com/.extraheader
end-workflow	Post Checkout code	2025-05-21T01:27:03.2382261Z [command]/usr/bin/git config --local --unset-all http.https://github.com/.extraheader
end-workflow	Post Checkout code	2025-05-21T01:27:03.2387667Z [command]/usr/bin/git submodule foreach --recursive sh -c "git config --local --name-only --get-regexp 'http\.https\:\/\/github\.com\/\.extraheader' && git config --local --unset-all 'http.https://github.com/.extraheader' || :"
end-workflow	Complete job	ï»¿2025-05-21T01:27:03.2741495Z Cleaning up orphan processes
