job-core	Set up job	2025-02-10T13:37:56.8472604Z Current runner version: '2.322.0'
job-core	Set up job	2025-02-10T13:37:56.8479783Z Runner name: 'ka0s-2'
job-core	Set up job	2025-02-10T13:37:56.8480527Z Runner group name: 'ka0s'
job-core	Set up job	2025-02-10T13:37:56.8481359Z Machine name: '5613a8be5fd6'
job-core	Set up job	2025-02-10T13:37:56.8484133Z ##[group]GITHUB_TOKEN Permissions
job-core	Set up job	2025-02-10T13:37:56.8486660Z Contents: read
job-core	Set up job	2025-02-10T13:37:56.8487205Z Metadata: read
job-core	Set up job	2025-02-10T13:37:56.8487701Z Packages: read
job-core	Set up job	2025-02-10T13:37:56.8488183Z ##[endgroup]
job-core	Set up job	2025-02-10T13:37:56.8490137Z Secret source: Actions
job-core	Set up job	2025-02-10T13:37:56.8490821Z Prepare workflow directory
job-core	Set up job	2025-02-10T13:37:56.9040077Z Prepare all required actions
job-core	Set up job	2025-02-10T13:37:56.9078458Z Getting action download info
job-core	Set up job	2025-02-10T13:37:57.1263094Z Download action repository 'actions/checkout@v4' (SHA:11bd71901bbe5b1630ceea73d27597364c9af683)
job-core	Set up job	2025-02-10T13:37:58.0156570Z Complete job name: job-core
job-core	Checkout code	2025-02-10T13:37:58.0659128Z ##[group]Run actions/checkout@v4
job-core	Checkout code	2025-02-10T13:37:58.0660162Z with:
job-core	Checkout code	2025-02-10T13:37:58.0683132Z   fetch-depth: 0
job-core	Checkout code	2025-02-10T13:37:58.0684617Z   token: ***
job-core	Checkout code	2025-02-10T13:37:58.0685239Z   repository: Ka0s-Klaus/ka0s
job-core	Checkout code	2025-02-10T13:37:58.0685721Z   ssh-strict: true
job-core	Checkout code	2025-02-10T13:37:58.0686143Z   ssh-user: git
job-core	Checkout code	2025-02-10T13:37:58.0686565Z   persist-credentials: true
job-core	Checkout code	2025-02-10T13:37:58.0687022Z   clean: true
job-core	Checkout code	2025-02-10T13:37:58.0687441Z   sparse-checkout-cone-mode: true
job-core	Checkout code	2025-02-10T13:37:58.0687942Z   fetch-tags: false
job-core	Checkout code	2025-02-10T13:37:58.0688373Z   show-progress: true
job-core	Checkout code	2025-02-10T13:37:58.0688798Z   lfs: false
job-core	Checkout code	2025-02-10T13:37:58.0689191Z   submodules: false
job-core	Checkout code	2025-02-10T13:37:58.0689626Z   set-safe-directory: true
job-core	Checkout code	2025-02-10T13:37:58.0690539Z env:
job-core	Checkout code	2025-02-10T13:37:58.0690938Z   KAOS_CODE: 13242166440
job-core	Checkout code	2025-02-10T13:37:58.0691386Z   KAOS_EVENT_NAME: push
job-core	Checkout code	2025-02-10T13:37:58.0691831Z   KAOS_ACTION: 
job-core	Checkout code	2025-02-10T13:37:58.0692254Z   KAOS_MODULE: [Ka0S] kaos
job-core	Checkout code	2025-02-10T13:37:58.0692724Z   KAOS_PATH_RESUME: core/results/
job-core	Checkout code	2025-02-10T13:37:58.0693252Z   GITHUB_OUTPUT: 
job-core	Checkout code	2025-02-10T13:37:58.0693659Z ##[endgroup]
job-core	Checkout code	2025-02-10T13:37:58.1930811Z Syncing repository: Ka0s-Klaus/ka0s
job-core	Checkout code	2025-02-10T13:37:58.1933074Z ##[group]Getting Git version info
job-core	Checkout code	2025-02-10T13:37:58.1933835Z Working directory is '/actions-runner/_work/ka0s/ka0s'
job-core	Checkout code	2025-02-10T13:37:58.1935324Z [command]/usr/bin/git version
job-core	Checkout code	2025-02-10T13:37:58.1935864Z git version 2.25.1
job-core	Checkout code	2025-02-10T13:37:58.1952610Z ##[endgroup]
job-core	Checkout code	2025-02-10T13:37:58.1964644Z Copying '/home/kaos/.gitconfig' to '/actions-runner/_work/_temp/e2c758b6-bc3e-487d-bcbe-ada33d3bff8a/.gitconfig'
job-core	Checkout code	2025-02-10T13:37:58.1978173Z Temporarily overriding HOME='/actions-runner/_work/_temp/e2c758b6-bc3e-487d-bcbe-ada33d3bff8a' before making global git config changes
job-core	Checkout code	2025-02-10T13:37:58.1979895Z Adding repository directory to the temporary git global config as a safe directory
job-core	Checkout code	2025-02-10T13:37:58.1984574Z [command]/usr/bin/git config --global --add safe.directory /actions-runner/_work/ka0s/ka0s
job-core	Checkout code	2025-02-10T13:37:58.2034033Z [command]/usr/bin/git config --local --get remote.origin.url
job-core	Checkout code	2025-02-10T13:37:58.2061480Z https://github.com/Ka0s-Klaus/ka0s
job-core	Checkout code	2025-02-10T13:37:58.2082557Z ##[group]Removing previously created refs, to avoid conflicts
job-core	Checkout code	2025-02-10T13:37:58.2088304Z [command]/usr/bin/git rev-parse --symbolic-full-name --verify --quiet HEAD
job-core	Checkout code	2025-02-10T13:37:58.2114893Z refs/heads/main
job-core	Checkout code	2025-02-10T13:37:58.2126278Z [command]/usr/bin/git checkout --detach
job-core	Checkout code	2025-02-10T13:37:58.2178324Z HEAD is now at 0de3c94 [Ka0S] Uploading resume execution files to the repository...
job-core	Checkout code	2025-02-10T13:37:58.2232022Z [command]/usr/bin/git branch --delete --force main
job-core	Checkout code	2025-02-10T13:37:58.2266561Z Deleted branch main (was 0de3c94).
job-core	Checkout code	2025-02-10T13:37:58.2313503Z ##[endgroup]
job-core	Checkout code	2025-02-10T13:37:58.2315365Z [command]/usr/bin/git submodule status
job-core	Checkout code	2025-02-10T13:37:58.2636796Z ##[group]Cleaning the repository
job-core	Checkout code	2025-02-10T13:37:58.2641968Z [command]/usr/bin/git clean -ffdx
job-core	Checkout code	2025-02-10T13:37:58.2676508Z Removing core/results/commit-summary-.txt
job-core	Checkout code	2025-02-10T13:37:58.2677517Z Removing core/results/files-in-commit-.txt
job-core	Checkout code	2025-02-10T13:37:58.2678209Z Removing event_data.json
job-core	Checkout code	2025-02-10T13:37:58.2688891Z [command]/usr/bin/git reset --hard HEAD
job-core	Checkout code	2025-02-10T13:37:58.2741913Z HEAD is now at 0de3c94 [Ka0S] Uploading resume execution files to the repository...
job-core	Checkout code	2025-02-10T13:37:58.2747400Z ##[endgroup]
job-core	Checkout code	2025-02-10T13:37:58.2767734Z ##[group]Disabling automatic garbage collection
job-core	Checkout code	2025-02-10T13:37:58.2769154Z [command]/usr/bin/git config --local gc.auto 0
job-core	Checkout code	2025-02-10T13:37:58.2809346Z ##[endgroup]
job-core	Checkout code	2025-02-10T13:37:58.2810667Z ##[group]Setting up auth
job-core	Checkout code	2025-02-10T13:37:58.2813439Z [command]/usr/bin/git config --local --name-only --get-regexp core\.sshCommand
job-core	Checkout code	2025-02-10T13:37:58.2851925Z [command]/usr/bin/git submodule foreach --recursive sh -c "git config --local --name-only --get-regexp 'core\.sshCommand' && git config --local --unset-all 'core.sshCommand' || :"
job-core	Checkout code	2025-02-10T13:37:58.3194856Z [command]/usr/bin/git config --local --name-only --get-regexp http\.https\:\/\/github\.com\/\.extraheader
job-core	Checkout code	2025-02-10T13:37:58.3232644Z [command]/usr/bin/git submodule foreach --recursive sh -c "git config --local --name-only --get-regexp 'http\.https\:\/\/github\.com\/\.extraheader' && git config --local --unset-all 'http.https://github.com/.extraheader' || :"
job-core	Checkout code	2025-02-10T13:37:58.3567167Z [command]/usr/bin/git config --local http.https://github.com/.extraheader AUTHORIZATION: basic ***
job-core	Checkout code	2025-02-10T13:37:58.3615751Z ##[endgroup]
job-core	Checkout code	2025-02-10T13:37:58.3617124Z ##[group]Fetching the repository
job-core	Checkout code	2025-02-10T13:37:58.3624928Z [command]/usr/bin/git -c protocol.version=2 fetch --prune --no-recurse-submodules origin +refs/heads/*:refs/remotes/origin/* +refs/tags/*:refs/tags/*
job-core	Checkout code	2025-02-10T13:37:59.0161939Z From https://github.com/Ka0s-Klaus/ka0s
job-core	Checkout code	2025-02-10T13:37:59.0163483Z    0de3c94..c9263d5  main       -> origin/main
job-core	Checkout code	2025-02-10T13:37:59.0194184Z [command]/usr/bin/git branch --list --remote origin/main
job-core	Checkout code	2025-02-10T13:37:59.0221826Z   origin/main
job-core	Checkout code	2025-02-10T13:37:59.0232090Z [command]/usr/bin/git rev-parse refs/remotes/origin/main
job-core	Checkout code	2025-02-10T13:37:59.0257097Z c9263d57a1d9dd410cde4406ae133ad549324c59
job-core	Checkout code	2025-02-10T13:37:59.0260882Z ##[endgroup]
job-core	Checkout code	2025-02-10T13:37:59.0262844Z ##[group]Determining the checkout info
job-core	Checkout code	2025-02-10T13:37:59.0264776Z ##[endgroup]
job-core	Checkout code	2025-02-10T13:37:59.0266242Z ##[group]Checking out the ref
job-core	Checkout code	2025-02-10T13:37:59.0268571Z [command]/usr/bin/git checkout --progress --force -B main refs/remotes/origin/main
job-core	Checkout code	2025-02-10T13:37:59.0329444Z Previous HEAD position was 0de3c94 [Ka0S] Uploading resume execution files to the repository...
job-core	Checkout code	2025-02-10T13:37:59.0334613Z Switched to a new branch 'main'
job-core	Checkout code	2025-02-10T13:37:59.0336379Z Branch 'main' set up to track remote branch 'main' from 'origin'.
job-core	Checkout code	2025-02-10T13:37:59.0347706Z ##[endgroup]
job-core	Checkout code	2025-02-10T13:37:59.0446945Z [command]/usr/bin/git log -1 --format=%H
job-core	Checkout code	2025-02-10T13:37:59.0448485Z c9263d57a1d9dd410cde4406ae133ad549324c59
job-core	Validate file extensions	2025-02-10T13:37:59.0654729Z ##[group]Run IFS=' ' read -r -a extensions <<< "***"
job-core	Validate file extensions	2025-02-10T13:37:59.0656517Z [36;1mIFS=' ' read -r -a extensions <<< "***"[0m
job-core	Validate file extensions	2025-02-10T13:37:59.0658010Z [36;1mfor file in $(git diff --name-only HEAD~1 HEAD); do[0m
job-core	Validate file extensions	2025-02-10T13:37:59.0659411Z [36;1mextension="${file##*.}"[0m
job-core	Validate file extensions	2025-02-10T13:37:59.0660717Z [36;1m  if [[ ! " ${extensions[@]} " =~ " ${extension} " ]]; then[0m
job-core	Validate file extensions	2025-02-10T13:37:59.0662335Z [36;1m    echo "File $file has an invalid extension: $extension"[0m
job-core	Validate file extensions	2025-02-10T13:37:59.0663707Z [36;1m  fi[0m
job-core	Validate file extensions	2025-02-10T13:37:59.0664582Z [36;1mdone[0m
job-core	Validate file extensions	2025-02-10T13:37:59.0676155Z shell: /usr/bin/bash -e {0}
job-core	Validate file extensions	2025-02-10T13:37:59.0677191Z env:
job-core	Validate file extensions	2025-02-10T13:37:59.0677965Z   KAOS_CODE: 13242166440
job-core	Validate file extensions	2025-02-10T13:37:59.0678927Z   KAOS_EVENT_NAME: push
job-core	Validate file extensions	2025-02-10T13:37:59.0679846Z   KAOS_ACTION: 
job-core	Validate file extensions	2025-02-10T13:37:59.0680693Z   KAOS_MODULE: [Ka0S] kaos
job-core	Validate file extensions	2025-02-10T13:37:59.0681705Z   KAOS_PATH_RESUME: core/results/
job-core	Validate file extensions	2025-02-10T13:37:59.0682762Z   GITHUB_OUTPUT: 
job-core	Validate file extensions	2025-02-10T13:37:59.0683605Z ##[endgroup]
job-core	Validate file extensions	2025-02-10T13:37:59.0779936Z File core/outputs/e/13242148326.json has an invalid extension: json
job-core	Validate file extensions	2025-02-10T13:37:59.0782199Z File core/outputs/e/13242148326.log has an invalid extension: log
job-core	Crear JSON	2025-02-10T13:37:59.0860728Z ##[group]Run echo "{}" > event_data.json
job-core	Crear JSON	2025-02-10T13:37:59.0862066Z [36;1mecho "{}" > event_data.json[0m
job-core	Crear JSON	2025-02-10T13:37:59.0863452Z [36;1mcase "push" in[0m
job-core	Crear JSON	2025-02-10T13:37:59.0864844Z [36;1m  "push")[0m
job-core	Crear JSON	2025-02-10T13:37:59.0867793Z [36;1m    echo "{\"event\": \"push\", \"ref\": \"refs/heads/main\", \"sha\": \"c9263d57a1d9dd410cde4406ae133ad549324c59\"}" > event_data.json # Ejemplo: {"event": "push", "ref": "refs/heads/main", "sha": "abc123"}[0m
job-core	Crear JSON	2025-02-10T13:37:59.0870904Z [36;1m    echo "Variable github.action=crear_json"[0m
job-core	Crear JSON	2025-02-10T13:37:59.0872232Z [36;1m    echo "Variable github.event.action="[0m
job-core	Crear JSON	2025-02-10T13:37:59.0873666Z [36;1m    echo "Variable github.event.pusher.name=ka0score"[0m
job-core	Crear JSON	2025-02-10T13:37:59.0875929Z [36;1m    echo "variable github.event.pusher.email=ka0s@ka0s.io" [0m
job-core	Crear JSON	2025-02-10T13:37:59.0877505Z [36;1m    echo "Variable github.event.issue.number="[0m
job-core	Crear JSON	2025-02-10T13:37:59.0880106Z [36;1m    # Crear un fichero de resumen con todos los datos de los commits asociados, esta información es usada en todo el ciclo de vida del workflow[0m
job-core	Crear JSON	2025-02-10T13:37:59.0885177Z [36;1m    git log 0de3c94d74c7669e01054e95c01ae19c280632a3..c9263d57a1d9dd410cde4406ae133ad549324c59 --pretty=format:'%H%n%an%n%ae%n%ad%n%s' > core/results/commit-summary-$KAOS_CODE_FILES.txt[0m
job-core	Crear JSON	2025-02-10T13:37:59.0888843Z [36;1m    # Crear un fichero con la ruta completa y el nombre ficheros implicados en el commit[0m
job-core	Crear JSON	2025-02-10T13:37:59.0892233Z [36;1m    git diff --name-only 0de3c94d74c7669e01054e95c01ae19c280632a3 c9263d57a1d9dd410cde4406ae133ad549324c59 > core/results/files-in-commit-$KAOS_CODE_FILES.txt[0m
job-core	Crear JSON	2025-02-10T13:37:59.0896037Z [36;1m    INVOLVED=core/results/files-in-commit-$KAOS_CODE_FILES.txt[0m
job-core	Crear JSON	2025-02-10T13:37:59.0897629Z [36;1m    echo "INVOLVED=$INVOLVED" >> $GITHUB_OUTPUT[0m
job-core	Crear JSON	2025-02-10T13:37:59.0898799Z [36;1m    ;;[0m
job-core	Crear JSON	2025-02-10T13:37:59.0899608Z [36;1m  "pull_request")[0m
job-core	Crear JSON	2025-02-10T13:37:59.0901721Z [36;1m    echo "{\"event\": \"pull_request\", \"action\": \"\", \"number\": \"\"}" > event_data.json # Ejemplo: {"event": "pull_request", "action": "opened", "number": "42"}[0m
job-core	Crear JSON	2025-02-10T13:37:59.0903946Z [36;1m    ;;[0m
job-core	Crear JSON	2025-02-10T13:37:59.0905205Z [36;1m  "issues")[0m
job-core	Crear JSON	2025-02-10T13:37:59.0907025Z [36;1m    echo "{\"event\": \"issues\", \"action\": \"\", \"issue\": \"\"}" > event_data.json # Ejemplo: {"event": "issues", "action": "opened", "issue": "99"}[0m
job-core	Crear JSON	2025-02-10T13:37:59.0909024Z [36;1m    ;;[0m
job-core	Crear JSON	2025-02-10T13:37:59.0909823Z [36;1m  "issue_comment")[0m
job-core	Crear JSON	2025-02-10T13:37:59.0912017Z [36;1m    echo "{\"event\": \"issue_comment\", \"action\": \"\", \"comment\": \"\"}" > event_data.json # Ejemplo: {"event": "issue_comment", "action": "created", "comment": "123456"}[0m
job-core	Crear JSON	2025-02-10T13:37:59.0914704Z [36;1m    ;;[0m
job-core	Crear JSON	2025-02-10T13:37:59.0915489Z [36;1m  "create")[0m
job-core	Crear JSON	2025-02-10T13:37:59.0917827Z [36;1m    echo "{\"event\": \"create\", \"ref\": \"refs/heads/main\", \"ref_type\": \"refs/heads/main\"}" > event_data.json # Ejemplo: {"event": "create", "ref": "refs/tags/v1.0", "ref_type": "tag"}[0m
job-core	Crear JSON	2025-02-10T13:37:59.0920371Z [36;1m    ;;[0m
job-core	Crear JSON	2025-02-10T13:37:59.0921285Z [36;1m  "delete")[0m
job-core	Crear JSON	2025-02-10T13:37:59.0923819Z [36;1m    echo "{\"event\": \"delete\", \"ref\": \"refs/heads/main\", \"ref_type\": \"refs/heads/main\"}" > event_data.json # Ejemplo: {"event": "delete", "ref": "refs/heads/feature-branch", "ref_type": "branch"}[0m
job-core	Crear JSON	2025-02-10T13:37:59.0926899Z [36;1m    ;;[0m
job-core	Crear JSON	2025-02-10T13:37:59.0927689Z [36;1m  "release")[0m
job-core	Crear JSON	2025-02-10T13:37:59.0929681Z [36;1m    echo "{\"event\": \"release\", \"action\": \"\", \"release\": \"\"}" > event_data.json # Ejemplo: {"event": "release", "action": "published", "release": "v1.0"}[0m
job-core	Crear JSON	2025-02-10T13:37:59.0931836Z [36;1m    ;;[0m
job-core	Crear JSON	2025-02-10T13:37:59.0932636Z [36;1m  "watch")[0m
job-core	Crear JSON	2025-02-10T13:37:59.0934555Z [36;1m    echo "{\"event\": \"watch\", \"action\": \"\"}" > event_data.json # Ejemplo: {"event": "watch", "action": "started"}[0m
job-core	Crear JSON	2025-02-10T13:37:59.0936455Z [36;1m    ;;[0m
job-core	Crear JSON	2025-02-10T13:37:59.0937280Z [36;1m  "repository_dispatch")[0m
job-core	Crear JSON	2025-02-10T13:37:59.0939785Z [36;1m    echo "{\"event\": \"repository_dispatch\", \"action\": \"\"}" > event_data.json # Ejemplo: {"event": "repository_dispatch", "action": "custom-event"}[0m
job-core	Crear JSON	2025-02-10T13:37:59.0942124Z [36;1m    ;;[0m
job-core	Crear JSON	2025-02-10T13:37:59.0942951Z [36;1m  "workflow_dispatch")[0m
job-core	Crear JSON	2025-02-10T13:37:59.0945259Z [36;1m    echo "{\"event\": \"workflow_dispatch\"}" > event_data.json # Ejemplo: {"event": "workflow_dispatch"}[0m
job-core	Crear JSON	2025-02-10T13:37:59.0946991Z [36;1m    ;;[0m
job-core	Crear JSON	2025-02-10T13:37:59.0947760Z [36;1m  *)[0m
job-core	Crear JSON	2025-02-10T13:37:59.0948983Z [36;1m    echo "{\"event\": \"unknown\"}" > event_data.json # Ejemplo: {"event": "unknown"}[0m
job-core	Crear JSON	2025-02-10T13:37:59.0950471Z [36;1m    ;;[0m
job-core	Crear JSON	2025-02-10T13:37:59.0951240Z [36;1mesac[0m
job-core	Crear JSON	2025-02-10T13:37:59.0959123Z shell: /usr/bin/bash -e {0}
job-core	Crear JSON	2025-02-10T13:37:59.0960063Z env:
job-core	Crear JSON	2025-02-10T13:37:59.0960783Z   KAOS_CODE: 13242166440
job-core	Crear JSON	2025-02-10T13:37:59.0961692Z   KAOS_EVENT_NAME: push
job-core	Crear JSON	2025-02-10T13:37:59.0962534Z   KAOS_ACTION: 
job-core	Crear JSON	2025-02-10T13:37:59.0963343Z   KAOS_MODULE: [Ka0S] kaos
job-core	Crear JSON	2025-02-10T13:37:59.0965017Z   KAOS_PATH_RESUME: core/results/
job-core	Crear JSON	2025-02-10T13:37:59.0965988Z   GITHUB_OUTPUT: 
job-core	Crear JSON	2025-02-10T13:37:59.0966757Z ##[endgroup]
job-core	Crear JSON	2025-02-10T13:37:59.1010258Z Variable github.action=crear_json
job-core	Crear JSON	2025-02-10T13:37:59.1011441Z Variable github.event.action=
job-core	Crear JSON	2025-02-10T13:37:59.1012647Z Variable github.event.pusher.name=ka0score
job-core	Crear JSON	2025-02-10T13:37:59.1013903Z variable github.event.pusher.email=ka0s@ka0s.io
job-core	Crear JSON	2025-02-10T13:37:59.1015722Z Variable github.event.issue.number=
job-core	Ver JSON	2025-02-10T13:37:59.1120191Z ##[group]Run cat event_data.json
job-core	Ver JSON	2025-02-10T13:37:59.1121302Z [36;1mcat event_data.json[0m
job-core	Ver JSON	2025-02-10T13:37:59.1128997Z shell: /usr/bin/bash -e {0}
job-core	Ver JSON	2025-02-10T13:37:59.1129918Z env:
job-core	Ver JSON	2025-02-10T13:37:59.1143708Z   KAOS_CODE: 13242166440
job-core	Ver JSON	2025-02-10T13:37:59.1145056Z   KAOS_EVENT_NAME: push
job-core	Ver JSON	2025-02-10T13:37:59.1145919Z   KAOS_ACTION: 
job-core	Ver JSON	2025-02-10T13:37:59.1146727Z   KAOS_MODULE: [Ka0S] kaos
job-core	Ver JSON	2025-02-10T13:37:59.1147674Z   KAOS_PATH_RESUME: core/results/
job-core	Ver JSON	2025-02-10T13:37:59.1148670Z   GITHUB_OUTPUT: 
job-core	Ver JSON	2025-02-10T13:37:59.1149480Z ##[endgroup]
job-core	Ver JSON	2025-02-10T13:37:59.1200397Z {"event": "push", "ref": "refs/heads/main", "sha": "c9263d57a1d9dd410cde4406ae133ad549324c59"}
job-core	Run # Nuevo proceso de activacion de los modulos	2025-02-10T13:37:59.1281822Z ##[group]Run # Nuevo proceso de activacion de los modulos
job-core	Run # Nuevo proceso de activacion de los modulos	2025-02-10T13:37:59.1283713Z [36;1m# Nuevo proceso de activacion de los modulos[0m
job-core	Run # Nuevo proceso de activacion de los modulos	2025-02-10T13:37:59.1285878Z [36;1mwhile IFS= read -r line; do[0m
job-core	Run # Nuevo proceso de activacion de los modulos	2025-02-10T13:37:59.1287206Z [36;1m  echo "I Leemos el fichero  y extraemos el fichero $line"[0m
job-core	Run # Nuevo proceso de activacion de los modulos	2025-02-10T13:37:59.1288809Z [36;1m  module_failed=0[0m
job-core	Run # Nuevo proceso de activacion de los modulos	2025-02-10T13:37:59.1289904Z [36;1m  extension_failed=0[0m
job-core	Run # Nuevo proceso de activacion de los modulos	2025-02-10T13:37:59.1291382Z [36;1m  file_name=$(basename "$line")[0m
job-core	Run # Nuevo proceso de activacion de los modulos	2025-02-10T13:37:59.1293294Z [36;1m  echo "I-1 Calculamos el nombre del fichero $file_name"[0m
job-core	Run # Nuevo proceso de activacion de los modulos	2025-02-10T13:37:59.1294798Z [36;1m  file_extension="${file_name##*.}"[0m
job-core	Run # Nuevo proceso de activacion de los modulos	2025-02-10T13:37:59.1296342Z [36;1m  echo "I-2 Calculamos la extension del fichero $file_extension"[0m
job-core	Run # Nuevo proceso de activacion de los modulos	2025-02-10T13:37:59.1297859Z [36;1m  file_module="$file_extension""lint.yaml"[0m
job-core	Run # Nuevo proceso de activacion de los modulos	2025-02-10T13:37:59.1299232Z [36;1m  echo "I-3 Calculamos el modulo $file_module"[0m
job-core	Run # Nuevo proceso de activacion de los modulos	2025-02-10T13:37:59.1300542Z [36;1m  IFS=',' read -r -a file_array <<< "$files"[0m
job-core	Run # Nuevo proceso de activacion de los modulos	2025-02-10T13:37:59.1301808Z [36;1m  for file in "${file_array[@]}"; do[0m
job-core	Run # Nuevo proceso de activacion de los modulos	2025-02-10T13:37:59.1303014Z [36;1m    echo "II Leemos el array de $file"[0m
job-core	Run # Nuevo proceso de activacion de los modulos	2025-02-10T13:37:59.1304681Z [36;1m    if [[ "$file_extension" == "$file" ]]; then[0m
job-core	Run # Nuevo proceso de activacion de los modulos	2025-02-10T13:37:59.1306151Z [36;1m      echo "III Comprobamos si $file_extension es igual a $file"[0m
job-core	Run # Nuevo proceso de activacion de los modulos	2025-02-10T13:37:59.1307662Z [36;1m      IFS=',' read -r -a module_array <<< "$modules"[0m
job-core	Run # Nuevo proceso de activacion de los modulos	2025-02-10T13:37:59.1308946Z [36;1m      for module in "${module_array[@]}"; do[0m
job-core	Run # Nuevo proceso de activacion de los modulos	2025-02-10T13:37:59.1310153Z [36;1m        echo "IV Leemos el array $module"[0m
job-core	Run # Nuevo proceso de activacion de los modulos	2025-02-10T13:37:59.1311379Z [36;1m        if [[ "$file_module" == *"$module"* ]]; then[0m
job-core	Run # Nuevo proceso de activacion de los modulos	2025-02-10T13:37:59.1313072Z [36;1m          echo "V Comprobamos que el $file_module es igual a $module y ejecutamos el flujo"[0m
job-core	Run # Nuevo proceso de activacion de los modulos	2025-02-10T13:37:59.1315599Z [36;1m          # Si hemos llegado hasta aquí ejecutamos el módulo[0m
job-core	Run # Nuevo proceso de activacion de los modulos	2025-02-10T13:37:59.1327162Z [36;1m          # Añadimos los valores a las variables de la issue[0m
job-core	Run # Nuevo proceso de activacion de los modulos	2025-02-10T13:37:59.1329352Z [36;1m          KAOS_ISSUE_BODY="[Ka0S] kaos has been initiated and Launch workflow $file_module to check file $line"[0m
job-core	Run # Nuevo proceso de activacion de los modulos	2025-02-10T13:37:59.1331273Z [36;1m          # Añadimos el comentario a la issue[0m
job-core	Run # Nuevo proceso de activacion de los modulos	2025-02-10T13:37:59.1333548Z [36;1m          #gh workflow run issue.yaml --ref refs/heads/main -f kaos-issue-body="$KAOS_ISSUE_BODY" -f kaos-issue-id= -f kaos-issue-actions=comment[0m
job-core	Run # Nuevo proceso de activacion de los modulos	2025-02-10T13:37:59.1336211Z [36;1m          # Lanzamos el lint del fichero[0m
job-core	Run # Nuevo proceso de activacion de los modulos	2025-02-10T13:37:59.1338476Z [36;1m          #gh workflow run $file_module --ref refs/heads/main -f kaos-origin=13242166440 -f kaos-files=$line -f kaos-issue-id= -f kaos-user-start=[0m
job-core	Run # Nuevo proceso de activacion de los modulos	2025-02-10T13:37:59.1340706Z [36;1m          module_failed=0[0m
job-core	Run # Nuevo proceso de activacion de los modulos	2025-02-10T13:37:59.1341720Z [36;1m          extension_failed=0[0m
job-core	Run # Nuevo proceso de activacion de los modulos	2025-02-10T13:37:59.1342751Z [36;1m          break[0m
job-core	Run # Nuevo proceso de activacion de los modulos	2025-02-10T13:37:59.1343624Z [36;1m        else[0m
job-core	Run # Nuevo proceso de activacion de los modulos	2025-02-10T13:37:59.1345184Z [36;1m          # Control de si existe el modulo para esa extension"[0m
job-core	Run # Nuevo proceso de activacion de los modulos	2025-02-10T13:37:59.1347051Z [36;1m          echo "VI No es igual $file_module a $module y lo indicamos en la variable module_failed=1"[0m
job-core	Run # Nuevo proceso de activacion de los modulos	2025-02-10T13:37:59.1348700Z [36;1m          module_failed=1[0m
job-core	Run # Nuevo proceso de activacion de los modulos	2025-02-10T13:37:59.1349667Z [36;1m        fi[0m
job-core	Run # Nuevo proceso de activacion de los modulos	2025-02-10T13:37:59.1350471Z [36;1m      done[0m
job-core	Run # Nuevo proceso de activacion de los modulos	2025-02-10T13:37:59.1351279Z [36;1m      break[0m
job-core	Run # Nuevo proceso de activacion de los modulos	2025-02-10T13:37:59.1352087Z [36;1m    else[0m
job-core	Run # Nuevo proceso de activacion de los modulos	2025-02-10T13:37:59.1353105Z [36;1m      # Control de si existe el modulo para esa extension"[0m
job-core	Run # Nuevo proceso de activacion de los modulos	2025-02-10T13:37:59.1355351Z [36;1m      echo "VII No es igual $file_extension a $file y lo indicamos en la variable extension_failed=1"[0m
job-core	Run # Nuevo proceso de activacion de los modulos	2025-02-10T13:37:59.1357060Z [36;1m      extension_failed=1[0m
job-core	Run # Nuevo proceso de activacion de los modulos	2025-02-10T13:37:59.1358020Z [36;1m    fi  [0m
job-core	Run # Nuevo proceso de activacion de los modulos	2025-02-10T13:37:59.1358788Z [36;1m  done[0m
job-core	Run # Nuevo proceso de activacion de los modulos	2025-02-10T13:37:59.1359653Z [36;1m  if [[ $module_failed == 1 ]]; then[0m
job-core	Run # Nuevo proceso de activacion de los modulos	2025-02-10T13:37:59.1361183Z [36;1m    echo "IX Si el modulo falla ($module_failed) añadimos el comentario a la issue"[0m
job-core	Run # Nuevo proceso de activacion de los modulos	2025-02-10T13:37:59.1364591Z [36;1m    # Si hemos llegado hasta aquí añadimos el mensaje de que la extension esta permitida pero no dispone de modulo activo y aqui finaliza el proceso[0m
job-core	Run # Nuevo proceso de activacion de los modulos	2025-02-10T13:37:59.1367012Z [36;1m    # Añadimos los valores a las variables de la issue[0m
job-core	Run # Nuevo proceso de activacion de los modulos	2025-02-10T13:37:59.1370226Z [36;1m    KAOS_ISSUE_BODY="[Ka0S] kaos ha detectado que la extensión ($file_extension) esta permitida dentro de KAOS_CORE_FILES, pero el módulo asociado ($file_module) no esta activo. Por favor compruebe que exista y esta activo."[0m
job-core	Run # Nuevo proceso de activacion de los modulos	2025-02-10T13:37:59.1373395Z [36;1m    # Añadimos el comentario a la issue[0m
job-core	Run # Nuevo proceso de activacion de los modulos	2025-02-10T13:37:59.1375973Z [36;1m    #gh workflow run issue.yaml --ref refs/heads/main -f kaos-issue-body="$KAOS_ISSUE_BODY" -f kaos-issue-id= -f kaos-issue-actions=comment[0m
job-core	Run # Nuevo proceso de activacion de los modulos	2025-02-10T13:37:59.1378140Z [36;1m  fi[0m
job-core	Run # Nuevo proceso de activacion de los modulos	2025-02-10T13:37:59.1379003Z [36;1m  if [[ $extension_failed == 1 ]]; then[0m
job-core	Run # Nuevo proceso de activacion de los modulos	2025-02-10T13:37:59.1380696Z [36;1m    echo "X Si extension falla falla ($extension_failed) añadimos el comentario a la issue"[0m
job-core	Run # Nuevo proceso de activacion de los modulos	2025-02-10T13:37:59.1382908Z [36;1m    # Si hemos llegado hasta aquí añadimos el mensaje de que la extension no esta permitida[0m
job-core	Run # Nuevo proceso de activacion de los modulos	2025-02-10T13:37:59.1385104Z [36;1m    # Añadimos los valores a las variables de la issue[0m
job-core	Run # Nuevo proceso de activacion de los modulos	2025-02-10T13:37:59.1387769Z [36;1m    KAOS_ISSUE_BODY="[Ka0S] kaos ha detectado que la extensión ($file_extension) NO esta permitida dentro de KAOS_CORE_FILES. Por favor compruebe que exista y esta activo."[0m
job-core	Run # Nuevo proceso de activacion de los modulos	2025-02-10T13:37:59.1390342Z [36;1m    # Añadimos el comentario a la issue[0m
job-core	Run # Nuevo proceso de activacion de los modulos	2025-02-10T13:37:59.1392581Z [36;1m    #gh workflow run issue.yaml --ref refs/heads/main -f kaos-issue-body="$KAOS_ISSUE_BODY" -f kaos-issue-id= -f kaos-issue-actions=comment[0m
job-core	Run # Nuevo proceso de activacion de los modulos	2025-02-10T13:37:59.1394778Z [36;1m  fi  [0m
job-core	Run # Nuevo proceso de activacion de los modulos	2025-02-10T13:37:59.1395592Z [36;1mdone < $GITHUB_OUTPUT[0m
job-core	Run # Nuevo proceso de activacion de los modulos	2025-02-10T13:37:59.1403204Z shell: /usr/bin/bash -e {0}
job-core	Run # Nuevo proceso de activacion de los modulos	2025-02-10T13:37:59.1404184Z env:
job-core	Run # Nuevo proceso de activacion de los modulos	2025-02-10T13:37:59.1405236Z   KAOS_CODE: 13242166440
job-core	Run # Nuevo proceso de activacion de los modulos	2025-02-10T13:37:59.1406136Z   KAOS_EVENT_NAME: push
job-core	Run # Nuevo proceso de activacion de los modulos	2025-02-10T13:37:59.1406985Z   KAOS_ACTION: 
job-core	Run # Nuevo proceso de activacion de los modulos	2025-02-10T13:37:59.1407798Z   KAOS_MODULE: [Ka0S] kaos
job-core	Run # Nuevo proceso de activacion de los modulos	2025-02-10T13:37:59.1408723Z   KAOS_PATH_RESUME: core/results/
job-core	Run # Nuevo proceso de activacion de los modulos	2025-02-10T13:37:59.1409679Z   GITHUB_OUTPUT: 
job-core	Run # Nuevo proceso de activacion de los modulos	2025-02-10T13:37:59.1410722Z   modules: ***
job-core	Run # Nuevo proceso de activacion de los modulos	2025-02-10T13:37:59.1411525Z   files: ***
job-core	Run # Nuevo proceso de activacion de los modulos	2025-02-10T13:37:59.1412254Z ##[endgroup]
job-core	Post Checkout code	2025-02-10T13:37:59.1603475Z Post job cleanup.
job-core	Post Checkout code	2025-02-10T13:37:59.2622420Z [command]/usr/bin/git version
job-core	Post Checkout code	2025-02-10T13:37:59.2659513Z git version 2.25.1
job-core	Post Checkout code	2025-02-10T13:37:59.2702343Z Copying '/home/kaos/.gitconfig' to '/actions-runner/_work/_temp/e27e5d39-f138-4e05-86b2-a15e44acad24/.gitconfig'
job-core	Post Checkout code	2025-02-10T13:37:59.2713617Z Temporarily overriding HOME='/actions-runner/_work/_temp/e27e5d39-f138-4e05-86b2-a15e44acad24' before making global git config changes
job-core	Post Checkout code	2025-02-10T13:37:59.2718792Z Adding repository directory to the temporary git global config as a safe directory
job-core	Post Checkout code	2025-02-10T13:37:59.2721131Z [command]/usr/bin/git config --global --add safe.directory /actions-runner/_work/ka0s/ka0s
job-core	Post Checkout code	2025-02-10T13:37:59.2763084Z [command]/usr/bin/git config --local --name-only --get-regexp core\.sshCommand
job-core	Post Checkout code	2025-02-10T13:37:59.2815594Z [command]/usr/bin/git submodule foreach --recursive sh -c "git config --local --name-only --get-regexp 'core\.sshCommand' && git config --local --unset-all 'core.sshCommand' || :"
job-core	Post Checkout code	2025-02-10T13:37:59.3149763Z [command]/usr/bin/git config --local --name-only --get-regexp http\.https\:\/\/github\.com\/\.extraheader
job-core	Post Checkout code	2025-02-10T13:37:59.3190006Z http.https://github.com/.extraheader
job-core	Post Checkout code	2025-02-10T13:37:59.3193320Z [command]/usr/bin/git config --local --unset-all http.https://github.com/.extraheader
job-core	Post Checkout code	2025-02-10T13:37:59.3241918Z [command]/usr/bin/git submodule foreach --recursive sh -c "git config --local --name-only --get-regexp 'http\.https\:\/\/github\.com\/\.extraheader' && git config --local --unset-all 'http.https://github.com/.extraheader' || :"
job-core	Complete job	2025-02-10T13:37:59.3714631Z Cleaning up orphan processes
handle-success	Set up job	2025-02-10T13:38:19.7205396Z Current runner version: '2.322.0'
handle-success	Set up job	2025-02-10T13:38:19.7213123Z Runner name: 'ka0s-2'
handle-success	Set up job	2025-02-10T13:38:19.7214046Z Runner group name: 'ka0s'
handle-success	Set up job	2025-02-10T13:38:19.7215224Z Machine name: '5613a8be5fd6'
handle-success	Set up job	2025-02-10T13:38:19.7217884Z ##[group]GITHUB_TOKEN Permissions
handle-success	Set up job	2025-02-10T13:38:19.7220357Z Contents: read
handle-success	Set up job	2025-02-10T13:38:19.7220910Z Metadata: read
handle-success	Set up job	2025-02-10T13:38:19.7221403Z Packages: read
handle-success	Set up job	2025-02-10T13:38:19.7221893Z ##[endgroup]
handle-success	Set up job	2025-02-10T13:38:19.7224451Z Secret source: Actions
handle-success	Set up job	2025-02-10T13:38:19.7225294Z Prepare workflow directory
handle-success	Set up job	2025-02-10T13:38:19.7776774Z Prepare all required actions
handle-success	Set up job	2025-02-10T13:38:19.7836146Z Complete job name: handle-success
handle-success	handle-success-execution	2025-02-10T13:38:19.8401137Z ##[group]Run # Si todo ha ido correcto añadimos el contenido del fichero 
handle-success	handle-success-execution	2025-02-10T13:38:19.8402362Z [36;1m# Si todo ha ido correcto añadimos el contenido del fichero [0m
handle-success	handle-success-execution	2025-02-10T13:38:19.8403168Z [36;1mecho "Todo ha ido bien"[0m
handle-success	handle-success-execution	2025-02-10T13:38:19.8421235Z shell: /usr/bin/bash -e {0}
handle-success	handle-success-execution	2025-02-10T13:38:19.8422108Z env:
handle-success	handle-success-execution	2025-02-10T13:38:19.8422648Z   KAOS_CODE: 13242166440
handle-success	handle-success-execution	2025-02-10T13:38:19.8423187Z   KAOS_EVENT_NAME: push
handle-success	handle-success-execution	2025-02-10T13:38:19.8423702Z   KAOS_ACTION: 
handle-success	handle-success-execution	2025-02-10T13:38:19.8424538Z   KAOS_MODULE: [Ka0S] kaos
handle-success	handle-success-execution	2025-02-10T13:38:19.8425100Z   KAOS_PATH_RESUME: core/results/
handle-success	handle-success-execution	2025-02-10T13:38:19.8425674Z ##[endgroup]
handle-success	handle-success-execution	2025-02-10T13:38:19.8582518Z Todo ha ido bien
handle-success	Complete job	2025-02-10T13:38:19.8687431Z Cleaning up orphan processes
end-workflow	Set up job	2025-02-10T13:38:29.8174966Z Current runner version: '2.322.0'
end-workflow	Set up job	2025-02-10T13:38:29.8182627Z Runner name: 'ka0s-2'
end-workflow	Set up job	2025-02-10T13:38:29.8183343Z Runner group name: 'ka0s'
end-workflow	Set up job	2025-02-10T13:38:29.8184588Z Machine name: '5613a8be5fd6'
end-workflow	Set up job	2025-02-10T13:38:29.8187227Z ##[group]GITHUB_TOKEN Permissions
end-workflow	Set up job	2025-02-10T13:38:29.8189916Z Contents: read
end-workflow	Set up job	2025-02-10T13:38:29.8190464Z Metadata: read
end-workflow	Set up job	2025-02-10T13:38:29.8190959Z Packages: read
end-workflow	Set up job	2025-02-10T13:38:29.8191442Z ##[endgroup]
end-workflow	Set up job	2025-02-10T13:38:29.8193672Z Secret source: Actions
end-workflow	Set up job	2025-02-10T13:38:29.8194636Z Prepare workflow directory
end-workflow	Set up job	2025-02-10T13:38:29.8694486Z Prepare all required actions
end-workflow	Set up job	2025-02-10T13:38:29.8731094Z Getting action download info
end-workflow	Set up job	2025-02-10T13:38:30.1231741Z Download action repository 'actions/checkout@v4' (SHA:11bd71901bbe5b1630ceea73d27597364c9af683)
end-workflow	Set up job	2025-02-10T13:38:30.9730849Z Complete job name: end-workflow
end-workflow	Checkout code	2025-02-10T13:38:31.0235527Z ##[group]Run actions/checkout@v4
end-workflow	Checkout code	2025-02-10T13:38:31.0236473Z with:
end-workflow	Checkout code	2025-02-10T13:38:31.0236931Z   fetch-depth: 0
end-workflow	Checkout code	2025-02-10T13:38:31.0237622Z   token: ***
end-workflow	Checkout code	2025-02-10T13:38:31.0238138Z   repository: Ka0s-Klaus/ka0s
end-workflow	Checkout code	2025-02-10T13:38:31.0238665Z   ssh-strict: true
end-workflow	Checkout code	2025-02-10T13:38:31.0239110Z   ssh-user: git
end-workflow	Checkout code	2025-02-10T13:38:31.0239576Z   persist-credentials: true
end-workflow	Checkout code	2025-02-10T13:38:31.0240099Z   clean: true
end-workflow	Checkout code	2025-02-10T13:38:31.0240560Z   sparse-checkout-cone-mode: true
end-workflow	Checkout code	2025-02-10T13:38:31.0241111Z   fetch-tags: false
end-workflow	Checkout code	2025-02-10T13:38:31.0241575Z   show-progress: true
end-workflow	Checkout code	2025-02-10T13:38:31.0242041Z   lfs: false
end-workflow	Checkout code	2025-02-10T13:38:31.0242471Z   submodules: false
end-workflow	Checkout code	2025-02-10T13:38:31.0242955Z   set-safe-directory: true
end-workflow	Checkout code	2025-02-10T13:38:31.0243687Z env:
end-workflow	Checkout code	2025-02-10T13:38:31.0244185Z   KAOS_CODE: 13242166440
end-workflow	Checkout code	2025-02-10T13:38:31.0244687Z   KAOS_EVENT_NAME: push
end-workflow	Checkout code	2025-02-10T13:38:31.0245157Z   KAOS_ACTION: 
end-workflow	Checkout code	2025-02-10T13:38:31.0245607Z   KAOS_MODULE: [Ka0S] kaos
end-workflow	Checkout code	2025-02-10T13:38:31.0246118Z   KAOS_PATH_RESUME: core/results/
end-workflow	Checkout code	2025-02-10T13:38:31.0246850Z   GH_TOKEN: ***
end-workflow	Checkout code	2025-02-10T13:38:31.0247303Z ##[endgroup]
end-workflow	Checkout code	2025-02-10T13:38:31.1403462Z Syncing repository: Ka0s-Klaus/ka0s
end-workflow	Checkout code	2025-02-10T13:38:31.1405929Z ##[group]Getting Git version info
end-workflow	Checkout code	2025-02-10T13:38:31.1406678Z Working directory is '/actions-runner/_work/ka0s/ka0s'
end-workflow	Checkout code	2025-02-10T13:38:31.1407721Z [command]/usr/bin/git version
end-workflow	Checkout code	2025-02-10T13:38:31.1408257Z git version 2.25.1
end-workflow	Checkout code	2025-02-10T13:38:31.1426717Z ##[endgroup]
end-workflow	Checkout code	2025-02-10T13:38:31.1439641Z Copying '/home/kaos/.gitconfig' to '/actions-runner/_work/_temp/9c091629-d88d-4ad5-acd4-37f75eddd5b8/.gitconfig'
end-workflow	Checkout code	2025-02-10T13:38:31.1456686Z Temporarily overriding HOME='/actions-runner/_work/_temp/9c091629-d88d-4ad5-acd4-37f75eddd5b8' before making global git config changes
end-workflow	Checkout code	2025-02-10T13:38:31.1458423Z Adding repository directory to the temporary git global config as a safe directory
end-workflow	Checkout code	2025-02-10T13:38:31.1459626Z [command]/usr/bin/git config --global --add safe.directory /actions-runner/_work/ka0s/ka0s
end-workflow	Checkout code	2025-02-10T13:38:31.1500953Z [command]/usr/bin/git config --local --get remote.origin.url
end-workflow	Checkout code	2025-02-10T13:38:31.1524663Z https://github.com/Ka0s-Klaus/ka0s
end-workflow	Checkout code	2025-02-10T13:38:31.1543729Z ##[group]Removing previously created refs, to avoid conflicts
end-workflow	Checkout code	2025-02-10T13:38:31.1549242Z [command]/usr/bin/git rev-parse --symbolic-full-name --verify --quiet HEAD
end-workflow	Checkout code	2025-02-10T13:38:31.1574748Z refs/heads/main
end-workflow	Checkout code	2025-02-10T13:38:31.1584201Z [command]/usr/bin/git checkout --detach
end-workflow	Checkout code	2025-02-10T13:38:31.1633847Z HEAD is now at c9263d5 [Ka0S] Uploading resume execution files to the repository...
end-workflow	Checkout code	2025-02-10T13:38:31.1687049Z [command]/usr/bin/git branch --delete --force main
end-workflow	Checkout code	2025-02-10T13:38:31.1720381Z Deleted branch main (was c9263d5).
end-workflow	Checkout code	2025-02-10T13:38:31.1767791Z ##[endgroup]
end-workflow	Checkout code	2025-02-10T13:38:31.1771317Z [command]/usr/bin/git submodule status
end-workflow	Checkout code	2025-02-10T13:38:31.2073851Z ##[group]Cleaning the repository
end-workflow	Checkout code	2025-02-10T13:38:31.2080725Z [command]/usr/bin/git clean -ffdx
end-workflow	Checkout code	2025-02-10T13:38:31.2112351Z Removing core/results/commit-summary-.txt
end-workflow	Checkout code	2025-02-10T13:38:31.2113159Z Removing core/results/files-in-commit-.txt
end-workflow	Checkout code	2025-02-10T13:38:31.2113835Z Removing event_data.json
end-workflow	Checkout code	2025-02-10T13:38:31.2123517Z [command]/usr/bin/git reset --hard HEAD
end-workflow	Checkout code	2025-02-10T13:38:31.2174476Z HEAD is now at c9263d5 [Ka0S] Uploading resume execution files to the repository...
end-workflow	Checkout code	2025-02-10T13:38:31.2179706Z ##[endgroup]
end-workflow	Checkout code	2025-02-10T13:38:31.2181326Z ##[group]Disabling automatic garbage collection
end-workflow	Checkout code	2025-02-10T13:38:31.2186717Z [command]/usr/bin/git config --local gc.auto 0
end-workflow	Checkout code	2025-02-10T13:38:31.2221001Z ##[endgroup]
end-workflow	Checkout code	2025-02-10T13:38:31.2221873Z ##[group]Setting up auth
end-workflow	Checkout code	2025-02-10T13:38:31.2238174Z [command]/usr/bin/git config --local --name-only --get-regexp core\.sshCommand
end-workflow	Checkout code	2025-02-10T13:38:31.2271413Z [command]/usr/bin/git submodule foreach --recursive sh -c "git config --local --name-only --get-regexp 'core\.sshCommand' && git config --local --unset-all 'core.sshCommand' || :"
end-workflow	Checkout code	2025-02-10T13:38:31.2572402Z [command]/usr/bin/git config --local --name-only --get-regexp http\.https\:\/\/github\.com\/\.extraheader
end-workflow	Checkout code	2025-02-10T13:38:31.2604056Z [command]/usr/bin/git submodule foreach --recursive sh -c "git config --local --name-only --get-regexp 'http\.https\:\/\/github\.com\/\.extraheader' && git config --local --unset-all 'http.https://github.com/.extraheader' || :"
end-workflow	Checkout code	2025-02-10T13:38:31.2911044Z [command]/usr/bin/git config --local http.https://github.com/.extraheader AUTHORIZATION: basic ***
end-workflow	Checkout code	2025-02-10T13:38:31.2954505Z ##[endgroup]
end-workflow	Checkout code	2025-02-10T13:38:31.2955442Z ##[group]Fetching the repository
end-workflow	Checkout code	2025-02-10T13:38:31.2963015Z [command]/usr/bin/git -c protocol.version=2 fetch --prune --no-recurse-submodules origin +refs/heads/*:refs/remotes/origin/* +refs/tags/*:refs/tags/*
end-workflow	Checkout code	2025-02-10T13:38:32.0189542Z From https://github.com/Ka0s-Klaus/ka0s
end-workflow	Checkout code	2025-02-10T13:38:32.0190371Z    c9263d5..0297762  main       -> origin/main
end-workflow	Checkout code	2025-02-10T13:38:32.0221734Z [command]/usr/bin/git branch --list --remote origin/main
end-workflow	Checkout code	2025-02-10T13:38:32.0250080Z   origin/main
end-workflow	Checkout code	2025-02-10T13:38:32.0260856Z [command]/usr/bin/git rev-parse refs/remotes/origin/main
end-workflow	Checkout code	2025-02-10T13:38:32.0284829Z 029776228ef6f8941b1e3a16f1381c70eaf0b14c
end-workflow	Checkout code	2025-02-10T13:38:32.0295882Z [command]/usr/bin/git -c protocol.version=2 fetch --no-tags --prune --no-recurse-submodules origin +c9263d57a1d9dd410cde4406ae133ad549324c59:refs/remotes/origin/main
end-workflow	Checkout code	2025-02-10T13:38:32.0386609Z From https://github.com/Ka0s-Klaus/ka0s
end-workflow	Checkout code	2025-02-10T13:38:32.0387802Z  + 0297762...c9263d5 c9263d57a1d9dd410cde4406ae133ad549324c59 -> origin/main  (forced update)
end-workflow	Checkout code	2025-02-10T13:38:32.0410415Z ##[endgroup]
end-workflow	Checkout code	2025-02-10T13:38:32.0411659Z ##[group]Determining the checkout info
end-workflow	Checkout code	2025-02-10T13:38:32.0412728Z ##[endgroup]
end-workflow	Checkout code	2025-02-10T13:38:32.0413646Z ##[group]Checking out the ref
end-workflow	Checkout code	2025-02-10T13:38:32.0419660Z [command]/usr/bin/git checkout --progress --force -B main refs/remotes/origin/main
end-workflow	Checkout code	2025-02-10T13:38:32.0468556Z Switched to a new branch 'main'
end-workflow	Checkout code	2025-02-10T13:38:32.0469553Z Branch 'main' set up to track remote branch 'main' from 'origin'.
end-workflow	Checkout code	2025-02-10T13:38:32.0472875Z ##[endgroup]
end-workflow	Checkout code	2025-02-10T13:38:32.0518429Z [command]/usr/bin/git log -1 --format=%H
end-workflow	Checkout code	2025-02-10T13:38:32.0546559Z c9263d57a1d9dd410cde4406ae133ad549324c59
end-workflow	Finaliza el workflow	2025-02-10T13:38:32.0764661Z ##[group]Run echo "End process"
end-workflow	Finaliza el workflow	2025-02-10T13:38:32.0765385Z [36;1mecho "End process"[0m
end-workflow	Finaliza el workflow	2025-02-10T13:38:32.0766383Z [36;1mgh workflow run inspector.yml --ref 'main' -f kaos-issue-id="" -f kaos-workflow-id="13242166440" -f kaos-user-start=""[0m
end-workflow	Finaliza el workflow	2025-02-10T13:38:32.0776426Z shell: /usr/bin/bash -e {0}
end-workflow	Finaliza el workflow	2025-02-10T13:38:32.0776975Z env:
end-workflow	Finaliza el workflow	2025-02-10T13:38:32.0777390Z   KAOS_CODE: 13242166440
end-workflow	Finaliza el workflow	2025-02-10T13:38:32.0777887Z   KAOS_EVENT_NAME: push
end-workflow	Finaliza el workflow	2025-02-10T13:38:32.0778364Z   KAOS_ACTION: 
end-workflow	Finaliza el workflow	2025-02-10T13:38:32.0778813Z   KAOS_MODULE: [Ka0S] kaos
end-workflow	Finaliza el workflow	2025-02-10T13:38:32.0779327Z   KAOS_PATH_RESUME: core/results/
end-workflow	Finaliza el workflow	2025-02-10T13:38:32.0780129Z   GH_TOKEN: ***
end-workflow	Finaliza el workflow	2025-02-10T13:38:32.0780571Z ##[endgroup]
end-workflow	Finaliza el workflow	2025-02-10T13:38:32.0835396Z End process
end-workflow	Post Checkout code	2025-02-10T13:38:32.7537098Z Post job cleanup.
end-workflow	Post Checkout code	2025-02-10T13:38:32.8569949Z [command]/usr/bin/git version
end-workflow	Post Checkout code	2025-02-10T13:38:32.8609593Z git version 2.25.1
end-workflow	Post Checkout code	2025-02-10T13:38:32.8649516Z Copying '/home/kaos/.gitconfig' to '/actions-runner/_work/_temp/20908e76-9e4d-4ac1-8add-b4c9e64c736c/.gitconfig'
end-workflow	Post Checkout code	2025-02-10T13:38:32.8662487Z Temporarily overriding HOME='/actions-runner/_work/_temp/20908e76-9e4d-4ac1-8add-b4c9e64c736c' before making global git config changes
end-workflow	Post Checkout code	2025-02-10T13:38:32.8666665Z Adding repository directory to the temporary git global config as a safe directory
end-workflow	Post Checkout code	2025-02-10T13:38:32.8669024Z [command]/usr/bin/git config --global --add safe.directory /actions-runner/_work/ka0s/ka0s
end-workflow	Post Checkout code	2025-02-10T13:38:32.8717108Z [command]/usr/bin/git config --local --name-only --get-regexp core\.sshCommand
end-workflow	Post Checkout code	2025-02-10T13:38:32.8756593Z [command]/usr/bin/git submodule foreach --recursive sh -c "git config --local --name-only --get-regexp 'core\.sshCommand' && git config --local --unset-all 'core.sshCommand' || :"
end-workflow	Post Checkout code	2025-02-10T13:38:32.9065349Z [command]/usr/bin/git config --local --name-only --get-regexp http\.https\:\/\/github\.com\/\.extraheader
end-workflow	Post Checkout code	2025-02-10T13:38:32.9089837Z http.https://github.com/.extraheader
end-workflow	Post Checkout code	2025-02-10T13:38:32.9103084Z [command]/usr/bin/git config --local --unset-all http.https://github.com/.extraheader
end-workflow	Post Checkout code	2025-02-10T13:38:32.9142296Z [command]/usr/bin/git submodule foreach --recursive sh -c "git config --local --name-only --get-regexp 'http\.https\:\/\/github\.com\/\.extraheader' && git config --local --unset-all 'http.https://github.com/.extraheader' || :"
end-workflow	Complete job	2025-02-10T13:38:32.9582735Z Cleaning up orphan processes
