job-core	Set up job	2025-02-10T12:03:36.8763231Z Current runner version: '2.322.0'
job-core	Set up job	2025-02-10T12:03:36.8770239Z Runner name: 'ka0s-3'
job-core	Set up job	2025-02-10T12:03:36.8770917Z Runner group name: 'ka0s'
job-core	Set up job	2025-02-10T12:03:36.8771760Z Machine name: '5613a8be5fd6'
job-core	Set up job	2025-02-10T12:03:36.8774606Z ##[group]GITHUB_TOKEN Permissions
job-core	Set up job	2025-02-10T12:03:36.8776813Z Contents: read
job-core	Set up job	2025-02-10T12:03:36.8777342Z Metadata: read
job-core	Set up job	2025-02-10T12:03:36.8777819Z Packages: read
job-core	Set up job	2025-02-10T12:03:36.8778292Z ##[endgroup]
job-core	Set up job	2025-02-10T12:03:36.8780729Z Secret source: Actions
job-core	Set up job	2025-02-10T12:03:36.8781633Z Prepare workflow directory
job-core	Set up job	2025-02-10T12:03:36.9310329Z Prepare all required actions
job-core	Set up job	2025-02-10T12:03:36.9350262Z Getting action download info
job-core	Set up job	2025-02-10T12:03:37.1600588Z Download action repository 'actions/checkout@v4' (SHA:11bd71901bbe5b1630ceea73d27597364c9af683)
job-core	Set up job	2025-02-10T12:03:38.7629034Z Complete job name: job-core
job-core	Checkout code	2025-02-10T12:03:38.8228575Z ##[group]Run actions/checkout@v4
job-core	Checkout code	2025-02-10T12:03:38.8229909Z with:
job-core	Checkout code	2025-02-10T12:03:38.8230622Z   fetch-depth: 0
job-core	Checkout code	2025-02-10T12:03:38.8231863Z   token: ***
job-core	Checkout code	2025-02-10T12:03:38.8232689Z   repository: Ka0s-Klaus/ka0s
job-core	Checkout code	2025-02-10T12:03:38.8233602Z   ssh-strict: true
job-core	Checkout code	2025-02-10T12:03:38.8234875Z   ssh-user: git
job-core	Checkout code	2025-02-10T12:03:38.8235674Z   persist-credentials: true
job-core	Checkout code	2025-02-10T12:03:38.8236550Z   clean: true
job-core	Checkout code	2025-02-10T12:03:38.8237336Z   sparse-checkout-cone-mode: true
job-core	Checkout code	2025-02-10T12:03:38.8238305Z   fetch-tags: false
job-core	Checkout code	2025-02-10T12:03:38.8239094Z   show-progress: true
job-core	Checkout code	2025-02-10T12:03:38.8239879Z   lfs: false
job-core	Checkout code	2025-02-10T12:03:38.8240590Z   submodules: false
job-core	Checkout code	2025-02-10T12:03:38.8241400Z   set-safe-directory: true
job-core	Checkout code	2025-02-10T12:03:38.8242514Z env:
job-core	Checkout code	2025-02-10T12:03:38.8243208Z   KAOS_CODE: 13240388673
job-core	Checkout code	2025-02-10T12:03:38.8244307Z   KAOS_EVENT_NAME: push
job-core	Checkout code	2025-02-10T12:03:38.8245512Z   KAOS_ACTION: 
job-core	Checkout code	2025-02-10T12:03:38.8246241Z ##[endgroup]
job-core	Checkout code	2025-02-10T12:03:38.9450924Z Syncing repository: Ka0s-Klaus/ka0s
job-core	Checkout code	2025-02-10T12:03:38.9453647Z ##[group]Getting Git version info
job-core	Checkout code	2025-02-10T12:03:38.9455419Z Working directory is '/actions-runner/_work/ka0s/ka0s'
job-core	Checkout code	2025-02-10T12:03:38.9457779Z [command]/usr/bin/git version
job-core	Checkout code	2025-02-10T12:03:38.9458699Z git version 2.25.1
job-core	Checkout code	2025-02-10T12:03:38.9470050Z ##[endgroup]
job-core	Checkout code	2025-02-10T12:03:38.9487062Z Copying '/home/kaos/.gitconfig' to '/actions-runner/_work/_temp/b487ffbd-dbc9-4f40-85fe-ab054afa35ba/.gitconfig'
job-core	Checkout code	2025-02-10T12:03:38.9497605Z Temporarily overriding HOME='/actions-runner/_work/_temp/b487ffbd-dbc9-4f40-85fe-ab054afa35ba' before making global git config changes
job-core	Checkout code	2025-02-10T12:03:38.9501015Z Adding repository directory to the temporary git global config as a safe directory
job-core	Checkout code	2025-02-10T12:03:38.9503690Z [command]/usr/bin/git config --global --add safe.directory /actions-runner/_work/ka0s/ka0s
job-core	Checkout code	2025-02-10T12:03:38.9558184Z [command]/usr/bin/git config --local --get remote.origin.url
job-core	Checkout code	2025-02-10T12:03:38.9583478Z https://github.com/Ka0s-Klaus/ka0s
job-core	Checkout code	2025-02-10T12:03:38.9602872Z ##[group]Removing previously created refs, to avoid conflicts
job-core	Checkout code	2025-02-10T12:03:38.9608043Z [command]/usr/bin/git rev-parse --symbolic-full-name --verify --quiet HEAD
job-core	Checkout code	2025-02-10T12:03:38.9633527Z HEAD
job-core	Checkout code	2025-02-10T12:03:38.9725118Z ##[endgroup]
job-core	Checkout code	2025-02-10T12:03:38.9726539Z [command]/usr/bin/git submodule status
job-core	Checkout code	2025-02-10T12:03:39.0048607Z ##[group]Cleaning the repository
job-core	Checkout code	2025-02-10T12:03:39.0050206Z [command]/usr/bin/git clean -ffdx
job-core	Checkout code	2025-02-10T12:03:39.0092109Z [command]/usr/bin/git reset --hard HEAD
job-core	Checkout code	2025-02-10T12:03:39.0140340Z HEAD is now at 395adad Merge 62fbef926860e89ac41bf396470f9fafcee6c5c4 into dc2abd7f57cbbb3adf0d5f08b776af7abf295864
job-core	Checkout code	2025-02-10T12:03:39.0146476Z ##[endgroup]
job-core	Checkout code	2025-02-10T12:03:39.0148152Z ##[group]Disabling automatic garbage collection
job-core	Checkout code	2025-02-10T12:03:39.0152789Z [command]/usr/bin/git config --local gc.auto 0
job-core	Checkout code	2025-02-10T12:03:39.0190784Z ##[endgroup]
job-core	Checkout code	2025-02-10T12:03:39.0192624Z ##[group]Setting up auth
job-core	Checkout code	2025-02-10T12:03:39.0196150Z [command]/usr/bin/git config --local --name-only --get-regexp core\.sshCommand
job-core	Checkout code	2025-02-10T12:03:39.0232137Z [command]/usr/bin/git submodule foreach --recursive sh -c "git config --local --name-only --get-regexp 'core\.sshCommand' && git config --local --unset-all 'core.sshCommand' || :"
job-core	Checkout code	2025-02-10T12:03:39.0543111Z [command]/usr/bin/git config --local --name-only --get-regexp http\.https\:\/\/github\.com\/\.extraheader
job-core	Checkout code	2025-02-10T12:03:39.0577059Z [command]/usr/bin/git submodule foreach --recursive sh -c "git config --local --name-only --get-regexp 'http\.https\:\/\/github\.com\/\.extraheader' && git config --local --unset-all 'http.https://github.com/.extraheader' || :"
job-core	Checkout code	2025-02-10T12:03:39.0881946Z [command]/usr/bin/git config --local http.https://github.com/.extraheader AUTHORIZATION: basic ***
job-core	Checkout code	2025-02-10T12:03:39.0929843Z ##[endgroup]
job-core	Checkout code	2025-02-10T12:03:39.0931403Z ##[group]Fetching the repository
job-core	Checkout code	2025-02-10T12:03:39.0939371Z [command]/usr/bin/git -c protocol.version=2 fetch --prune --no-recurse-submodules origin +refs/heads/*:refs/remotes/origin/* +refs/tags/*:refs/tags/*
job-core	Checkout code	2025-02-10T12:03:39.8418857Z From https://github.com/Ka0s-Klaus/ka0s
job-core	Checkout code	2025-02-10T12:03:39.8420264Z    dc2abd7..02f21d3  main       -> origin/main
job-core	Checkout code	2025-02-10T12:03:39.8452609Z [command]/usr/bin/git branch --list --remote origin/main
job-core	Checkout code	2025-02-10T12:03:39.8483671Z   origin/main
job-core	Checkout code	2025-02-10T12:03:39.8494782Z [command]/usr/bin/git rev-parse refs/remotes/origin/main
job-core	Checkout code	2025-02-10T12:03:39.8522603Z 02f21d3910e89c04892d269e553ce7b1ef0d4e3a
job-core	Checkout code	2025-02-10T12:03:39.8527723Z ##[endgroup]
job-core	Checkout code	2025-02-10T12:03:39.8529484Z ##[group]Determining the checkout info
job-core	Checkout code	2025-02-10T12:03:39.8531475Z ##[endgroup]
job-core	Checkout code	2025-02-10T12:03:39.8533187Z ##[group]Checking out the ref
job-core	Checkout code	2025-02-10T12:03:39.8535319Z [command]/usr/bin/git checkout --progress --force -B main refs/remotes/origin/main
job-core	Checkout code	2025-02-10T12:03:39.8593748Z Previous HEAD position was 395adad Merge 62fbef926860e89ac41bf396470f9fafcee6c5c4 into dc2abd7f57cbbb3adf0d5f08b776af7abf295864
job-core	Checkout code	2025-02-10T12:03:39.8602670Z Switched to a new branch 'main'
job-core	Checkout code	2025-02-10T12:03:39.8604715Z Branch 'main' set up to track remote branch 'main' from 'origin'.
job-core	Checkout code	2025-02-10T12:03:39.8610458Z ##[endgroup]
job-core	Checkout code	2025-02-10T12:03:39.8672811Z [command]/usr/bin/git log -1 --format=%H
job-core	Checkout code	2025-02-10T12:03:39.8715585Z 02f21d3910e89c04892d269e553ce7b1ef0d4e3a
job-core	Crear JSON	2025-02-10T12:03:39.9090518Z ##[group]Run echo "{}" > event_data.json
job-core	Crear JSON	2025-02-10T12:03:39.9092229Z [36;1mecho "{}" > event_data.json[0m
job-core	Crear JSON	2025-02-10T12:03:39.9093622Z [36;1mcase "push" in[0m
job-core	Crear JSON	2025-02-10T12:03:39.9094898Z [36;1m  "push")[0m
job-core	Crear JSON	2025-02-10T12:03:39.9098328Z [36;1m    echo "{\"event\": \"push\", \"ref\": \"refs/heads/main\", \"sha\": \"02f21d3910e89c04892d269e553ce7b1ef0d4e3a\"}" > event_data.json # Ejemplo: {"event": "push", "ref": "refs/heads/main", "sha": "abc123"}[0m
job-core	Crear JSON	2025-02-10T12:03:39.9102213Z [36;1m    echo "Variable github.action=crear_json"[0m
job-core	Crear JSON	2025-02-10T12:03:39.9103753Z [36;1m    ;;[0m
job-core	Crear JSON	2025-02-10T12:03:39.9104881Z [36;1m  "pull_request")[0m
job-core	Crear JSON	2025-02-10T12:03:39.9107625Z [36;1m    echo "{\"event\": \"pull_request\", \"action\": \"\", \"number\": \"\"}" > event_data.json # Ejemplo: {"event": "pull_request", "action": "opened", "number": "42"}[0m
job-core	Crear JSON	2025-02-10T12:03:39.9110500Z [36;1m    ;;[0m
job-core	Crear JSON	2025-02-10T12:03:39.9111566Z [36;1m  "issues")[0m
job-core	Crear JSON	2025-02-10T12:03:39.9113850Z [36;1m    echo "{\"event\": \"issues\", \"action\": \"\", \"issue\": \"\"}" > event_data.json # Ejemplo: {"event": "issues", "action": "opened", "issue": "99"}[0m
job-core	Crear JSON	2025-02-10T12:03:39.9116206Z [36;1m    ;;[0m
job-core	Crear JSON	2025-02-10T12:03:39.9117127Z [36;1m  "issue_comment")[0m
job-core	Crear JSON	2025-02-10T12:03:39.9119612Z [36;1m    echo "{\"event\": \"issue_comment\", \"action\": \"\", \"comment\": \"\"}" > event_data.json # Ejemplo: {"event": "issue_comment", "action": "created", "comment": "123456"}[0m
job-core	Crear JSON	2025-02-10T12:03:39.9122188Z [36;1m    ;;[0m
job-core	Crear JSON	2025-02-10T12:03:39.9123087Z [36;1m  "create")[0m
job-core	Crear JSON	2025-02-10T12:03:39.9125801Z [36;1m    echo "{\"event\": \"create\", \"ref\": \"refs/heads/main\", \"ref_type\": \"refs/heads/main\"}" > event_data.json # Ejemplo: {"event": "create", "ref": "refs/tags/v1.0", "ref_type": "tag"}[0m
job-core	Crear JSON	2025-02-10T12:03:39.9128663Z [36;1m    ;;[0m
job-core	Crear JSON	2025-02-10T12:03:39.9129561Z [36;1m  "delete")[0m
job-core	Crear JSON	2025-02-10T12:03:39.9132376Z [36;1m    echo "{\"event\": \"delete\", \"ref\": \"refs/heads/main\", \"ref_type\": \"refs/heads/main\"}" > event_data.json # Ejemplo: {"event": "delete", "ref": "refs/heads/feature-branch", "ref_type": "branch"}[0m
job-core	Crear JSON	2025-02-10T12:03:39.9135720Z [36;1m    ;;[0m
job-core	Crear JSON	2025-02-10T12:03:39.9136633Z [36;1m  "release")[0m
job-core	Crear JSON	2025-02-10T12:03:39.9138860Z [36;1m    echo "{\"event\": \"release\", \"action\": \"\", \"release\": \"\"}" > event_data.json # Ejemplo: {"event": "release", "action": "published", "release": "v1.0"}[0m
job-core	Crear JSON	2025-02-10T12:03:39.9141277Z [36;1m    ;;[0m
job-core	Crear JSON	2025-02-10T12:03:39.9142167Z [36;1m  "watch")[0m
job-core	Crear JSON	2025-02-10T12:03:39.9143980Z [36;1m    echo "{\"event\": \"watch\", \"action\": \"\"}" > event_data.json # Ejemplo: {"event": "watch", "action": "started"}[0m
job-core	Crear JSON	2025-02-10T12:03:39.9145989Z [36;1m    ;;[0m
job-core	Crear JSON	2025-02-10T12:03:39.9146947Z [36;1m  "repository_dispatch")[0m
job-core	Crear JSON	2025-02-10T12:03:39.9149399Z [36;1m    echo "{\"event\": \"repository_dispatch\", \"action\": \"\"}" > event_data.json # Ejemplo: {"event": "repository_dispatch", "action": "custom-event"}[0m
job-core	Crear JSON	2025-02-10T12:03:39.9151861Z [36;1m    ;;[0m
job-core	Crear JSON	2025-02-10T12:03:39.9152810Z [36;1m  "workflow_dispatch")[0m
job-core	Crear JSON	2025-02-10T12:03:39.9154750Z [36;1m    echo "{\"event\": \"workflow_dispatch\"}" > event_data.json # Ejemplo: {"event": "workflow_dispatch"}[0m
job-core	Crear JSON	2025-02-10T12:03:39.9156704Z [36;1m    ;;[0m
job-core	Crear JSON	2025-02-10T12:03:39.9157581Z [36;1m  *)[0m
job-core	Crear JSON	2025-02-10T12:03:39.9158970Z [36;1m    echo "{\"event\": \"unknown\"}" > event_data.json # Ejemplo: {"event": "unknown"}[0m
job-core	Crear JSON	2025-02-10T12:03:39.9160668Z [36;1m    ;;[0m
job-core	Crear JSON	2025-02-10T12:03:39.9161555Z [36;1mesac[0m
job-core	Crear JSON	2025-02-10T12:03:39.9173578Z shell: /usr/bin/bash -e {0}
job-core	Crear JSON	2025-02-10T12:03:39.9198630Z env:
job-core	Crear JSON	2025-02-10T12:03:39.9199495Z   KAOS_CODE: 13240388673
job-core	Crear JSON	2025-02-10T12:03:39.9200412Z   KAOS_EVENT_NAME: push
job-core	Crear JSON	2025-02-10T12:03:39.9201287Z   KAOS_ACTION: 
job-core	Crear JSON	2025-02-10T12:03:39.9202069Z ##[endgroup]
job-core	Crear JSON	2025-02-10T12:03:39.9267775Z Variable github.action=crear_json
job-core	Ver JSON	2025-02-10T12:03:39.9325054Z ##[group]Run cat event_data.json
job-core	Ver JSON	2025-02-10T12:03:39.9326170Z [36;1mcat event_data.json[0m
job-core	Ver JSON	2025-02-10T12:03:39.9333099Z shell: /usr/bin/bash -e {0}
job-core	Ver JSON	2025-02-10T12:03:39.9334028Z env:
job-core	Ver JSON	2025-02-10T12:03:39.9335066Z   KAOS_CODE: 13240388673
job-core	Ver JSON	2025-02-10T12:03:39.9335830Z   KAOS_EVENT_NAME: push
job-core	Ver JSON	2025-02-10T12:03:39.9336561Z   KAOS_ACTION: 
job-core	Ver JSON	2025-02-10T12:03:39.9337216Z ##[endgroup]
job-core	Ver JSON	2025-02-10T12:03:39.9387709Z {"event": "push", "ref": "refs/heads/main", "sha": "02f21d3910e89c04892d269e553ce7b1ef0d4e3a"}
job-core	Post Checkout code	2025-02-10T12:03:39.9530008Z Post job cleanup.
job-core	Post Checkout code	2025-02-10T12:03:40.0525813Z [command]/usr/bin/git version
job-core	Post Checkout code	2025-02-10T12:03:40.0568152Z git version 2.25.1
job-core	Post Checkout code	2025-02-10T12:03:40.0610189Z Copying '/home/kaos/.gitconfig' to '/actions-runner/_work/_temp/37d95bf7-7610-464d-b2b2-8318a4408533/.gitconfig'
job-core	Post Checkout code	2025-02-10T12:03:40.0624055Z Temporarily overriding HOME='/actions-runner/_work/_temp/37d95bf7-7610-464d-b2b2-8318a4408533' before making global git config changes
job-core	Post Checkout code	2025-02-10T12:03:40.0626949Z Adding repository directory to the temporary git global config as a safe directory
job-core	Post Checkout code	2025-02-10T12:03:40.0629807Z [command]/usr/bin/git config --global --add safe.directory /actions-runner/_work/ka0s/ka0s
job-core	Post Checkout code	2025-02-10T12:03:40.0679815Z [command]/usr/bin/git config --local --name-only --get-regexp core\.sshCommand
job-core	Post Checkout code	2025-02-10T12:03:40.0719572Z [command]/usr/bin/git submodule foreach --recursive sh -c "git config --local --name-only --get-regexp 'core\.sshCommand' && git config --local --unset-all 'core.sshCommand' || :"
job-core	Post Checkout code	2025-02-10T12:03:40.1049278Z [command]/usr/bin/git config --local --name-only --get-regexp http\.https\:\/\/github\.com\/\.extraheader
job-core	Post Checkout code	2025-02-10T12:03:40.1073425Z http.https://github.com/.extraheader
job-core	Post Checkout code	2025-02-10T12:03:40.1086764Z [command]/usr/bin/git config --local --unset-all http.https://github.com/.extraheader
job-core	Post Checkout code	2025-02-10T12:03:40.1131161Z [command]/usr/bin/git submodule foreach --recursive sh -c "git config --local --name-only --get-regexp 'http\.https\:\/\/github\.com\/\.extraheader' && git config --local --unset-all 'http.https://github.com/.extraheader' || :"
job-core	Complete job	2025-02-10T12:03:40.1581738Z Cleaning up orphan processes
handle-success	Set up job	2025-02-10T12:03:57.8965029Z Current runner version: '2.322.0'
handle-success	Set up job	2025-02-10T12:03:57.8975654Z Runner name: 'ka0s-3'
handle-success	Set up job	2025-02-10T12:03:57.8976931Z Runner group name: 'ka0s'
handle-success	Set up job	2025-02-10T12:03:57.8978380Z Machine name: '5613a8be5fd6'
handle-success	Set up job	2025-02-10T12:03:57.8983176Z ##[group]GITHUB_TOKEN Permissions
handle-success	Set up job	2025-02-10T12:03:57.8986528Z Contents: read
handle-success	Set up job	2025-02-10T12:03:57.8987584Z Metadata: read
handle-success	Set up job	2025-02-10T12:03:57.8988601Z Packages: read
handle-success	Set up job	2025-02-10T12:03:57.8989615Z ##[endgroup]
handle-success	Set up job	2025-02-10T12:03:57.8992046Z Secret source: Actions
handle-success	Set up job	2025-02-10T12:03:57.8993284Z Prepare workflow directory
handle-success	Set up job	2025-02-10T12:03:57.9540619Z Prepare all required actions
handle-success	Set up job	2025-02-10T12:03:57.9595360Z Complete job name: handle-success
handle-success	handle-success-execution	2025-02-10T12:03:58.0138382Z ##[group]Run # Si todo ha ido correcto a√±adimos el contenido del fichero 
handle-success	handle-success-execution	2025-02-10T12:03:58.0140477Z [36;1m# Si todo ha ido correcto a√±adimos el contenido del fichero [0m
handle-success	handle-success-execution	2025-02-10T12:03:58.0141970Z [36;1mecho "Todo ha ido bien"[0m
handle-success	handle-success-execution	2025-02-10T12:03:58.0160376Z shell: /usr/bin/bash -e {0}
handle-success	handle-success-execution	2025-02-10T12:03:58.0161667Z env:
handle-success	handle-success-execution	2025-02-10T12:03:58.0162537Z   KAOS_CODE: 13240388673
handle-success	handle-success-execution	2025-02-10T12:03:58.0163489Z   KAOS_EVENT_NAME: push
handle-success	handle-success-execution	2025-02-10T12:03:58.0164621Z   KAOS_ACTION: 
handle-success	handle-success-execution	2025-02-10T12:03:58.0165574Z ##[endgroup]
handle-success	handle-success-execution	2025-02-10T12:03:58.0323515Z Todo ha ido bien
handle-success	Complete job	2025-02-10T12:03:58.0442510Z Cleaning up orphan processes
end-workflow	Set up job	2025-02-10T12:04:10.7777217Z Current runner version: '2.322.0'
end-workflow	Set up job	2025-02-10T12:04:10.7786024Z Runner name: 'ka0s-3'
end-workflow	Set up job	2025-02-10T12:04:10.7787036Z Runner group name: 'ka0s'
end-workflow	Set up job	2025-02-10T12:04:10.7788228Z Machine name: '5613a8be5fd6'
end-workflow	Set up job	2025-02-10T12:04:10.7792279Z ##[group]GITHUB_TOKEN Permissions
end-workflow	Set up job	2025-02-10T12:04:10.7796091Z Contents: read
end-workflow	Set up job	2025-02-10T12:04:10.7796924Z Metadata: read
end-workflow	Set up job	2025-02-10T12:04:10.7797720Z Packages: read
end-workflow	Set up job	2025-02-10T12:04:10.7798503Z ##[endgroup]
end-workflow	Set up job	2025-02-10T12:04:10.7800895Z Secret source: Actions
end-workflow	Set up job	2025-02-10T12:04:10.7802050Z Prepare workflow directory
end-workflow	Set up job	2025-02-10T12:04:10.8303439Z Prepare all required actions
end-workflow	Set up job	2025-02-10T12:04:10.8341492Z Getting action download info
end-workflow	Set up job	2025-02-10T12:04:11.0844063Z Download action repository 'actions/checkout@v4' (SHA:11bd71901bbe5b1630ceea73d27597364c9af683)
end-workflow	Set up job	2025-02-10T12:04:15.4074972Z Complete job name: end-workflow
end-workflow	Checkout code	2025-02-10T12:04:15.4541269Z ##[group]Run actions/checkout@v4
end-workflow	Checkout code	2025-02-10T12:04:15.4541943Z with:
end-workflow	Checkout code	2025-02-10T12:04:15.4542208Z   fetch-depth: 0
end-workflow	Checkout code	2025-02-10T12:04:15.4542752Z   token: ***
end-workflow	Checkout code	2025-02-10T12:04:15.4543073Z   repository: Ka0s-Klaus/ka0s
end-workflow	Checkout code	2025-02-10T12:04:15.4543372Z   ssh-strict: true
end-workflow	Checkout code	2025-02-10T12:04:15.4543623Z   ssh-user: git
end-workflow	Checkout code	2025-02-10T12:04:15.4543890Z   persist-credentials: true
end-workflow	Checkout code	2025-02-10T12:04:15.4544696Z   clean: true
end-workflow	Checkout code	2025-02-10T12:04:15.4545117Z   sparse-checkout-cone-mode: true
end-workflow	Checkout code	2025-02-10T12:04:15.4545431Z   fetch-tags: false
end-workflow	Checkout code	2025-02-10T12:04:15.4545694Z   show-progress: true
end-workflow	Checkout code	2025-02-10T12:04:15.4545958Z   lfs: false
end-workflow	Checkout code	2025-02-10T12:04:15.4546197Z   submodules: false
end-workflow	Checkout code	2025-02-10T12:04:15.4546494Z   set-safe-directory: true
end-workflow	Checkout code	2025-02-10T12:04:15.4547026Z env:
end-workflow	Checkout code	2025-02-10T12:04:15.4547277Z   KAOS_CODE: 13240388673
end-workflow	Checkout code	2025-02-10T12:04:15.4547557Z   KAOS_EVENT_NAME: push
end-workflow	Checkout code	2025-02-10T12:04:15.4547828Z   KAOS_ACTION: 
end-workflow	Checkout code	2025-02-10T12:04:15.4548232Z   GH_TOKEN: ***
end-workflow	Checkout code	2025-02-10T12:04:15.4548491Z ##[endgroup]
end-workflow	Checkout code	2025-02-10T12:04:15.5700397Z Syncing repository: Ka0s-Klaus/ka0s
end-workflow	Checkout code	2025-02-10T12:04:15.5702240Z ##[group]Getting Git version info
end-workflow	Checkout code	2025-02-10T12:04:15.5702897Z Working directory is '/actions-runner/_work/ka0s/ka0s'
end-workflow	Checkout code	2025-02-10T12:04:15.5703632Z [command]/usr/bin/git version
end-workflow	Checkout code	2025-02-10T12:04:15.5704090Z git version 2.25.1
end-workflow	Checkout code	2025-02-10T12:04:15.5730208Z ##[endgroup]
end-workflow	Checkout code	2025-02-10T12:04:15.5741905Z Copying '/home/kaos/.gitconfig' to '/actions-runner/_work/_temp/828e8f5f-11b6-4a0b-bdbf-80a69b489b34/.gitconfig'
end-workflow	Checkout code	2025-02-10T12:04:15.5752870Z Temporarily overriding HOME='/actions-runner/_work/_temp/828e8f5f-11b6-4a0b-bdbf-80a69b489b34' before making global git config changes
end-workflow	Checkout code	2025-02-10T12:04:15.5753982Z Adding repository directory to the temporary git global config as a safe directory
end-workflow	Checkout code	2025-02-10T12:04:15.5759735Z [command]/usr/bin/git config --global --add safe.directory /actions-runner/_work/ka0s/ka0s
end-workflow	Checkout code	2025-02-10T12:04:15.5803798Z [command]/usr/bin/git config --local --get remote.origin.url
end-workflow	Checkout code	2025-02-10T12:04:15.5829361Z https://github.com/Ka0s-Klaus/ka0s
end-workflow	Checkout code	2025-02-10T12:04:15.5849464Z ##[group]Removing previously created refs, to avoid conflicts
end-workflow	Checkout code	2025-02-10T12:04:15.5854145Z [command]/usr/bin/git rev-parse --symbolic-full-name --verify --quiet HEAD
end-workflow	Checkout code	2025-02-10T12:04:15.5879322Z refs/heads/main
end-workflow	Checkout code	2025-02-10T12:04:15.5889691Z [command]/usr/bin/git checkout --detach
end-workflow	Checkout code	2025-02-10T12:04:15.5931697Z HEAD is now at 02f21d3 Merge pull request #20 from Ka0s-Klaus/H18-modulo-executionyml
end-workflow	Checkout code	2025-02-10T12:04:15.5979110Z [command]/usr/bin/git branch --delete --force main
end-workflow	Checkout code	2025-02-10T12:04:15.6011130Z Deleted branch main (was 02f21d3).
end-workflow	Checkout code	2025-02-10T12:04:15.6056407Z ##[endgroup]
end-workflow	Checkout code	2025-02-10T12:04:15.6058041Z [command]/usr/bin/git submodule status
end-workflow	Checkout code	2025-02-10T12:04:15.6357636Z ##[group]Cleaning the repository
end-workflow	Checkout code	2025-02-10T12:04:15.6363190Z [command]/usr/bin/git clean -ffdx
end-workflow	Checkout code	2025-02-10T12:04:15.6393381Z Removing event_data.json
end-workflow	Checkout code	2025-02-10T12:04:15.6403546Z [command]/usr/bin/git reset --hard HEAD
end-workflow	Checkout code	2025-02-10T12:04:15.6448978Z HEAD is now at 02f21d3 Merge pull request #20 from Ka0s-Klaus/H18-modulo-executionyml
end-workflow	Checkout code	2025-02-10T12:04:15.6453760Z ##[endgroup]
end-workflow	Checkout code	2025-02-10T12:04:15.6455181Z ##[group]Disabling automatic garbage collection
end-workflow	Checkout code	2025-02-10T12:04:15.6461181Z [command]/usr/bin/git config --local gc.auto 0
end-workflow	Checkout code	2025-02-10T12:04:15.6494308Z ##[endgroup]
end-workflow	Checkout code	2025-02-10T12:04:15.6494883Z ##[group]Setting up auth
end-workflow	Checkout code	2025-02-10T12:04:15.6511310Z [command]/usr/bin/git config --local --name-only --get-regexp core\.sshCommand
end-workflow	Checkout code	2025-02-10T12:04:15.6546803Z [command]/usr/bin/git submodule foreach --recursive sh -c "git config --local --name-only --get-regexp 'core\.sshCommand' && git config --local --unset-all 'core.sshCommand' || :"
end-workflow	Checkout code	2025-02-10T12:04:15.6849290Z [command]/usr/bin/git config --local --name-only --get-regexp http\.https\:\/\/github\.com\/\.extraheader
end-workflow	Checkout code	2025-02-10T12:04:15.6882252Z [command]/usr/bin/git submodule foreach --recursive sh -c "git config --local --name-only --get-regexp 'http\.https\:\/\/github\.com\/\.extraheader' && git config --local --unset-all 'http.https://github.com/.extraheader' || :"
end-workflow	Checkout code	2025-02-10T12:04:15.7191463Z [command]/usr/bin/git config --local http.https://github.com/.extraheader AUTHORIZATION: basic ***
end-workflow	Checkout code	2025-02-10T12:04:15.7234461Z ##[endgroup]
end-workflow	Checkout code	2025-02-10T12:04:15.7242821Z ##[group]Fetching the repository
end-workflow	Checkout code	2025-02-10T12:04:15.7243769Z [command]/usr/bin/git -c protocol.version=2 fetch --prune --no-recurse-submodules origin +refs/heads/*:refs/remotes/origin/* +refs/tags/*:refs/tags/*
end-workflow	Checkout code	2025-02-10T12:04:16.2571624Z [command]/usr/bin/git branch --list --remote origin/main
end-workflow	Checkout code	2025-02-10T12:04:16.2600971Z   origin/main
end-workflow	Checkout code	2025-02-10T12:04:16.2610452Z [command]/usr/bin/git rev-parse refs/remotes/origin/main
end-workflow	Checkout code	2025-02-10T12:04:16.2636931Z 02f21d3910e89c04892d269e553ce7b1ef0d4e3a
end-workflow	Checkout code	2025-02-10T12:04:16.2641042Z ##[endgroup]
end-workflow	Checkout code	2025-02-10T12:04:16.2641717Z ##[group]Determining the checkout info
end-workflow	Checkout code	2025-02-10T12:04:16.2642356Z ##[endgroup]
end-workflow	Checkout code	2025-02-10T12:04:16.2642921Z ##[group]Checking out the ref
end-workflow	Checkout code	2025-02-10T12:04:16.2649686Z [command]/usr/bin/git checkout --progress --force -B main refs/remotes/origin/main
end-workflow	Checkout code	2025-02-10T12:04:16.2710102Z Switched to a new branch 'main'
end-workflow	Checkout code	2025-02-10T12:04:16.2710820Z Branch 'main' set up to track remote branch 'main' from 'origin'.
end-workflow	Checkout code	2025-02-10T12:04:16.2715596Z ##[endgroup]
end-workflow	Checkout code	2025-02-10T12:04:16.2763638Z [command]/usr/bin/git log -1 --format=%H
end-workflow	Checkout code	2025-02-10T12:04:16.2799949Z 02f21d3910e89c04892d269e553ce7b1ef0d4e3a
end-workflow	Finaliza el workflow	2025-02-10T12:04:16.3063877Z ##[group]Run echo "End process"
end-workflow	Finaliza el workflow	2025-02-10T12:04:16.3064557Z [36;1mecho "End process"[0m
end-workflow	Finaliza el workflow	2025-02-10T12:04:16.3065389Z [36;1mgh workflow run inspector.yml --ref 'main' -f kaos-issue-id="" -f kaos-workflow-id="13240388673" -f kaos-user-start=""[0m
end-workflow	Finaliza el workflow	2025-02-10T12:04:16.3077975Z shell: /usr/bin/bash -e {0}
end-workflow	Finaliza el workflow	2025-02-10T12:04:16.3078428Z env:
end-workflow	Finaliza el workflow	2025-02-10T12:04:16.3078753Z   KAOS_CODE: 13240388673
end-workflow	Finaliza el workflow	2025-02-10T12:04:16.3079152Z   KAOS_EVENT_NAME: push
end-workflow	Finaliza el workflow	2025-02-10T12:04:16.3079527Z   KAOS_ACTION: 
end-workflow	Finaliza el workflow	2025-02-10T12:04:16.3080136Z   GH_TOKEN: ***
end-workflow	Finaliza el workflow	2025-02-10T12:04:16.3080487Z ##[endgroup]
end-workflow	Finaliza el workflow	2025-02-10T12:04:16.3170203Z End process
end-workflow	Post Checkout code	2025-02-10T12:04:16.9679299Z Post job cleanup.
end-workflow	Post Checkout code	2025-02-10T12:04:17.0657513Z [command]/usr/bin/git version
end-workflow	Post Checkout code	2025-02-10T12:04:17.0695901Z git version 2.25.1
end-workflow	Post Checkout code	2025-02-10T12:04:17.0733246Z Copying '/home/kaos/.gitconfig' to '/actions-runner/_work/_temp/796397c0-b50c-40ed-9546-861061c955f7/.gitconfig'
end-workflow	Post Checkout code	2025-02-10T12:04:17.0745042Z Temporarily overriding HOME='/actions-runner/_work/_temp/796397c0-b50c-40ed-9546-861061c955f7' before making global git config changes
end-workflow	Post Checkout code	2025-02-10T12:04:17.0746047Z Adding repository directory to the temporary git global config as a safe directory
end-workflow	Post Checkout code	2025-02-10T12:04:17.0751448Z [command]/usr/bin/git config --global --add safe.directory /actions-runner/_work/ka0s/ka0s
end-workflow	Post Checkout code	2025-02-10T12:04:17.0792351Z [command]/usr/bin/git config --local --name-only --get-regexp core\.sshCommand
end-workflow	Post Checkout code	2025-02-10T12:04:17.0834032Z [command]/usr/bin/git submodule foreach --recursive sh -c "git config --local --name-only --get-regexp 'core\.sshCommand' && git config --local --unset-all 'core.sshCommand' || :"
end-workflow	Post Checkout code	2025-02-10T12:04:17.1143091Z [command]/usr/bin/git config --local --name-only --get-regexp http\.https\:\/\/github\.com\/\.extraheader
end-workflow	Post Checkout code	2025-02-10T12:04:17.1167793Z http.https://github.com/.extraheader
end-workflow	Post Checkout code	2025-02-10T12:04:17.1180899Z [command]/usr/bin/git config --local --unset-all http.https://github.com/.extraheader
end-workflow	Post Checkout code	2025-02-10T12:04:17.1217215Z [command]/usr/bin/git submodule foreach --recursive sh -c "git config --local --name-only --get-regexp 'http\.https\:\/\/github\.com\/\.extraheader' && git config --local --unset-all 'http.https://github.com/.extraheader' || :"
end-workflow	Complete job	2025-02-10T12:04:17.1625481Z Cleaning up orphan processes
