job-core	Set up job	2025-02-25T11:38:01.3138581Z Current runner version: '2.322.0'
job-core	Set up job	2025-02-25T11:38:01.3164755Z ##[group]Operating System
job-core	Set up job	2025-02-25T11:38:01.3165574Z Ubuntu
job-core	Set up job	2025-02-25T11:38:01.3166094Z 24.04.1
job-core	Set up job	2025-02-25T11:38:01.3166682Z LTS
job-core	Set up job	2025-02-25T11:38:01.3167198Z ##[endgroup]
job-core	Set up job	2025-02-25T11:38:01.3167862Z ##[group]Runner Image
job-core	Set up job	2025-02-25T11:38:01.3168482Z Image: ubuntu-24.04
job-core	Set up job	2025-02-25T11:38:01.3169061Z Version: 20250209.1.0
job-core	Set up job	2025-02-25T11:38:01.3170392Z Included Software: https://github.com/actions/runner-images/blob/ubuntu24/20250209.1/images/ubuntu/Ubuntu2404-Readme.md
job-core	Set up job	2025-02-25T11:38:01.3171827Z Image Release: https://github.com/actions/runner-images/releases/tag/ubuntu24%2F20250209.1
job-core	Set up job	2025-02-25T11:38:01.3172864Z ##[endgroup]
job-core	Set up job	2025-02-25T11:38:01.3173447Z ##[group]Runner Image Provisioner
job-core	Set up job	2025-02-25T11:38:01.3174082Z 2.0.422.1
job-core	Set up job	2025-02-25T11:38:01.3174664Z ##[endgroup]
job-core	Set up job	2025-02-25T11:38:01.3175845Z ##[group]GITHUB_TOKEN Permissions
job-core	Set up job	2025-02-25T11:38:01.3177895Z Contents: read
job-core	Set up job	2025-02-25T11:38:01.3178524Z Metadata: read
job-core	Set up job	2025-02-25T11:38:01.3179376Z Packages: read
job-core	Set up job	2025-02-25T11:38:01.3180191Z ##[endgroup]
job-core	Set up job	2025-02-25T11:38:01.3182530Z Secret source: Actions
job-core	Set up job	2025-02-25T11:38:01.3183527Z Prepare workflow directory
job-core	Set up job	2025-02-25T11:38:01.3678600Z Prepare all required actions
job-core	Set up job	2025-02-25T11:38:01.3735083Z Getting action download info
job-core	Set up job	2025-02-25T11:38:01.5927686Z Download action repository 'actions/checkout@v4' (SHA:11bd71901bbe5b1630ceea73d27597364c9af683)
job-core	Set up job	2025-02-25T11:38:01.7424164Z Complete job name: job-core
job-core	Checkout code	2025-02-25T11:38:01.8150640Z ##[group]Run actions/checkout@v4
job-core	Checkout code	2025-02-25T11:38:01.8151680Z with:
job-core	Checkout code	2025-02-25T11:38:01.8152112Z   fetch-depth: 0
job-core	Checkout code	2025-02-25T11:38:01.8152795Z   token: ***
job-core	Checkout code	2025-02-25T11:38:01.8153233Z   repository: Ka0s-Klaus/ka0s
job-core	Checkout code	2025-02-25T11:38:01.8153737Z   ssh-strict: true
job-core	Checkout code	2025-02-25T11:38:01.8154163Z   ssh-user: git
job-core	Checkout code	2025-02-25T11:38:01.8154616Z   persist-credentials: true
job-core	Checkout code	2025-02-25T11:38:01.8155094Z   clean: true
job-core	Checkout code	2025-02-25T11:38:01.8155539Z   sparse-checkout-cone-mode: true
job-core	Checkout code	2025-02-25T11:38:01.8156064Z   fetch-tags: false
job-core	Checkout code	2025-02-25T11:38:01.8156537Z   show-progress: true
job-core	Checkout code	2025-02-25T11:38:01.8156985Z   lfs: false
job-core	Checkout code	2025-02-25T11:38:01.8157402Z   submodules: false
job-core	Checkout code	2025-02-25T11:38:01.8157858Z   set-safe-directory: true
job-core	Checkout code	2025-02-25T11:38:01.8158532Z env:
job-core	Checkout code	2025-02-25T11:38:01.8158947Z   KAOS_CODE: 13520327628
job-core	Checkout code	2025-02-25T11:38:01.8159600Z   KAOS_EVENT_NAME: push
job-core	Checkout code	2025-02-25T11:38:01.8160064Z   KAOS_ACTION: 
job-core	Checkout code	2025-02-25T11:38:01.8160579Z   KAOS_REF: refs/heads/H44-creación-módulo-versionado
job-core	Checkout code	2025-02-25T11:38:01.8161196Z   KAOS_MODULE: [Ka0S] kaos
job-core	Checkout code	2025-02-25T11:38:01.8161737Z   KAOS_PATH_RESUME: core/results/
job-core	Checkout code	2025-02-25T11:38:01.8162263Z   KAOS_JSON: core/results/event_data
job-core	Checkout code	2025-02-25T11:38:01.8162792Z   GITHUB_OUTPUT: 
job-core	Checkout code	2025-02-25T11:38:01.8163214Z ##[endgroup]
job-core	Checkout code	2025-02-25T11:38:02.0884237Z Syncing repository: Ka0s-Klaus/ka0s
job-core	Checkout code	2025-02-25T11:38:02.0886256Z ##[group]Getting Git version info
job-core	Checkout code	2025-02-25T11:38:02.0887460Z Working directory is '/home/runner/work/ka0s/ka0s'
job-core	Checkout code	2025-02-25T11:38:02.0888776Z [command]/usr/bin/git version
job-core	Checkout code	2025-02-25T11:38:02.0996671Z git version 2.48.1
job-core	Checkout code	2025-02-25T11:38:02.1028145Z ##[endgroup]
job-core	Checkout code	2025-02-25T11:38:02.1043402Z Temporarily overriding HOME='/home/runner/work/_temp/e98d9fbc-c87e-4409-b276-8fd5e51cded9' before making global git config changes
job-core	Checkout code	2025-02-25T11:38:02.1056721Z Adding repository directory to the temporary git global config as a safe directory
job-core	Checkout code	2025-02-25T11:38:02.1057925Z [command]/usr/bin/git config --global --add safe.directory /home/runner/work/ka0s/ka0s
job-core	Checkout code	2025-02-25T11:38:02.1097458Z Deleting the contents of '/home/runner/work/ka0s/ka0s'
job-core	Checkout code	2025-02-25T11:38:02.1102051Z ##[group]Initializing the repository
job-core	Checkout code	2025-02-25T11:38:02.1106425Z [command]/usr/bin/git init /home/runner/work/ka0s/ka0s
job-core	Checkout code	2025-02-25T11:38:02.1202919Z hint: Using 'master' as the name for the initial branch. This default branch name
job-core	Checkout code	2025-02-25T11:38:02.1204194Z hint: is subject to change. To configure the initial branch name to use in all
job-core	Checkout code	2025-02-25T11:38:02.1205641Z hint: of your new repositories, which will suppress this warning, call:
job-core	Checkout code	2025-02-25T11:38:02.1206839Z hint:
job-core	Checkout code	2025-02-25T11:38:02.1207431Z hint: 	git config --global init.defaultBranch <name>
job-core	Checkout code	2025-02-25T11:38:02.1208184Z hint:
job-core	Checkout code	2025-02-25T11:38:02.1209432Z hint: Names commonly chosen instead of 'master' are 'main', 'trunk' and
job-core	Checkout code	2025-02-25T11:38:02.1211279Z hint: 'development'. The just-created branch can be renamed via this command:
job-core	Checkout code	2025-02-25T11:38:02.1212835Z hint:
job-core	Checkout code	2025-02-25T11:38:02.1213630Z hint: 	git branch -m <name>
job-core	Checkout code	2025-02-25T11:38:02.1214592Z Initialized empty Git repository in /home/runner/work/ka0s/ka0s/.git/
job-core	Checkout code	2025-02-25T11:38:02.1224753Z [command]/usr/bin/git remote add origin https://github.com/Ka0s-Klaus/ka0s
job-core	Checkout code	2025-02-25T11:38:02.1264092Z ##[endgroup]
job-core	Checkout code	2025-02-25T11:38:02.1264900Z ##[group]Disabling automatic garbage collection
job-core	Checkout code	2025-02-25T11:38:02.1268193Z [command]/usr/bin/git config --local gc.auto 0
job-core	Checkout code	2025-02-25T11:38:02.1297039Z ##[endgroup]
job-core	Checkout code	2025-02-25T11:38:02.1297817Z ##[group]Setting up auth
job-core	Checkout code	2025-02-25T11:38:02.1304193Z [command]/usr/bin/git config --local --name-only --get-regexp core\.sshCommand
job-core	Checkout code	2025-02-25T11:38:02.1334316Z [command]/usr/bin/git submodule foreach --recursive sh -c "git config --local --name-only --get-regexp 'core\.sshCommand' && git config --local --unset-all 'core.sshCommand' || :"
job-core	Checkout code	2025-02-25T11:38:02.1726141Z [command]/usr/bin/git config --local --name-only --get-regexp http\.https\:\/\/github\.com\/\.extraheader
job-core	Checkout code	2025-02-25T11:38:02.1756468Z [command]/usr/bin/git submodule foreach --recursive sh -c "git config --local --name-only --get-regexp 'http\.https\:\/\/github\.com\/\.extraheader' && git config --local --unset-all 'http.https://github.com/.extraheader' || :"
job-core	Checkout code	2025-02-25T11:38:02.1997111Z [command]/usr/bin/git config --local http.https://github.com/.extraheader AUTHORIZATION: basic ***
job-core	Checkout code	2025-02-25T11:38:02.2044884Z ##[endgroup]
job-core	Checkout code	2025-02-25T11:38:02.2046339Z ##[group]Fetching the repository
job-core	Checkout code	2025-02-25T11:38:02.2055589Z [command]/usr/bin/git -c protocol.version=2 fetch --prune --no-recurse-submodules origin +refs/heads/*:refs/remotes/origin/* +refs/tags/*:refs/tags/*
job-core	Checkout code	2025-02-25T11:38:03.0044392Z From https://github.com/Ka0s-Klaus/ka0s
job-core	Checkout code	2025-02-25T11:38:03.0046725Z  * [new branch]      F44-creación-módulo-versionado -> origin/F44-creación-módulo-versionado
job-core	Checkout code	2025-02-25T11:38:03.0048191Z  * [new branch]      H34-modulo-iac-kaos -> origin/H34-modulo-iac-kaos
job-core	Checkout code	2025-02-25T11:38:03.0050492Z  * [new branch]      H38-documentacion-basica-del-proyecto -> origin/H38-documentacion-basica-del-proyecto
job-core	Checkout code	2025-02-25T11:38:03.0053275Z  * [new branch]      H44-creación-módulo-versionado -> origin/H44-creación-módulo-versionado
job-core	Checkout code	2025-02-25T11:38:03.0054970Z  * [new branch]      main                -> origin/main
job-core	Checkout code	2025-02-25T11:38:03.0055947Z  * [new tag]         0.0.0               -> 0.0.0
job-core	Checkout code	2025-02-25T11:38:03.0056657Z  * [new tag]         0.0.1               -> 0.0.1
job-core	Checkout code	2025-02-25T11:38:03.0057756Z  * [new tag]         0.0.2               -> 0.0.2
job-core	Checkout code	2025-02-25T11:38:03.0059026Z  * [new tag]         0.0.3               -> 0.0.3
job-core	Checkout code	2025-02-25T11:38:03.0060517Z  * [new tag]         0.0.4               -> 0.0.4
job-core	Checkout code	2025-02-25T11:38:03.0061755Z  * [new tag]         0.0.5               -> 0.0.5
job-core	Checkout code	2025-02-25T11:38:03.0062741Z  * [new tag]         0.0.6               -> 0.0.6
job-core	Checkout code	2025-02-25T11:38:03.0063458Z  * [new tag]         0.0.7               -> 0.0.7
job-core	Checkout code	2025-02-25T11:38:03.0112208Z [command]/usr/bin/git branch --list --remote origin/H44-creación-módulo-versionado
job-core	Checkout code	2025-02-25T11:38:03.0136692Z   origin/H44-creación-módulo-versionado
job-core	Checkout code	2025-02-25T11:38:03.0146699Z [command]/usr/bin/git rev-parse refs/remotes/origin/H44-creación-módulo-versionado
job-core	Checkout code	2025-02-25T11:38:03.0167433Z 9bb47cea09e3668bfc5914b3cf2d25f29843b1d6
job-core	Checkout code	2025-02-25T11:38:03.0173353Z ##[endgroup]
job-core	Checkout code	2025-02-25T11:38:03.0174487Z ##[group]Determining the checkout info
job-core	Checkout code	2025-02-25T11:38:03.0175432Z ##[endgroup]
job-core	Checkout code	2025-02-25T11:38:03.0179006Z [command]/usr/bin/git sparse-checkout disable
job-core	Checkout code	2025-02-25T11:38:03.0237780Z [command]/usr/bin/git config --local --unset-all extensions.worktreeConfig
job-core	Checkout code	2025-02-25T11:38:03.0264919Z ##[group]Checking out the ref
job-core	Checkout code	2025-02-25T11:38:03.0270572Z [command]/usr/bin/git checkout --progress --force -B H44-creación-módulo-versionado refs/remotes/origin/H44-creación-módulo-versionado
job-core	Checkout code	2025-02-25T11:38:03.1167197Z Switched to a new branch 'H44-creación-módulo-versionado'
job-core	Checkout code	2025-02-25T11:38:03.1168923Z branch 'H44-creación-módulo-versionado' set up to track 'origin/H44-creación-módulo-versionado'.
job-core	Checkout code	2025-02-25T11:38:03.1183102Z ##[endgroup]
job-core	Checkout code	2025-02-25T11:38:03.1225211Z [command]/usr/bin/git log -1 --format=%H
job-core	Checkout code	2025-02-25T11:38:03.1248332Z 9bb47cea09e3668bfc5914b3cf2d25f29843b1d6
job-core	Validate file extensions	2025-02-25T11:38:03.1476509Z ##[group]Run IFS=' ' read -r -a extensions <<< "***"
job-core	Validate file extensions	2025-02-25T11:38:03.1477535Z [36;1mIFS=' ' read -r -a extensions <<< "***"[0m
job-core	Validate file extensions	2025-02-25T11:38:03.1478323Z [36;1mfor file in $(git diff --name-only HEAD~1 HEAD); do[0m
job-core	Validate file extensions	2025-02-25T11:38:03.1479040Z [36;1m  extension="${file##*.}"[0m
job-core	Validate file extensions	2025-02-25T11:38:03.1479887Z [36;1m  if [[ ! " ${extensions[@]} " =~ " ${extension} " ]]; then[0m
job-core	Validate file extensions	2025-02-25T11:38:03.1480710Z [36;1m    echo "File $file has an invalid extension: $extension"[0m
job-core	Validate file extensions	2025-02-25T11:38:03.1481437Z [36;1m  fi[0m
job-core	Validate file extensions	2025-02-25T11:38:03.1481897Z [36;1mdone[0m
job-core	Validate file extensions	2025-02-25T11:38:03.1482599Z [36;1mRNNUMBER=$(echo "H44-creación-módulo-versionado" | grep -o '[0-9]*')[0m
job-core	Validate file extensions	2025-02-25T11:38:03.1483528Z [36;1mgh issue comment $RNNUMBER --body "Se inicia Ka0s"[0m
job-core	Validate file extensions	2025-02-25T11:38:03.1694766Z shell: /usr/bin/bash -e {0}
job-core	Validate file extensions	2025-02-25T11:38:03.1695424Z env:
job-core	Validate file extensions	2025-02-25T11:38:03.1695894Z   KAOS_CODE: 13520327628
job-core	Validate file extensions	2025-02-25T11:38:03.1696459Z   KAOS_EVENT_NAME: push
job-core	Validate file extensions	2025-02-25T11:38:03.1697004Z   KAOS_ACTION: 
job-core	Validate file extensions	2025-02-25T11:38:03.1697676Z   KAOS_REF: refs/heads/H44-creación-módulo-versionado
job-core	Validate file extensions	2025-02-25T11:38:03.1698417Z   KAOS_MODULE: [Ka0S] kaos
job-core	Validate file extensions	2025-02-25T11:38:03.1698997Z   KAOS_PATH_RESUME: core/results/
job-core	Validate file extensions	2025-02-25T11:38:03.1699778Z   KAOS_JSON: core/results/event_data
job-core	Validate file extensions	2025-02-25T11:38:03.1700414Z   GITHUB_OUTPUT: 
job-core	Validate file extensions	2025-02-25T11:38:03.1780069Z ##[endgroup]
job-core	Validate file extensions	2025-02-25T11:38:03.1907154Z File core/test/correct-file2.md has an invalid extension: md
job-core	Validate file extensions	2025-02-25T11:38:03.3102940Z gh: To use GitHub CLI in a GitHub Actions workflow, set the GH_TOKEN environment variable. Example:
job-core	Validate file extensions	2025-02-25T11:38:03.3104707Z   env:
job-core	Validate file extensions	2025-02-25T11:38:03.3105476Z     GH_TOKEN: ${{ github.token }}
job-core	Validate file extensions	2025-02-25T11:38:03.3132541Z ##[error]Process completed with exit code 4.
job-core	Post Checkout code	2025-02-25T11:38:03.3296289Z Post job cleanup.
job-core	Post Checkout code	2025-02-25T11:38:03.4247301Z [command]/usr/bin/git version
job-core	Post Checkout code	2025-02-25T11:38:03.4286702Z git version 2.48.1
job-core	Post Checkout code	2025-02-25T11:38:03.4334181Z Temporarily overriding HOME='/home/runner/work/_temp/59cc9af3-844e-44f7-8c01-d6023c28ec33' before making global git config changes
job-core	Post Checkout code	2025-02-25T11:38:03.4346480Z Adding repository directory to the temporary git global config as a safe directory
job-core	Post Checkout code	2025-02-25T11:38:03.4347831Z [command]/usr/bin/git config --global --add safe.directory /home/runner/work/ka0s/ka0s
job-core	Post Checkout code	2025-02-25T11:38:03.4380600Z [command]/usr/bin/git config --local --name-only --get-regexp core\.sshCommand
job-core	Post Checkout code	2025-02-25T11:38:03.4412345Z [command]/usr/bin/git submodule foreach --recursive sh -c "git config --local --name-only --get-regexp 'core\.sshCommand' && git config --local --unset-all 'core.sshCommand' || :"
job-core	Post Checkout code	2025-02-25T11:38:03.4653900Z [command]/usr/bin/git config --local --name-only --get-regexp http\.https\:\/\/github\.com\/\.extraheader
job-core	Post Checkout code	2025-02-25T11:38:03.4674935Z http.https://github.com/.extraheader
job-core	Post Checkout code	2025-02-25T11:38:03.4688458Z [command]/usr/bin/git config --local --unset-all http.https://github.com/.extraheader
job-core	Post Checkout code	2025-02-25T11:38:03.4721983Z [command]/usr/bin/git submodule foreach --recursive sh -c "git config --local --name-only --get-regexp 'http\.https\:\/\/github\.com\/\.extraheader' && git config --local --unset-all 'http.https://github.com/.extraheader' || :"
job-core	Complete job	2025-02-25T11:38:03.5072958Z Cleaning up orphan processes
handle_failure	Set up job	2025-02-25T11:38:14.5926837Z Current runner version: '2.322.0'
handle_failure	Set up job	2025-02-25T11:38:14.5950501Z ##[group]Operating System
handle_failure	Set up job	2025-02-25T11:38:14.5951323Z Ubuntu
handle_failure	Set up job	2025-02-25T11:38:14.5952098Z 24.04.1
handle_failure	Set up job	2025-02-25T11:38:14.5952664Z LTS
handle_failure	Set up job	2025-02-25T11:38:14.5953107Z ##[endgroup]
handle_failure	Set up job	2025-02-25T11:38:14.5953638Z ##[group]Runner Image
handle_failure	Set up job	2025-02-25T11:38:14.5954261Z Image: ubuntu-24.04
handle_failure	Set up job	2025-02-25T11:38:14.5954779Z Version: 20250209.1.0
handle_failure	Set up job	2025-02-25T11:38:14.5955786Z Included Software: https://github.com/actions/runner-images/blob/ubuntu24/20250209.1/images/ubuntu/Ubuntu2404-Readme.md
handle_failure	Set up job	2025-02-25T11:38:14.5957170Z Image Release: https://github.com/actions/runner-images/releases/tag/ubuntu24%2F20250209.1
handle_failure	Set up job	2025-02-25T11:38:14.5958061Z ##[endgroup]
handle_failure	Set up job	2025-02-25T11:38:14.5958608Z ##[group]Runner Image Provisioner
handle_failure	Set up job	2025-02-25T11:38:14.5959267Z 2.0.422.1
handle_failure	Set up job	2025-02-25T11:38:14.5959757Z ##[endgroup]
handle_failure	Set up job	2025-02-25T11:38:14.5960848Z ##[group]GITHUB_TOKEN Permissions
handle_failure	Set up job	2025-02-25T11:38:14.5962961Z Contents: read
handle_failure	Set up job	2025-02-25T11:38:14.5963521Z Metadata: read
handle_failure	Set up job	2025-02-25T11:38:14.5964123Z Packages: read
handle_failure	Set up job	2025-02-25T11:38:14.5964936Z ##[endgroup]
handle_failure	Set up job	2025-02-25T11:38:14.5966909Z Secret source: Actions
handle_failure	Set up job	2025-02-25T11:38:14.5967609Z Prepare workflow directory
handle_failure	Set up job	2025-02-25T11:38:14.6420413Z Prepare all required actions
handle_failure	Set up job	2025-02-25T11:38:14.6467631Z Complete job name: handle_failure
handle_failure	handle-failure-execution	2025-02-25T11:38:14.7171794Z ##[group]Run echo "Error detected in process"
handle_failure	handle-failure-execution	2025-02-25T11:38:14.7172488Z [36;1mecho "Error detected in process"[0m
handle_failure	handle-failure-execution	2025-02-25T11:38:14.7516901Z shell: /usr/bin/bash -e {0}
handle_failure	handle-failure-execution	2025-02-25T11:38:14.7517724Z env:
handle_failure	handle-failure-execution	2025-02-25T11:38:14.7518138Z   KAOS_CODE: 13520327628
handle_failure	handle-failure-execution	2025-02-25T11:38:14.7518560Z   KAOS_EVENT_NAME: push
handle_failure	handle-failure-execution	2025-02-25T11:38:14.7518960Z   KAOS_ACTION: 
handle_failure	handle-failure-execution	2025-02-25T11:38:14.7519403Z   KAOS_REF: refs/heads/H44-creación-módulo-versionado
handle_failure	handle-failure-execution	2025-02-25T11:38:14.7520008Z   KAOS_MODULE: [Ka0S] kaos
handle_failure	handle-failure-execution	2025-02-25T11:38:14.7520584Z   KAOS_PATH_RESUME: core/results/
handle_failure	handle-failure-execution	2025-02-25T11:38:14.7521087Z   KAOS_JSON: core/results/event_data
handle_failure	handle-failure-execution	2025-02-25T11:38:14.7521789Z ##[endgroup]
handle_failure	handle-failure-execution	2025-02-25T11:38:14.7726832Z Error detected in process
handle_failure	Complete job	2025-02-25T11:38:14.7822561Z Cleaning up orphan processes
end-workflow	Set up job	2025-02-25T11:38:22.5213161Z Current runner version: '2.322.0'
end-workflow	Set up job	2025-02-25T11:38:22.5239185Z ##[group]Operating System
end-workflow	Set up job	2025-02-25T11:38:22.5240068Z Ubuntu
end-workflow	Set up job	2025-02-25T11:38:22.5240649Z 24.04.1
end-workflow	Set up job	2025-02-25T11:38:22.5241121Z LTS
end-workflow	Set up job	2025-02-25T11:38:22.5241678Z ##[endgroup]
end-workflow	Set up job	2025-02-25T11:38:22.5242269Z ##[group]Runner Image
end-workflow	Set up job	2025-02-25T11:38:22.5242877Z Image: ubuntu-24.04
end-workflow	Set up job	2025-02-25T11:38:22.5243496Z Version: 20250209.1.0
end-workflow	Set up job	2025-02-25T11:38:22.5244610Z Included Software: https://github.com/actions/runner-images/blob/ubuntu24/20250209.1/images/ubuntu/Ubuntu2404-Readme.md
end-workflow	Set up job	2025-02-25T11:38:22.5246341Z Image Release: https://github.com/actions/runner-images/releases/tag/ubuntu24%2F20250209.1
end-workflow	Set up job	2025-02-25T11:38:22.5247441Z ##[endgroup]
end-workflow	Set up job	2025-02-25T11:38:22.5248017Z ##[group]Runner Image Provisioner
end-workflow	Set up job	2025-02-25T11:38:22.5248700Z 2.0.422.1
end-workflow	Set up job	2025-02-25T11:38:22.5249258Z ##[endgroup]
end-workflow	Set up job	2025-02-25T11:38:22.5250364Z ##[group]GITHUB_TOKEN Permissions
end-workflow	Set up job	2025-02-25T11:38:22.5252314Z Contents: read
end-workflow	Set up job	2025-02-25T11:38:22.5252897Z Metadata: read
end-workflow	Set up job	2025-02-25T11:38:22.5253572Z Packages: read
end-workflow	Set up job	2025-02-25T11:38:22.5254417Z ##[endgroup]
end-workflow	Set up job	2025-02-25T11:38:22.5256871Z Secret source: Actions
end-workflow	Set up job	2025-02-25T11:38:22.5257643Z Prepare workflow directory
end-workflow	Set up job	2025-02-25T11:38:22.5747003Z Prepare all required actions
end-workflow	Set up job	2025-02-25T11:38:22.5783391Z Getting action download info
end-workflow	Set up job	2025-02-25T11:38:22.6917089Z Download action repository 'actions/checkout@v4' (SHA:11bd71901bbe5b1630ceea73d27597364c9af683)
end-workflow	Set up job	2025-02-25T11:38:22.8297602Z Complete job name: end-workflow
end-workflow	Checkout code	2025-02-25T11:38:22.8954627Z ##[group]Run actions/checkout@v4
end-workflow	Checkout code	2025-02-25T11:38:22.8955550Z with:
end-workflow	Checkout code	2025-02-25T11:38:22.8956152Z   fetch-depth: 0
end-workflow	Checkout code	2025-02-25T11:38:22.8956832Z   token: ***
end-workflow	Checkout code	2025-02-25T11:38:22.8957282Z   repository: Ka0s-Klaus/ka0s
end-workflow	Checkout code	2025-02-25T11:38:22.8957798Z   ssh-strict: true
end-workflow	Checkout code	2025-02-25T11:38:22.8958235Z   ssh-user: git
end-workflow	Checkout code	2025-02-25T11:38:22.8958690Z   persist-credentials: true
end-workflow	Checkout code	2025-02-25T11:38:22.8959240Z   clean: true
end-workflow	Checkout code	2025-02-25T11:38:22.8959700Z   sparse-checkout-cone-mode: true
end-workflow	Checkout code	2025-02-25T11:38:22.8960228Z   fetch-tags: false
end-workflow	Checkout code	2025-02-25T11:38:22.8960704Z   show-progress: true
end-workflow	Checkout code	2025-02-25T11:38:22.8961159Z   lfs: false
end-workflow	Checkout code	2025-02-25T11:38:22.8961576Z   submodules: false
end-workflow	Checkout code	2025-02-25T11:38:22.8962028Z   set-safe-directory: true
end-workflow	Checkout code	2025-02-25T11:38:22.8962916Z env:
end-workflow	Checkout code	2025-02-25T11:38:22.8963340Z   KAOS_CODE: 13520327628
end-workflow	Checkout code	2025-02-25T11:38:22.8963830Z   KAOS_EVENT_NAME: push
end-workflow	Checkout code	2025-02-25T11:38:22.8964285Z   KAOS_ACTION: 
end-workflow	Checkout code	2025-02-25T11:38:22.8964806Z   KAOS_REF: refs/heads/H44-creación-módulo-versionado
end-workflow	Checkout code	2025-02-25T11:38:22.8965445Z   KAOS_MODULE: [Ka0S] kaos
end-workflow	Checkout code	2025-02-25T11:38:22.8966183Z   KAOS_PATH_RESUME: core/results/
end-workflow	Checkout code	2025-02-25T11:38:22.8966732Z   KAOS_JSON: core/results/event_data
end-workflow	Checkout code	2025-02-25T11:38:22.8967414Z   GH_TOKEN: ***
end-workflow	Checkout code	2025-02-25T11:38:22.8967844Z ##[endgroup]
end-workflow	Checkout code	2025-02-25T11:38:23.0770590Z Syncing repository: Ka0s-Klaus/ka0s
end-workflow	Checkout code	2025-02-25T11:38:23.0772782Z ##[group]Getting Git version info
end-workflow	Checkout code	2025-02-25T11:38:23.0773500Z Working directory is '/home/runner/work/ka0s/ka0s'
end-workflow	Checkout code	2025-02-25T11:38:23.0774481Z [command]/usr/bin/git version
end-workflow	Checkout code	2025-02-25T11:38:23.0853088Z git version 2.48.1
end-workflow	Checkout code	2025-02-25T11:38:23.0894058Z ##[endgroup]
end-workflow	Checkout code	2025-02-25T11:38:23.0913448Z Temporarily overriding HOME='/home/runner/work/_temp/0cf44502-3143-4b4d-91c6-b5c43f706d37' before making global git config changes
end-workflow	Checkout code	2025-02-25T11:38:23.0915265Z Adding repository directory to the temporary git global config as a safe directory
end-workflow	Checkout code	2025-02-25T11:38:23.0932860Z [command]/usr/bin/git config --global --add safe.directory /home/runner/work/ka0s/ka0s
end-workflow	Checkout code	2025-02-25T11:38:23.0977260Z Deleting the contents of '/home/runner/work/ka0s/ka0s'
end-workflow	Checkout code	2025-02-25T11:38:23.0982067Z ##[group]Initializing the repository
end-workflow	Checkout code	2025-02-25T11:38:23.0988745Z [command]/usr/bin/git init /home/runner/work/ka0s/ka0s
end-workflow	Checkout code	2025-02-25T11:38:23.1081389Z hint: Using 'master' as the name for the initial branch. This default branch name
end-workflow	Checkout code	2025-02-25T11:38:23.1082974Z hint: is subject to change. To configure the initial branch name to use in all
end-workflow	Checkout code	2025-02-25T11:38:23.1084591Z hint: of your new repositories, which will suppress this warning, call:
end-workflow	Checkout code	2025-02-25T11:38:23.1086310Z hint:
end-workflow	Checkout code	2025-02-25T11:38:23.1087133Z hint: 	git config --global init.defaultBranch <name>
end-workflow	Checkout code	2025-02-25T11:38:23.1088110Z hint:
end-workflow	Checkout code	2025-02-25T11:38:23.1088754Z hint: Names commonly chosen instead of 'master' are 'main', 'trunk' and
end-workflow	Checkout code	2025-02-25T11:38:23.1089717Z hint: 'development'. The just-created branch can be renamed via this command:
end-workflow	Checkout code	2025-02-25T11:38:23.1090484Z hint:
end-workflow	Checkout code	2025-02-25T11:38:23.1090919Z hint: 	git branch -m <name>
end-workflow	Checkout code	2025-02-25T11:38:23.1091647Z Initialized empty Git repository in /home/runner/work/ka0s/ka0s/.git/
end-workflow	Checkout code	2025-02-25T11:38:23.1098728Z [command]/usr/bin/git remote add origin https://github.com/Ka0s-Klaus/ka0s
end-workflow	Checkout code	2025-02-25T11:38:23.1134185Z ##[endgroup]
end-workflow	Checkout code	2025-02-25T11:38:23.1135029Z ##[group]Disabling automatic garbage collection
end-workflow	Checkout code	2025-02-25T11:38:23.1138521Z [command]/usr/bin/git config --local gc.auto 0
end-workflow	Checkout code	2025-02-25T11:38:23.1170721Z ##[endgroup]
end-workflow	Checkout code	2025-02-25T11:38:23.1171512Z ##[group]Setting up auth
end-workflow	Checkout code	2025-02-25T11:38:23.1178672Z [command]/usr/bin/git config --local --name-only --get-regexp core\.sshCommand
end-workflow	Checkout code	2025-02-25T11:38:23.1210090Z [command]/usr/bin/git submodule foreach --recursive sh -c "git config --local --name-only --get-regexp 'core\.sshCommand' && git config --local --unset-all 'core.sshCommand' || :"
end-workflow	Checkout code	2025-02-25T11:38:23.1502944Z [command]/usr/bin/git config --local --name-only --get-regexp http\.https\:\/\/github\.com\/\.extraheader
end-workflow	Checkout code	2025-02-25T11:38:23.1536003Z [command]/usr/bin/git submodule foreach --recursive sh -c "git config --local --name-only --get-regexp 'http\.https\:\/\/github\.com\/\.extraheader' && git config --local --unset-all 'http.https://github.com/.extraheader' || :"
end-workflow	Checkout code	2025-02-25T11:38:23.1769677Z [command]/usr/bin/git config --local http.https://github.com/.extraheader AUTHORIZATION: basic ***
end-workflow	Checkout code	2025-02-25T11:38:23.1808890Z ##[endgroup]
end-workflow	Checkout code	2025-02-25T11:38:23.1809718Z ##[group]Fetching the repository
end-workflow	Checkout code	2025-02-25T11:38:23.1827776Z [command]/usr/bin/git -c protocol.version=2 fetch --prune --no-recurse-submodules origin +refs/heads/*:refs/remotes/origin/* +refs/tags/*:refs/tags/*
end-workflow	Checkout code	2025-02-25T11:38:23.6555333Z From https://github.com/Ka0s-Klaus/ka0s
end-workflow	Checkout code	2025-02-25T11:38:23.6557935Z  * [new branch]      F44-creación-módulo-versionado -> origin/F44-creación-módulo-versionado
end-workflow	Checkout code	2025-02-25T11:38:23.6560056Z  * [new branch]      H34-modulo-iac-kaos -> origin/H34-modulo-iac-kaos
end-workflow	Checkout code	2025-02-25T11:38:23.6562325Z  * [new branch]      H38-documentacion-basica-del-proyecto -> origin/H38-documentacion-basica-del-proyecto
end-workflow	Checkout code	2025-02-25T11:38:23.6565015Z  * [new branch]      H44-creación-módulo-versionado -> origin/H44-creación-módulo-versionado
end-workflow	Checkout code	2025-02-25T11:38:23.6567149Z  * [new branch]      main                -> origin/main
end-workflow	Checkout code	2025-02-25T11:38:23.6568852Z  * [new tag]         0.0.0               -> 0.0.0
end-workflow	Checkout code	2025-02-25T11:38:23.6570227Z  * [new tag]         0.0.1               -> 0.0.1
end-workflow	Checkout code	2025-02-25T11:38:23.6572122Z  * [new tag]         0.0.2               -> 0.0.2
end-workflow	Checkout code	2025-02-25T11:38:23.6573558Z  * [new tag]         0.0.3               -> 0.0.3
end-workflow	Checkout code	2025-02-25T11:38:23.6575004Z  * [new tag]         0.0.4               -> 0.0.4
end-workflow	Checkout code	2025-02-25T11:38:23.6576931Z  * [new tag]         0.0.5               -> 0.0.5
end-workflow	Checkout code	2025-02-25T11:38:23.6578265Z  * [new tag]         0.0.6               -> 0.0.6
end-workflow	Checkout code	2025-02-25T11:38:23.6579480Z  * [new tag]         0.0.7               -> 0.0.7
end-workflow	Checkout code	2025-02-25T11:38:23.6617072Z [command]/usr/bin/git branch --list --remote origin/H44-creación-módulo-versionado
end-workflow	Checkout code	2025-02-25T11:38:23.6641004Z   origin/H44-creación-módulo-versionado
end-workflow	Checkout code	2025-02-25T11:38:23.6652285Z [command]/usr/bin/git rev-parse refs/remotes/origin/H44-creación-módulo-versionado
end-workflow	Checkout code	2025-02-25T11:38:23.6674182Z 9bb47cea09e3668bfc5914b3cf2d25f29843b1d6
end-workflow	Checkout code	2025-02-25T11:38:23.6680405Z ##[endgroup]
end-workflow	Checkout code	2025-02-25T11:38:23.6681851Z ##[group]Determining the checkout info
end-workflow	Checkout code	2025-02-25T11:38:23.6682913Z ##[endgroup]
end-workflow	Checkout code	2025-02-25T11:38:23.6686906Z [command]/usr/bin/git sparse-checkout disable
end-workflow	Checkout code	2025-02-25T11:38:23.6723411Z [command]/usr/bin/git config --local --unset-all extensions.worktreeConfig
end-workflow	Checkout code	2025-02-25T11:38:23.6749308Z ##[group]Checking out the ref
end-workflow	Checkout code	2025-02-25T11:38:23.6755922Z [command]/usr/bin/git checkout --progress --force -B H44-creación-módulo-versionado refs/remotes/origin/H44-creación-módulo-versionado
end-workflow	Checkout code	2025-02-25T11:38:23.7636576Z Switched to a new branch 'H44-creación-módulo-versionado'
end-workflow	Checkout code	2025-02-25T11:38:23.7638793Z branch 'H44-creación-módulo-versionado' set up to track 'origin/H44-creación-módulo-versionado'.
end-workflow	Checkout code	2025-02-25T11:38:23.7652991Z ##[endgroup]
end-workflow	Checkout code	2025-02-25T11:38:23.7693441Z [command]/usr/bin/git log -1 --format=%H
end-workflow	Checkout code	2025-02-25T11:38:23.7716375Z 9bb47cea09e3668bfc5914b3cf2d25f29843b1d6
end-workflow	Finaliza el workflow	2025-02-25T11:38:23.7941988Z ##[group]Run echo "End process"
end-workflow	Finaliza el workflow	2025-02-25T11:38:23.7942729Z [36;1mecho "End process"[0m
end-workflow	Finaliza el workflow	2025-02-25T11:38:23.7943811Z [36;1mgh workflow run inspector.yml --ref 'main' -f kaos-issue-id="" -f kaos-workflow-id="13520327628" -f kaos-user-start=""[0m
end-workflow	Finaliza el workflow	2025-02-25T11:38:23.7944940Z [36;1mRNNUMBER=$(echo "" | grep -o '[0-9]*')[0m
end-workflow	Finaliza el workflow	2025-02-25T11:38:23.7945869Z [36;1mgh issue comment $RNNUMBER --body "Se finaliza Ka0s"[0m
end-workflow	Finaliza el workflow	2025-02-25T11:38:23.8094179Z shell: /usr/bin/bash -e {0}
end-workflow	Finaliza el workflow	2025-02-25T11:38:23.8094829Z env:
end-workflow	Finaliza el workflow	2025-02-25T11:38:23.8095282Z   KAOS_CODE: 13520327628
end-workflow	Finaliza el workflow	2025-02-25T11:38:23.8096096Z   KAOS_EVENT_NAME: push
end-workflow	Finaliza el workflow	2025-02-25T11:38:23.8096609Z   KAOS_ACTION: 
end-workflow	Finaliza el workflow	2025-02-25T11:38:23.8097180Z   KAOS_REF: refs/heads/H44-creación-módulo-versionado
end-workflow	Finaliza el workflow	2025-02-25T11:38:23.8097858Z   KAOS_MODULE: [Ka0S] kaos
end-workflow	Finaliza el workflow	2025-02-25T11:38:23.8098402Z   KAOS_PATH_RESUME: core/results/
end-workflow	Finaliza el workflow	2025-02-25T11:38:23.8098977Z   KAOS_JSON: core/results/event_data
end-workflow	Finaliza el workflow	2025-02-25T11:38:23.8099811Z   GH_TOKEN: ***
end-workflow	Finaliza el workflow	2025-02-25T11:38:23.8100291Z ##[endgroup]
end-workflow	Finaliza el workflow	2025-02-25T11:38:23.8202740Z End process
end-workflow	Finaliza el workflow	2025-02-25T11:38:24.2151529Z accepts 1 arg(s), received 0
end-workflow	Finaliza el workflow	2025-02-25T11:38:24.2179759Z ##[error]Process completed with exit code 1.
end-workflow	Post Checkout code	2025-02-25T11:38:24.2414902Z Post job cleanup.
end-workflow	Post Checkout code	2025-02-25T11:38:24.3356816Z [command]/usr/bin/git version
end-workflow	Post Checkout code	2025-02-25T11:38:24.3393641Z git version 2.48.1
end-workflow	Post Checkout code	2025-02-25T11:38:24.3441797Z Temporarily overriding HOME='/home/runner/work/_temp/86dc09d0-8d57-4c37-aa04-79f43f89b557' before making global git config changes
end-workflow	Post Checkout code	2025-02-25T11:38:24.3444748Z Adding repository directory to the temporary git global config as a safe directory
end-workflow	Post Checkout code	2025-02-25T11:38:24.3447296Z [command]/usr/bin/git config --global --add safe.directory /home/runner/work/ka0s/ka0s
end-workflow	Post Checkout code	2025-02-25T11:38:24.3482215Z [command]/usr/bin/git config --local --name-only --get-regexp core\.sshCommand
end-workflow	Post Checkout code	2025-02-25T11:38:24.3516974Z [command]/usr/bin/git submodule foreach --recursive sh -c "git config --local --name-only --get-regexp 'core\.sshCommand' && git config --local --unset-all 'core.sshCommand' || :"
end-workflow	Post Checkout code	2025-02-25T11:38:24.3754199Z [command]/usr/bin/git config --local --name-only --get-regexp http\.https\:\/\/github\.com\/\.extraheader
end-workflow	Post Checkout code	2025-02-25T11:38:24.3776718Z http.https://github.com/.extraheader
end-workflow	Post Checkout code	2025-02-25T11:38:24.3792445Z [command]/usr/bin/git config --local --unset-all http.https://github.com/.extraheader
end-workflow	Post Checkout code	2025-02-25T11:38:24.3826994Z [command]/usr/bin/git submodule foreach --recursive sh -c "git config --local --name-only --get-regexp 'http\.https\:\/\/github\.com\/\.extraheader' && git config --local --unset-all 'http.https://github.com/.extraheader' || :"
end-workflow	Complete job	2025-02-25T11:38:24.4175346Z Cleaning up orphan processes
