job-core	Set up job	Ôªø2025-03-26T11:58:38.4549297Z Current runner version: '2.323.0'
job-core	Set up job	2025-03-26T11:58:38.4561052Z Runner name: 'kaos-3'
job-core	Set up job	2025-03-26T11:58:38.4562485Z Machine name: 'ddaf71c4382c'
job-core	Set up job	2025-03-26T11:58:38.4566844Z ##[group]GITHUB_TOKEN Permissions
job-core	Set up job	2025-03-26T11:58:38.4570427Z Actions: write
job-core	Set up job	2025-03-26T11:58:38.4571155Z Contents: write
job-core	Set up job	2025-03-26T11:58:38.4571845Z Issues: write
job-core	Set up job	2025-03-26T11:58:38.4572623Z Metadata: read
job-core	Set up job	2025-03-26T11:58:38.4573273Z PullRequests: write
job-core	Set up job	2025-03-26T11:58:38.4574608Z ##[endgroup]
job-core	Set up job	2025-03-26T11:58:38.4577731Z Secret source: Actions
job-core	Set up job	2025-03-26T11:58:38.4578769Z Prepare workflow directory
job-core	Set up job	2025-03-26T11:58:38.5545449Z Prepare all required actions
job-core	Set up job	2025-03-26T11:58:38.5608209Z Getting action download info
job-core	Set up job	2025-03-26T11:58:39.9024956Z Download action repository 'actions/checkout@v4' (SHA:11bd71901bbe5b1630ceea73d27597364c9af683)
job-core	Set up job	2025-03-26T11:58:42.0053261Z Download action repository 'actions/setup-node@v2' (SHA:7c12f8017d5436eb855f1ed4399f037a36fbd9e8)
job-core	Set up job	2025-03-26T11:58:48.5914637Z Complete job name: job-core
job-core	Checkout code	Ôªø2025-03-26T11:58:48.6668667Z ##[group]Run actions/checkout@v4
job-core	Checkout code	2025-03-26T11:58:48.6669565Z with:
job-core	Checkout code	2025-03-26T11:58:48.6669876Z   fetch-depth: 0
job-core	Checkout code	2025-03-26T11:58:48.6670801Z   token: ***
job-core	Checkout code	2025-03-26T11:58:48.6671122Z   repository: Ka0s-Klaus/ka0s
job-core	Checkout code	2025-03-26T11:58:48.6671474Z   ssh-strict: true
job-core	Checkout code	2025-03-26T11:58:48.6671774Z   ssh-user: git
job-core	Checkout code	2025-03-26T11:58:48.6672084Z   persist-credentials: true
job-core	Checkout code	2025-03-26T11:58:48.6672421Z   clean: true
job-core	Checkout code	2025-03-26T11:58:48.6672736Z   sparse-checkout-cone-mode: true
job-core	Checkout code	2025-03-26T11:58:48.6673117Z   fetch-tags: false
job-core	Checkout code	2025-03-26T11:58:48.6673435Z   show-progress: true
job-core	Checkout code	2025-03-26T11:58:48.6673878Z   lfs: false
job-core	Checkout code	2025-03-26T11:58:48.6674638Z   submodules: false
job-core	Checkout code	2025-03-26T11:58:48.6674956Z   set-safe-directory: true
job-core	Checkout code	2025-03-26T11:58:48.6675585Z env:
job-core	Checkout code	2025-03-26T11:58:48.6675899Z   KAOS_MODULE: [Ka0S] JSONLINT
job-core	Checkout code	2025-03-26T11:58:48.6676406Z   GH_TOKEN: ***
job-core	Checkout code	2025-03-26T11:58:48.6676769Z   KAOS_JSONLINT_CONFIG: core/config/.jsonlint.json
job-core	Checkout code	2025-03-26T11:58:48.6677217Z   KAOS_PATH_RESUME: core/outputs/j/
job-core	Checkout code	2025-03-26T11:58:48.6677723Z   KAOS_REPO: /actions-runner/_work/kaos/kaos
job-core	Checkout code	2025-03-26T11:58:48.6678125Z   KAOS_STEP_MODULE: 
job-core	Checkout code	2025-03-26T11:58:48.6678437Z   KAOS_CODE: 14082685161
job-core	Checkout code	2025-03-26T11:58:48.6678768Z   KAOS_REF_BRANCH: main
job-core	Checkout code	2025-03-26T11:58:48.6679078Z ##[endgroup]
job-core	Checkout code	2025-03-26T11:58:48.8449110Z Syncing repository: Ka0s-Klaus/ka0s
job-core	Checkout code	2025-03-26T11:58:48.8451364Z ##[group]Getting Git version info
job-core	Checkout code	2025-03-26T11:58:48.8452703Z Working directory is '/actions-runner/_work/ka0s/ka0s'
job-core	Checkout code	2025-03-26T11:58:48.8454233Z [command]/usr/bin/git version
job-core	Checkout code	2025-03-26T11:58:48.8459914Z git version 2.48.1
job-core	Checkout code	2025-03-26T11:58:48.8501594Z ##[endgroup]
job-core	Checkout code	2025-03-26T11:58:48.8521998Z Temporarily overriding HOME='/actions-runner/_work/_temp/cd470ffb-6725-45b2-8eae-dbc80641f3f5' before making global git config changes
job-core	Checkout code	2025-03-26T11:58:48.8523265Z Adding repository directory to the temporary git global config as a safe directory
job-core	Checkout code	2025-03-26T11:58:48.8532198Z [command]/usr/bin/git config --global --add safe.directory /actions-runner/_work/ka0s/ka0s
job-core	Checkout code	2025-03-26T11:58:48.8589902Z [command]/usr/bin/git config --local --get remote.origin.url
job-core	Checkout code	2025-03-26T11:58:48.8634978Z https://github.com/Ka0s-Klaus/ka0s
job-core	Checkout code	2025-03-26T11:58:48.8663469Z ##[group]Removing previously created refs, to avoid conflicts
job-core	Checkout code	2025-03-26T11:58:48.8669981Z [command]/usr/bin/git rev-parse --symbolic-full-name --verify --quiet HEAD
job-core	Checkout code	2025-03-26T11:58:48.8703739Z refs/heads/H44-creaci√≥n-m√≥dulo-versionado
job-core	Checkout code	2025-03-26T11:58:48.8720177Z [command]/usr/bin/git checkout --detach
job-core	Checkout code	2025-03-26T11:58:48.8832466Z HEAD is now at c2f58c0 [Ka0S] Uploading resume execution files to the repository...
job-core	Checkout code	2025-03-26T11:58:48.8901923Z [command]/usr/bin/git branch --delete --force H44-creaci√≥n-m√≥dulo-versionado
job-core	Checkout code	2025-03-26T11:58:48.8943858Z Deleted branch H44-creaci√≥n-m√≥dulo-versionado (was c2f58c0).
job-core	Checkout code	2025-03-26T11:58:48.9008396Z ##[endgroup]
job-core	Checkout code	2025-03-26T11:58:48.9012376Z [command]/usr/bin/git submodule status
job-core	Checkout code	2025-03-26T11:58:48.9393470Z ##[group]Cleaning the repository
job-core	Checkout code	2025-03-26T11:58:48.9400410Z [command]/usr/bin/git clean -ffdx
job-core	Checkout code	2025-03-26T11:58:48.9462399Z [command]/usr/bin/git reset --hard HEAD
job-core	Checkout code	2025-03-26T11:58:48.9574280Z HEAD is now at c2f58c0 [Ka0S] Uploading resume execution files to the repository...
job-core	Checkout code	2025-03-26T11:58:48.9582105Z ##[endgroup]
job-core	Checkout code	2025-03-26T11:58:48.9585338Z ##[group]Disabling automatic garbage collection
job-core	Checkout code	2025-03-26T11:58:48.9592016Z [command]/usr/bin/git config --local gc.auto 0
job-core	Checkout code	2025-03-26T11:58:48.9652364Z ##[endgroup]
job-core	Checkout code	2025-03-26T11:58:48.9654145Z ##[group]Setting up auth
job-core	Checkout code	2025-03-26T11:58:48.9655727Z [command]/usr/bin/git config --local --name-only --get-regexp core\.sshCommand
job-core	Checkout code	2025-03-26T11:58:48.9713503Z [command]/usr/bin/git submodule foreach --recursive sh -c "git config --local --name-only --get-regexp 'core\.sshCommand' && git config --local --unset-all 'core.sshCommand' || :"
job-core	Checkout code	2025-03-26T11:58:49.0084305Z [command]/usr/bin/git config --local --name-only --get-regexp http\.https\:\/\/github\.com\/\.extraheader
job-core	Checkout code	2025-03-26T11:58:49.0132269Z [command]/usr/bin/git submodule foreach --recursive sh -c "git config --local --name-only --get-regexp 'http\.https\:\/\/github\.com\/\.extraheader' && git config --local --unset-all 'http.https://github.com/.extraheader' || :"
job-core	Checkout code	2025-03-26T11:58:49.0517722Z [command]/usr/bin/git config --local http.https://github.com/.extraheader AUTHORIZATION: basic ***
job-core	Checkout code	2025-03-26T11:58:49.0572947Z ##[endgroup]
job-core	Checkout code	2025-03-26T11:58:49.0574250Z ##[group]Fetching the repository
job-core	Checkout code	2025-03-26T11:58:49.0585276Z [command]/usr/bin/git -c protocol.version=2 fetch --prune --no-recurse-submodules origin +refs/heads/*:refs/remotes/origin/* +refs/tags/*:refs/tags/*
job-core	Checkout code	2025-03-26T11:58:51.9855858Z From https://github.com/Ka0s-Klaus/ka0s
job-core	Checkout code	2025-03-26T11:58:51.9856910Z    17d499a..d7fee06  main       -> origin/main
job-core	Checkout code	2025-03-26T11:58:51.9911068Z [command]/usr/bin/git branch --list --remote origin/H34-modulo-iac-kaos
job-core	Checkout code	2025-03-26T11:58:51.9946325Z   origin/H34-modulo-iac-kaos
job-core	Checkout code	2025-03-26T11:58:51.9960188Z [command]/usr/bin/git rev-parse refs/remotes/origin/H34-modulo-iac-kaos
job-core	Checkout code	2025-03-26T11:58:51.9992666Z 83a01ab815e85b64a85dbcfb71ed801bcd1bb9be
job-core	Checkout code	2025-03-26T11:58:52.0000177Z ##[endgroup]
job-core	Checkout code	2025-03-26T11:58:52.0001043Z ##[group]Determining the checkout info
job-core	Checkout code	2025-03-26T11:58:52.0005984Z ##[endgroup]
job-core	Checkout code	2025-03-26T11:58:52.0013488Z [command]/usr/bin/git sparse-checkout disable
job-core	Checkout code	2025-03-26T11:58:52.0079572Z [command]/usr/bin/git config --local --unset-all extensions.worktreeConfig
job-core	Checkout code	2025-03-26T11:58:52.0120547Z ##[group]Checking out the ref
job-core	Checkout code	2025-03-26T11:58:52.0125191Z [command]/usr/bin/git checkout --progress --force -B H34-modulo-iac-kaos refs/remotes/origin/H34-modulo-iac-kaos
job-core	Checkout code	2025-03-26T11:58:52.0266150Z Previous HEAD position was c2f58c0 [Ka0S] Uploading resume execution files to the repository...
job-core	Checkout code	2025-03-26T11:58:52.0282295Z Switched to a new branch 'H34-modulo-iac-kaos'
job-core	Checkout code	2025-03-26T11:58:52.0288311Z branch 'H34-modulo-iac-kaos' set up to track 'origin/H34-modulo-iac-kaos'.
job-core	Checkout code	2025-03-26T11:58:52.0296558Z ##[endgroup]
job-core	Checkout code	2025-03-26T11:58:52.0355579Z [command]/usr/bin/git log -1 --format=%H
job-core	Checkout code	2025-03-26T11:58:52.0394421Z 83a01ab815e85b64a85dbcfb71ed801bcd1bb9be
job-core	Install Node.js	Ôªø2025-03-26T11:58:52.0673714Z ##[group]Run actions/setup-node@v2
job-core	Install Node.js	2025-03-26T11:58:52.0674425Z with:
job-core	Install Node.js	2025-03-26T11:58:52.0674811Z   node-version: 14
job-core	Install Node.js	2025-03-26T11:58:52.0675082Z   always-auth: false
job-core	Install Node.js	2025-03-26T11:58:52.0675359Z   check-latest: false
job-core	Install Node.js	2025-03-26T11:58:52.0675856Z   token: ***
job-core	Install Node.js	2025-03-26T11:58:52.0676108Z env:
job-core	Install Node.js	2025-03-26T11:58:52.0676346Z   KAOS_MODULE: [Ka0S] JSONLINT
job-core	Install Node.js	2025-03-26T11:58:52.0676886Z   GH_TOKEN: ***
job-core	Install Node.js	2025-03-26T11:58:52.0677181Z   KAOS_JSONLINT_CONFIG: core/config/.jsonlint.json
job-core	Install Node.js	2025-03-26T11:58:52.0677605Z   KAOS_PATH_RESUME: core/outputs/j/
job-core	Install Node.js	2025-03-26T11:58:52.0677981Z   KAOS_REPO: /actions-runner/_work/kaos/kaos
job-core	Install Node.js	2025-03-26T11:58:52.0678334Z   KAOS_STEP_MODULE: 
job-core	Install Node.js	2025-03-26T11:58:52.0678601Z   KAOS_CODE: 14082685161
job-core	Install Node.js	2025-03-26T11:58:52.0678997Z   KAOS_REF_BRANCH: main
job-core	Install Node.js	2025-03-26T11:58:52.0679292Z ##[endgroup]
job-core	Install Node.js	2025-03-26T11:58:52.2722450Z Found in cache @ /actions-runner/_work/_tool/node/14.21.3/x64
job-core	Install jsonlint	Ôªø2025-03-26T11:58:52.2973414Z ##[group]Run if ! command -v jsonlint &> /dev/null; then
job-core	Install jsonlint	2025-03-26T11:58:52.2975412Z [36;1mif ! command -v jsonlint &> /dev/null; then[0m
job-core	Install jsonlint	2025-03-26T11:58:52.2976114Z [36;1m  echo "Installing jsonlint..."[0m
job-core	Install jsonlint	2025-03-26T11:58:52.2976701Z [36;1m  npm install -g jsonlint[0m
job-core	Install jsonlint	2025-03-26T11:58:52.2977410Z [36;1melse[0m
job-core	Install jsonlint	2025-03-26T11:58:52.2978005Z [36;1m  echo "jsonlint already installed, skipping installation"[0m
job-core	Install jsonlint	2025-03-26T11:58:52.2978745Z [36;1mfi[0m
job-core	Install jsonlint	2025-03-26T11:58:52.2979179Z [36;1mmkdir -p core/outputs/j/[0m
job-core	Install jsonlint	2025-03-26T11:58:52.3004069Z shell: /usr/bin/bash -e {0}
job-core	Install jsonlint	2025-03-26T11:58:52.3004796Z env:
job-core	Install jsonlint	2025-03-26T11:58:52.3005504Z   KAOS_MODULE: [Ka0S] JSONLINT
job-core	Install jsonlint	2025-03-26T11:58:52.3006410Z   GH_TOKEN: ***
job-core	Install jsonlint	2025-03-26T11:58:52.3007165Z   KAOS_JSONLINT_CONFIG: core/config/.jsonlint.json
job-core	Install jsonlint	2025-03-26T11:58:52.3007882Z   KAOS_PATH_RESUME: core/outputs/j/
job-core	Install jsonlint	2025-03-26T11:58:52.3008516Z   KAOS_REPO: /actions-runner/_work/kaos/kaos
job-core	Install jsonlint	2025-03-26T11:58:52.3009147Z   KAOS_STEP_MODULE: 
job-core	Install jsonlint	2025-03-26T11:58:52.3009722Z   KAOS_CODE: 14082685161
job-core	Install jsonlint	2025-03-26T11:58:52.3010359Z   KAOS_REF_BRANCH: main
job-core	Install jsonlint	2025-03-26T11:58:52.3010987Z ##[endgroup]
job-core	Install jsonlint	2025-03-26T11:58:52.3121296Z jsonlint already installed, skipping installation
job-core	Check JSON	Ôªø2025-03-26T11:58:52.3197992Z ##[group]Run # Invocamos la primera comprobaci√≥n de base, sino se supera el proceso no continua
job-core	Check JSON	2025-03-26T11:58:52.3199025Z [36;1m# Invocamos la primera comprobaci√≥n de base, sino se supera el proceso no continua[0m
job-core	Check JSON	2025-03-26T11:58:52.3199640Z [36;1m# Extraemos el nombre del fichero[0m
job-core	Check JSON	2025-03-26T11:58:52.3200110Z [36;1mfile_name=$(basename "core/outputs/e/14080943654.json")[0m
job-core	Check JSON	2025-03-26T11:58:52.3200615Z [36;1m# Generamos el fichero de resultados vacio[0m
job-core	Check JSON	2025-03-26T11:58:52.3201126Z [36;1mtouch core/outputs/j/jsonlint-results-14082685161.txt[0m
job-core	Check JSON	2025-03-26T11:58:52.3201637Z [36;1m# Realizamos el check del documento json [0m
job-core	Check JSON	2025-03-26T11:58:52.3202313Z [36;1mjsonlint core/outputs/e/14080943654.json > core/outputs/j/jsonlint-results-14082685161.txt[0m
job-core	Check JSON	2025-03-26T11:58:52.3203071Z [36;1m# esto es un workarround importante que hay que retirar[0m
job-core	Check JSON	2025-03-26T11:58:52.3203674Z [36;1m#rm -rf core/outputs/j/jsonlint-results-14082685161.txt[0m
job-core	Check JSON	2025-03-26T11:58:52.3204639Z [36;1m# a retirar[0m
job-core	Check JSON	2025-03-26T11:58:52.3205025Z [36;1m# Check if exist errors in file[0m
job-core	Check JSON	2025-03-26T11:58:52.3205411Z [36;1mecho "Mostramos fichero"[0m
job-core	Check JSON	2025-03-26T11:58:52.3205852Z [36;1mcat core/outputs/j/jsonlint-results-14082685161.txt[0m
job-core	Check JSON	2025-03-26T11:58:52.3206448Z [36;1mif [ ! -s core/outputs/j/jsonlint-results-14082685161.txt ]; then[0m
job-core	Check JSON	2025-03-26T11:58:52.3209316Z [36;1m  echo "File core/outputs/j/jsonlint-results-14082685161.txt is empty and is content correct"[0m
job-core	Check JSON	2025-03-26T11:58:52.3211156Z [36;1m  KAOS_ISSUE_BODY="The [Ka0S] JSONLINT process (14082659801) launch the check (14082685161) over file (core/outputs/e/14080943654.json) and its result has been SUCCESS. Please review all files implicated in pull request and approve to merge"[0m
job-core	Check JSON	2025-03-26T11:58:52.3212717Z [36;1m  # A√±adimos la versi√≥n de jsonlint con la que se realiza la comprobacion[0m
job-core	Check JSON	2025-03-26T11:58:52.3213444Z [36;1m  jsonlint --version >> core/outputs/j/jsonlint-results-14082685161.txt[0m
job-core	Check JSON	2025-03-26T11:58:52.3214293Z [36;1m  # a√±adimos el nombre del fichero que vamos a comprobar[0m
job-core	Check JSON	2025-03-26T11:58:52.3215212Z [36;1m  echo "Finding: core/outputs/e/14080943654.json" >> core/outputs/j/jsonlint-results-14082685161.txt[0m
job-core	Check JSON	2025-03-26T11:58:52.3216484Z [36;1m  # gh workflow run issue.yaml --ref main -f kaos-issue-title="" -f kaos-issue-body="$KAOS_ISSUE_BODY" -f kaos-issue-actions=comment -f kaos-issue-tag="" -f kaos-issue-id=34[0m
job-core	Check JSON	2025-03-26T11:58:52.3217651Z [36;1m  gh issue comment  34 -F core/outputs/j/jsonlint-results-14082685161.txt[0m
job-core	Check JSON	2025-03-26T11:58:52.3218195Z [36;1melse[0m
job-core	Check JSON	2025-03-26T11:58:52.3218557Z [36;1m  cat core/outputs/j/jsonlint-results-14082685161.txt[0m
job-core	Check JSON	2025-03-26T11:58:52.3219464Z [36;1m  echo "File core/outputs/j/jsonlint-results-14082685161.txt is not empty and is content not correct and write commit info"[0m
job-core	Check JSON	2025-03-26T11:58:52.3221358Z [36;1m  KAOS_ISSUE_BODY="The [Ka0S] JSONLINT process (14082659801) launch the check (14082685161) over file (core/outputs/e/14080943654.json) and its result has been FAILED, please check and solved it"[0m
job-core	Check JSON	2025-03-26T11:58:52.3222619Z [36;1m  # A√±adimos la versi√≥n de jsonlint con la que se realiza la comprobacion[0m
job-core	Check JSON	2025-03-26T11:58:52.3223355Z [36;1m  # jsonlint --version || true >> core/outputs/j/jsonlint-results-14082685161.txt[0m
job-core	Check JSON	2025-03-26T11:58:52.3224309Z [36;1m  # a√±adimos el nombre del fichero que vamos a comprobar[0m
job-core	Check JSON	2025-03-26T11:58:52.3225066Z [36;1m  echo "Finding: core/outputs/e/14080943654.json" >> core/outputs/j/jsonlint-results-14082685161.txt[0m
job-core	Check JSON	2025-03-26T11:58:52.3226358Z [36;1m  # gh workflow run issue.yaml --ref main -f kaos-issue-title="" -f kaos-issue-body="$KAOS_ISSUE_BODY" -f kaos-issue-actions=comment -f kaos-issue-tag="" -f kaos-issue-id=34 [0m
job-core	Check JSON	2025-03-26T11:58:52.3236601Z [36;1m  gh issue comment  34 -F core/outputs/j/jsonlint-results-14082685161.txt[0m
job-core	Check JSON	2025-03-26T11:58:52.3237925Z [36;1mfi[0m
job-core	Check JSON	2025-03-26T11:58:52.3249512Z shell: /usr/bin/bash -e {0}
job-core	Check JSON	2025-03-26T11:58:52.3249876Z env:
job-core	Check JSON	2025-03-26T11:58:52.3250143Z   KAOS_MODULE: [Ka0S] JSONLINT
job-core	Check JSON	2025-03-26T11:58:52.3251091Z   GH_TOKEN: ***
job-core	Check JSON	2025-03-26T11:58:52.3251418Z   KAOS_JSONLINT_CONFIG: core/config/.jsonlint.json
job-core	Check JSON	2025-03-26T11:58:52.3251842Z   KAOS_PATH_RESUME: core/outputs/j/
job-core	Check JSON	2025-03-26T11:58:52.3252221Z   KAOS_REPO: /actions-runner/_work/kaos/kaos
job-core	Check JSON	2025-03-26T11:58:52.3252588Z   KAOS_STEP_MODULE: 
job-core	Check JSON	2025-03-26T11:58:52.3252871Z   KAOS_CODE: 14082685161
job-core	Check JSON	2025-03-26T11:58:52.3253167Z   KAOS_REF_BRANCH: main
job-core	Check JSON	2025-03-26T11:58:52.3253479Z ##[endgroup]
job-core	Check JSON	2025-03-26T11:58:52.4969121Z Mostramos fichero
job-core	Check JSON	2025-03-26T11:58:52.4986007Z {
job-core	Check JSON	2025-03-26T11:58:52.4986902Z   "conclusion": "success",
job-core	Check JSON	2025-03-26T11:58:52.4987795Z   "createdAt": "2025-03-26T10:24:03Z",
job-core	Check JSON	2025-03-26T11:58:52.4988181Z   "databaseId": 14080943654,
job-core	Check JSON	2025-03-26T11:58:52.4989161Z   "displayTitle": "Merge remote-tracking branch 'origin' into H34-modulo-iac-kaos",
job-core	Check JSON	2025-03-26T11:58:52.4990365Z   "event": "push",
job-core	Check JSON	2025-03-26T11:58:52.4991224Z   "headBranch": "H34-modulo-iac-kaos",
job-core	Check JSON	2025-03-26T11:58:52.4992435Z   "headSha": "acb82d715f4ee27ea47797f2dd2ca82daa130c52",
job-core	Check JSON	2025-03-26T11:58:52.4993461Z   "jobs": [
job-core	Check JSON	2025-03-26T11:58:52.4994392Z     {
job-core	Check JSON	2025-03-26T11:58:52.4995013Z       "completedAt": "2025-03-26T10:35:21Z",
job-core	Check JSON	2025-03-26T11:58:52.4995437Z       "conclusion": "success",
job-core	Check JSON	2025-03-26T11:58:52.4995794Z       "databaseId": 39433555219,
job-core	Check JSON	2025-03-26T11:58:52.4996128Z       "name": "job-core",
job-core	Check JSON	2025-03-26T11:58:52.4996481Z       "startedAt": "2025-03-26T10:34:52Z",
job-core	Check JSON	2025-03-26T11:58:52.4996837Z       "status": "completed",
job-core	Check JSON	2025-03-26T11:58:52.4997142Z       "steps": [
job-core	Check JSON	2025-03-26T11:58:52.4997388Z         {
job-core	Check JSON	2025-03-26T11:58:52.4997668Z           "conclusion": "success",
job-core	Check JSON	2025-03-26T11:58:52.4998038Z           "name": "Set up job",
job-core	Check JSON	2025-03-26T11:58:52.4998353Z           "number": 1,
job-core	Check JSON	2025-03-26T11:58:52.4998659Z           "status": "completed"
job-core	Check JSON	2025-03-26T11:58:52.4998968Z         },
job-core	Check JSON	2025-03-26T11:58:52.4999215Z         {
job-core	Check JSON	2025-03-26T11:58:52.4999495Z           "conclusion": "success",
job-core	Check JSON	2025-03-26T11:58:52.4999865Z           "name": "Checkout code",
job-core	Check JSON	2025-03-26T11:58:52.5000209Z           "number": 2,
job-core	Check JSON	2025-03-26T11:58:52.5000532Z           "status": "completed"
job-core	Check JSON	2025-03-26T11:58:52.5000869Z         },
job-core	Check JSON	2025-03-26T11:58:52.5001261Z         {
job-core	Check JSON	2025-03-26T11:58:52.5001558Z           "conclusion": "success",
job-core	Check JSON	2025-03-26T11:58:52.5002440Z           "name": "Validate file extensions",
job-core	Check JSON	2025-03-26T11:58:52.5003533Z           "number": 3,
job-core	Check JSON	2025-03-26T11:58:52.5004167Z           "status": "completed"
job-core	Check JSON	2025-03-26T11:58:52.5004480Z         },
job-core	Check JSON	2025-03-26T11:58:52.5004712Z         {
job-core	Check JSON	2025-03-26T11:58:52.5004989Z           "conclusion": "success",
job-core	Check JSON	2025-03-26T11:58:52.5005356Z           "name": "Crear JSON",
job-core	Check JSON	2025-03-26T11:58:52.5005666Z           "number": 4,
job-core	Check JSON	2025-03-26T11:58:52.5005979Z           "status": "completed"
job-core	Check JSON	2025-03-26T11:58:52.5006287Z         },
job-core	Check JSON	2025-03-26T11:58:52.5006520Z         {
job-core	Check JSON	2025-03-26T11:58:52.5007178Z           "conclusion": "success",
job-core	Check JSON	2025-03-26T11:58:52.5007603Z           "name": "Set environment variable for ref",
job-core	Check JSON	2025-03-26T11:58:52.5008002Z           "number": 5,
job-core	Check JSON	2025-03-26T11:58:52.5008344Z           "status": "completed"
job-core	Check JSON	2025-03-26T11:58:52.5008658Z         },
job-core	Check JSON	2025-03-26T11:58:52.5008890Z         {
job-core	Check JSON	2025-03-26T11:58:52.5009179Z           "conclusion": "success",
job-core	Check JSON	2025-03-26T11:58:52.5009843Z           "name": "Upload Files",
job-core	Check JSON	2025-03-26T11:58:52.5010475Z           "number": 6,
job-core	Check JSON	2025-03-26T11:58:52.5011268Z           "status": "completed"
job-core	Check JSON	2025-03-26T11:58:52.5012094Z         },
job-core	Check JSON	2025-03-26T11:58:52.5012983Z         {
job-core	Check JSON	2025-03-26T11:58:52.5014371Z           "conclusion": "success",
job-core	Check JSON	2025-03-26T11:58:52.5014977Z           "name": "Ver JSON",
job-core	Check JSON	2025-03-26T11:58:52.5015281Z           "number": 7,
job-core	Check JSON	2025-03-26T11:58:52.5015602Z           "status": "completed"
job-core	Check JSON	2025-03-26T11:58:52.5015908Z         },
job-core	Check JSON	2025-03-26T11:58:52.5016134Z         {
job-core	Check JSON	2025-03-26T11:58:52.5016414Z           "conclusion": "success",
job-core	Check JSON	2025-03-26T11:58:52.5017395Z           "name": "Run git diff --name-only ee8e134b1fffc66ea6d5ee2b44bea87f64279f19 acb82d715f4ee27ea47797f2dd2ca82daa130c52 > files-in-commit.txt",
job-core	Check JSON	2025-03-26T11:58:52.5018561Z           "number": 8,
job-core	Check JSON	2025-03-26T11:58:52.5018877Z           "status": "completed"
job-core	Check JSON	2025-03-26T11:58:52.5019182Z         },
job-core	Check JSON	2025-03-26T11:58:52.5019410Z         {
job-core	Check JSON	2025-03-26T11:58:52.5019683Z           "conclusion": "success",
job-core	Check JSON	2025-03-26T11:58:52.5020066Z           "name": "Post Checkout code",
job-core	Check JSON	2025-03-26T11:58:52.5020453Z           "number": 16,
job-core	Check JSON	2025-03-26T11:58:52.5020766Z           "status": "completed"
job-core	Check JSON	2025-03-26T11:58:52.5021077Z         },
job-core	Check JSON	2025-03-26T11:58:52.5021311Z         {
job-core	Check JSON	2025-03-26T11:58:52.5021589Z           "conclusion": "success",
job-core	Check JSON	2025-03-26T11:58:52.5021970Z           "name": "Complete job",
job-core	Check JSON	2025-03-26T11:58:52.5022294Z           "number": 17,
job-core	Check JSON	2025-03-26T11:58:52.5022615Z           "status": "completed"
job-core	Check JSON	2025-03-26T11:58:52.5022926Z         }
job-core	Check JSON	2025-03-26T11:58:52.5023161Z       ],
job-core	Check JSON	2025-03-26T11:58:52.5023704Z       "url": "https://github.com/Ka0s-Klaus/ka0s/actions/runs/14080943654/job/39433555219"
job-core	Check JSON	2025-03-26T11:58:52.5024592Z     },
job-core	Check JSON	2025-03-26T11:58:52.5024826Z     {
job-core	Check JSON	2025-03-26T11:58:52.5025138Z       "completedAt": "2025-03-26T10:35:37Z",
job-core	Check JSON	2025-03-26T11:58:52.5025546Z       "conclusion": "success",
job-core	Check JSON	2025-03-26T11:58:52.5026162Z       "databaseId": 39434246392,
job-core	Check JSON	2025-03-26T11:58:52.5026945Z       "name": "handle-success",
job-core	Check JSON	2025-03-26T11:58:52.5027325Z       "startedAt": "2025-03-26T10:35:23Z",
job-core	Check JSON	2025-03-26T11:58:52.5038692Z       "status": "completed",
job-core	Check JSON	2025-03-26T11:58:52.5039667Z       "steps": [
job-core	Check JSON	2025-03-26T11:58:52.5040474Z         {
job-core	Check JSON	2025-03-26T11:58:52.5041177Z           "conclusion": "success",
job-core	Check JSON	2025-03-26T11:58:52.5042129Z           "name": "Set up job",
job-core	Check JSON	2025-03-26T11:58:52.5043092Z           "number": 1,
job-core	Check JSON	2025-03-26T11:58:52.5044188Z           "status": "completed"
job-core	Check JSON	2025-03-26T11:58:52.5045146Z         },
job-core	Check JSON	2025-03-26T11:58:52.5045930Z         {
job-core	Check JSON	2025-03-26T11:58:52.5046845Z           "conclusion": "success",
job-core	Check JSON	2025-03-26T11:58:52.5048003Z           "name": "Checkout code",
job-core	Check JSON	2025-03-26T11:58:52.5049014Z           "number": 2,
job-core	Check JSON	2025-03-26T11:58:52.5049997Z           "status": "completed"
job-core	Check JSON	2025-03-26T11:58:52.5050960Z         },
job-core	Check JSON	2025-03-26T11:58:52.5051735Z         {
job-core	Check JSON	2025-03-26T11:58:52.5052649Z           "conclusion": "success",
job-core	Check JSON	2025-03-26T11:58:52.5053918Z           "name": "handle-success-execution",
job-core	Check JSON	2025-03-26T11:58:52.5055013Z           "number": 3,
job-core	Check JSON	2025-03-26T11:58:52.5056009Z           "status": "completed"
job-core	Check JSON	2025-03-26T11:58:52.5056939Z         },
job-core	Check JSON	2025-03-26T11:58:52.5057696Z         {
job-core	Check JSON	2025-03-26T11:58:52.5058608Z           "conclusion": "success",
job-core	Check JSON	2025-03-26T11:58:52.5059757Z           "name": "Post Checkout code",
job-core	Check JSON	2025-03-26T11:58:52.5060796Z           "number": 6,
job-core	Check JSON	2025-03-26T11:58:52.5061812Z           "status": "completed"
job-core	Check JSON	2025-03-26T11:58:52.5062736Z         },
job-core	Check JSON	2025-03-26T11:58:52.5063487Z         {
job-core	Check JSON	2025-03-26T11:58:52.5064497Z           "conclusion": "success",
job-core	Check JSON	2025-03-26T11:58:52.5065625Z           "name": "Complete job",
job-core	Check JSON	2025-03-26T11:58:52.5067010Z           "number": 7,
job-core	Check JSON	2025-03-26T11:58:52.5068011Z           "status": "completed"
job-core	Check JSON	2025-03-26T11:58:52.5068931Z         }
job-core	Check JSON	2025-03-26T11:58:52.5069708Z       ],
job-core	Check JSON	2025-03-26T11:58:52.5071285Z       "url": "https://github.com/Ka0s-Klaus/ka0s/actions/runs/14080943654/job/39434246392"
job-core	Check JSON	2025-03-26T11:58:52.5072683Z     },
job-core	Check JSON	2025-03-26T11:58:52.5073427Z     {
job-core	Check JSON	2025-03-26T11:58:52.5074429Z       "completedAt": "2025-03-26T10:35:54Z",
job-core	Check JSON	2025-03-26T11:58:52.5075621Z       "conclusion": "success",
job-core	Check JSON	2025-03-26T11:58:52.5076682Z       "databaseId": 39434262049,
job-core	Check JSON	2025-03-26T11:58:52.5077657Z       "name": "end-workflow",
job-core	Check JSON	2025-03-26T11:58:52.5078782Z       "startedAt": "2025-03-26T10:35:39Z",
job-core	Check JSON	2025-03-26T11:58:52.5079823Z       "status": "completed",
job-core	Check JSON	2025-03-26T11:58:52.5080766Z       "steps": [
job-core	Check JSON	2025-03-26T11:58:52.5081571Z         {
job-core	Check JSON	2025-03-26T11:58:52.5082470Z           "conclusion": "success",
job-core	Check JSON	2025-03-26T11:58:52.5083558Z           "name": "Set up job",
job-core	Check JSON	2025-03-26T11:58:52.5084507Z           "number": 1,
job-core	Check JSON	2025-03-26T11:58:52.5084840Z           "status": "completed"
job-core	Check JSON	2025-03-26T11:58:52.5085139Z         },
job-core	Check JSON	2025-03-26T11:58:52.5085363Z         {
job-core	Check JSON	2025-03-26T11:58:52.5085887Z           "conclusion": "success",
job-core	Check JSON	2025-03-26T11:58:52.5086251Z           "name": "Checkout code",
job-core	Check JSON	2025-03-26T11:58:52.5086567Z           "number": 2,
job-core	Check JSON	2025-03-26T11:58:52.5086873Z           "status": "completed"
job-core	Check JSON	2025-03-26T11:58:52.5087217Z         },
job-core	Check JSON	2025-03-26T11:58:52.5087447Z         {
job-core	Check JSON	2025-03-26T11:58:52.5087719Z           "conclusion": "success",
job-core	Check JSON	2025-03-26T11:58:52.5088099Z           "name": "Finaliza el workflow",
job-core	Check JSON	2025-03-26T11:58:52.5088444Z           "number": 3,
job-core	Check JSON	2025-03-26T11:58:52.5088749Z           "status": "completed"
job-core	Check JSON	2025-03-26T11:58:52.5089048Z         },
job-core	Check JSON	2025-03-26T11:58:52.5089274Z         {
job-core	Check JSON	2025-03-26T11:58:52.5089545Z           "conclusion": "success",
job-core	Check JSON	2025-03-26T11:58:52.5089925Z           "name": "Post Checkout code",
job-core	Check JSON	2025-03-26T11:58:52.5090270Z           "number": 6,
job-core	Check JSON	2025-03-26T11:58:52.5090593Z           "status": "completed"
job-core	Check JSON	2025-03-26T11:58:52.5090887Z         },
job-core	Check JSON	2025-03-26T11:58:52.5091113Z         {
job-core	Check JSON	2025-03-26T11:58:52.5091472Z           "conclusion": "success",
job-core	Check JSON	2025-03-26T11:58:52.5092596Z           "name": "Complete job",
job-core	Check JSON	2025-03-26T11:58:52.5093559Z           "number": 7,
job-core	Check JSON	2025-03-26T11:58:52.5094143Z           "status": "completed"
job-core	Check JSON	2025-03-26T11:58:52.5094443Z         }
job-core	Check JSON	2025-03-26T11:58:52.5094670Z       ],
job-core	Check JSON	2025-03-26T11:58:52.5095185Z       "url": "https://github.com/Ka0s-Klaus/ka0s/actions/runs/14080943654/job/39434262049"
job-core	Check JSON	2025-03-26T11:58:52.5095718Z     },
job-core	Check JSON	2025-03-26T11:58:52.5095942Z     {
job-core	Check JSON	2025-03-26T11:58:52.5096238Z       "completedAt": "2025-03-26T10:35:37Z",
job-core	Check JSON	2025-03-26T11:58:52.5096631Z       "conclusion": "skipped",
job-core	Check JSON	2025-03-26T11:58:52.5096978Z       "databaseId": 39434262279,
job-core	Check JSON	2025-03-26T11:58:52.5097333Z       "name": "handle_failure",
job-core	Check JSON	2025-03-26T11:58:52.5097694Z       "startedAt": "2025-03-26T10:35:37Z",
job-core	Check JSON	2025-03-26T11:58:52.5098045Z       "status": "completed",
job-core	Check JSON	2025-03-26T11:58:52.5098358Z       "steps": [],
job-core	Check JSON	2025-03-26T11:58:52.5098893Z       "url": "https://github.com/Ka0s-Klaus/ka0s/actions/runs/14080943654/job/39434262279"
job-core	Check JSON	2025-03-26T11:58:52.5099415Z     }
job-core	Check JSON	2025-03-26T11:58:52.5099646Z   ],
job-core	Check JSON	2025-03-26T11:58:52.5099875Z   "name": "Ka0s",
job-core	Check JSON	2025-03-26T11:58:52.5100134Z   "number": 632,
job-core	Check JSON	2025-03-26T11:58:52.5100440Z   "startedAt": "2025-03-26T10:24:03Z",
job-core	Check JSON	2025-03-26T11:58:52.5100790Z   "status": "completed",
job-core	Check JSON	2025-03-26T11:58:52.5101132Z   "updatedAt": "2025-03-26T10:35:55Z",
job-core	Check JSON	2025-03-26T11:58:52.5101658Z   "url": "https://github.com/Ka0s-Klaus/ka0s/actions/runs/14080943654",
job-core	Check JSON	2025-03-26T11:58:52.5102200Z   "workflowDatabaseId": 142022472,
job-core	Check JSON	2025-03-26T11:58:52.5102546Z   "workflowName": "Ka0s"
job-core	Check JSON	2025-03-26T11:58:52.5102913Z }
job-core	Check JSON	2025-03-26T11:58:52.5103308Z {
job-core	Check JSON	2025-03-26T11:58:52.5103549Z   "conclusion": "success",
job-core	Check JSON	2025-03-26T11:58:52.5112648Z   "createdAt": "2025-03-26T10:24:03Z",
job-core	Check JSON	2025-03-26T11:58:52.5113091Z   "databaseId": 14080943654,
job-core	Check JSON	2025-03-26T11:58:52.5113675Z   "displayTitle": "Merge remote-tracking branch 'origin' into H34-modulo-iac-kaos",
job-core	Check JSON	2025-03-26T11:58:52.5114759Z   "event": "push",
job-core	Check JSON	2025-03-26T11:58:52.5115102Z   "headBranch": "H34-modulo-iac-kaos",
job-core	Check JSON	2025-03-26T11:58:52.5115818Z   "headSha": "acb82d715f4ee27ea47797f2dd2ca82daa130c52",
job-core	Check JSON	2025-03-26T11:58:52.5116243Z   "jobs": [
job-core	Check JSON	2025-03-26T11:58:52.5116476Z     {
job-core	Check JSON	2025-03-26T11:58:52.5116777Z       "completedAt": "2025-03-26T10:35:21Z",
job-core	Check JSON	2025-03-26T11:58:52.5117171Z       "conclusion": "success",
job-core	Check JSON	2025-03-26T11:58:52.5117525Z       "databaseId": 39433555219,
job-core	Check JSON	2025-03-26T11:58:52.5117848Z       "name": "job-core",
job-core	Check JSON	2025-03-26T11:58:52.5118190Z       "startedAt": "2025-03-26T10:34:52Z",
job-core	Check JSON	2025-03-26T11:58:52.5118550Z       "status": "completed",
job-core	Check JSON	2025-03-26T11:58:52.5118856Z       "steps": [
job-core	Check JSON	2025-03-26T11:58:52.5119119Z         {
job-core	Check JSON	2025-03-26T11:58:52.5119398Z           "conclusion": "success",
job-core	Check JSON	2025-03-26T11:58:52.5119760Z           "name": "Set up job",
job-core	Check JSON	2025-03-26T11:58:52.5120063Z           "number": 1,
job-core	Check JSON	2025-03-26T11:58:52.5120381Z           "status": "completed"
job-core	Check JSON	2025-03-26T11:58:52.5120698Z         },
job-core	Check JSON	2025-03-26T11:58:52.5120926Z         {
job-core	Check JSON	2025-03-26T11:58:52.5121201Z           "conclusion": "success",
job-core	Check JSON	2025-03-26T11:58:52.5121783Z           "name": "Checkout code",
job-core	Check JSON	2025-03-26T11:58:52.5122108Z           "number": 2,
job-core	Check JSON	2025-03-26T11:58:52.5122418Z           "status": "completed"
job-core	Check JSON	2025-03-26T11:58:52.5122718Z         },
job-core	Check JSON	2025-03-26T11:58:52.5122949Z         {
job-core	Check JSON	2025-03-26T11:58:52.5123222Z           "conclusion": "success",
job-core	Check JSON	2025-03-26T11:58:52.5123617Z           "name": "Validate file extensions",
job-core	Check JSON	2025-03-26T11:58:52.5124164Z           "number": 3,
job-core	Check JSON	2025-03-26T11:58:52.5124485Z           "status": "completed"
job-core	Check JSON	2025-03-26T11:58:52.5124785Z         },
job-core	Check JSON	2025-03-26T11:58:52.5125008Z         {
job-core	Check JSON	2025-03-26T11:58:52.5125283Z           "conclusion": "success",
job-core	Check JSON	2025-03-26T11:58:52.5125644Z           "name": "Crear JSON",
job-core	Check JSON	2025-03-26T11:58:52.5125947Z           "number": 4,
job-core	Check JSON	2025-03-26T11:58:52.5126262Z           "status": "completed"
job-core	Check JSON	2025-03-26T11:58:52.5126561Z         },
job-core	Check JSON	2025-03-26T11:58:52.5126795Z         {
job-core	Check JSON	2025-03-26T11:58:52.5127070Z           "conclusion": "success",
job-core	Check JSON	2025-03-26T11:58:52.5127500Z           "name": "Set environment variable for ref",
job-core	Check JSON	2025-03-26T11:58:52.5127908Z           "number": 5,
job-core	Check JSON	2025-03-26T11:58:52.5128226Z           "status": "completed"
job-core	Check JSON	2025-03-26T11:58:52.5128525Z         },
job-core	Check JSON	2025-03-26T11:58:52.5128756Z         {
job-core	Check JSON	2025-03-26T11:58:52.5129030Z           "conclusion": "success",
job-core	Check JSON	2025-03-26T11:58:52.5129397Z           "name": "Upload Files",
job-core	Check JSON	2025-03-26T11:58:52.5129718Z           "number": 6,
job-core	Check JSON	2025-03-26T11:58:52.5130260Z           "status": "completed"
job-core	Check JSON	2025-03-26T11:58:52.5131123Z         },
job-core	Check JSON	2025-03-26T11:58:52.5131404Z         {
job-core	Check JSON	2025-03-26T11:58:52.5131680Z           "conclusion": "success",
job-core	Check JSON	2025-03-26T11:58:52.5132018Z           "name": "Ver JSON",
job-core	Check JSON	2025-03-26T11:58:52.5132324Z           "number": 7,
job-core	Check JSON	2025-03-26T11:58:52.5132629Z           "status": "completed"
job-core	Check JSON	2025-03-26T11:58:52.5132927Z         },
job-core	Check JSON	2025-03-26T11:58:52.5133153Z         {
job-core	Check JSON	2025-03-26T11:58:52.5133443Z           "conclusion": "success",
job-core	Check JSON	2025-03-26T11:58:52.5134498Z           "name": "Run git diff --name-only ee8e134b1fffc66ea6d5ee2b44bea87f64279f19 acb82d715f4ee27ea47797f2dd2ca82daa130c52 > files-in-commit.txt",
job-core	Check JSON	2025-03-26T11:58:52.5135356Z           "number": 8,
job-core	Check JSON	2025-03-26T11:58:52.5135670Z           "status": "completed"
job-core	Check JSON	2025-03-26T11:58:52.5135982Z         },
job-core	Check JSON	2025-03-26T11:58:52.5136213Z         {
job-core	Check JSON	2025-03-26T11:58:52.5136492Z           "conclusion": "success",
job-core	Check JSON	2025-03-26T11:58:52.5136869Z           "name": "Post Checkout code",
job-core	Check JSON	2025-03-26T11:58:52.5137215Z           "number": 16,
job-core	Check JSON	2025-03-26T11:58:52.5137860Z           "status": "completed"
job-core	Check JSON	2025-03-26T11:58:52.5138172Z         },
job-core	Check JSON	2025-03-26T11:58:52.5138402Z         {
job-core	Check JSON	2025-03-26T11:58:52.5138706Z           "conclusion": "success",
job-core	Check JSON	2025-03-26T11:58:52.5148582Z           "name": "Complete job",
job-core	Check JSON	2025-03-26T11:58:52.5149650Z           "number": 17,
job-core	Check JSON	2025-03-26T11:58:52.5150636Z           "status": "completed"
job-core	Check JSON	2025-03-26T11:58:52.5151950Z         }
job-core	Check JSON	2025-03-26T11:58:52.5152508Z       ],
job-core	Check JSON	2025-03-26T11:58:52.5153977Z       "url": "https://github.com/Ka0s-Klaus/ka0s/actions/runs/14080943654/job/39433555219"
job-core	Check JSON	2025-03-26T11:58:52.5155065Z     },
job-core	Check JSON	2025-03-26T11:58:52.5155475Z     {
job-core	Check JSON	2025-03-26T11:58:52.5156038Z       "completedAt": "2025-03-26T10:35:37Z",
job-core	Check JSON	2025-03-26T11:58:52.5156911Z       "conclusion": "success",
job-core	Check JSON	2025-03-26T11:58:52.5157609Z       "databaseId": 39434246392,
job-core	Check JSON	2025-03-26T11:58:52.5158299Z       "name": "handle-success",
job-core	Check JSON	2025-03-26T11:58:52.5158990Z       "startedAt": "2025-03-26T10:35:23Z",
job-core	Check JSON	2025-03-26T11:58:52.5159675Z       "status": "completed",
job-core	Check JSON	2025-03-26T11:58:52.5160228Z       "steps": [
job-core	Check JSON	2025-03-26T11:58:52.5160679Z         {
job-core	Check JSON	2025-03-26T11:58:52.5161207Z           "conclusion": "success",
job-core	Check JSON	2025-03-26T11:58:52.5161900Z           "name": "Set up job",
job-core	Check JSON	2025-03-26T11:58:52.5162507Z           "number": 1,
job-core	Check JSON	2025-03-26T11:58:52.5163078Z           "status": "completed"
job-core	Check JSON	2025-03-26T11:58:52.5163654Z         },
job-core	Check JSON	2025-03-26T11:58:52.5164155Z         {
job-core	Check JSON	2025-03-26T11:58:52.5165648Z           "conclusion": "success",
job-core	Check JSON	2025-03-26T11:58:52.5166327Z           "name": "Checkout code",
job-core	Check JSON	2025-03-26T11:58:52.5166922Z           "number": 2,
job-core	Check JSON	2025-03-26T11:58:52.5167847Z           "status": "completed"
job-core	Check JSON	2025-03-26T11:58:52.5168395Z         },
job-core	Check JSON	2025-03-26T11:58:52.5168799Z         {
job-core	Check JSON	2025-03-26T11:58:52.5169297Z           "conclusion": "success",
job-core	Check JSON	2025-03-26T11:58:52.5170008Z           "name": "handle-success-execution",
job-core	Check JSON	2025-03-26T11:58:52.5170686Z           "number": 3,
job-core	Check JSON	2025-03-26T11:58:52.5171269Z           "status": "completed"
job-core	Check JSON	2025-03-26T11:58:52.5171817Z         },
job-core	Check JSON	2025-03-26T11:58:52.5172227Z         {
job-core	Check JSON	2025-03-26T11:58:52.5172710Z           "conclusion": "success",
job-core	Check JSON	2025-03-26T11:58:52.5173394Z           "name": "Post Checkout code",
job-core	Check JSON	2025-03-26T11:58:52.5174266Z           "number": 6,
job-core	Check JSON	2025-03-26T11:58:52.5174989Z           "status": "completed"
job-core	Check JSON	2025-03-26T11:58:52.5175522Z         },
job-core	Check JSON	2025-03-26T11:58:52.5175921Z         {
job-core	Check JSON	2025-03-26T11:58:52.5176408Z           "conclusion": "success",
job-core	Check JSON	2025-03-26T11:58:52.5177084Z           "name": "Complete job",
job-core	Check JSON	2025-03-26T11:58:52.5177658Z           "number": 7,
job-core	Check JSON	2025-03-26T11:58:52.5178250Z           "status": "completed"
job-core	Check JSON	2025-03-26T11:58:52.5178790Z         }
job-core	Check JSON	2025-03-26T11:58:52.5179193Z       ],
job-core	Check JSON	2025-03-26T11:58:52.5180149Z       "url": "https://github.com/Ka0s-Klaus/ka0s/actions/runs/14080943654/job/39434246392"
job-core	Check JSON	2025-03-26T11:58:52.5181155Z     },
job-core	Check JSON	2025-03-26T11:58:52.5181550Z     {
job-core	Check JSON	2025-03-26T11:58:52.5182071Z       "completedAt": "2025-03-26T10:35:54Z",
job-core	Check JSON	2025-03-26T11:58:52.5182811Z       "conclusion": "success",
job-core	Check JSON	2025-03-26T11:58:52.5183673Z       "databaseId": 39434262049,
job-core	Check JSON	2025-03-26T11:58:52.5184489Z       "name": "end-workflow",
job-core	Check JSON	2025-03-26T11:58:52.5185148Z       "startedAt": "2025-03-26T10:35:39Z",
job-core	Check JSON	2025-03-26T11:58:52.5185777Z       "status": "completed",
job-core	Check JSON	2025-03-26T11:58:52.5186316Z       "steps": [
job-core	Check JSON	2025-03-26T11:58:52.5186748Z         {
job-core	Check JSON	2025-03-26T11:58:52.5187236Z           "conclusion": "success",
job-core	Check JSON	2025-03-26T11:58:52.5187905Z           "name": "Set up job",
job-core	Check JSON	2025-03-26T11:58:52.5188466Z           "number": 1,
job-core	Check JSON	2025-03-26T11:58:52.5189032Z           "status": "completed"
job-core	Check JSON	2025-03-26T11:58:52.5189591Z         },
job-core	Check JSON	2025-03-26T11:58:52.5190011Z         {
job-core	Check JSON	2025-03-26T11:58:52.5190507Z           "conclusion": "success",
job-core	Check JSON	2025-03-26T11:58:52.5191159Z           "name": "Checkout code",
job-core	Check JSON	2025-03-26T11:58:52.5191736Z           "number": 2,
job-core	Check JSON	2025-03-26T11:58:52.5192286Z           "status": "completed"
job-core	Check JSON	2025-03-26T11:58:52.5192813Z         },
job-core	Check JSON	2025-03-26T11:58:52.5193207Z         {
job-core	Check JSON	2025-03-26T11:58:52.5193699Z           "conclusion": "success",
job-core	Check JSON	2025-03-26T11:58:52.5194772Z           "name": "Finaliza el workflow",
job-core	Check JSON	2025-03-26T11:58:52.5203150Z           "number": 3,
job-core	Check JSON	2025-03-26T11:58:52.5203893Z           "status": "completed"
job-core	Check JSON	2025-03-26T11:58:52.5204764Z         },
job-core	Check JSON	2025-03-26T11:58:52.5205475Z         {
job-core	Check JSON	2025-03-26T11:58:52.5206311Z           "conclusion": "success",
job-core	Check JSON	2025-03-26T11:58:52.5207057Z           "name": "Post Checkout code",
job-core	Check JSON	2025-03-26T11:58:52.5208388Z           "number": 6,
job-core	Check JSON	2025-03-26T11:58:52.5208944Z           "status": "completed"
job-core	Check JSON	2025-03-26T11:58:52.5209486Z         },
job-core	Check JSON	2025-03-26T11:58:52.5209877Z         {
job-core	Check JSON	2025-03-26T11:58:52.5210377Z           "conclusion": "success",
job-core	Check JSON	2025-03-26T11:58:52.5211037Z           "name": "Complete job",
job-core	Check JSON	2025-03-26T11:58:52.5211615Z           "number": 7,
job-core	Check JSON	2025-03-26T11:58:52.5212166Z           "status": "completed"
job-core	Check JSON	2025-03-26T11:58:52.5212708Z         }
job-core	Check JSON	2025-03-26T11:58:52.5213094Z       ],
job-core	Check JSON	2025-03-26T11:58:52.5214543Z       "url": "https://github.com/Ka0s-Klaus/ka0s/actions/runs/14080943654/job/39434262049"
job-core	Check JSON	2025-03-26T11:58:52.5215696Z     },
job-core	Check JSON	2025-03-26T11:58:52.5216084Z     {
job-core	Check JSON	2025-03-26T11:58:52.5216600Z       "completedAt": "2025-03-26T10:35:37Z",
job-core	Check JSON	2025-03-26T11:58:52.5217314Z       "conclusion": "skipped",
job-core	Check JSON	2025-03-26T11:58:52.5217942Z       "databaseId": 39434262279,
job-core	Check JSON	2025-03-26T11:58:52.5218573Z       "name": "handle_failure",
job-core	Check JSON	2025-03-26T11:58:52.5219232Z       "startedAt": "2025-03-26T10:35:37Z",
job-core	Check JSON	2025-03-26T11:58:52.5219883Z       "status": "completed",
job-core	Check JSON	2025-03-26T11:58:52.5220441Z       "steps": [],
job-core	Check JSON	2025-03-26T11:58:52.5221424Z       "url": "https://github.com/Ka0s-Klaus/ka0s/actions/runs/14080943654/job/39434262279"
job-core	Check JSON	2025-03-26T11:58:52.5222669Z     }
job-core	Check JSON	2025-03-26T11:58:52.5223055Z   ],
job-core	Check JSON	2025-03-26T11:58:52.5223462Z   "name": "Ka0s",
job-core	Check JSON	2025-03-26T11:58:52.5224159Z   "number": 632,
job-core	Check JSON	2025-03-26T11:58:52.5224878Z   "startedAt": "2025-03-26T10:24:03Z",
job-core	Check JSON	2025-03-26T11:58:52.5225500Z   "status": "completed",
job-core	Check JSON	2025-03-26T11:58:52.5226107Z   "updatedAt": "2025-03-26T10:35:55Z",
job-core	Check JSON	2025-03-26T11:58:52.5227098Z   "url": "https://github.com/Ka0s-Klaus/ka0s/actions/runs/14080943654",
job-core	Check JSON	2025-03-26T11:58:52.5228058Z   "workflowDatabaseId": 142022472,
job-core	Check JSON	2025-03-26T11:58:52.5228666Z   "workflowName": "Ka0s"
job-core	Check JSON	2025-03-26T11:58:52.5229306Z }
job-core	Check JSON	2025-03-26T11:58:52.5230837Z File core/outputs/j/jsonlint-results-14082685161.txt is not empty and is content not correct and write commit info
job-core	Check JSON	2025-03-26T11:58:54.7132686Z https://github.com/Ka0s-Klaus/ka0s/issues/34#issuecomment-2754162619
job-core	Post Install Node.js	Ôªø2025-03-26T11:58:54.7328524Z Post job cleanup.
job-core	Post Checkout code	Ôªø2025-03-26T11:58:54.9951703Z Post job cleanup.
job-core	Post Checkout code	2025-03-26T11:58:55.1722097Z [command]/usr/bin/git version
job-core	Post Checkout code	2025-03-26T11:58:55.1784915Z git version 2.48.1
job-core	Post Checkout code	2025-03-26T11:58:55.1878190Z Temporarily overriding HOME='/actions-runner/_work/_temp/888e4cb1-0a3a-4c29-8103-fb2bab07992a' before making global git config changes
job-core	Post Checkout code	2025-03-26T11:58:55.1881387Z Adding repository directory to the temporary git global config as a safe directory
job-core	Post Checkout code	2025-03-26T11:58:55.1890096Z [command]/usr/bin/git config --global --add safe.directory /actions-runner/_work/ka0s/ka0s
job-core	Post Checkout code	2025-03-26T11:58:55.1956801Z [command]/usr/bin/git config --local --name-only --get-regexp core\.sshCommand
job-core	Post Checkout code	2025-03-26T11:58:55.2030170Z [command]/usr/bin/git submodule foreach --recursive sh -c "git config --local --name-only --get-regexp 'core\.sshCommand' && git config --local --unset-all 'core.sshCommand' || :"
job-core	Post Checkout code	2025-03-26T11:58:55.2460667Z [command]/usr/bin/git config --local --name-only --get-regexp http\.https\:\/\/github\.com\/\.extraheader
job-core	Post Checkout code	2025-03-26T11:58:55.2495442Z http.https://github.com/.extraheader
job-core	Post Checkout code	2025-03-26T11:58:55.2517894Z [command]/usr/bin/git config --local --unset-all http.https://github.com/.extraheader
job-core	Post Checkout code	2025-03-26T11:58:55.2575002Z [command]/usr/bin/git submodule foreach --recursive sh -c "git config --local --name-only --get-regexp 'http\.https\:\/\/github\.com\/\.extraheader' && git config --local --unset-all 'http.https://github.com/.extraheader' || :"
job-core	Complete job	Ôªø2025-03-26T11:58:55.3160599Z Cleaning up orphan processes
handle-success	Set up job	Ôªø2025-03-26T12:02:27.7060024Z Current runner version: '2.323.0'
handle-success	Set up job	2025-03-26T12:02:27.7070628Z Runner name: 'kaos-4'
handle-success	Set up job	2025-03-26T12:02:27.7071964Z Machine name: '3fe80eba0036'
handle-success	Set up job	2025-03-26T12:02:27.7076103Z ##[group]GITHUB_TOKEN Permissions
handle-success	Set up job	2025-03-26T12:02:27.7079853Z Actions: write
handle-success	Set up job	2025-03-26T12:02:27.7080641Z Contents: write
handle-success	Set up job	2025-03-26T12:02:27.7081363Z Issues: write
handle-success	Set up job	2025-03-26T12:02:27.7082277Z Metadata: read
handle-success	Set up job	2025-03-26T12:02:27.7082952Z PullRequests: write
handle-success	Set up job	2025-03-26T12:02:27.7083660Z ##[endgroup]
handle-success	Set up job	2025-03-26T12:02:27.7088082Z Secret source: Actions
handle-success	Set up job	2025-03-26T12:02:27.7089085Z Prepare workflow directory
handle-success	Set up job	2025-03-26T12:02:27.8122637Z Prepare all required actions
handle-success	Set up job	2025-03-26T12:02:27.8199900Z Complete job name: handle-success
handle-success	handle-success-execution	Ôªø2025-03-26T12:02:27.8790541Z ##[group]Run # Si todo ha ido correcto a√±adimos el contenido del fichero 
handle-success	handle-success-execution	2025-03-26T12:02:27.8791924Z [36;1m# Si todo ha ido correcto a√±adimos el contenido del fichero [0m
handle-success	handle-success-execution	2025-03-26T12:02:27.8792758Z [36;1mecho "Todo ha ido bien."[0m
handle-success	handle-success-execution	2025-03-26T12:02:27.8822025Z shell: /usr/bin/bash -e {0}
handle-success	handle-success-execution	2025-03-26T12:02:27.8823127Z env:
handle-success	handle-success-execution	2025-03-26T12:02:27.8823626Z   KAOS_MODULE: [Ka0S] JSONLINT
handle-success	handle-success-execution	2025-03-26T12:02:27.8824949Z   GH_TOKEN: ***
handle-success	handle-success-execution	2025-03-26T12:02:27.8825653Z   KAOS_JSONLINT_CONFIG: core/config/.jsonlint.json
handle-success	handle-success-execution	2025-03-26T12:02:27.8826384Z   KAOS_PATH_RESUME: core/outputs/j/
handle-success	handle-success-execution	2025-03-26T12:02:27.8827045Z   KAOS_REPO: /actions-runner/_work/kaos/kaos
handle-success	handle-success-execution	2025-03-26T12:02:27.8827711Z   KAOS_STEP_MODULE: 
handle-success	handle-success-execution	2025-03-26T12:02:27.8828219Z   KAOS_CODE: 14082685161
handle-success	handle-success-execution	2025-03-26T12:02:27.8828769Z   KAOS_REF_BRANCH: main
handle-success	handle-success-execution	2025-03-26T12:02:27.8829282Z ##[endgroup]
handle-success	handle-success-execution	2025-03-26T12:02:27.9046102Z Todo ha ido bien.
handle-success	Complete job	Ôªø2025-03-26T12:02:27.9187556Z Cleaning up orphan processes
end-workflow	Set up job	Ôªø2025-03-26T12:05:41.9841578Z Current runner version: '2.323.0'
end-workflow	Set up job	2025-03-26T12:05:41.9852623Z Runner name: 'kaos-3'
end-workflow	Set up job	2025-03-26T12:05:41.9854349Z Machine name: 'ddaf71c4382c'
end-workflow	Set up job	2025-03-26T12:05:41.9858541Z ##[group]GITHUB_TOKEN Permissions
end-workflow	Set up job	2025-03-26T12:05:41.9862009Z Actions: write
end-workflow	Set up job	2025-03-26T12:05:41.9862975Z Contents: write
end-workflow	Set up job	2025-03-26T12:05:41.9863662Z Issues: write
end-workflow	Set up job	2025-03-26T12:05:41.9864579Z Metadata: read
end-workflow	Set up job	2025-03-26T12:05:41.9865323Z PullRequests: write
end-workflow	Set up job	2025-03-26T12:05:41.9866132Z ##[endgroup]
end-workflow	Set up job	2025-03-26T12:05:41.9869880Z Secret source: Actions
end-workflow	Set up job	2025-03-26T12:05:41.9870988Z Prepare workflow directory
end-workflow	Set up job	2025-03-26T12:05:42.0802359Z Prepare all required actions
end-workflow	Set up job	2025-03-26T12:05:42.0854924Z Getting action download info
end-workflow	Set up job	2025-03-26T12:05:42.8805334Z Download action repository 'actions/checkout@v4' (SHA:11bd71901bbe5b1630ceea73d27597364c9af683)
end-workflow	Set up job	2025-03-26T12:05:44.7321479Z Complete job name: end-workflow
end-workflow	Checkout code	Ôªø2025-03-26T12:05:44.8279081Z ##[group]Run actions/checkout@v4
end-workflow	Checkout code	2025-03-26T12:05:44.8281054Z with:
end-workflow	Checkout code	2025-03-26T12:05:44.8281993Z   fetch-depth: 0
end-workflow	Checkout code	2025-03-26T12:05:44.8283707Z   token: ***
end-workflow	Checkout code	2025-03-26T12:05:44.8284995Z   repository: Ka0s-Klaus/ka0s
end-workflow	Checkout code	2025-03-26T12:05:44.8286195Z   ssh-strict: true
end-workflow	Checkout code	2025-03-26T12:05:44.8287189Z   ssh-user: git
end-workflow	Checkout code	2025-03-26T12:05:44.8288203Z   persist-credentials: true
end-workflow	Checkout code	2025-03-26T12:05:44.8289375Z   clean: true
end-workflow	Checkout code	2025-03-26T12:05:44.8290476Z   sparse-checkout-cone-mode: true
end-workflow	Checkout code	2025-03-26T12:05:44.8294050Z   fetch-tags: false
end-workflow	Checkout code	2025-03-26T12:05:44.8295179Z   show-progress: true
end-workflow	Checkout code	2025-03-26T12:05:44.8296209Z   lfs: false
end-workflow	Checkout code	2025-03-26T12:05:44.8297209Z   submodules: false
end-workflow	Checkout code	2025-03-26T12:05:44.8298371Z   set-safe-directory: true
end-workflow	Checkout code	2025-03-26T12:05:44.8299994Z env:
end-workflow	Checkout code	2025-03-26T12:05:44.8300938Z   KAOS_MODULE: [Ka0S] JSONLINT
end-workflow	Checkout code	2025-03-26T12:05:44.8302623Z   GH_TOKEN: ***
end-workflow	Checkout code	2025-03-26T12:05:44.8304014Z   KAOS_JSONLINT_CONFIG: core/config/.jsonlint.json
end-workflow	Checkout code	2025-03-26T12:05:44.8305573Z   KAOS_PATH_RESUME: core/outputs/j/
end-workflow	Checkout code	2025-03-26T12:05:44.8307099Z   KAOS_REPO: /actions-runner/_work/kaos/kaos
end-workflow	Checkout code	2025-03-26T12:05:44.8308482Z   KAOS_STEP_MODULE: 
end-workflow	Checkout code	2025-03-26T12:05:44.8309537Z   KAOS_CODE: 14082685161
end-workflow	Checkout code	2025-03-26T12:05:44.8310638Z   KAOS_REF_BRANCH: main
end-workflow	Checkout code	2025-03-26T12:05:44.8311713Z ##[endgroup]
end-workflow	Checkout code	2025-03-26T12:05:44.9949848Z Syncing repository: Ka0s-Klaus/ka0s
end-workflow	Checkout code	2025-03-26T12:05:44.9955798Z ##[group]Getting Git version info
end-workflow	Checkout code	2025-03-26T12:05:44.9958539Z Working directory is '/actions-runner/_work/ka0s/ka0s'
end-workflow	Checkout code	2025-03-26T12:05:44.9962777Z [command]/usr/bin/git version
end-workflow	Checkout code	2025-03-26T12:05:44.9969053Z git version 2.48.1
end-workflow	Checkout code	2025-03-26T12:05:45.0002641Z ##[endgroup]
end-workflow	Checkout code	2025-03-26T12:05:45.0035089Z Temporarily overriding HOME='/actions-runner/_work/_temp/045f52bf-6c4f-463a-af42-0855fada1969' before making global git config changes
end-workflow	Checkout code	2025-03-26T12:05:45.0039175Z Adding repository directory to the temporary git global config as a safe directory
end-workflow	Checkout code	2025-03-26T12:05:45.0048750Z [command]/usr/bin/git config --global --add safe.directory /actions-runner/_work/ka0s/ka0s
end-workflow	Checkout code	2025-03-26T12:05:45.0116792Z [command]/usr/bin/git config --local --get remote.origin.url
end-workflow	Checkout code	2025-03-26T12:05:45.0163588Z https://github.com/Ka0s-Klaus/ka0s
end-workflow	Checkout code	2025-03-26T12:05:45.0204156Z ##[group]Removing previously created refs, to avoid conflicts
end-workflow	Checkout code	2025-03-26T12:05:45.0212612Z [command]/usr/bin/git rev-parse --symbolic-full-name --verify --quiet HEAD
end-workflow	Checkout code	2025-03-26T12:05:45.0247721Z refs/heads/H34-modulo-iac-kaos
end-workflow	Checkout code	2025-03-26T12:05:45.0265853Z [command]/usr/bin/git checkout --detach
end-workflow	Checkout code	2025-03-26T12:05:45.0379878Z HEAD is now at 83a01ab [Ka0S] Uploading resume execution files to the repository...
end-workflow	Checkout code	2025-03-26T12:05:45.0450994Z [command]/usr/bin/git branch --delete --force H34-modulo-iac-kaos
end-workflow	Checkout code	2025-03-26T12:05:45.0493160Z Deleted branch H34-modulo-iac-kaos (was 83a01ab).
end-workflow	Checkout code	2025-03-26T12:05:45.0560060Z ##[endgroup]
end-workflow	Checkout code	2025-03-26T12:05:45.0562220Z [command]/usr/bin/git submodule status
end-workflow	Checkout code	2025-03-26T12:05:45.0931782Z ##[group]Cleaning the repository
end-workflow	Checkout code	2025-03-26T12:05:45.0938507Z [command]/usr/bin/git clean -ffdx
end-workflow	Checkout code	2025-03-26T12:05:45.0986866Z Removing core/outputs/j/
end-workflow	Checkout code	2025-03-26T12:05:45.0999687Z [command]/usr/bin/git reset --hard HEAD
end-workflow	Checkout code	2025-03-26T12:05:45.1109625Z HEAD is now at 83a01ab [Ka0S] Uploading resume execution files to the repository...
end-workflow	Checkout code	2025-03-26T12:05:45.1118843Z ##[endgroup]
end-workflow	Checkout code	2025-03-26T12:05:45.1120748Z ##[group]Disabling automatic garbage collection
end-workflow	Checkout code	2025-03-26T12:05:45.1124301Z [command]/usr/bin/git config --local gc.auto 0
end-workflow	Checkout code	2025-03-26T12:05:45.1167695Z ##[endgroup]
end-workflow	Checkout code	2025-03-26T12:05:45.1169442Z ##[group]Setting up auth
end-workflow	Checkout code	2025-03-26T12:05:45.1175253Z [command]/usr/bin/git config --local --name-only --get-regexp core\.sshCommand
end-workflow	Checkout code	2025-03-26T12:05:45.1230289Z [command]/usr/bin/git submodule foreach --recursive sh -c "git config --local --name-only --get-regexp 'core\.sshCommand' && git config --local --unset-all 'core.sshCommand' || :"
end-workflow	Checkout code	2025-03-26T12:05:45.1620644Z [command]/usr/bin/git config --local --name-only --get-regexp http\.https\:\/\/github\.com\/\.extraheader
end-workflow	Checkout code	2025-03-26T12:05:45.1667028Z [command]/usr/bin/git submodule foreach --recursive sh -c "git config --local --name-only --get-regexp 'http\.https\:\/\/github\.com\/\.extraheader' && git config --local --unset-all 'http.https://github.com/.extraheader' || :"
end-workflow	Checkout code	2025-03-26T12:05:45.2054156Z [command]/usr/bin/git config --local http.https://github.com/.extraheader AUTHORIZATION: basic ***
end-workflow	Checkout code	2025-03-26T12:05:45.2111282Z ##[endgroup]
end-workflow	Checkout code	2025-03-26T12:05:45.2114637Z ##[group]Fetching the repository
end-workflow	Checkout code	2025-03-26T12:05:45.2126399Z [command]/usr/bin/git -c protocol.version=2 fetch --prune --no-recurse-submodules origin +refs/heads/*:refs/remotes/origin/* +refs/tags/*:refs/tags/*
end-workflow	Checkout code	2025-03-26T12:05:46.1945865Z [command]/usr/bin/git branch --list --remote origin/H34-modulo-iac-kaos
end-workflow	Checkout code	2025-03-26T12:05:46.2045857Z   origin/H34-modulo-iac-kaos
end-workflow	Checkout code	2025-03-26T12:05:46.2083188Z [command]/usr/bin/git rev-parse refs/remotes/origin/H34-modulo-iac-kaos
end-workflow	Checkout code	2025-03-26T12:05:46.2173313Z 83a01ab815e85b64a85dbcfb71ed801bcd1bb9be
end-workflow	Checkout code	2025-03-26T12:05:46.2196812Z ##[endgroup]
end-workflow	Checkout code	2025-03-26T12:05:46.2200110Z ##[group]Determining the checkout info
end-workflow	Checkout code	2025-03-26T12:05:46.2204231Z ##[endgroup]
end-workflow	Checkout code	2025-03-26T12:05:46.2228598Z [command]/usr/bin/git sparse-checkout disable
end-workflow	Checkout code	2025-03-26T12:05:46.2432448Z [command]/usr/bin/git config --local --unset-all extensions.worktreeConfig
end-workflow	Checkout code	2025-03-26T12:05:46.2550957Z ##[group]Checking out the ref
end-workflow	Checkout code	2025-03-26T12:05:46.2568567Z [command]/usr/bin/git checkout --progress --force -B H34-modulo-iac-kaos refs/remotes/origin/H34-modulo-iac-kaos
end-workflow	Checkout code	2025-03-26T12:05:46.2876660Z Switched to a new branch 'H34-modulo-iac-kaos'
end-workflow	Checkout code	2025-03-26T12:05:46.2886515Z branch 'H34-modulo-iac-kaos' set up to track 'origin/H34-modulo-iac-kaos'.
end-workflow	Checkout code	2025-03-26T12:05:46.2898033Z ##[endgroup]
end-workflow	Checkout code	2025-03-26T12:05:46.2973613Z [command]/usr/bin/git log -1 --format=%H
end-workflow	Checkout code	2025-03-26T12:05:46.3017289Z 83a01ab815e85b64a85dbcfb71ed801bcd1bb9be
end-workflow	Finaliza el workflow	Ôªø2025-03-26T12:05:46.3323412Z ##[group]Run echo "End process"
end-workflow	Finaliza el workflow	2025-03-26T12:05:46.3324537Z [36;1mecho "End process"[0m
end-workflow	Finaliza el workflow	2025-03-26T12:05:46.3325660Z [36;1mgh workflow run inspector.yml --ref main -f kaos-issue-id=34 -f kaos-workflow-id="14082685161" -f kaos-user-start="santakloud"[0m
end-workflow	Finaliza el workflow	2025-03-26T12:05:46.3341045Z shell: /usr/bin/bash -e {0}
end-workflow	Finaliza el workflow	2025-03-26T12:05:46.3341494Z env:
end-workflow	Finaliza el workflow	2025-03-26T12:05:46.3341787Z   KAOS_MODULE: [Ka0S] JSONLINT
end-workflow	Finaliza el workflow	2025-03-26T12:05:46.3342390Z   GH_TOKEN: ***
end-workflow	Finaliza el workflow	2025-03-26T12:05:46.3342742Z   KAOS_JSONLINT_CONFIG: core/config/.jsonlint.json
end-workflow	Finaliza el workflow	2025-03-26T12:05:46.3343179Z   KAOS_PATH_RESUME: core/outputs/j/
end-workflow	Finaliza el workflow	2025-03-26T12:05:46.3343577Z   KAOS_REPO: /actions-runner/_work/kaos/kaos
end-workflow	Finaliza el workflow	2025-03-26T12:05:46.3344461Z   KAOS_STEP_MODULE: 
end-workflow	Finaliza el workflow	2025-03-26T12:05:46.3344775Z   KAOS_CODE: 14082685161
end-workflow	Finaliza el workflow	2025-03-26T12:05:46.3345094Z   KAOS_REF_BRANCH: main
end-workflow	Finaliza el workflow	2025-03-26T12:05:46.3345402Z ##[endgroup]
end-workflow	Finaliza el workflow	2025-03-26T12:05:46.3414201Z End process
end-workflow	Post Checkout code	Ôªø2025-03-26T12:05:47.3406328Z Post job cleanup.
end-workflow	Post Checkout code	2025-03-26T12:05:47.4705378Z [command]/usr/bin/git version
end-workflow	Post Checkout code	2025-03-26T12:05:47.4767784Z git version 2.48.1
end-workflow	Post Checkout code	2025-03-26T12:05:47.4837994Z Temporarily overriding HOME='/actions-runner/_work/_temp/92846a55-20d2-4ceb-963c-633b3c362b9b' before making global git config changes
end-workflow	Post Checkout code	2025-03-26T12:05:47.4840229Z Adding repository directory to the temporary git global config as a safe directory
end-workflow	Post Checkout code	2025-03-26T12:05:47.4849748Z [command]/usr/bin/git config --global --add safe.directory /actions-runner/_work/ka0s/ka0s
end-workflow	Post Checkout code	2025-03-26T12:05:47.4907644Z [command]/usr/bin/git config --local --name-only --get-regexp core\.sshCommand
end-workflow	Post Checkout code	2025-03-26T12:05:47.4974202Z [command]/usr/bin/git submodule foreach --recursive sh -c "git config --local --name-only --get-regexp 'core\.sshCommand' && git config --local --unset-all 'core.sshCommand' || :"
end-workflow	Post Checkout code	2025-03-26T12:05:47.5452747Z [command]/usr/bin/git config --local --name-only --get-regexp http\.https\:\/\/github\.com\/\.extraheader
end-workflow	Post Checkout code	2025-03-26T12:05:47.5484535Z http.https://github.com/.extraheader
end-workflow	Post Checkout code	2025-03-26T12:05:47.5508231Z [command]/usr/bin/git config --local --unset-all http.https://github.com/.extraheader
end-workflow	Post Checkout code	2025-03-26T12:05:47.5559087Z [command]/usr/bin/git submodule foreach --recursive sh -c "git config --local --name-only --get-regexp 'http\.https\:\/\/github\.com\/\.extraheader' && git config --local --unset-all 'http.https://github.com/.extraheader' || :"
end-workflow	Complete job	Ôªø2025-03-26T12:05:47.6104862Z Cleaning up orphan processes
